Archive member included to satisfy reference by file (symbol)

libraries\hal_libraries\ab32vg1_hal\libhal.a(cache.o)
                              build\board\board.o (load_cache)
libraries\hal_libraries\ab32vg1_hal\libhal.a(rom_fun.o)
                              build\kernel\src\kservice.o (memset)
libraries\hal_libraries\ab32vg1_hal\libhal.a(sys_err.o)
                              build\board\board.o (sys_error_hook)
d:/program_files/programming/rt-threadstudio/repo/extract/toolchain_support_packages/risc-v/risc-v-gcc/10.1.0/bin/../lib/gcc/riscv64-unknown-elf/10.1.0/rv32im/ilp32\libgcc.a(addsf3.o)
                              build\kernel\components\drivers\hwtimer\hwtimer.o (__addsf3)
d:/program_files/programming/rt-threadstudio/repo/extract/toolchain_support_packages/risc-v/risc-v-gcc/10.1.0/bin/../lib/gcc/riscv64-unknown-elf/10.1.0/rv32im/ilp32\libgcc.a(divsf3.o)
                              build\kernel\components\drivers\hwtimer\hwtimer.o (__divsf3)
d:/program_files/programming/rt-threadstudio/repo/extract/toolchain_support_packages/risc-v/risc-v-gcc/10.1.0/bin/../lib/gcc/riscv64-unknown-elf/10.1.0/rv32im/ilp32\libgcc.a(eqsf2.o)
                              build\kernel\components\drivers\hwtimer\hwtimer.o (__eqsf2)
d:/program_files/programming/rt-threadstudio/repo/extract/toolchain_support_packages/risc-v/risc-v-gcc/10.1.0/bin/../lib/gcc/riscv64-unknown-elf/10.1.0/rv32im/ilp32\libgcc.a(gesf2.o)
                              build\kernel\components\drivers\hwtimer\hwtimer.o (__gesf2)
d:/program_files/programming/rt-threadstudio/repo/extract/toolchain_support_packages/risc-v/risc-v-gcc/10.1.0/bin/../lib/gcc/riscv64-unknown-elf/10.1.0/rv32im/ilp32\libgcc.a(lesf2.o)
                              build\kernel\components\drivers\hwtimer\hwtimer.o (__ltsf2)
d:/program_files/programming/rt-threadstudio/repo/extract/toolchain_support_packages/risc-v/risc-v-gcc/10.1.0/bin/../lib/gcc/riscv64-unknown-elf/10.1.0/rv32im/ilp32\libgcc.a(mulsf3.o)
                              build\kernel\components\drivers\hwtimer\hwtimer.o (__mulsf3)
d:/program_files/programming/rt-threadstudio/repo/extract/toolchain_support_packages/risc-v/risc-v-gcc/10.1.0/bin/../lib/gcc/riscv64-unknown-elf/10.1.0/rv32im/ilp32\libgcc.a(subsf3.o)
                              build\kernel\components\drivers\hwtimer\hwtimer.o (__subsf3)
d:/program_files/programming/rt-threadstudio/repo/extract/toolchain_support_packages/risc-v/risc-v-gcc/10.1.0/bin/../lib/gcc/riscv64-unknown-elf/10.1.0/rv32im/ilp32\libgcc.a(fixsfsi.o)
                              build\kernel\components\drivers\hwtimer\hwtimer.o (__fixsfsi)
d:/program_files/programming/rt-threadstudio/repo/extract/toolchain_support_packages/risc-v/risc-v-gcc/10.1.0/bin/../lib/gcc/riscv64-unknown-elf/10.1.0/rv32im/ilp32\libgcc.a(fixunssfsi.o)
                              build\kernel\components\drivers\hwtimer\hwtimer.o (__fixunssfsi)
d:/program_files/programming/rt-threadstudio/repo/extract/toolchain_support_packages/risc-v/risc-v-gcc/10.1.0/bin/../lib/gcc/riscv64-unknown-elf/10.1.0/rv32im/ilp32\libgcc.a(floatsisf.o)
                              build\kernel\components\drivers\hwtimer\hwtimer.o (__floatsisf)
d:/program_files/programming/rt-threadstudio/repo/extract/toolchain_support_packages/risc-v/risc-v-gcc/10.1.0/bin/../lib/gcc/riscv64-unknown-elf/10.1.0/rv32im/ilp32\libgcc.a(floatunsisf.o)
                              build\kernel\components\drivers\hwtimer\hwtimer.o (__floatunsisf)
d:/program_files/programming/rt-threadstudio/repo/extract/toolchain_support_packages/risc-v/risc-v-gcc/10.1.0/bin/../lib/gcc/riscv64-unknown-elf/10.1.0/rv32im/ilp32\libgcc.a(save-restore.o)
                              libraries\hal_libraries\ab32vg1_hal\libhal.a(sys_err.o) (__riscv_save_0)
d:/program_files/programming/rt-threadstudio/repo/extract/toolchain_support_packages/risc-v/risc-v-gcc/10.1.0/bin/../lib/gcc/riscv64-unknown-elf/10.1.0/rv32im/ilp32\libgcc.a(_clzsi2.o)
                              d:/program_files/programming/rt-threadstudio/repo/extract/toolchain_support_packages/risc-v/risc-v-gcc/10.1.0/bin/../lib/gcc/riscv64-unknown-elf/10.1.0/rv32im/ilp32\libgcc.a(addsf3.o) (__clzsi2)
d:/program_files/programming/rt-threadstudio/repo/extract/toolchain_support_packages/risc-v/risc-v-gcc/10.1.0/bin/../lib/gcc/riscv64-unknown-elf/10.1.0/rv32im/ilp32\libgcc.a(_clz.o)
                              d:/program_files/programming/rt-threadstudio/repo/extract/toolchain_support_packages/risc-v/risc-v-gcc/10.1.0/bin/../lib/gcc/riscv64-unknown-elf/10.1.0/rv32im/ilp32\libgcc.a(_clzsi2.o) (__clz_tab)
d:/program_files/programming/rt-threadstudio/repo/extract/toolchain_support_packages/risc-v/risc-v-gcc/10.1.0/bin/../lib/gcc/riscv64-unknown-elf/10.1.0/../../../../riscv64-unknown-elf/lib/rv32im/ilp32\libc.a(lib_a-atoi.o)
                              build\kernel\components\drivers\misc\adc.o (atoi)
[...]
Memory Configuration

Name             Origin             Length             Attributes
init             0x0000000010000000 0x0000000000000200
flash            0x0000000010000200 0x0000000000100000 xr
comm             0x0000000000014000 0x0000000000014c00 xr
data             0x0000000000011000 0x0000000000002000
stack            0x0000000000013000 0x0000000000001000
heap             0x0000000000028c00 0x0000000000007400
ram1             0x0000000000050000 0x0000000000007a00 xr
*default*        0x0000000000000000 0xffffffffffffffff

Linker script and memory map

LOAD build\applications\mnt.o
LOAD build\applications\main.o
LOAD build\board\ports\audio\drv_sound.o
LOAD build\board\board.o
LOAD build\board\ab32vg1_hal_msp.o
LOAD build\kernel\src\timer.o
LOAD build\kernel\src\idle.o
LOAD build\kernel\src\components.o
LOAD build\kernel\src\mem.o
LOAD build\kernel\src\kservice.o
LOAD build\kernel\src\mempool.o
LOAD build\kernel\src\irq.o
LOAD build\kernel\src\ipc.o
LOAD build\kernel\src\scheduler.o
LOAD build\kernel\src\thread.o
LOAD build\kernel\src\memheap.o
LOAD build\kernel\src\clock.o
LOAD build\kernel\src\device.o
LOAD build\kernel\src\object.o
LOAD build\kernel\components\dfs\src\dfs_posix.o
LOAD build\kernel\components\dfs\src\dfs_fs.o
LOAD build\kernel\components\dfs\src\dfs.o
LOAD build\kernel\components\dfs\src\dfs_file.o
LOAD build\kernel\components\dfs\filesystems\devfs\devfs.o
LOAD build\kernel\components\dfs\filesystems\elmfat\ff.o
LOAD build\kernel\components\dfs\filesystems\elmfat\ffunicode.o
LOAD build\kernel\components\dfs\filesystems\elmfat\dfs_elm.o
LOAD build\kernel\components\drivers\audio\audio_pipe.o
LOAD build\kernel\components\drivers\audio\audio.o
LOAD build\kernel\components\drivers\hwtimer\hwtimer.o
LOAD build\kernel\components\drivers\misc\adc.o
LOAD build\kernel\components\drivers\misc\pin.o
LOAD build\kernel\components\drivers\rtc\rtc.o
LOAD build\kernel\components\drivers\sdio\mmc.o
LOAD build\kernel\components\drivers\sdio\sd.o
LOAD build\kernel\components\drivers\sdio\block_dev.o
LOAD build\kernel\components\drivers\sdio\sdio.o
LOAD build\kernel\components\drivers\sdio\mmcsd_core.o
LOAD build\kernel\components\drivers\serial\serial.o
LOAD build\kernel\components\drivers\src\completion.o
LOAD build\kernel\components\drivers\src\dataqueue.o
LOAD build\kernel\components\drivers\src\pipe.o
LOAD build\kernel\components\drivers\src\ringblk_buf.o
LOAD build\kernel\components\drivers\src\waitqueue.o
LOAD build\kernel\components\drivers\src\ringbuffer.o
LOAD build\kernel\components\drivers\src\workqueue.o
LOAD build\kernel\components\drivers\watchdog\watchdog.o
LOAD build\kernel\components\finsh\finsh_node.o
LOAD build\kernel\components\finsh\msh.o
LOAD build\kernel\components\finsh\cmd.o
LOAD build\kernel\components\finsh\finsh_vm.o
LOAD build\kernel\components\finsh\msh_file.o
LOAD build\kernel\components\finsh\shell.o
LOAD build\kernel\components\finsh\finsh_var.o
LOAD build\kernel\components\finsh\finsh_compiler.o
LOAD build\kernel\components\finsh\finsh_parser.o
LOAD build\kernel\components\finsh\finsh_heap.o
LOAD build\kernel\components\finsh\finsh_ops.o
LOAD build\kernel\components\finsh\finsh_error.o
LOAD build\kernel\components\finsh\finsh_token.o
LOAD build\kernel\components\finsh\finsh_init.o
LOAD build\kernel\components\libc\compilers\common\time.o
LOAD build\kernel\components\libc\compilers\newlib\minilib.o
LOAD libraries\hal_drivers\drv_gpio.o
LOAD libraries\hal_drivers\drv_usart.o
LOAD libraries\hal_drivers\drv_wdt.o
LOAD libraries\hal_drivers\drv_sdio.o
LOAD libraries\hal_drivers\drv_adc.o
LOAD libraries\hal_drivers\drv_rtc.o
LOAD libraries\hal_drivers\drv_hwtimer.o
LOAD libcpu\cpu\context_gcc.o
LOAD libcpu\cpu\cpuport.o
LOAD libcpu\cpu\interrupt.o
LOAD libraries\hal_libraries\ab32vg1_hal\source\ab32vg1_hal.o
LOAD libraries\hal_libraries\ab32vg1_hal\source\ab32vg1_hal_gpio.o
LOAD libraries\hal_libraries\ab32vg1_hal\source\ab32vg1_hal_sd.o
LOAD libraries\hal_libraries\ab32vg1_hal\source\ab32vg1_hal_rcu.o
LOAD libraries\hal_libraries\ab32vg1_hal\source\ab32vg1_hal_uart.o
LOAD libraries\hal_libraries\ab32vg1_hal\source\ab32vg1_hal_dac.o
LOAD libraries\hal_libraries\bmsis\source\system_ab32vgx.o
LOAD libraries\hal_libraries\bmsis\source\startup.o
LOAD libraries\hal_libraries\ab32vg1_hal\libhal.a
LOAD d:/program_files/programming/rt-threadstudio/repo/extract/toolchain_support_packages/risc-v/risc-v-gcc/10.1.0/bin/../lib/gcc/riscv64-unknown-elf/10.1.0/rv32im/ilp32\libgcc.a
START GROUP
LOAD d:/program_files/programming/rt-threadstudio/repo/extract/toolchain_support_packages/risc-v/risc-v-gcc/10.1.0/bin/../lib/gcc/riscv64-unknown-elf/10.1.0/../../../../riscv64-unknown-elf/lib/rv32im/ilp32\libc.a
LOAD d:/program_files/programming/rt-threadstudio/repo/extract/toolchain_support_packages/risc-v/risc-v-gcc/10.1.0/bin/../lib/gcc/riscv64-unknown-elf/10.1.0/../../../../riscv64-unknown-elf/lib/rv32im/ilp32\libgloss.a
END GROUP
LOAD d:/program_files/programming/rt-threadstudio/repo/extract/toolchain_support_packages/risc-v/risc-v-gcc/10.1.0/bin/../lib/gcc/riscv64-unknown-elf/10.1.0/rv32im/ilp32\libgcc.a
                0x0000000000100000                __max_flash_size = 0x100000
                0x0000000000002000                __data_ram_size = 0x2000
                0x0000000000001000                __stack_ram_size = 0x1000
                0x0000000000014c00                __comm_ram_size = 0x14c00
                0x0000000000007400                __heap_ram_size = 0x7400
                0x0000000010000000                __base = 0x10000000
                0x0000000000011000                __data_vma = 0x11000
                0x0000000000013000                __stack_vma = (__data_vma + __data_ram_size)
                0x0000000000014000                __comm_vma = (__stack_vma + __stack_ram_size)
                0x0000000000028c00                __heap_vma = (__comm_vma + __comm_ram_size)
                0x0000000000050000                __ram1_vma = 0x50000

.init           0x0000000010000000       0xaa
 *(.reset)
 .reset         0x0000000010000000       0xaa libraries\hal_libraries\bmsis\source\startup.o
                0x0000000010000000                _start

.ram1           0x0000000000050000     0x696a load address 0x0000000010000200
                0x0000000000050000                . = ALIGN (0x4)
                0x0000000000050000                __rt_init_start = .
 *(SORT_BY_NAME(.rti_fn*))
 .rti_fn.0      0x0000000000050000        0x4 build\kernel\src\components.o
                0x0000000000050000                __rt_init_rti_start
 .rti_fn.0.end  0x0000000000050004        0x4 build\kernel\src\components.o
                0x0000000000050004                __rt_init_rti_board_start
 .rti_fn.1      0x0000000000050008        0x4 libraries\hal_drivers\drv_wdt.o
                0x0000000000050008                __rt_init_rt_wdt_init
 .rti_fn.1.end  0x000000000005000c        0x4 build\kernel\src\components.o
                0x000000000005000c                __rt_init_rti_board_end
 .rti_fn.2      0x0000000000050010        0x4 build\kernel\components\dfs\src\dfs.o
                0x0000000000050010                __rt_init_dfs_init
 .rti_fn.2      0x0000000000050014        0x4 build\kernel\components\drivers\sdio\mmcsd_core.o
                0x0000000000050014                __rt_init_rt_mmcsd_core_init
 .rti_fn.3      0x0000000000050018        0x4 build\board\ports\audio\drv_sound.o
                0x0000000000050018                __rt_init_rt_hw_sound_init
 .rti_fn.3      0x000000000005001c        0x4 libraries\hal_drivers\drv_sdio.o
                0x000000000005001c                __rt_init_rt_hw_sdio_init
 .rti_fn.3      0x0000000000050020        0x4 libraries\hal_drivers\drv_rtc.o
                0x0000000000050020                __rt_init_rt_hw_rtc_init
 .rti_fn.4      0x0000000000050024        0x4 build\kernel\components\dfs\filesystems\elmfat\dfs_elm.o
                0x0000000000050024                __rt_init_elm_init
 .rti_fn.6      0x0000000000050028        0x4 build\applications\mnt.o
                0x0000000000050028                __rt_init_ab32_sdcard_mount
 .rti_fn.6      0x000000000005002c        0x4 build\kernel\components\finsh\shell.o
                0x000000000005002c                __rt_init_finsh_system_init
 .rti_fn.6.end  0x0000000000050030        0x4 build\kernel\src\components.o
                0x0000000000050030                __rt_init_rti_end
                0x0000000000050034                __rt_init_end = .
                0x0000000000050034                . = ALIGN (0x4)
                [!provide]                        PROVIDE (__ctors_start__ = .)
 *(SORT_BY_NAME(.init_array.*))
 *(.init_array)
                [!provide]                        PROVIDE (__ctors_end__ = .)
                0x0000000000050034                . = ALIGN (0x4)
 *components*drivers*audio**.o(.text*)
 .text          0x0000000000050034      0x440 build\kernel\components\drivers\audio\audio_pipe.o
                0x0000000000050348                rt_audio_pipe_init
                0x00000000000503e2                rt_audio_pipe_detach
                0x00000000000503e6                rt_audio_pipe_create
                0x000000000005044c                rt_audio_pipe_destroy
 .text          0x0000000000050474      0x888 build\kernel\components\drivers\audio\audio.o
                0x0000000000050a00                rt_audio_register
                0x0000000000050a7a                rt_audio_samplerate_to_speed
                0x0000000000050b48                rt_audio_tx_complete
                0x0000000000050cc8                rt_audio_rx_done
 *components*drivers*hwtimer**.o(.text*)
 *components*drivers*misc*pin.o(.text*)
 .text          0x0000000000050cfc      0x3aa build\kernel\components\drivers\misc\pin.o
                0x0000000000050d42                rt_pin_mode
                0x0000000000050d94                rt_pin_write
                0x0000000000050de6                rt_pin_read
                0x0000000000050e2c                rt_pin_get
                0x0000000000050f46                rt_device_pin_register
                0x0000000000050f7e                rt_pin_attach_irq
                0x0000000000050ff0                rt_pin_detach_irq
                0x0000000000051044                rt_pin_irq_enable
 *components*drivers*rtc**.o(.text*)
 .text          0x00000000000510a6      0x29c build\kernel\components\drivers\rtc\rtc.o
                0x00000000000510a6                set_date
                0x000000000005111e                set_time
                0x0000000000051190                list_date
 *components*drivers*serial**.o(.text*)
 .text          0x0000000000051342      0x744 build\kernel\components\drivers\serial\serial.o
                0x00000000000518a8                rt_hw_serial_register
                0x000000000005190a                rt_hw_serial_isr
 *components*drivers*watchdog**.o(.text*)
 .text          0x0000000000051a86      0x126 build\kernel\components\drivers\watchdog\watchdog.o
                0x0000000000051b4a                rt_hw_watchdog_register
                0x0000000000051bac                . = ALIGN (0x4)
 *fill*         0x0000000000051bac        0x0 
 *src*ipc.o(.text* .rodata*)
 .text          0x0000000000051bac     0x221c build\kernel\src\ipc.o
                0x0000000000051c4e                rt_ipc_get_highest_priority
                0x0000000000051c70                rt_sem_init
                0x0000000000051ce6                rt_sem_detach
                0x0000000000051d62                rt_sem_create
                0x0000000000051df8                rt_sem_delete
                0x0000000000051eb6                rt_sem_take
                0x0000000000052012                rt_sem_trytake
                0x0000000000052016                rt_sem_release
                0x00000000000520be                rt_sem_control
                0x000000000005213c                rt_mutex_init
                0x0000000000052196                rt_mutex_detach
                0x0000000000052212                rt_mutex_create
                0x000000000005228c                rt_mutex_delete
                0x000000000005234a                rt_mutex_take
                0x00000000000524f8                rt_mutex_release
                0x00000000000526bc                rt_mutex_control
                0x000000000005270c                rt_event_init
                0x000000000005275e                rt_event_detach
                0x00000000000527dc                rt_event_create
                0x000000000005284e                rt_event_delete
                0x000000000005290e                rt_event_send
                0x0000000000052a0a                rt_event_recv
                0x0000000000052bf4                rt_event_control
                0x0000000000052c6e                rt_mb_init
                0x0000000000052ce0                rt_mb_detach
                0x0000000000052d66                rt_mb_create
                0x0000000000052e10                rt_mb_delete
                0x0000000000052ee2                rt_mb_send_wait
                0x00000000000530d8                rt_mb_send
                0x00000000000530dc                rt_mb_urgent
                0x00000000000531a0                rt_mb_recv
                0x00000000000533b8                rt_mb_control
                0x000000000005343e                rt_mq_init
                0x00000000000534ee                rt_mq_detach
                0x0000000000053574                rt_mq_create
                0x0000000000053664                rt_mq_delete
                0x000000000005373e                rt_mq_send_wait
                0x000000000005398e                rt_mq_send
                0x0000000000053992                rt_mq_urgent
                0x0000000000053ab6                rt_mq_recv
                0x0000000000053d28                rt_mq_control
 .rodata.str1.4
                0x0000000000053dc8      0x44a build\kernel\src\ipc.o
                                        0x476 (size before relaxing)
 *fill*         0x0000000000054212        0x2 
 .rodata        0x0000000000054214      0x242 build\kernel\src\ipc.o
 *src*irq.o(.text* .rodata*)
 .text          0x0000000000054456       0x98 build\kernel\src\irq.o
                0x0000000000054456                rt_interrupt_enter_sethook
                0x0000000000054460                rt_interrupt_leave_sethook
                0x000000000005446a                rt_interrupt_enter
                0x000000000005449c                rt_interrupt_leave
                0x00000000000544ce                rt_interrupt_get_nest
 *src*object.o(.text* .rodata*)
 .text          0x00000000000544ee      0x438 build\kernel\src\object.o
                0x00000000000544ee                rt_object_attach_sethook
                0x00000000000544f8                rt_object_detach_sethook
                0x0000000000054502                rt_object_trytake_sethook
                0x000000000005450c                rt_object_take_sethook
                0x0000000000054516                rt_object_put_sethook
                0x0000000000054520                rt_object_get_information
                0x0000000000054548                rt_object_get_length
                0x000000000005457c                rt_object_get_pointers
                0x00000000000545d0                rt_object_init
                0x0000000000054694                rt_object_detach
                0x00000000000546e6                rt_object_allocate
                0x00000000000547b2                rt_object_delete
                0x000000000005482e                rt_object_is_systemobject
                0x000000000005485e                rt_object_get_type
                0x0000000000054890                rt_object_find
 *fill*         0x0000000000054926        0x2 
 .rodata.str1.4
                0x0000000000054928       0x65 build\kernel\src\object.o
                                         0x91 (size before relaxing)
 *fill*         0x000000000005498d        0x3 
 .rodata        0x0000000000054990       0x8b build\kernel\src\object.o
 *src*thread.o(.text* .rodata*)
 *fill*         0x0000000000054a1b        0x1 
 .text          0x0000000000054a1c      0x8da build\kernel\src\thread.o
                0x0000000000054a42                rt_thread_exit
                0x0000000000054b6c                rt_thread_timeout
                0x0000000000054bfa                rt_thread_suspend_sethook
                0x0000000000054c04                rt_thread_resume_sethook
                0x0000000000054c0e                rt_thread_inited_sethook
                0x0000000000054c18                rt_thread_init
                0x0000000000054c9e                rt_thread_self
                0x0000000000054ca8                rt_thread_detach
                0x0000000000054d44                rt_thread_create
                0x0000000000054da4                rt_thread_delete
                0x0000000000054e58                rt_thread_yield
                0x0000000000054e90                rt_thread_suspend
                0x0000000000054f5c                rt_thread_sleep
                0x0000000000054ff0                rt_thread_delay
                0x0000000000054ff2                rt_thread_mdelay
                0x0000000000055000                rt_thread_delay_until
                0x00000000000550d6                rt_thread_resume
                0x0000000000055172                rt_thread_startup
                0x000000000005520a                rt_thread_control
                0x00000000000552f0                rt_thread_find
 *fill*         0x00000000000552f6        0x2 
 .rodata.str1.4
                0x00000000000552f8      0x18b build\kernel\src\thread.o
                                        0x19f (size before relaxing)
 *fill*         0x0000000000055483        0x1 
 .rodata        0x0000000000055484       0xd2 build\kernel\src\thread.o
 *src*timer.o(.text* .rodata*)
 .text          0x0000000000055556      0x74c build\kernel\src\timer.o
                0x0000000000055568                rt_timer_enter_sethook
                0x0000000000055572                rt_timer_exit_sethook
                0x000000000005557c                rt_timer_init
                0x00000000000555ec                rt_timer_detach
                0x0000000000055680                rt_timer_create
                0x00000000000556c8                rt_timer_delete
                0x000000000005575c                rt_timer_start
                0x0000000000055896                rt_timer_stop
                0x000000000005591c                rt_timer_control
                0x00000000000559ce                rt_timer_check
                0x0000000000055aba                rt_timer_next_timeout_tick
                0x0000000000055ae4                rt_soft_timer_check
                0x0000000000055c46                rt_system_timer_init
                0x0000000000055c54                rt_system_timer_thread_init
 *fill*         0x0000000000055ca2        0x2 
 .rodata.str1.4
                0x0000000000055ca4       0xde build\kernel\src\timer.o
 *fill*         0x0000000000055d82        0x2 
 .rodata        0x0000000000055d84       0x75 build\kernel\src\timer.o
 *src*mempool.o(.text* .rodata*)
 *fill*         0x0000000000055df9        0x1 
 .text          0x0000000000055dfa      0x572 build\kernel\src\mempool.o
                0x0000000000055dfa                rt_mp_alloc_sethook
                0x0000000000055e04                rt_mp_free_sethook
                0x0000000000055e0e                rt_mp_init
                0x0000000000055efa                rt_mp_detach
                0x0000000000055fa2                rt_mp_create
                0x000000000005609e                rt_mp_delete
                0x000000000005618e                rt_mp_alloc
                0x00000000000562f2                rt_mp_free
 .rodata.str1.4
                0x000000000005636c      0x149 build\kernel\src\mempool.o
                                        0x14d (size before relaxing)
 *fill*         0x00000000000564b5        0x3 
 .rodata        0x00000000000564b8       0x48 build\kernel\src\mempool.o
 *src*scheduler.o(.text* .rodata*)
 .text          0x0000000000056500      0x338 build\kernel\src\scheduler.o
                0x0000000000056500                rt_scheduler_sethook
                0x000000000005650a                rt_system_scheduler_init
                0x0000000000056542                rt_schedule_insert_thread
                0x00000000000565c6                rt_schedule_remove_thread
                0x0000000000056632                rt_system_scheduler_start
                0x0000000000056676                rt_schedule
                0x00000000000567c0                rt_enter_critical
                0x00000000000567e2                rt_exit_critical
                0x000000000005682e                rt_critical_level
 *fill*         0x0000000000056838        0x0 
 .rodata.str1.4
                0x0000000000056838       0x65 build\kernel\src\scheduler.o
 *fill*         0x000000000005689d        0x3 
 .rodata        0x00000000000568a0       0x36 build\kernel\src\scheduler.o
 *src*clock.o(.text* .rodata*)
 .text          0x00000000000568d6       0x94 build\kernel\src\clock.o
                0x00000000000568d6                rt_tick_get
                0x00000000000568e0                rt_tick_set
                0x00000000000568fe                rt_tick_increase
                0x0000000000056938                rt_tick_from_millisecond
                0x0000000000056960                rt_tick_get_millisecond

.comm           0x0000000000014000     0x3218 load address 0x0000000010006b6a
                0x0000000000014000                . = ALIGN (0x4)
 *(.vector)
 .vector        0x0000000000014000       0xf4 libraries\hal_libraries\bmsis\source\startup.o
                0x00000000000140dc                cpu_irq_comm
 .vector        0x00000000000140f4       0x3a libraries\hal_libraries\ab32vg1_hal\libhal.a(cache.o)
                0x00000000000140f4                load_cache
 *(.irq*)
 .irq.timer     0x000000000001412e       0x1c build\board\board.o
                0x000000000001412e                timer0_isr
 .irq.cache     0x000000000001414a       0x88 build\board\board.o
                0x000000000001414a                cache_init
                0x000000000001417c                os_spiflash_lock
                0x00000000000141a8                os_spiflash_unlock
 .irq.err       0x00000000000141d2        0xa build\board\board.o
                0x00000000000141d2                exception_isr
 .irq.usart     0x00000000000141dc      0x17a libraries\hal_drivers\drv_usart.o
                0x0000000000014232                uart_irq_process
 .irq.sdio      0x0000000000014356       0x44 libraries\hal_drivers\drv_sdio.o
                0x0000000000014356                rthw_sdio_irq_process
                0x0000000000014380                sdio_isr
 .irq.err       0x000000000001439a       0x30 libraries\hal_libraries\ab32vg1_hal\libhal.a(sys_err.o)
                0x000000000001439a                sys_error_hook
 *fill*         0x00000000000143ca        0x2 
 .irq.err.str   0x00000000000143cc       0x12 libraries\hal_libraries\ab32vg1_hal\libhal.a(sys_err.o)
 *applications**.o(.text .rodata)
 .text          0x00000000000143de       0xe0 build\applications\mnt.o
                0x00000000000143de                sd_mount
                0x0000000000014468                ab32_sdcard_mount
 *libcpu*cpu*context_gcc.o(.text .rodata)
 .text          0x00000000000144be      0x19c libcpu\cpu\context_gcc.o
                0x00000000000144be                rt_hw_interrupt_disable
                0x00000000000144cc                rt_hw_interrupt_enable
                0x00000000000144de                rt_hw_context_switch_to
                0x0000000000014512                rt_hw_context_switch
                0x0000000000014532                rt_switch_to_thread
                0x0000000000014558                rt_hw_context_switch_interrupt
                0x000000000001457e                rt_soft_isr
                0x0000000000014586                low_prio_irq
 *libcpu*cpu*interrupt.o(.text .rodata)
 .text          0x000000000001465a       0xf2 libcpu\cpu\interrupt.o
                0x000000000001465a                set_cpu_irq_comm
                0x0000000000014664                cpu_irq_comm_do
                0x00000000000146b0                rt_hw_irq_enable
                0x00000000000146c8                rt_hw_irq_disable
                0x00000000000146e4                rt_hw_interrupt_init
                0x00000000000146e6                rt_hw_interrupt_install
 *hal_libraries*ab32vg1_hal**.o(.text .rodata)
 .text          0x000000000001474c       0x54 libraries\hal_libraries\ab32vg1_hal\source\ab32vg1_hal.o
                0x000000000001474c                hal_set_tick_hook
                0x0000000000014756                hal_set_ticks
                0x0000000000014778                hal_udelay
 .text          0x00000000000147a0      0x13e libraries\hal_libraries\ab32vg1_hal\source\ab32vg1_hal_gpio.o
                0x00000000000147a0                gpio_afinit
                0x00000000000147d0                hal_gpio_init
                0x00000000000148ae                hal_gpio_read
                0x00000000000148b8                hal_gpio_write
                0x00000000000148d0                hal_gpio_toggle
 .text          0x00000000000148de       0x70 libraries\hal_libraries\ab32vg1_hal\source\ab32vg1_hal_rcu.o
                0x00000000000148de                hal_rcu_periph_clk_enable
                0x0000000000014912                hal_rcu_periph_clk_disable
 .text          0x000000000001494e      0x140 libraries\hal_libraries\ab32vg1_hal\source\ab32vg1_hal_uart.o
                0x000000000001494e                hal_uart_setbaud
                0x000000000001496c                hal_uart_setparam
                0x00000000000149be                hal_uart_deinit
                0x00000000000149c4                HAL_UART_MspInit
                0x00000000000149c6                hal_uart_control
                0x00000000000149de                hal_uart_write
                0x00000000000149e2                hal_uart_read
                0x00000000000149ea                hal_uart_getflag
                0x00000000000149f0                hal_uart_clrflag
                0x00000000000149f8                uart_config_all
                0x0000000000014a6a                hal_uart_init
 *save-restore.o(.text .rodata)
 *fill*         0x0000000000014a8e        0x2 
 .text          0x0000000000014a90       0xbc d:/program_files/programming/rt-threadstudio/repo/extract/toolchain_support_packages/risc-v/risc-v-gcc/10.1.0/bin/../lib/gcc/riscv64-unknown-elf/10.1.0/rv32im/ilp32\libgcc.a(save-restore.o)
                0x0000000000014a90                __riscv_save_12
                0x0000000000014aa0                __riscv_save_9
                0x0000000000014aa0                __riscv_save_11
                0x0000000000014aa0                __riscv_save_10
                0x0000000000014aa0                __riscv_save_8
                0x0000000000014abc                __riscv_save_4
                0x0000000000014abc                __riscv_save_6
                0x0000000000014abc                __riscv_save_5
                0x0000000000014abc                __riscv_save_7
                0x0000000000014aec                __riscv_save_3
                0x0000000000014aec                __riscv_save_2
                0x0000000000014aec                __riscv_save_1
                0x0000000000014aec                __riscv_save_0
                0x0000000000014b04                __riscv_restore_12
                0x0000000000014b0c                __riscv_restore_11
                0x0000000000014b0c                __riscv_restore_9
                0x0000000000014b0c                __riscv_restore_10
                0x0000000000014b0c                __riscv_restore_8
                0x0000000000014b20                __riscv_restore_5
                0x0000000000014b20                __riscv_restore_7
                0x0000000000014b20                __riscv_restore_6
                0x0000000000014b20                __riscv_restore_4
                0x0000000000014b34                __riscv_restore_3
                0x0000000000014b34                __riscv_restore_0
                0x0000000000014b34                __riscv_restore_2
                0x0000000000014b34                __riscv_restore_1
 *(.text.unlikely)
 *(.text.startup)
 .text.startup  0x0000000000014b4c       0x4a build\applications\main.o
                0x0000000000014b4c                main
 *src*kservice.o(.text* .rodata*)
 .text          0x0000000000014b96      0xb3c build\kernel\src\kservice.o
                0x0000000000014d34                rt_get_errno
                0x0000000000014d56                rt_set_errno
                0x0000000000014d7e                _rt_errno
                0x0000000000014da2                rt_memset
                0x0000000000014e26                rt_memcpy
                0x0000000000014ed4                rt_memmove
                0x0000000000014f1e                rt_memcmp
                0x0000000000014f46                rt_strcasecmp
                0x0000000000014f7a                rt_strncpy
                0x0000000000014fa8                rt_strncmp
                0x0000000000014fd8                rt_strcmp
                0x0000000000014ff2                rt_strnlen
                0x000000000001500a                rt_strlen
                0x000000000001501c                rt_strstr
                0x000000000001506a                rt_strdup
                0x0000000000015098                rt_vsnprintf
                0x0000000000015448                rt_snprintf
                0x0000000000015462                rt_vsprintf
                0x000000000001546a                rt_sprintf
                0x0000000000015486                rt_console_get_device
                0x0000000000015490                rt_console_set_device
                0x00000000000154d8                rt_hw_console_output
                0x00000000000154da                rt_kputs
                0x0000000000015532                rt_kprintf
                0x00000000000155ac                rt_show_version
                0x00000000000155ea                rt_malloc_align
                0x000000000001562a                rt_free_align
                0x0000000000015636                __rt_ffs
                0x000000000001568e                rt_assert_set_hook
                0x0000000000015698                rt_assert_handler
 *fill*         0x00000000000156d2        0x2 
 .rodata.str1.4
                0x00000000000156d4       0xc7 build\kernel\src\kservice.o
 *fill*         0x000000000001579b        0x1 
 .rodata        0x000000000001579c      0x180 build\kernel\src\kservice.o
                0x000000000001581c                __lowest_bit_bitmap
 *src*device.o(.text* .rodata*)
 .text          0x000000000001591c      0x570 build\kernel\src\device.o
                0x000000000001591c                rt_device_unregister
                0x000000000001598c                rt_device_find
                0x0000000000015992                rt_device_register
                0x00000000000159d6                rt_device_create
                0x0000000000015a0c                rt_device_destroy
                0x0000000000015a82                rt_device_init
                0x0000000000015ae4                rt_device_open
                0x0000000000015bda                rt_device_close
                0x0000000000015c54                rt_device_read
                0x0000000000015cdc                rt_device_write
                0x0000000000015d68                rt_device_control
                0x0000000000015ddc                rt_device_set_rx_indicate
                0x0000000000015e34                rt_device_set_tx_complete
 *fill*         0x0000000000015e8c        0x0 
 .rodata.str1.4
                0x0000000000015e8c       0xf4 build\kernel\src\device.o
 .rodata        0x0000000000015f80       0xc6 build\kernel\src\device.o
 *hal_drivers**.o(.rodata)
 *fill*         0x0000000000016046        0x2 
 .rodata        0x0000000000016048       0x38 libraries\hal_drivers\drv_gpio.o
 .rodata        0x0000000000016080       0x81 libraries\hal_drivers\drv_usart.o
 *fill*         0x0000000000016101        0x3 
 .rodata        0x0000000000016104       0x20 libraries\hal_drivers\drv_wdt.o
 .rodata        0x0000000000016124       0x24 libraries\hal_drivers\drv_sdio.o
 .rodata        0x0000000000016148       0x28 libraries\hal_drivers\drv_rtc.o
 *audio*drv_sound.o(.rodata)
 .rodata        0x0000000000016170       0x66 build\board\ports\audio\drv_sound.o
 *libcpu**.o(.rodata)
 *fill*         0x00000000000161d6        0x2 
 .rodata        0x00000000000161d8       0x13 libcpu\cpu\cpuport.o
 *system_ab32vgx.o(.rodata)
 *fill*         0x00000000000161eb        0x1 
 .rodata        0x00000000000161ec       0x46 libraries\hal_libraries\bmsis\source\system_ab32vgx.o
                0x00000000000161ec                sysclk_sel_tbl
                0x00000000000161f8                sysclk_index
 EXCLUDE_FILE(*drv_wdt.o *drv_sdio.o *msh_file.o *cmd.o *drivers*sdio**.o *components.o *dfs**.o *src*memheap.o *src*mem.o *cp-demangle.o *cp-demangle.o *lib_a**.o) *(.rodata.str1.4)
 *fill*         0x0000000000016232        0x2 
 .rodata.str1.4
                0x0000000000016234       0x74 build\applications\mnt.o
                                         0x78 (size before relaxing)
 .rodata.str1.4
                0x00000000000162a8       0x16 build\applications\main.o
 *fill*         0x00000000000162be        0x2 
 .rodata.str1.4
                0x00000000000162c0       0x23 build\board\ports\audio\drv_sound.o
 *fill*         0x00000000000162e3        0x1 
 .rodata.str1.4
                0x00000000000162e4       0x24 build\board\board.o
 .rodata.str1.4
                0x0000000000016308       0x30 build\kernel\src\idle.o
                                         0x34 (size before relaxing)
 .rodata.str1.4
                0x0000000000016338       0x64 build\kernel\components\drivers\audio\audio_pipe.o
                                         0x90 (size before relaxing)
 .rodata.str1.4
                0x000000000001639c       0x77 build\kernel\components\drivers\audio\audio.o
                                         0x9d (size before relaxing)
 *fill*         0x0000000000016413        0x1 
 .rodata.str1.4
                0x0000000000016414      0x1f9 build\kernel\components\drivers\misc\adc.o
 *fill*         0x000000000001660d        0x3 
 .rodata.str1.4
                0x0000000000016610       0x37 build\kernel\components\drivers\misc\pin.o
 *fill*         0x0000000000016647        0x1 
 .rodata.str1.4
                0x0000000000016648      0x137 build\kernel\components\drivers\rtc\rtc.o
 *fill*         0x000000000001677f        0x1 
 .rodata.str1.4
                0x0000000000016780       0xbb build\kernel\components\drivers\serial\serial.o
                                         0xce (size before relaxing)
 *fill*         0x000000000001683b        0x1 
 .rodata.str1.4
                0x000000000001683c       0x47 build\kernel\components\drivers\src\completion.o
                                         0x72 (size before relaxing)
 *fill*         0x0000000000016883        0x1 
 .rodata.str1.4
                0x0000000000016884       0x64 build\kernel\components\drivers\src\dataqueue.o
                                         0x90 (size before relaxing)
 .rodata.str1.4
                0x00000000000168e8        0xe build\kernel\components\drivers\src\ringbuffer.o
                                         0x19 (size before relaxing)
 *fill*         0x00000000000168f6        0x2 
 .rodata.str1.4
                0x00000000000168f8       0x33 build\kernel\components\drivers\watchdog\watchdog.o
                                         0x43 (size before relaxing)
 *fill*         0x000000000001692b        0x1 
 .rodata.str1.4
                0x000000000001692c       0x6c build\kernel\components\finsh\msh.o
                                         0x78 (size before relaxing)
 .rodata.str1.4
                0x0000000000016998       0xbb build\kernel\components\finsh\shell.o
                                         0xc3 (size before relaxing)
 *fill*         0x0000000000016a53        0x1 
 .rodata.str1.4
                0x0000000000016a54       0xf2 build\kernel\components\finsh\finsh_error.o
 *fill*         0x0000000000016b46        0x2 
 .rodata.str1.4
                0x0000000000016b48       0x35 build\kernel\components\finsh\finsh_token.o
                                         0x3d (size before relaxing)
 .rodata.str1.4
                0x0000000000016b7d        0x4 build\kernel\components\libc\compilers\common\time.o
 *fill*         0x0000000000016b7d        0x3 
 .rodata.str1.4
                0x0000000000016b80        0x4 libraries\hal_drivers\drv_gpio.o
 .rodata.str1.4
                0x0000000000016b84       0x29 libraries\hal_drivers\drv_usart.o
                                         0x6e (size before relaxing)
 *fill*         0x0000000000016bad        0x3 
 .rodata.str1.4
                0x0000000000016bb0       0x2a libraries\hal_drivers\drv_rtc.o
                                         0x42 (size before relaxing)
 *fill*         0x0000000000016bda        0x2 
 .rodata.str1.4
                0x0000000000016bdc        0xd libcpu\cpu\cpuport.o
                                         0x12 (size before relaxing)
 EXCLUDE_FILE(*unwind*.o *lib_a**.o) *(.srodata)
 *fill*         0x0000000000016be9        0x3 
 .srodata       0x0000000000016bec        0x8 build\kernel\src\mem.o
 .srodata       0x0000000000016bf4        0x7 build\kernel\components\dfs\src\dfs.o
 *(.rela*)
 .rela.text     0x0000000000016bfb        0x0 build\applications\mnt.o
 .rela.text.startup
                0x0000000000016bfb        0x0 build\applications\mnt.o
 .rela.reset    0x0000000000016bfb        0x0 build\applications\mnt.o
 .rela.vector   0x0000000000016bfb        0x0 build\applications\mnt.o
 *(.data*)
 *fill*         0x0000000000016bfb        0x1 
 .data          0x0000000000016bfc       0x1c build\board\ports\audio\drv_sound.o
 .data          0x0000000000016c18       0xa0 build\kernel\src\object.o
 .data          0x0000000000016cb8      0x100 build\kernel\components\dfs\src\dfs.o
                0x0000000000016cb8                working_directory
 .data          0x0000000000016db8        0xc libraries\hal_drivers\drv_usart.o
 *fill*         0x0000000000016dc4        0x4 
 .data          0x0000000000016dc8      0x428 d:/program_files/programming/rt-threadstudio/repo/extract/toolchain_support_packages/risc-v/risc-v-gcc/10.1.0/bin/../lib/gcc/riscv64-unknown-elf/10.1.0/../../../../riscv64-unknown-elf/lib/rv32im/ilp32\libc.a(lib_a-impure.o)
 *(.sdata*)
 .sdata         0x00000000000171f0        0x1 build\kernel\src\timer.o
 *fill*         0x00000000000171f1        0x3 
 .sdata         0x00000000000171f4        0x8 build\kernel\components\drivers\sdio\block_dev.o
 .sdata         0x00000000000171fc       0x10 build\kernel\components\drivers\sdio\sdio.o
 .sdata         0x000000000001720c        0x4 build\kernel\components\finsh\msh.o
 .sdata         0x0000000000017210        0x1 libraries\hal_drivers\drv_sdio.o
 *fill*         0x0000000000017211        0x3 
 .sdata         0x0000000000017214        0x4 d:/program_files/programming/rt-threadstudio/repo/extract/toolchain_support_packages/risc-v/risc-v-gcc/10.1.0/bin/../lib/gcc/riscv64-unknown-elf/10.1.0/../../../../riscv64-unknown-elf/lib/rv32im/ilp32\libc.a(lib_a-impure.o)
                0x0000000000017214                _impure_ptr

.bss            0x0000000000011000     0x1894
                0x0000000000011000                __bss_start = .
 *(COMMON)
 *(.bss)
 .bss           0x0000000000011000       0x50 build\board\ports\audio\drv_sound.o
 .bss           0x0000000000011050       0xa4 build\board\board.o
 *fill*         0x00000000000110f4        0x4 
 .bss           0x00000000000110f8      0x180 build\kernel\src\timer.o
 .bss           0x0000000000011278      0x290 build\kernel\src\idle.o
 .bss           0x0000000000011508       0x20 build\kernel\src\mem.o
 .bss           0x0000000000011528       0x80 build\kernel\src\kservice.o
 .bss           0x00000000000115a8      0x100 build\kernel\src\scheduler.o
                0x00000000000115a8                rt_thread_priority_table
 .bss           0x00000000000116a8       0x44 build\kernel\components\dfs\src\dfs.o
                0x00000000000116a8                filesystem_table
 .bss           0x00000000000116ec      0x128 build\kernel\components\dfs\src\dfs_file.o
 .bss           0x0000000000011814       0x34 build\kernel\components\drivers\misc\pin.o
 .bss           0x0000000000011848      0x500 build\kernel\components\drivers\sdio\mmcsd_core.o
 .bss           0x0000000000011d48      0x140 build\kernel\components\finsh\finsh_node.o
                0x0000000000011d48                global_node_table
 .bss           0x0000000000011e88      0x180 build\kernel\components\finsh\finsh_vm.o
                0x0000000000011e88                finsh_vm_stack
                0x0000000000011f88                text_segment
 .bss           0x0000000000012008       0x81 build\kernel\components\finsh\shell.o
 *fill*         0x0000000000012089        0x3 
 .bss           0x000000000001208c       0xc0 build\kernel\components\finsh\finsh_var.o
                0x000000000001208c                global_variable
 *fill*         0x000000000001214c        0x4 
 .bss           0x0000000000012150       0x80 build\kernel\components\finsh\finsh_heap.o
                0x0000000000012150                finsh_heap
 .bss           0x00000000000121d0       0x61 build\kernel\components\libc\compilers\common\time.o
 *fill*         0x0000000000012231        0x3 
 .bss           0x0000000000012234       0x58 libraries\hal_drivers\drv_usart.o
 .bss           0x000000000001228c       0x34 libraries\hal_drivers\drv_wdt.o
 .bss           0x00000000000122c0      0x400 libraries\hal_drivers\drv_sdio.o
 .bss           0x00000000000126c0       0x30 libraries\hal_drivers\drv_rtc.o
 .bss           0x00000000000126f0       0x5c libcpu\cpu\interrupt.o
                0x00000000000126f0                tbl_irq_vector
 .bss           0x000000000001274c        0xc libraries\hal_libraries\bmsis\source\system_ab32vgx.o
                0x000000000001274c                sys
 *(.sbss)
 .sbss          0x0000000000012758       0x1c build\kernel\src\timer.o
 .sbss          0x0000000000012774       0x20 build\kernel\src\mem.o
 .sbss          0x0000000000012794        0xc build\kernel\src\kservice.o
                0x0000000000012794                rt_assert_hook
 .sbss          0x00000000000127a0        0x8 build\kernel\src\mempool.o
 .sbss          0x00000000000127a8        0xc build\kernel\src\irq.o
                0x00000000000127a8                rt_interrupt_nest
 .sbss          0x00000000000127b4       0x1c build\kernel\src\scheduler.o
                0x00000000000127b8                rt_thread_defunct
                0x00000000000127c0                rt_current_priority
                0x00000000000127c4                rt_current_thread
                0x00000000000127cc                rt_thread_ready_priority_group
 .sbss          0x00000000000127d0        0xc build\kernel\src\thread.o
 .sbss          0x00000000000127dc        0x4 build\kernel\src\clock.o
 .sbss          0x00000000000127e0       0x14 build\kernel\src\object.o
                0x00000000000127e0                rt_object_put_hook
                0x00000000000127e4                rt_object_take_hook
                0x00000000000127e8                rt_object_trytake_hook
 .sbss          0x00000000000127f4       0x14 build\kernel\components\dfs\src\dfs.o
                0x0000000000012800                filesystem_operation_table
 .sbss          0x0000000000012808        0xc build\kernel\components\dfs\filesystems\elmfat\ff.o
 .sbss          0x0000000000012814        0x8 build\kernel\components\dfs\filesystems\elmfat\dfs_elm.o
 .sbss          0x000000000001281c        0x4 build\kernel\components\drivers\misc\adc.o
 .sbss          0x0000000000012820        0x4 build\kernel\components\drivers\serial\serial.o
 .sbss          0x0000000000012824        0x4 build\kernel\components\finsh\cmd.o
 .sbss          0x0000000000012828        0xc build\kernel\components\finsh\finsh_vm.o
                0x0000000000012828                global_syscall_list
                0x000000000001282c                finsh_pc
                0x0000000000012830                finsh_sp
 .sbss          0x0000000000012834       0x18 build\kernel\components\finsh\shell.o
                0x0000000000012838                shell
                0x000000000001283c                _sysvar_table_end
                0x0000000000012840                _sysvar_table_begin
                0x0000000000012844                _syscall_table_end
                0x0000000000012848                _syscall_table_begin
 .sbss          0x000000000001284c        0x4 build\kernel\components\finsh\finsh_var.o
                0x000000000001284c                global_sysvar_list
 .sbss          0x0000000000012850        0x8 build\kernel\components\finsh\finsh_compiler.o
                0x0000000000012850                finsh_compile_pc
                0x0000000000012854                finsh_compile_sp
 .sbss          0x0000000000012858        0x8 build\kernel\components\finsh\finsh_heap.o
 .sbss          0x0000000000012860        0x1 build\kernel\components\finsh\finsh_error.o
                0x0000000000012860                global_errno
 *fill*         0x0000000000012861        0x3 
 .sbss          0x0000000000012864        0x4 build\kernel\components\libc\compilers\common\time.o
 .sbss          0x0000000000012868        0x8 libraries\hal_drivers\drv_wdt.o
 .sbss          0x0000000000012870        0x4 libraries\hal_drivers\drv_sdio.o
 .sbss          0x0000000000012874       0x10 libcpu\cpu\cpuport.o
                0x0000000000012874                rt_cur_thread_sp
                0x0000000000012878                rt_thread_switch_interrupt_flag
                0x000000000001287c                rt_interrupt_to_thread
                0x0000000000012880                rt_interrupt_from_thread
 .sbss          0x0000000000012884        0x8 libcpu\cpu\interrupt.o
                0x0000000000012884                cpu_irq_comm_hook
                0x0000000000012888                irq_mask
 .sbss          0x000000000001288c        0x8 libraries\hal_libraries\ab32vg1_hal\source\ab32vg1_hal.o
 *(.buf*)
                0x0000000000012894                __bss_end = .
                0x0000000000001894                __bss_size = (__bss_end - __bss_start)

.stack          0x0000000000013000     0x1000
                0x0000000000013000                __irq_stack_start = .
                0x0000000000001000                . = __stack_ram_size
 *fill*         0x0000000000013000     0x1000 
                0x0000000000014000                __irq_stack = .
                0x0000000000001000                __irq_stack_size = (__irq_stack - __irq_stack_start)

.heap           0x0000000000028c00     0x7400
                0x0000000000028c00                __heap_start = .
                0x0000000000007400                . = __heap_ram_size
 *fill*         0x0000000000028c00     0x7400 
                0x0000000000030000                __heap_end = .

.flash          0x0000000010009d84    0x1887c
                0x0000000010009d84                . = ALIGN (0x4)
                0x0000000010009d84                __fsymtab_start = .
 *(FSymTab)
 FSymTab        0x0000000010009d84        0xc build\kernel\src\mem.o
                0x0000000010009d84                __fsym_list_mem
 FSymTab        0x0000000010009d90        0xc build\kernel\src\memheap.o
                0x0000000010009d90                __fsym___cmd_memheaptrace
 FSymTab        0x0000000010009d9c       0x18 build\kernel\components\dfs\src\dfs_posix.o
                0x0000000010009d9c                __fsym_cd
                0x0000000010009da8                __fsym_mkdir
 FSymTab        0x0000000010009db4       0x18 build\kernel\components\dfs\src\dfs_fs.o
                0x0000000010009db4                __fsym_df
                0x0000000010009dc0                __fsym_mkfs
 FSymTab        0x0000000010009dcc        0xc build\kernel\components\dfs\src\dfs.o
                0x0000000010009dcc                __fsym___cmd_list_fd
 FSymTab        0x0000000010009dd8       0x30 build\kernel\components\dfs\src\dfs_file.o
                0x0000000010009dd8                __fsym_copy
                0x0000000010009de4                __fsym_cat
                0x0000000010009df0                __fsym_rm
                0x0000000010009dfc                __fsym_ls
 FSymTab        0x0000000010009e08        0xc build\kernel\components\drivers\misc\adc.o
                0x0000000010009e08                __fsym___cmd_adc
 FSymTab        0x0000000010009e14       0x30 build\kernel\components\drivers\misc\pin.o
                0x0000000010009e14                __fsym_pinGet
                0x0000000010009e20                __fsym_pinRead
                0x0000000010009e2c                __fsym_pinWrite
                0x0000000010009e38                __fsym_pinMode
 FSymTab        0x0000000010009e44       0x3c build\kernel\components\drivers\rtc\rtc.o
                0x0000000010009e44                __fsym___cmd_date
                0x0000000010009e50                __fsym___cmd_list_date
                0x0000000010009e5c                __fsym_set_time
                0x0000000010009e68                __fsym_set_date
                0x0000000010009e74                __fsym_list_date
 FSymTab        0x0000000010009e80       0x3c build\kernel\components\finsh\msh.o
                0x0000000010009e80                __fsym___cmd_free
                0x0000000010009e8c                __fsym___cmd_ps
                0x0000000010009e98                __fsym___cmd_help
                0x0000000010009ea4                __fsym_msh
                0x0000000010009eb0                __fsym___cmd_exit
 FSymTab        0x0000000010009ebc      0x138 build\kernel\components\finsh\cmd.o
                0x0000000010009ebc                __fsym_list
                0x0000000010009ec8                __fsym___cmd_list_device
                0x0000000010009ed4                __fsym_list_device
                0x0000000010009ee0                __fsym___cmd_list_timer
                0x0000000010009eec                __fsym_list_timer
                0x0000000010009ef8                __fsym___cmd_list_mempool
                0x0000000010009f04                __fsym_list_mempool
                0x0000000010009f10                __fsym___cmd_list_memheap
                0x0000000010009f1c                __fsym_list_memheap
                0x0000000010009f28                __fsym___cmd_list_msgqueue
                0x0000000010009f34                __fsym_list_msgqueue
                0x0000000010009f40                __fsym___cmd_list_mailbox
                0x0000000010009f4c                __fsym_list_mailbox
                0x0000000010009f58                __fsym___cmd_list_mutex
                0x0000000010009f64                __fsym_list_mutex
                0x0000000010009f70                __fsym___cmd_list_event
                0x0000000010009f7c                __fsym_list_event
                0x0000000010009f88                __fsym___cmd_list_sem
                0x0000000010009f94                __fsym_list_sem
                0x0000000010009fa0                __fsym___cmd_list_thread
                0x0000000010009fac                __fsym_list_thread
                0x0000000010009fb8                __fsym___cmd_version
                0x0000000010009fc4                __fsym_version
                0x0000000010009fd0                __fsym___cmd_clear
                0x0000000010009fdc                __fsym_clear
                0x0000000010009fe8                __fsym_hello
 FSymTab        0x0000000010009ff4       0x9c build\kernel\components\finsh\msh_file.o
                0x0000000010009ff4                __fsym___cmd_echo
                0x000000001000a000                __fsym___cmd_df
                0x000000001000a00c                __fsym___cmd_umount
                0x000000001000a018                __fsym___cmd_mount
                0x000000001000a024                __fsym___cmd_mkfs
                0x000000001000a030                __fsym___cmd_mkdir
                0x000000001000a03c                __fsym___cmd_pwd
                0x000000001000a048                __fsym___cmd_cd
                0x000000001000a054                __fsym___cmd_rm
                0x000000001000a060                __fsym___cmd_cat
                0x000000001000a06c                __fsym___cmd_mv
                0x000000001000a078                __fsym___cmd_cp
                0x000000001000a084                __fsym___cmd_ls
                0x000000001000a090                __fsymtab_end = .
                0x000000001000a090                . = ALIGN (0x4)
                0x000000001000a090                __vsymtab_start = .
 *(VSymTab)
 VSymTab        0x000000001000a090       0x10 build\kernel\components\finsh\cmd.o
                0x000000001000a090                __vsym_dummy
                0x000000001000a0a0                __vsymtab_end = .
                0x000000001000a0a0                . = ALIGN (0x4)
 *(.text*)
 .text          0x000000001000a0a0      0x61a build\board\ports\audio\drv_sound.o
                0x000000001000a0a0                sound_transmit
                0x000000001000a1c6                audio_isr
                0x000000001000a2ce                adpll_init
                0x000000001000a37c                dac_start
                0x000000001000a43e                saia_frequency_set
                0x000000001000a498                saia_channels_set
                0x000000001000a536                saia_volume_set
                0x000000001000a606                saia_volume_get
 .text          0x000000001000a6ba      0x1b4 build\board\board.o
                0x000000001000a6ba                timer0_cfg
                0x000000001000a6ce                hal_printf
                0x000000001000a75a                timer0_init
                0x000000001000a782                hal_mdelay
                0x000000001000a78a                rt_hw_systick_init
                0x000000001000a82c                rt_hw_board_init
                0x000000001000a86c                rt_hw_us_delay
 .text          0x000000001000a86e      0x120 build\board\ab32vg1_hal_msp.o
                0x000000001000a86e                hal_uart_mspinit
                0x000000001000a93e                hal_sd_mspinit
                0x000000001000a98c                hal_pwm_mspinit
 .text          0x000000001000a98e      0x1d4 build\kernel\src\idle.o
                0x000000001000a98e                rt_thread_idle_sethook
                0x000000001000a9d6                rt_thread_idle_delhook
                0x000000001000aa22                rt_thread_idle_excute
                0x000000001000aafc                rt_thread_idle_init
                0x000000001000ab58                rt_thread_idle_gethandler
 .text          0x000000001000ab62      0x126 build\kernel\src\components.o
                0x000000001000ab72                rt_components_board_init
                0x000000001000aba0                rt_components_init
                0x000000001000abce                main_thread_entry
                0x000000001000abe0                rt_application_init
                0x000000001000ac38                rtthread_startup
                0x000000001000ac7a                entry
 .text          0x000000001000ac88      0x844 build\kernel\src\mem.o
                0x000000001000ac88                list_mem
                0x000000001000adc8                rt_malloc_sethook
                0x000000001000add2                rt_free_sethook
                0x000000001000addc                rt_system_heap_init
                0x000000001000aef2                rt_malloc
                0x000000001000b11e                rt_calloc
                0x000000001000b148                rt_free
                0x000000001000b32c                rt_realloc
                0x000000001000b4a6                rt_memory_info
 .text          0x000000001000b4cc      0x888 build\kernel\src\memheap.o
                0x000000001000b4cc                rt_memheap_init
                0x000000001000b5aa                rt_memheap_detach
                0x000000001000b644                rt_memheap_alloc
                0x000000001000b7ba                rt_memheap_free
                0x000000001000b926                rt_memheap_realloc
                0x000000001000bb7c                rt_memheap_dump
                0x000000001000bce2                memheaptrace
 .text          0x000000001000bd54      0x700 build\kernel\components\dfs\src\dfs_posix.o
                0x000000001000bd54                mkdir
                0x000000001000bdc8                open
                0x000000001000be34                close
                0x000000001000be78                read
                0x000000001000bec2                write
                0x000000001000bf0c                lseek
                0x000000001000bf80                rename
                0x000000001000bfa0                unlink
                0x000000001000bfc0                stat
                0x000000001000bfe0                fstat
                0x000000001000c030                fsync
                0x000000001000c066                fcntl
                0x000000001000c0b8                ioctl
                0x000000001000c0d4                ftruncate
                0x000000001000c126                statfs
                0x000000001000c146                rmdir
                0x000000001000c148                opendir
                0x000000001000c1d4                readdir
                0x000000001000c264                telldir
                0x000000001000c2a2                seekdir
                0x000000001000c2ea                rewinddir
                0x000000001000c330                closedir
                0x000000001000c380                chdir
                0x000000001000c414                access
                0x000000001000c424                getcwd
 .text          0x000000001000c454      0x790 build\kernel\components\dfs\src\dfs_fs.o
                0x000000001000c454                dfs_register
                0x000000001000c500                dfs_filesystem_lookup
                0x000000001000c5c8                dfs_filesystem_get_mounted_path
                0x000000001000c60e                dfs_filesystem_get_partition
                0x000000001000c736                dfs_mount
                0x000000001000c924                dfs_unmount
                0x000000001000c9c8                dfs_mkfs
                0x000000001000cae8                mkfs
                0x000000001000caea                dfs_statfs
                0x000000001000cb0a                df
 .text          0x000000001000cbe4      0x6e4 build\kernel\components\dfs\src\dfs.o
                0x000000001000cbe4                list_fd
                0x000000001000cd42                dfs_init
                0x000000001000ce02                dfs_lock
                0x000000001000ce54                dfs_unlock
                0x000000001000ce64                fd_new
                0x000000001000cf6e                fd_get
                0x000000001000cfca                fd_put
                0x000000001000d03a                dfs_subdir
                0x000000001000d080                dfs_normalize_path
                0x000000001000d20a                fd_is_open
                0x000000001000d2be                dfs_fdtable_get
 .text          0x000000001000d2c8      0x9b8 build\kernel\components\dfs\src\dfs_file.o
                0x000000001000d2c8                dfs_file_open
                0x000000001000d3a6                dfs_file_close
                0x000000001000d3dc                dfs_file_ioctl
                0x000000001000d422                dfs_file_read
                0x000000001000d458                cat
                0x000000001000d4e4                dfs_file_getdents
                0x000000001000d502                dfs_file_unlink
                0x000000001000d582                rm
                0x000000001000d5aa                dfs_file_write
                0x000000001000d694                dfs_file_flush
                0x000000001000d6a8                dfs_file_lseek
                0x000000001000d6d6                dfs_file_stat
                0x000000001000d7ec                ls
                0x000000001000daa0                copy
                0x000000001000dba6                dfs_file_rename
                0x000000001000dc42                dfs_file_ftruncate
 .text          0x000000001000dc80      0x420 build\kernel\components\dfs\filesystems\devfs\devfs.o
                0x000000001000dc80                dfs_device_fs_mount
                0x000000001000dc88                dfs_device_fs_ioctl
                0x000000001000dcee                dfs_device_fs_read
                0x000000001000dd66                dfs_device_fs_write
                0x000000001000ddde                dfs_device_fs_close
                0x000000001000de76                dfs_device_fs_stat
                0x000000001000dee8                dfs_device_fs_open
                0x000000001000dfde                dfs_device_fs_getdents
                0x000000001000e088                devfs_init
 .text          0x000000001000e0a0     0x31e8 build\kernel\components\dfs\filesystems\elmfat\ff.o
                0x000000001000f8ee                f_mount
                0x000000001000f984                f_open
                0x000000001000fbba                f_read
                0x000000001000fd9e                f_write
                0x000000001000ffc6                f_sync
                0x0000000010010090                f_close
                0x00000000100100c4                f_lseek
                0x0000000010010368                f_opendir
                0x0000000010010416                f_closedir
                0x0000000010010442                f_readdir
                0x00000000100104d0                f_seekdir
                0x000000001001051c                f_stat
                0x0000000010010594                f_getfree
                0x00000000100106ac                f_truncate
                0x000000001001078e                f_unlink
                0x0000000010010866                f_mkdir
                0x00000000100109ba                f_rename
                0x0000000010010b10                f_mkfs
                0x0000000010011268                elm_get_vol
 .text          0x0000000010011288      0x11e build\kernel\components\dfs\filesystems\elmfat\ffunicode.o
                0x0000000010011288                ff_uni2oem
                0x00000000100112d4                ff_oem2uni
                0x0000000010011302                ff_wtoupper
 .text          0x00000000100113a6      0xce8 build\kernel\components\dfs\filesystems\elmfat\dfs_elm.o
                0x00000000100113e0                dfs_elm_mount
                0x0000000010011506                dfs_elm_unmount
                0x000000001001159c                dfs_elm_mkfs
                0x00000000100116e8                dfs_elm_statfs
                0x000000001001178a                dfs_elm_open
                0x00000000100118be                dfs_elm_close
                0x000000001001193a                dfs_elm_ioctl
                0x00000000100119a0                dfs_elm_read
                0x0000000010011a10                dfs_elm_write
                0x0000000010011a84                dfs_elm_flush
                0x0000000010011ab8                dfs_elm_lseek
                0x0000000010011b56                dfs_elm_getdents
                0x0000000010011c70                dfs_elm_unlink
                0x0000000010011cd6                dfs_elm_rename
                0x0000000010011d46                dfs_elm_stat
                0x0000000010011e44                elm_init
                0x0000000010011e5c                disk_initialize
                0x0000000010011e60                disk_status
                0x0000000010011e64                disk_read
                0x0000000010011e9a                disk_write
                0x0000000010011ed0                disk_ioctl
                0x0000000010011fae                get_fattime
                0x000000001001200e                ff_cre_syncobj
                0x000000001001204a                ff_del_syncobj
                0x0000000010012064                ff_req_grant
                0x000000001001207e                ff_rel_grant
                0x0000000010012086                ff_memalloc
                0x000000001001208a                ff_memfree
 .text          0x000000001001208e      0x3dc build\kernel\components\drivers\misc\adc.o
                0x00000000100120f6                rt_hw_adc_register
                0x0000000010012162                rt_adc_read
                0x00000000100121a4                rt_adc_enable
                0x00000000100121f0                rt_adc_disable
 .text          0x000000001001246a      0x8cc build\kernel\components\drivers\sdio\mmc.o
                0x00000000100125a2                mmc_send_op_cond
                0x0000000010012630                init_mmc
 .text          0x0000000010012d36      0xa54 build\kernel\components\drivers\sdio\sd.o
                0x0000000010012dda                mmcsd_send_app_cmd
                0x0000000010012e5e                mmcsd_app_set_bus_width
                0x0000000010012ea6                mmcsd_send_app_op_cond
                0x0000000010012f3c                mmcsd_send_if_cond
                0x0000000010012f90                mmcsd_get_card_addr
                0x0000000010012fd4                mmcsd_get_scr
                0x00000000100130ac                init_sd
 .text          0x000000001001378a      0x768 build\kernel\components\drivers\sdio\block_dev.o
                0x0000000010013ae4                mmcsd_num_wr_blocks
                0x0000000010013bea                rt_mmcsd_blk_probe
                0x0000000010013e76                rt_mmcsd_blk_remove
                0x0000000010013eee                rt_mmcsd_blk_init
 .text          0x0000000010013ef2     0x14b0 build\kernel\components\drivers\sdio\sdio.o
                0x0000000010013f82                sdio_io_send_op_cond
                0x0000000010014024                sdio_io_rw_direct
                0x000000001001414e                sdio_io_rw_extended
                0x0000000010014314                sdio_io_rw_extended_block
                0x0000000010014458                sdio_io_readb
                0x0000000010014792                sdio_io_writeb
                0x00000000100147b2                sdio_io_readw
                0x00000000100147de                sdio_io_writew
                0x00000000100147f4                sdio_io_readl
                0x000000001001481e                sdio_io_writel
                0x0000000010014834                sdio_io_read_multi_fifo_b
                0x0000000010014840                sdio_io_write_multi_fifo_b
                0x000000001001484c                sdio_io_read_multi_incr_b
                0x0000000010014858                sdio_io_write_multi_incr_b
                0x0000000010014864                sdio_free_cis
                0x00000000100148a0                init_sdio
                0x0000000010014e70                sdio_attach_irq
                0x0000000010014f82                sdio_detach_irq
                0x0000000010015076                sdio_irq_wakeup
                0x00000000100150a8                sdio_enable_func
                0x0000000010015178                sdio_disable_func
                0x00000000100151fc                sdio_set_drvdata
                0x0000000010015200                sdio_get_drvdata
                0x0000000010015204                sdio_set_block_size
                0x0000000010015274                sdio_register_driver
                0x00000000100152fa                sdio_unregister_driver
                0x00000000100153a0                rt_sdio_init
 .text          0x00000000100153a2      0xa30 build\kernel\components\drivers\sdio\mmcsd_core.o
                0x00000000100153c6                rt_mmcsd_core_init
                0x000000001001549e                mmcsd_host_lock
                0x00000000100154ac                mmcsd_host_unlock
                0x00000000100154b8                mmcsd_req_complete
                0x00000000100154c4                mmcsd_send_request
                0x000000001001552a                mmcsd_send_cmd
                0x00000000100155ba                mmcsd_go_idle
                0x000000001001562e                mmcsd_detect
                0x00000000100157d4                mmcsd_spi_read_ocr
                0x0000000010015820                mmcsd_all_get_cid
                0x000000001001586e                mmcsd_get_cid
                0x00000000100159a8                mmcsd_get_csd
                0x0000000010015adc                mmcsd_select_card
                0x0000000010015ae2                mmcsd_deselect_cards
                0x0000000010015ae8                mmcsd_spi_use_crc
                0x0000000010015b28                mmcsd_set_chip_select
                0x0000000010015b2e                mmcsd_set_clock
                0x0000000010015b7e                mmcsd_set_bus_mode
                0x0000000010015b84                mmcsd_set_bus_width
                0x0000000010015b8a                mmcsd_set_data_timeout
                0x0000000010015c52                mmcsd_select_voltage
                0x0000000010015cca                mmcsd_wait_cd_changed
                0x0000000010015cf6                mmcsd_change
                0x0000000010015d08                mmcsd_alloc_host
                0x0000000010015da6                mmcsd_free_host
 .text          0x0000000010015dd2      0x222 build\kernel\components\drivers\src\completion.o
                0x0000000010015dd2                rt_completion_init
                0x0000000010015e18                rt_completion_wait
                0x0000000010015f66                rt_completion_done
 .text          0x0000000010015ff4      0x80c build\kernel\components\drivers\src\dataqueue.o
                0x0000000010015ff4                rt_data_queue_init
                0x000000001001608a                rt_data_queue_push
                0x00000000100162a0                rt_data_queue_peek
                0x000000001001634e                rt_data_queue_reset
                0x0000000010016440                rt_data_queue_deinit
                0x00000000100164b8                rt_data_queue_len
                0x000000001001655c                rt_data_queue_pop
 .text          0x0000000010016800      0x6b8 build\kernel\components\drivers\src\ringbuffer.o
                0x0000000010016800                rt_ringbuffer_init
                0x0000000010016868                rt_ringbuffer_putchar_force
                0x0000000010016918                rt_ringbuffer_data_len
                0x0000000010016950                rt_ringbuffer_put
                0x0000000010016a28                rt_ringbuffer_put_force
                0x0000000010016b60                rt_ringbuffer_get
                0x0000000010016c54                rt_ringbuffer_peak
                0x0000000010016ce0                rt_ringbuffer_putchar
                0x0000000010016d5e                rt_ringbuffer_getchar
                0x0000000010016dec                rt_ringbuffer_reset
                0x0000000010016e1e                rt_ringbuffer_create
                0x0000000010016e80                rt_ringbuffer_destroy
 .text          0x0000000010016eb8      0x1cc build\kernel\components\finsh\finsh_node.o
                0x0000000010016eb8                finsh_node_init
                0x0000000010016eda                finsh_node_allocate
                0x0000000010016f0c                finsh_node_new_id
                0x0000000010016f7a                finsh_node_new_char
                0x0000000010016fa4                finsh_node_new_int
                0x0000000010016fcc                finsh_node_new_long
                0x0000000010016ff4                finsh_node_new_string
                0x000000001001705c                finsh_node_new_ptr
 .text          0x0000000010017084      0x5c8 build\kernel\components\finsh\msh.o
                0x000000001001709e                msh_help
                0x000000001001712c                cmd_ps
                0x000000001001713c                cmd_free
                0x000000001001714c                msh_is_used
                0x0000000010017156                msh_exec
                0x0000000010017346                msh_auto_complete_path
                0x000000001001752a                msh_auto_complete
 .text          0x000000001001764c     0x10ae build\kernel\components\finsh\cmd.o
                0x0000000010017698                hello
                0x0000000010017724                version
                0x0000000010017738                list
                0x00000000100178fe                list_timer
                0x0000000010017a1c                list_thread
                0x0000000010017b9c                list_sem
                0x0000000010017ccc                list_event
                0x0000000010017df2                list_mutex
                0x0000000010017edc                list_mailbox
                0x000000001001801a                list_msgqueue
                0x0000000010018152                list_memheap
                0x0000000010018232                list_mempool
                0x0000000010018364                list_device
                0x000000001001846c                list_prefix
 .text          0x00000000100186fa      0x118 build\kernel\components\finsh\finsh_vm.o
                0x00000000100186fa                finsh_vm_run
                0x0000000010018760                finsh_syscall_append
                0x00000000100187a8                finsh_syscall_lookup
 .text          0x0000000010018812      0x96a build\kernel\components\finsh\msh_file.o
                0x0000000010018812                cmd_ls
                0x0000000010018834                cmd_pwd
                0x00000000100189e6                cmd_rm
                0x0000000010018b38                cmd_mkfs
                0x0000000010018ba4                cmd_mount
                0x0000000010018c7a                cmd_umount
                0x0000000010018cdc                cmd_cp
                0x0000000010018d1a                cmd_mv
                0x0000000010018e1a                cmd_cat
                0x0000000010018e74                cmd_cd
                0x0000000010018ebe                cmd_mkdir
                0x0000000010018efc                cmd_df
                0x0000000010018f5e                cmd_echo
                0x0000000010018fe2                msh_exec_script
 .text          0x000000001001917c      0xaba build\kernel\components\finsh\shell.o
                0x00000000100191be                finsh_set_prompt
                0x000000001001920c                finsh_get_prompt
                0x0000000010019302                finsh_get_prompt_mode
                0x0000000010019340                finsh_set_prompt_mode
                0x000000001001938e                finsh_system_init
                0x000000001001945a                finsh_set_device
                0x0000000010019538                finsh_get_device
                0x0000000010019574                finsh_set_echo
                0x00000000100195c0                finsh_get_echo
                0x00000000100195fc                finsh_run_line
                0x00000000100196ce                finsh_thread_entry
                0x0000000010019c12                finsh_system_function_init
                0x0000000010019c24                finsh_system_var_init
 .text          0x0000000010019c36      0x202 build\kernel\components\finsh\finsh_var.o
                0x0000000010019c36                finsh_var_init
                0x0000000010019c58                finsh_var_insert
                0x0000000010019ce2                finsh_var_delete
                0x0000000010019d3a                finsh_var_lookup
                0x0000000010019d7c                finsh_sysvar_append
                0x0000000010019dce                finsh_sysvar_lookup
 .text          0x0000000010019e38      0xf28 build\kernel\components\finsh\finsh_compiler.o
                0x000000001001acd0                finsh_compiler_run
 .text          0x000000001001ad60      0x8d0 build\kernel\components\finsh\finsh_parser.o
                0x000000001001b578                finsh_parser_run
                0x000000001001b616                finsh_parser_init
 .text          0x000000001001b630      0x20e build\kernel\components\finsh\finsh_heap.o
                0x000000001001b654                finsh_heap_init
                0x000000001001b698                finsh_heap_free
                0x000000001001b752                finsh_heap_allocate
 .text          0x000000001001b83e      0x83c build\kernel\components\finsh\finsh_ops.o
                0x000000001001b83e                OP_no_op
                0x000000001001b840                OP_add_byte
                0x000000001001b860                OP_add_word
                0x000000001001b880                OP_add_dword
                0x000000001001b8a0                OP_sub_byte
                0x000000001001b8c0                OP_sub_word
                0x000000001001b8e0                OP_sub_dword
                0x000000001001b900                OP_div_byte
                0x000000001001b922                OP_div_word
                0x000000001001b944                OP_div_dword
                0x000000001001b966                OP_mod_byte
                0x000000001001b988                OP_mod_word
                0x000000001001b9aa                OP_mod_dword
                0x000000001001b9cc                OP_mul_byte
                0x000000001001b9ee                OP_mul_word
                0x000000001001ba10                OP_mul_dword
                0x000000001001ba32                OP_and_byte
                0x000000001001ba52                OP_and_word
                0x000000001001ba72                OP_and_dword
                0x000000001001ba92                OP_or_byte
                0x000000001001bab2                OP_or_word
                0x000000001001bad2                OP_or_dword
                0x000000001001baf2                OP_xor_byte
                0x000000001001bb12                OP_xor_word
                0x000000001001bb32                OP_xor_dword
                0x000000001001bb52                OP_bw_byte
                0x000000001001bb68                OP_bw_word
                0x000000001001bb7e                OP_bw_dword
                0x000000001001bb94                OP_shl_byte
                0x000000001001bbb6                OP_shl_word
                0x000000001001bbd8                OP_shl_dword
                0x000000001001bbfa                OP_shr_byte
                0x000000001001bc1c                OP_shr_word
                0x000000001001bc3e                OP_shr_dword
                0x000000001001bc60                OP_ld_byte
                0x000000001001bc8a                OP_ld_word
                0x000000001001bcbc                OP_ld_dword
                0x000000001001bcfc                OP_ld_value_byte
                0x000000001001bd42                OP_ld_value_byte_stack
                0x000000001001bd58                OP_ld_value_word
                0x000000001001bd9e                OP_ld_value_word_stack
                0x000000001001bdb4                OP_ld_value_dword
                0x000000001001bdf6                OP_ld_value_dword_stack
                0x000000001001be0a                OP_st_byte
                0x000000001001be28                OP_st_word
                0x000000001001be44                OP_st_dword
                0x000000001001be5e                OP_pop
                0x000000001001be6e                OP_call
 .text          0x000000001001c07a       0x34 build\kernel\components\finsh\finsh_error.o
                0x000000001001c07a                finsh_error_init
                0x000000001001c086                finsh_error_set
                0x000000001001c092                finsh_errno
                0x000000001001c09c                finsh_error_string
 .text          0x000000001001c0ae      0x61a build\kernel\components\finsh\finsh_token.o
                0x000000001001c120                finsh_token_init
                0x000000001001c148                finsh_token_get_token
                0x000000001001c15a                token_get_string
                0x000000001001c1ec                finsh_token_token
 .text          0x000000001001c6c8       0x5e build\kernel\components\finsh\finsh_init.o
                0x000000001001c6c8                finsh_init
                0x000000001001c6e8                finsh_stack_bottom
                0x000000001001c6f2                finsh_flush
                0x000000001001c70a                finsh_reset
 .text          0x000000001001c726      0x4cc build\kernel\components\libc\compilers\common\time.o
                0x000000001001c768                gmtime_r
                0x000000001001c828                gmtime
                0x000000001001c832                localtime_r
                0x000000001001c844                localtime
                0x000000001001c84e                asctime_r
                0x000000001001c900                asctime
                0x000000001001c90a                ctime_r
                0x000000001001c922                ctime
                0x000000001001c92e                time
                0x000000001001c9a4                clock
                0x000000001001c9ac                stime
                0x000000001001ca08                timegm
                0x000000001001cba4                mktime
                0x000000001001cba6                gettimeofday
                0x000000001001cbd8                settimeofday
 .text          0x000000001001cbf2      0x1e0 libraries\hal_drivers\drv_gpio.o
                0x000000001001cdb8                rt_hw_pin_init
 .text          0x000000001001cdd2      0x21c libraries\hal_drivers\drv_usart.o
                0x000000001001cf5a                rt_hw_usart_init
 .text          0x000000001001cfee      0x2fe libraries\hal_drivers\drv_wdt.o
                0x000000001001cff2                rt_wdt_init
 .text          0x000000001001d2ec      0x7cc libraries\hal_drivers\drv_sdio.o
                0x000000001001d30e                rthw_sdio_irq_update
                0x000000001001d85a                sdio_host_create
                0x000000001001da20                rt_hw_sdio_init
                0x000000001001daac                ab32_mmcsd_change
 .text          0x000000001001dab8      0x322 libraries\hal_drivers\drv_rtc.o
                0x000000001001dab8                get_weekday
                0x000000001001dadc                irtc_write
                0x000000001001daec                irtc_read
                0x000000001001db04                irtc_time_write
                0x000000001001db7a                irtc_time_read
                0x000000001001dc48                irtc_sfr_write
                0x000000001001dc9a                irtc_sfr_read
                0x000000001001dce4                hal_rtc_init
                0x000000001001dd52                rt_hw_rtc_init
 .text          0x000000001001ddda       0x72 libcpu\cpu\cpuport.o
                0x000000001001ddda                rt_hw_stack_init
                0x000000001001ddf8                rt_hw_cpu_shutdown
 .text          0x000000001001de4c      0x3d6 libraries\hal_libraries\bmsis\source\system_ab32vgx.o
                0x000000001001de4c                get_clksel_val
                0x000000001001de5c                get_cur_sysclk
                0x000000001001de66                get_sysclk_nhz
                0x000000001001de8a                get_sd_rate
                0x000000001001de8e                set_sd_baud
                0x000000001001deec                update_sd0baud
                0x000000001001df28                sysclk_update_baud
                0x000000001001df64                update_uart0baud_in_sysclk
                0x000000001001df82                set_sys_uart0baud
                0x000000001001df8c                set_peripherals_clkdiv_safety
                0x000000001001dfba                set_peripherals_clkdiv
                0x000000001001e02c                set_sysclk
 *fill*         0x000000001001e222        0x2 
 .text          0x000000001001e224       0x18 d:/program_files/programming/rt-threadstudio/repo/extract/toolchain_support_packages/risc-v/risc-v-gcc/10.1.0/bin/../lib/gcc/riscv64-unknown-elf/10.1.0/../../../../riscv64-unknown-elf/lib/rv32im/ilp32\libc.a(lib_a-atoi.o)
                0x000000001001e224                atoi
                0x000000001001e230                _atoi_r
 .text          0x000000001001e23c        0xc d:/program_files/programming/rt-threadstudio/repo/extract/toolchain_support_packages/risc-v/risc-v-gcc/10.1.0/bin/../lib/gcc/riscv64-unknown-elf/10.1.0/../../../../riscv64-unknown-elf/lib/rv32im/ilp32\libc.a(lib_a-errno.o)
                0x000000001001e23c                __errno
 .text          0x000000001001e248       0x58 d:/program_files/programming/rt-threadstudio/repo/extract/toolchain_support_packages/risc-v/risc-v-gcc/10.1.0/bin/../lib/gcc/riscv64-unknown-elf/10.1.0/../../../../riscv64-unknown-elf/lib/rv32im/ilp32\libc.a(lib_a-strrchr.o)
                0x000000001001e248                strrchr
 .text          0x000000001001e2a0      0x28c d:/program_files/programming/rt-threadstudio/repo/extract/toolchain_support_packages/risc-v/risc-v-gcc/10.1.0/bin/../lib/gcc/riscv64-unknown-elf/10.1.0/../../../../riscv64-unknown-elf/lib/rv32im/ilp32\libc.a(lib_a-strtol.o)
                0x000000001001e454                _strtol_r
                0x000000001001e48c                strtol_l
                0x000000001001e4dc                strtol
 .text          0x000000001001e52c      0x140 d:/program_files/programming/rt-threadstudio/repo/extract/toolchain_support_packages/risc-v/risc-v-gcc/10.1.0/bin/../lib/gcc/riscv64-unknown-elf/10.1.0/../../../../riscv64-unknown-elf/lib/rv32im/ilp32\libc.a(lib_a-strchr.o)
                0x000000001001e52c                strchr
 *(.rodata*)
 .rodata        0x000000001001e66c       0x16 build\kernel\src\idle.o
 *fill*         0x000000001001e682        0x2 
 .rodata.str1.4
                0x000000001001e684       0x17 build\kernel\src\components.o
 *fill*         0x000000001001e69b        0x1 
 .rodata        0x000000001001e69c       0x14 build\kernel\src\components.o
 .rodata.str1.4
                0x000000001001e6b0      0x2d1 build\kernel\src\mem.o
 *fill*         0x000000001001e981        0x3 
 .rodata        0x000000001001e984       0x37 build\kernel\src\mem.o
 *fill*         0x000000001001e9bb        0x1 
 .rodata.name   0x000000001001e9bc       0x29 build\kernel\src\mem.o
                0x000000001001e9bc                __fsym_list_mem_desc
                0x000000001001e9dc                __fsym_list_mem_name
 *fill*         0x000000001001e9e5        0x3 
 .rodata.str1.4
                0x000000001001e9e8      0x1b1 build\kernel\src\memheap.o
                                        0x1bd (size before relaxing)
 *fill*         0x000000001001eb99        0x3 
 .rodata        0x000000001001eb9c       0x6c build\kernel\src\memheap.o
 .rodata.name   0x000000001001ec08       0x33 build\kernel\src\memheap.o
                0x000000001001ec08                __fsym___cmd_memheaptrace_desc
                0x000000001001ec28                __fsym___cmd_memheaptrace_name
 .rodata.str1.4
                0x000000001001ec3b      0x1b1 build\kernel\components\dfs\src\dfs_posix.o
                                          0x4 (size before relaxing)
 *fill*         0x000000001001ec3b        0x1 
 .rodata.name   0x000000001001ec3c       0x42 build\kernel\components\dfs\src\dfs_posix.o
                0x000000001001ec3c                __fsym_cd_desc
                0x000000001001ec60                __fsym_cd_name
                0x000000001001ec64                __fsym_mkdir_desc
                0x000000001001ec78                __fsym_mkdir_name
 *fill*         0x000000001001ec7e        0x2 
 .rodata.str1.4
                0x000000001001ec80      0x1b2 build\kernel\components\dfs\src\dfs_fs.o
                                        0x1b6 (size before relaxing)
 *fill*         0x000000001001ee32        0x2 
 .rodata        0x000000001001ee34       0x35 build\kernel\components\dfs\src\dfs_fs.o
 *fill*         0x000000001001ee69        0x3 
 .rodata.name   0x000000001001ee6c       0x2d build\kernel\components\dfs\src\dfs_fs.o
                0x000000001001ee6c                __fsym_df_desc
                0x000000001001ee7c                __fsym_df_name
                0x000000001001ee80                __fsym_mkfs_desc
                0x000000001001ee94                __fsym_mkfs_name
 *fill*         0x000000001001ee99        0x3 
 .rodata.str1.4
                0x000000001001ee9c      0x116 build\kernel\components\dfs\src\dfs.o
                                        0x136 (size before relaxing)
 *fill*         0x000000001001efb2        0x2 
 .rodata        0x000000001001efb4       0x1f build\kernel\components\dfs\src\dfs.o
 *fill*         0x000000001001efd3        0x1 
 .rodata.name   0x000000001001efd4       0x26 build\kernel\components\dfs\src\dfs.o
                0x000000001001efd4                __fsym___cmd_list_fd_desc
                0x000000001001efec                __fsym___cmd_list_fd_name
 *fill*         0x000000001001effa        0x2 
 .rodata.str1.4
                0x000000001001effc      0x1b0 build\kernel\components\dfs\src\dfs_file.o
                                        0x1cc (size before relaxing)
 .rodata.name   0x000000001001f1ac       0x67 build\kernel\components\dfs\src\dfs_file.o
                0x000000001001f1ac                __fsym_copy_desc
                0x000000001001f1c0                __fsym_copy_name
                0x000000001001f1c8                __fsym_cat_desc
                0x000000001001f1d4                __fsym_cat_name
                0x000000001001f1d8                __fsym_rm_desc
                0x000000001001f1f4                __fsym_rm_name
                0x000000001001f1f8                __fsym_ls_desc
                0x000000001001f210                __fsym_ls_name
 *fill*         0x000000001001f213        0x1 
 .rodata.str1.4
                0x000000001001f214       0x53 build\kernel\components\dfs\filesystems\devfs\devfs.o
                                         0x5a (size before relaxing)
 *fill*         0x000000001001f267        0x1 
 .rodata        0x000000001001f268       0xc8 build\kernel\components\dfs\filesystems\devfs\devfs.o
 .rodata.str1.4
                0x000000001001f330       0x54 build\kernel\components\dfs\filesystems\elmfat\ff.o
 .rodata        0x000000001001f384       0xbe build\kernel\components\dfs\filesystems\elmfat\ff.o
 *fill*         0x000000001001f442        0x2 
 .rodata        0x000000001001f444      0x3d4 build\kernel\components\dfs\filesystems\elmfat\ffunicode.o
 .rodata.str1.4
                0x000000001001f818       0xf4 build\kernel\components\dfs\filesystems\elmfat\dfs_elm.o
                                         0xf8 (size before relaxing)
 .rodata        0x000000001001f90c       0xf0 build\kernel\components\dfs\filesystems\elmfat\dfs_elm.o
 .rodata        0x000000001001f9fc       0x7c build\kernel\components\drivers\audio\audio_pipe.o
 .rodata        0x000000001001fa78       0xb1 build\kernel\components\drivers\audio\audio.o
 *fill*         0x000000001001fb29        0x3 
 .rodata        0x000000001001fb2c       0x57 build\kernel\components\drivers\misc\adc.o
 *fill*         0x000000001001fb83        0x1 
 .rodata.name   0x000000001001fb84       0x1a build\kernel\components\drivers\misc\adc.o
                0x000000001001fb84                __fsym___cmd_adc_desc
                0x000000001001fb94                __fsym___cmd_adc_name
 *fill*         0x000000001001fb9e        0x2 
 .rodata        0x000000001001fba0       0xae build\kernel\components\drivers\misc\pin.o
 *fill*         0x000000001001fc4e        0x2 
 .rodata.name   0x000000001001fc50       0x9c build\kernel\components\drivers\misc\pin.o
                0x000000001001fc50                __fsym_pinGet_desc
                0x000000001001fc74                __fsym_pinGet_name
                0x000000001001fc7c                __fsym_pinRead_desc
                0x000000001001fc9c                __fsym_pinRead_name
                0x000000001001fca4                __fsym_pinWrite_desc
                0x000000001001fcc0                __fsym_pinWrite_name
                0x000000001001fccc                __fsym_pinMode_desc
                0x000000001001fce4                __fsym_pinMode_name
 .rodata.name   0x000000001001fcec      0x136 build\kernel\components\drivers\rtc\rtc.o
                0x000000001001fcec                __fsym___cmd_date_desc
                0x000000001001fd34                __fsym___cmd_date_name
                0x000000001001fd40                __fsym___cmd_list_date_desc
                0x000000001001fd64                __fsym___cmd_list_date_name
                0x000000001001fd74                __fsym_set_time_desc
                0x000000001001fda8                __fsym_set_time_name