Archive member included to satisfy reference by file (symbol)

d:/program_files/programming/rt-threadstudio/repo/extract/toolchain_support_packages/risc-v/risc-v-gcc/10.1.0/bin/../lib/gcc/riscv64-unknown-elf/10.1.0/../../../../riscv64-unknown-elf/lib/rv32im/ilp32\libc.a(lib_a-atoi.o)
                              build\kernel\components\drivers\misc\adc.o (atoi)
d:/program_files/programming/rt-threadstudio/repo/extract/toolchain_support_packages/risc-v/risc-v-gcc/10.1.0/bin/../lib/gcc/riscv64-unknown-elf/10.1.0/../../../../riscv64-unknown-elf/lib/rv32im/ilp32\libc.a(lib_a-fclose.o)
                              build\kernel\components\libc\compilers\newlib\stdio.o (fclose)
d:/program_files/programming/rt-threadstudio/repo/extract/toolchain_support_packages/risc-v/risc-v-gcc/10.1.0/bin/../lib/gcc/riscv64-unknown-elf/10.1.0/../../../../riscv64-unknown-elf/lib/rv32im/ilp32\libc.a(lib_a-fflush.o)
                              d:/program_files/programming/rt-threadstudio/repo/extract/toolchain_support_packages/risc-v/risc-v-gcc/10.1.0/bin/../lib/gcc/riscv64-unknown-elf/10.1.0/../../../../riscv64-unknown-elf/lib/rv32im/ilp32\libc.a(lib_a-fclose.o) (__sflush_r)
d:/program_files/programming/rt-threadstudio/repo/extract/toolchain_support_packages/risc-v/risc-v-gcc/10.1.0/bin/../lib/gcc/riscv64-unknown-elf/10.1.0/../../../../riscv64-unknown-elf/lib/rv32im/ilp32\libc.a(lib_a-fileno.o)
                              build\kernel\components\libc\compilers\newlib\stdio.o (fileno)
d:/program_files/programming/rt-threadstudio/repo/extract/toolchain_support_packages/risc-v/risc-v-gcc/10.1.0/bin/../lib/gcc/riscv64-unknown-elf/10.1.0/../../../../riscv64-unknown-elf/lib/rv32im/ilp32\libc.a(lib_a-findfp.o)
                              d:/program_files/programming/rt-threadstudio/repo/extract/toolchain_support_packages/risc-v/risc-v-gcc/10.1.0/bin/../lib/gcc/riscv64-unknown-elf/10.1.0/../../../../riscv64-unknown-elf/lib/rv32im/ilp32\libc.a(lib_a-fclose.o) (__sinit)
d:/program_files/programming/rt-threadstudio/repo/extract/toolchain_support_packages/risc-v/risc-v-gcc/10.1.0/bin/../lib/gcc/riscv64-unknown-elf/10.1.0/../../../../riscv64-unknown-elf/lib/rv32im/ilp32\libc.a(lib_a-fopen.o)
                              build\kernel\components\libc\compilers\newlib\stdio.o (fopen)
d:/program_files/programming/rt-threadstudio/repo/extract/toolchain_support_packages/risc-v/risc-v-gcc/10.1.0/bin/../lib/gcc/riscv64-unknown-elf/10.1.0/../../../../riscv64-unknown-elf/lib/rv32im/ilp32\libc.a(lib_a-fseek.o)
                              d:/program_files/programming/rt-threadstudio/repo/extract/toolchain_support_packages/risc-v/risc-v-gcc/10.1.0/bin/../lib/gcc/riscv64-unknown-elf/10.1.0/../../../../riscv64-unknown-elf/lib/rv32im/ilp32\libc.a(lib_a-fopen.o) (_fseek_r)
d:/program_files/programming/rt-threadstudio/repo/extract/toolchain_support_packages/risc-v/risc-v-gcc/10.1.0/bin/../lib/gcc/riscv64-unknown-elf/10.1.0/../../../../riscv64-unknown-elf/lib/rv32im/ilp32\libc.a(lib_a-fseeko.o)
                              d:/program_files/programming/rt-threadstudio/repo/extract/toolchain_support_packages/risc-v/risc-v-gcc/10.1.0/bin/../lib/gcc/riscv64-unknown-elf/10.1.0/../../../../riscv64-unknown-elf/lib/rv32im/ilp32\libc.a(lib_a-fseek.o) (_fseeko_r)
d:/program_files/programming/rt-threadstudio/repo/extract/toolchain_support_packages/risc-v/risc-v-gcc/10.1.0/bin/../lib/gcc/riscv64-unknown-elf/10.1.0/../../../../riscv64-unknown-elf/lib/rv32im/ilp32\libc.a(lib_a-ftello.o)
                              d:/program_files/programming/rt-threadstudio/repo/extract/toolchain_support_packages/risc-v/risc-v-gcc/10.1.0/bin/../lib/gcc/riscv64-unknown-elf/10.1.0/../../../../riscv64-unknown-elf/lib/rv32im/ilp32\libc.a(lib_a-fseeko.o) (_ftello_r)
d:/program_files/programming/rt-threadstudio/repo/extract/toolchain_support_packages/risc-v/risc-v-gcc/10.1.0/bin/../lib/gcc/riscv64-unknown-elf/10.1.0/../../../../riscv64-unknown-elf/lib/rv32im/ilp32\libc.a(lib_a-fwalk.o)
                              d:/program_files/programming/rt-threadstudio/repo/extract/toolchain_support_packages/risc-v/risc-v-gcc/10.1.0/bin/../lib/gcc/riscv64-unknown-elf/10.1.0/../../../../riscv64-unknown-elf/lib/rv32im/ilp32\libc.a(lib_a-findfp.o) (_fwalk)
d:/program_files/programming/rt-threadstudio/repo/extract/toolchain_support_packages/risc-v/risc-v-gcc/10.1.0/bin/../lib/gcc/riscv64-unknown-elf/10.1.0/../../../../riscv64-unknown-elf/lib/rv32im/ilp32\libc.a(lib_a-impure.o)
                              build\kernel\components\libc\compilers\newlib\stdio.o (_global_impure_ptr)
d:/program_files/programming/rt-threadstudio/repo/extract/toolchain_support_packages/risc-v/risc-v-gcc/10.1.0/bin/../lib/gcc/riscv64-unknown-elf/10.1.0/../../../../riscv64-unknown-elf/lib/rv32im/ilp32\libc.a(lib_a-makebuf.o)
[...]
Memory Configuration

Name             Origin             Length             Attributes
init             0x0000000010000000 0x0000000000000200
flash            0x0000000010000200 0x0000000000100000 xr
comm             0x0000000000014000 0x000000000000a800 xr
data             0x0000000000011000 0x0000000000002000
stack            0x0000000000013000 0x0000000000001000
heap             0x000000000001e800 0x0000000000011800
ram1             0x0000000000050000 0x0000000000007a00 xr
*default*        0x0000000000000000 0xffffffffffffffff

Linker script and memory map

LOAD build\applications\main.o
LOAD build\applications\mnt.o
LOAD build\board\ports\audio\drv_sound.o
LOAD build\board\board.o
LOAD build\board\ab32vg1_hal_msp.o
LOAD build\kernel\src\timer.o
LOAD build\kernel\src\components.o
LOAD build\kernel\src\irq.o
LOAD build\kernel\src\scheduler.o
LOAD build\kernel\src\thread.o
LOAD build\kernel\src\kservice.o
LOAD build\kernel\src\mempool.o
LOAD build\kernel\src\ipc.o
LOAD build\kernel\src\object.o
LOAD build\kernel\src\clock.o
LOAD build\kernel\src\device.o
LOAD build\kernel\src\memheap.o
LOAD build\kernel\src\idle.o
LOAD build\kernel\src\mem.o
LOAD build\kernel\components\dfs\src\dfs_posix.o
LOAD build\kernel\components\dfs\src\dfs_fs.o
LOAD build\kernel\components\dfs\src\dfs.o
LOAD build\kernel\components\dfs\src\dfs_file.o
LOAD build\kernel\components\dfs\filesystems\devfs\devfs.o
LOAD build\kernel\components\dfs\filesystems\elmfat\dfs_elm.o
LOAD build\kernel\components\dfs\filesystems\elmfat\ff.o
LOAD build\kernel\components\dfs\filesystems\elmfat\ffunicode.o
LOAD build\kernel\components\drivers\audio\audio_pipe.o
LOAD build\kernel\components\drivers\audio\audio.o
LOAD build\kernel\components\drivers\hwtimer\hwtimer.o
LOAD build\kernel\components\drivers\i2c\i2c_core.o
LOAD build\kernel\components\drivers\i2c\i2c_dev.o
LOAD build\kernel\components\drivers\i2c\i2c-bit-ops.o
LOAD build\kernel\components\drivers\misc\adc.o
LOAD build\kernel\components\drivers\misc\rt_drv_pwm.o
LOAD build\kernel\components\drivers\misc\pin.o
LOAD build\kernel\components\drivers\rtc\rtc.o
LOAD build\kernel\components\drivers\sdio\mmc.o
LOAD build\kernel\components\drivers\sdio\sd.o
LOAD build\kernel\components\drivers\sdio\block_dev.o
LOAD build\kernel\components\drivers\sdio\sdio.o
LOAD build\kernel\components\drivers\sdio\mmcsd_core.o
LOAD build\kernel\components\drivers\serial\serial.o
LOAD build\kernel\components\drivers\src\dataqueue.o
LOAD build\kernel\components\drivers\src\ringblk_buf.o
LOAD build\kernel\components\drivers\src\ringbuffer.o
LOAD build\kernel\components\drivers\src\pipe.o
LOAD build\kernel\components\drivers\src\completion.o
LOAD build\kernel\components\drivers\src\waitqueue.o
LOAD build\kernel\components\drivers\src\workqueue.o
LOAD build\kernel\components\drivers\watchdog\watchdog.o
LOAD build\kernel\components\finsh\finsh_node.o
LOAD build\kernel\components\finsh\finsh_parser.o
LOAD build\kernel\components\finsh\cmd.o
LOAD build\kernel\components\finsh\finsh_vm.o
LOAD build\kernel\components\finsh\msh_file.o
LOAD build\kernel\components\finsh\shell.o
LOAD build\kernel\components\finsh\msh.o
LOAD build\kernel\components\finsh\finsh_var.o
LOAD build\kernel\components\finsh\finsh_compiler.o
LOAD build\kernel\components\finsh\finsh_heap.o
LOAD build\kernel\components\finsh\finsh_ops.o
LOAD build\kernel\components\finsh\finsh_error.o
LOAD build\kernel\components\finsh\finsh_token.o
LOAD build\kernel\components\finsh\finsh_init.o
LOAD build\kernel\components\libc\compilers\common\stdlib.o
LOAD build\kernel\components\libc\compilers\common\time.o
LOAD build\kernel\components\libc\compilers\newlib\stdio.o
LOAD build\kernel\components\libc\compilers\newlib\libc.o
LOAD build\kernel\components\libc\compilers\newlib\syscalls.o
LOAD libraries\hal_drivers\drv_gpio.o
LOAD libraries\hal_drivers\drv_rtc.o
LOAD libraries\hal_drivers\drv_soft_i2c.o
LOAD libraries\hal_drivers\drv_wdt.o
LOAD libraries\hal_drivers\drv_sdio.o
LOAD libraries\hal_drivers\drv_adc.o
LOAD libraries\hal_drivers\drv_usart.o
LOAD libraries\hal_drivers\drv_pwm.o
LOAD libraries\hal_drivers\drv_hwtimer.o
LOAD libcpu\cpu\context_gcc.o
LOAD libcpu\cpu\interrupt.o
LOAD libcpu\cpu\cpuport.o
LOAD libraries\hal_libraries\ab32vg1_hal\source\ab32vg1_hal_dac.o
LOAD libraries\hal_libraries\ab32vg1_hal\source\ab32vg1_hal_gpio.o
LOAD libraries\hal_libraries\ab32vg1_hal\source\ab32vg1_hal.o
LOAD libraries\hal_libraries\ab32vg1_hal\source\ab32vg1_hal_rcu.o
LOAD libraries\hal_libraries\ab32vg1_hal\source\ab32vg1_hal_sd.o
LOAD libraries\hal_libraries\ab32vg1_hal\source\ab32vg1_hal_uart.o
LOAD libraries\hal_libraries\bmsis\source\startup.o
LOAD libraries\hal_libraries\bmsis\source\system_ab32vgx.o
LOAD d:/program_files/programming/rt-threadstudio/repo/extract/toolchain_support_packages/risc-v/risc-v-gcc/10.1.0/bin/../lib/gcc/riscv64-unknown-elf/10.1.0/../../../../riscv64-unknown-elf/lib/rv32im/ilp32\libc.a
LOAD d:/program_files/programming/rt-threadstudio/repo/extract/toolchain_support_packages/risc-v/risc-v-gcc/10.1.0/bin/../lib/gcc/riscv64-unknown-elf/10.1.0/../../../../riscv64-unknown-elf/lib/rv32im/ilp32\libm.a
LOAD libraries\hal_libraries\ab32vg1_hal\libhal.a
LOAD d:/program_files/programming/rt-threadstudio/repo/extract/toolchain_support_packages/risc-v/risc-v-gcc/10.1.0/bin/../lib/gcc/riscv64-unknown-elf/10.1.0/rv32im/ilp32\libgcc.a
START GROUP
LOAD d:/program_files/programming/rt-threadstudio/repo/extract/toolchain_support_packages/risc-v/risc-v-gcc/10.1.0/bin/../lib/gcc/riscv64-unknown-elf/10.1.0/../../../../riscv64-unknown-elf/lib/rv32im/ilp32\libc.a
LOAD d:/program_files/programming/rt-threadstudio/repo/extract/toolchain_support_packages/risc-v/risc-v-gcc/10.1.0/bin/../lib/gcc/riscv64-unknown-elf/10.1.0/../../../../riscv64-unknown-elf/lib/rv32im/ilp32\libgloss.a
END GROUP
LOAD d:/program_files/programming/rt-threadstudio/repo/extract/toolchain_support_packages/risc-v/risc-v-gcc/10.1.0/bin/../lib/gcc/riscv64-unknown-elf/10.1.0/rv32im/ilp32\libgcc.a
                0x0000000000100000                __max_flash_size = 0x100000
                0x0000000000002000                __data_ram_size = 0x2000
                0x0000000000001000                __stack_ram_size = 0x1000
                0x000000000000a800                __comm_ram_size = 0xa800
                0x0000000000011800                __heap_ram_size = 0x11800
                0x0000000010000000                __base = 0x10000000
                0x0000000000011000                __data_vma = 0x11000
                0x0000000000013000                __stack_vma = (__data_vma + __data_ram_size)
                0x0000000000014000                __comm_vma = (__stack_vma + __stack_ram_size)
                0x000000000001e800                __heap_vma = (__comm_vma + __comm_ram_size)
                0x0000000000050000                __ram1_vma = 0x50000

.init           0x0000000010000000       0xa6
 *(.reset)
 .reset         0x0000000010000000       0xa6 libraries\hal_libraries\bmsis\source\startup.o
                0x0000000010000000                _start

.ram1           0x0000000000050000     0x6950 load address 0x0000000010000200
                0x0000000000050000                . = ALIGN (0x4)
                0x0000000000050000                __rt_init_start = .
 *(SORT_BY_NAME(.rti_fn*))
 .rti_fn.0      0x0000000000050000        0x4 build\kernel\src\components.o
                0x0000000000050000                __rt_init_rti_start
 .rti_fn.0.end  0x0000000000050004        0x4 build\kernel\src\components.o
                0x0000000000050004                __rt_init_rti_board_start
 .rti_fn.1      0x0000000000050008        0x4 libraries\hal_drivers\drv_soft_i2c.o
                0x0000000000050008                __rt_init_rt_hw_i2c_init
 .rti_fn.1      0x000000000005000c        0x4 libraries\hal_drivers\drv_wdt.o
                0x000000000005000c                __rt_init_rt_wdt_init
 .rti_fn.1      0x0000000000050010        0x4 libraries\hal_drivers\drv_adc.o
                0x0000000000050010                __rt_init_ab32_adc_init
 .rti_fn.1      0x0000000000050014        0x4 libraries\hal_drivers\drv_hwtimer.o
                0x0000000000050014                __rt_init_ab32_hwtimer_init
 .rti_fn.1.end  0x0000000000050018        0x4 build\kernel\src\components.o
                0x0000000000050018                __rt_init_rti_board_end
 .rti_fn.2      0x000000000005001c        0x4 build\kernel\components\dfs\src\dfs.o
                0x000000000005001c                __rt_init_dfs_init
 .rti_fn.2      0x0000000000050020        0x4 build\kernel\components\drivers\sdio\mmcsd_core.o
                0x0000000000050020                __rt_init_rt_mmcsd_core_init
 .rti_fn.3      0x0000000000050024        0x4 build\board\ports\audio\drv_sound.o
                0x0000000000050024                __rt_init_rt_hw_sound_init
 .rti_fn.3      0x0000000000050028        0x4 libraries\hal_drivers\drv_rtc.o
                0x0000000000050028                __rt_init_rt_hw_rtc_init
 .rti_fn.3      0x000000000005002c        0x4 libraries\hal_drivers\drv_sdio.o
                0x000000000005002c                __rt_init_rt_hw_sdio_init
 .rti_fn.3      0x0000000000050030        0x4 libraries\hal_drivers\drv_pwm.o
                0x0000000000050030                __rt_init_ab32_pwm_init
 .rti_fn.4      0x0000000000050034        0x4 build\kernel\components\dfs\filesystems\elmfat\dfs_elm.o
                0x0000000000050034                __rt_init_elm_init
 .rti_fn.4      0x0000000000050038        0x4 build\kernel\components\drivers\i2c\i2c_core.o
                0x0000000000050038                __rt_init_rt_i2c_core_init
 .rti_fn.4      0x000000000005003c        0x4 build\kernel\components\libc\compilers\newlib\libc.o
                0x000000000005003c                __rt_init_libc_system_init
 .rti_fn.6      0x0000000000050040        0x4 build\applications\mnt.o
                0x0000000000050040                __rt_init_ab32_sdcard_mount
 .rti_fn.6      0x0000000000050044        0x4 build\kernel\components\finsh\shell.o
                0x0000000000050044                __rt_init_finsh_system_init
 .rti_fn.6.end  0x0000000000050048        0x4 build\kernel\src\components.o
                0x0000000000050048                __rt_init_rti_end
                0x000000000005004c                __rt_init_end = .
                0x000000000005004c                . = ALIGN (0x4)
                [!provide]                        PROVIDE (__ctors_start__ = .)
 *(SORT_BY_NAME(.init_array.*))
 *(.init_array)
                [!provide]                        PROVIDE (__ctors_end__ = .)
                0x000000000005004c                . = ALIGN (0x4)
 *save-restore.o(.text* .rodata*)
 .text          0x000000000005004c      0x128 libraries\hal_libraries\ab32vg1_hal\libhal.a(save-restore.o)
                0x000000000005004c                __riscv_save_12
                0x000000000005006c                __riscv_save_11
                0x0000000000050088                __riscv_save_10
                0x00000000000500a4                __riscv_save_9
                0x00000000000500be                __riscv_save_8
                0x00000000000500d6                __riscv_save_7
                0x00000000000500ea                __riscv_save_6
                0x00000000000500fc                __riscv_save_5
                0x000000000005010c                __riscv_save_4
                0x000000000005011a                __riscv_save_3
                0x0000000000050126                __riscv_save_2
                0x0000000000050130                __riscv_save_1
                0x0000000000050138                __riscv_save_0
                0x000000000005013e                __riscv_restore_12
                0x0000000000050142                __riscv_restore_11
                0x0000000000050146                __riscv_restore_10
                0x000000000005014a                __riscv_restore_9
                0x000000000005014e                __riscv_restore_8
                0x0000000000050152                __riscv_restore_7
                0x0000000000050156                __riscv_restore_6
                0x000000000005015a                __riscv_restore_5
                0x000000000005015e                __riscv_restore_4
                0x0000000000050162                __riscv_restore_3
                0x0000000000050166                __riscv_restore_2
                0x000000000005016a                __riscv_restore_1
                0x000000000005016e                __riscv_restore_0
                0x0000000000050174                _gp
 *libcpu*cpu*context_gcc.o(.text* .rodata*)
 .text          0x0000000000050174      0x19c libcpu\cpu\context_gcc.o
                0x0000000000050174                rt_hw_interrupt_disable
                0x0000000000050182                rt_hw_interrupt_enable
                0x0000000000050194                rt_hw_context_switch_to
                0x00000000000501c8                rt_hw_context_switch
                0x00000000000501e8                rt_switch_to_thread
                0x000000000005020e                rt_hw_context_switch_interrupt
                0x0000000000050234                rt_soft_isr
                0x000000000005023c                low_prio_irq
 *libcpu*cpu*interrupt.o(.text* .rodata*)
 .text          0x0000000000050310       0xde libcpu\cpu\interrupt.o
                0x0000000000050310                set_cpu_irq_comm
                0x000000000005031a                cpu_irq_comm_do
                0x0000000000050352                rt_hw_irq_enable
                0x000000000005036a                rt_hw_irq_disable
                0x0000000000050386                rt_hw_interrupt_init
                0x0000000000050388                rt_hw_interrupt_install
 *libcpu**.o(.rodata*)
 *fill*         0x00000000000503ee        0x2 
 .rodata.str1.4
                0x00000000000503f0        0xd libcpu\cpu\cpuport.o
                                         0x12 (size before relaxing)
 *fill*         0x00000000000503fd        0x3 
 .rodata        0x0000000000050400       0x13 libcpu\cpu\cpuport.o
 *components*drivers*misc*pin.o(.text*)
 *fill*         0x0000000000050413        0x1 
 .text          0x0000000000050414      0x2f6 build\kernel\components\drivers\misc\pin.o
                0x000000000005044e                rt_pin_mode
                0x0000000000050492                rt_pin_write
                0x00000000000504d6                rt_pin_read
                0x0000000000050512                rt_pin_get
                0x00000000000505f8                rt_device_pin_register
                0x000000000005062c                rt_pin_attach_irq
                0x0000000000050682                rt_pin_detach_irq
                0x00000000000506c2                rt_pin_irq_enable
 *components*drivers*misc*adc.o(.text*)
 .text          0x000000000005070a      0x352 build\kernel\components\drivers\misc\adc.o
                0x0000000000050764                rt_hw_adc_register
                0x00000000000507b6                rt_adc_read
                0x00000000000507ec                rt_adc_enable
                0x0000000000050820                rt_adc_disable
                0x0000000000050a5c                . = ALIGN (0x4)
 *src*ipc.o(.text* .rodata*)
 .text          0x0000000000050a5c     0x1f90 build\kernel\src\ipc.o
                0x0000000000050ae2                rt_ipc_get_highest_priority
                0x0000000000050b04                rt_sem_init
                0x0000000000050b68                rt_sem_detach
                0x0000000000050bde                rt_sem_create
                0x0000000000050c62                rt_sem_delete
                0x0000000000050d16                rt_sem_take
                0x0000000000050e64                rt_sem_trytake
                0x0000000000050e68                rt_sem_release
                0x0000000000050f06                rt_sem_control
                0x0000000000050f76                rt_mutex_init
                0x0000000000050fc2                rt_mutex_detach
                0x0000000000051038                rt_mutex_create
                0x00000000000510a4                rt_mutex_delete
                0x0000000000051158                rt_mutex_take
                0x00000000000512f8                rt_mutex_release
                0x00000000000514ae                rt_mutex_control
                0x00000000000514f8                rt_event_init
                0x000000000005153c                rt_event_detach
                0x00000000000515b4                rt_event_create
                0x0000000000051618                rt_event_delete
                0x00000000000516ce                rt_event_send
                0x00000000000517b4                rt_event_recv
                0x0000000000051988                rt_event_control
                0x00000000000519f8                rt_mb_init
                0x0000000000051a54                rt_mb_detach
                0x0000000000051ad4                rt_mb_create
                0x0000000000051b6c                rt_mb_delete
                0x0000000000051c34                rt_mb_send_wait
                0x0000000000051dfc                rt_mb_send
                0x0000000000051e00                rt_mb_urgent
                0x0000000000051eb6                rt_mb_recv
                0x00000000000520a0                rt_mb_control
                0x000000000005211c                rt_mq_init
                0x00000000000521b2                rt_mq_detach
                0x0000000000052232                rt_mq_create
                0x000000000005230c                rt_mq_delete
                0x00000000000523dc                rt_mq_send_wait
                0x00000000000525fe                rt_mq_send
                0x0000000000052602                rt_mq_urgent
                0x0000000000052714                rt_mq_recv
                0x0000000000052956                rt_mq_control
 .rodata.str1.4
                0x00000000000529ec      0x44a build\kernel\src\ipc.o
                                        0x476 (size before relaxing)
 *fill*         0x0000000000052e36        0x2 
 .rodata        0x0000000000052e38      0x242 build\kernel\src\ipc.o
 *src*irq.o(.text* .rodata*)
 .text          0x000000000005307a       0x9a build\kernel\src\irq.o
                0x000000000005307a                rt_interrupt_enter_sethook
                0x0000000000053084                rt_interrupt_leave_sethook
                0x000000000005308e                rt_interrupt_enter
                0x00000000000530c4                rt_interrupt_leave
                0x00000000000530fa                rt_interrupt_get_nest
 *src*object.o(.text* .rodata*)
 .text          0x0000000000053114      0x3c4 build\kernel\src\object.o
                0x0000000000053114                rt_object_attach_sethook
                0x000000000005311e                rt_object_detach_sethook
                0x0000000000053128                rt_object_trytake_sethook
                0x0000000000053132                rt_object_take_sethook
                0x000000000005313c                rt_object_put_sethook
                0x0000000000053146                rt_object_get_information
                0x000000000005316e                rt_object_get_length
                0x0000000000053198                rt_object_get_pointers
                0x00000000000531da                rt_object_init
                0x000000000005327e                rt_object_detach
                0x00000000000532cc                rt_object_allocate
                0x0000000000053386                rt_object_delete
                0x00000000000533fe                rt_object_is_systemobject
                0x0000000000053428                rt_object_get_type
                0x0000000000053454                rt_object_find
 *fill*         0x00000000000534d8        0x0 
 .rodata.str1.4
                0x00000000000534d8       0x65 build\kernel\src\object.o
                                         0x91 (size before relaxing)
 *fill*         0x000000000005353d        0x3 
 .rodata        0x0000000000053540       0x8b build\kernel\src\object.o
 *src*thread.o(.text* .rodata*)
 *fill*         0x00000000000535cb        0x1 
 .text          0x00000000000535cc      0x81c build\kernel\src\thread.o
                0x00000000000535ea                rt_thread_exit
                0x00000000000536fe                rt_thread_timeout
                0x0000000000053788                rt_thread_suspend_sethook
                0x0000000000053792                rt_thread_resume_sethook
                0x000000000005379c                rt_thread_inited_sethook
                0x00000000000537a6                rt_thread_init
                0x000000000005380c                rt_thread_self
                0x0000000000053816                rt_thread_detach
                0x00000000000538ac                rt_thread_create
                0x00000000000538f2                rt_thread_delete
                0x00000000000539a0                rt_thread_yield
                0x00000000000539d6                rt_thread_suspend
                0x0000000000053a94                rt_thread_sleep
                0x0000000000053b1e                rt_thread_delay
                0x0000000000053b20                rt_thread_mdelay
                0x0000000000053b2e                rt_thread_delay_until
                0x0000000000053bf6                rt_thread_resume
                0x0000000000053c88                rt_thread_startup
                0x0000000000053d1a                rt_thread_control
                0x0000000000053de2                rt_thread_find
 *fill*         0x0000000000053de8        0x0 
 .rodata.str1.4
                0x0000000000053de8      0x18b build\kernel\src\thread.o
                                        0x19f (size before relaxing)
 *fill*         0x0000000000053f73        0x1 
 .rodata        0x0000000000053f74       0xd2 build\kernel\src\thread.o
 *src*timer.o(.text* .rodata*)
 .text          0x0000000000054046      0x688 build\kernel\src\timer.o
                0x0000000000054058                rt_timer_enter_sethook
                0x0000000000054062                rt_timer_exit_sethook
                0x000000000005406c                rt_timer_init
                0x00000000000540c2                rt_timer_detach
                0x000000000005414c                rt_timer_create
                0x0000000000054182                rt_timer_delete
                0x000000000005420c                rt_timer_start
                0x000000000005433c                rt_timer_stop
                0x00000000000543b8                rt_timer_control
                0x000000000005445c                rt_timer_check
                0x0000000000054522                rt_timer_next_timeout_tick
                0x0000000000054546                rt_soft_timer_check
                0x0000000000054676                rt_system_timer_init
                0x0000000000054684                rt_system_timer_thread_init
 *fill*         0x00000000000546ce        0x2 
 .rodata.str1.4
                0x00000000000546d0       0xde build\kernel\src\timer.o
 *fill*         0x00000000000547ae        0x2 
 .rodata        0x00000000000547b0       0x75 build\kernel\src\timer.o
 *src*mempool.o(.text* .rodata*)
 *fill*         0x0000000000054825        0x1 
 .text          0x0000000000054826      0x4e2 build\kernel\src\mempool.o
                0x0000000000054826                rt_mp_alloc_sethook
                0x0000000000054830                rt_mp_free_sethook
                0x000000000005483a                rt_mp_init
                0x0000000000054910                rt_mp_detach
                0x00000000000549a6                rt_mp_create
                0x0000000000054a90                rt_mp_delete
                0x0000000000054b6e                rt_mp_alloc
                0x0000000000054ca8                rt_mp_free
 .rodata.str1.4
                0x0000000000054d08      0x149 build\kernel\src\mempool.o
                                        0x14d (size before relaxing)
 *fill*         0x0000000000054e51        0x3 
 .rodata        0x0000000000054e54       0x48 build\kernel\src\mempool.o
 *src*scheduler.o(.text* .rodata*)
 .text          0x0000000000054e9c      0x310 build\kernel\src\scheduler.o
                0x0000000000054e9c                rt_scheduler_sethook
                0x0000000000054ea6                rt_system_scheduler_init
                0x0000000000054ede                rt_schedule_insert_thread
                0x0000000000054f5e                rt_schedule_remove_thread
                0x0000000000054fc6                rt_system_scheduler_start
                0x0000000000055006                rt_schedule
                0x000000000005513c                rt_enter_critical
                0x000000000005515e                rt_exit_critical
                0x00000000000551a2                rt_critical_level
 *fill*         0x00000000000551ac        0x0 
 .rodata.str1.4
                0x00000000000551ac       0x65 build\kernel\src\scheduler.o
 *fill*         0x0000000000055211        0x3 
 .rodata        0x0000000000055214       0x36 build\kernel\src\scheduler.o
 *src*clock.o(.text* .rodata*)
 .text          0x000000000005524a       0x90 build\kernel\src\clock.o
                0x000000000005524a                rt_tick_get
                0x0000000000055254                rt_tick_set
                0x000000000005526e                rt_tick_increase
                0x00000000000552a8                rt_tick_from_millisecond
                0x00000000000552d0                rt_tick_get_millisecond
 *src*kservice.o(.text* .rodata*)
 .text          0x00000000000552da      0xad4 build\kernel\src\kservice.o
                0x0000000000055478                rt_get_errno
                0x0000000000055498                rt_set_errno
                0x00000000000554ba                _rt_errno
                0x00000000000554dc                rt_memset
                0x0000000000055560                rt_memcpy
                0x000000000005560e                rt_memmove
                0x0000000000055658                rt_memcmp
                0x0000000000055680                rt_strcasecmp
                0x00000000000556b4                rt_strncpy
                0x00000000000556e0                rt_strncmp
                0x0000000000055710                rt_strcmp
                0x000000000005572a                rt_strnlen
                0x0000000000055742                rt_strlen
                0x0000000000055754                rt_strstr
                0x000000000005578c                rt_strdup
                0x00000000000557b8                rt_vsnprintf
                0x0000000000055b3e                rt_snprintf
                0x0000000000055b58                rt_vsprintf
                0x0000000000055b60                rt_sprintf
                0x0000000000055b7c                rt_console_get_device
                0x0000000000055b86                rt_console_set_device
                0x0000000000055bc2                rt_kputs
                0x0000000000055c0e                rt_kprintf
                0x0000000000055c8e                rt_show_version
                0x0000000000055ccc                rt_malloc_align
                0x0000000000055d06                rt_free_align
                0x0000000000055d12                __rt_ffs
                0x0000000000055d6a                rt_assert_set_hook
                0x0000000000055d74                rt_assert_handler
 *fill*         0x0000000000055dae        0x2 
 .rodata.str1.4
                0x0000000000055db0       0xc7 build\kernel\src\kservice.o
 *fill*         0x0000000000055e77        0x1 
 .rodata        0x0000000000055e78      0x180 build\kernel\src\kservice.o
                0x0000000000055ef8                __lowest_bit_bitmap
 *src*device.o(.text* .rodata*)
 .text          0x0000000000055ff8      0x4ec build\kernel\src\device.o
                0x0000000000055ff8                rt_device_unregister
                0x0000000000056068                rt_device_find
                0x000000000005606e                rt_device_register
                0x00000000000560a4                rt_device_create
                0x00000000000560d0                rt_device_destroy
                0x0000000000056148                rt_device_init
                0x00000000000561a4                rt_device_open
                0x0000000000056294                rt_device_close
                0x000000000005630c                rt_device_read
                0x000000000005637c                rt_device_write
                0x00000000000563ec                rt_device_control
                0x0000000000056448                rt_device_set_rx_indicate
                0x0000000000056496                rt_device_set_tx_complete
 *fill*         0x00000000000564e4        0x0 
 .rodata.str1.4
                0x00000000000564e4       0xf4 build\kernel\src\device.o
 .rodata        0x00000000000565d8       0xc6 build\kernel\src\device.o
 *src*idle.o(.text* .rodata*)
 .text          0x000000000005669e      0x17c build\kernel\src\idle.o
                0x000000000005669e                rt_thread_idle_sethook
                0x00000000000566d8                rt_thread_idle_delhook
                0x0000000000056716                rt_thread_idle_excute
                0x00000000000567c2                rt_thread_idle_init
                0x0000000000056810                rt_thread_idle_gethandler
 *fill*         0x000000000005681a        0x2 
 .rodata.str1.4
                0x000000000005681c        0x8 build\kernel\src\idle.o
                                         0x34 (size before relaxing)
 .rodata        0x0000000000056824       0x16 build\kernel\src\idle.o
 *src*components.o(.text* .rodata*)
 .text          0x000000000005683a       0xea build\kernel\src\components.o
                0x000000000005684a                rt_components_board_init
                0x000000000005686e                rt_components_init
                0x0000000000056892                main_thread_entry
                0x00000000000568a0                rt_application_init
                0x00000000000568e8                rtthread_startup
                0x0000000000056918                entry
 *fill*         0x0000000000056924        0x0 
 .rodata.str1.4
                0x0000000000056924       0x17 build\kernel\src\components.o
 *fill*         0x000000000005693b        0x1 
 .rodata        0x000000000005693c       0x14 build\kernel\src\components.o

.comm           0x0000000000014000     0x21a4 load address 0x0000000010006b50
                0x0000000000014000                . = ALIGN (0x4)
 *(.vector)
 .vector        0x0000000000014000       0xf4 libraries\hal_libraries\bmsis\source\startup.o
                0x00000000000140dc                cpu_irq_comm
 .vector        0x00000000000140f4       0x3a libraries\hal_libraries\ab32vg1_hal\libhal.a(cache.o)
                0x00000000000140f4                load_cache
 *(.irq*)
 .irq.audio     0x000000000001412e       0x3e build\board\ports\audio\drv_sound.o
                0x000000000001412e                audio_sem_post
 .irq.timer     0x000000000001416c       0x1c build\board\board.o
                0x000000000001416c                timer0_isr
 .irq.cache     0x0000000000014188       0x7c build\board\board.o
                0x0000000000014188                cache_init
                0x00000000000141ba                os_spiflash_lock
                0x00000000000141e0                os_spiflash_unlock
 .irq.err       0x0000000000014204       0x2e build\board\board.o
                0x0000000000014204                exception_isr
 *fill*         0x0000000000014232        0x2 
 .irq.err.str   0x0000000000014234       0x17 build\board\board.o
 *fill*         0x000000000001424b        0x1 
 .irq.sdio      0x000000000001424c       0x44 libraries\hal_drivers\drv_sdio.o
                0x000000000001424c                rthw_sdio_irq_process
                0x0000000000014276                sdio_isr
 .irq.usart     0x0000000000014290      0x14e libraries\hal_drivers\drv_usart.o
                0x00000000000142d6                uart_irq_process
 .irq.timer     0x00000000000143de       0x5e libraries\hal_drivers\drv_hwtimer.o
                0x00000000000143de                timer1_isr
 .irq.err       0x000000000001443c       0x32 libraries\hal_libraries\ab32vg1_hal\libhal.a(sys_err.o)
                0x000000000001443c                sys_error_hook
 *fill*         0x000000000001446e        0x2 
 .irq.err.str   0x0000000000014470       0x12 libraries\hal_libraries\ab32vg1_hal\libhal.a(sys_err.o)
 *hal_libraries*ab32vg1_hal**.o(.text .rodata)
 .text          0x0000000000014482      0x124 libraries\hal_libraries\ab32vg1_hal\source\ab32vg1_hal_gpio.o
                0x0000000000014482                gpio_afinit
                0x00000000000144b2                hal_gpio_init
                0x0000000000014576                hal_gpio_read
                0x0000000000014580                hal_gpio_write
                0x0000000000014598                hal_gpio_toggle
 .text          0x00000000000145a6       0x54 libraries\hal_libraries\ab32vg1_hal\source\ab32vg1_hal.o
                0x00000000000145a6                hal_set_tick_hook
                0x00000000000145b0                hal_set_ticks
                0x00000000000145d2                hal_udelay
 .text          0x00000000000145fa       0x70 libraries\hal_libraries\ab32vg1_hal\source\ab32vg1_hal_rcu.o
                0x00000000000145fa                hal_rcu_periph_clk_enable
                0x000000000001462e                hal_rcu_periph_clk_disable
 .text          0x000000000001466a      0x134 libraries\hal_libraries\ab32vg1_hal\source\ab32vg1_hal_uart.o
                0x000000000001466a                hal_uart_setbaud
                0x0000000000014688                hal_uart_setparam
                0x00000000000146da                hal_uart_deinit
                0x00000000000146e0                HAL_UART_MspInit
                0x00000000000146e2                hal_uart_control
                0x00000000000146fa                hal_uart_write
                0x00000000000146fe                hal_uart_read
                0x0000000000014706                hal_uart_getflag
                0x000000000001470c                hal_uart_clrflag
                0x0000000000014714                uart_config_all
                0x0000000000014780                hal_uart_init
 *(.text.unlikely)
 *(.text.startup)
 .text.startup  0x000000000001479e       0x46 build\applications\main.o
                0x000000000001479e                main
 *hal_drivers**.o(.rodata)
 *fill*         0x00000000000147e4        0x0 
 .rodata        0x00000000000147e4       0x38 libraries\hal_drivers\drv_gpio.o
 .rodata        0x000000000001481c       0x2c libraries\hal_drivers\drv_rtc.o
 .rodata        0x0000000000014848       0x2f libraries\hal_drivers\drv_soft_i2c.o
 *fill*         0x0000000000014877        0x1 
 .rodata        0x0000000000014878       0x20 libraries\hal_drivers\drv_wdt.o
 .rodata        0x0000000000014898       0x24 libraries\hal_drivers\drv_sdio.o
 .rodata        0x00000000000148bc       0x45 libraries\hal_drivers\drv_adc.o
 *fill*         0x0000000000014901        0x3 
 .rodata        0x0000000000014904       0x81 libraries\hal_drivers\drv_usart.o
 *fill*         0x0000000000014985        0x3 
 .rodata        0x0000000000014988       0x18 libraries\hal_drivers\drv_pwm.o
 .rodata        0x00000000000149a0       0x68 libraries\hal_drivers\drv_hwtimer.o
 *audio*drv_sound.o(.rodata)
 .rodata        0x0000000000014a08       0x66 build\board\ports\audio\drv_sound.o
 *system_ab32vgx.o(.rodata)
 *fill*         0x0000000000014a6e        0x2 
 .rodata        0x0000000000014a70       0x46 libraries\hal_libraries\bmsis\source\system_ab32vgx.o
                0x0000000000014a70                sysclk_sel_tbl
                0x0000000000014a7c                sysclk_index
 EXCLUDE_FILE(*drv_wdt.o *drv_sdio.o *msh_file.o *cmd.o *drivers*sdio**.o *components.o *dfs**.o *src*memheap.o *src*mem.o *cp-demangle.o *cp-demangle.o *lib_a**.o) *(.rodata.str1.4)
 *fill*         0x0000000000014ab6        0x2 
 .rodata.str1.4
                0x0000000000014ab8       0x16 build\applications\main.o
 *fill*         0x0000000000014ace        0x2 
 .rodata.str1.4
                0x0000000000014ad0       0x74 build\applications\mnt.o
                                         0x78 (size before relaxing)
 .rodata.str1.4
                0x0000000000014b44       0x2f build\board\ports\audio\drv_sound.o
 *fill*         0x0000000000014b73        0x1 
 .rodata.str1.4
                0x0000000000014b74       0x24 build\board\board.o
 .rodata.str1.4
                0x0000000000014b98       0x8c build\kernel\components\drivers\audio\audio_pipe.o
                                         0x90 (size before relaxing)
 .rodata.str1.4
                0x0000000000014c24       0x87 build\kernel\components\drivers\audio\audio.o
                                         0x9d (size before relaxing)
 *fill*         0x0000000000014cab        0x1 
 .rodata.str1.4
                0x0000000000014cac       0x43 build\kernel\components\drivers\hwtimer\hwtimer.o
 *fill*         0x0000000000014cef        0x1 
 .rodata.str1.4
                0x0000000000014cf0       0x87 build\kernel\components\drivers\i2c\i2c_core.o
                                         0x8b (size before relaxing)
 *fill*         0x0000000000014d77        0x1 
 .rodata.str1.4
                0x0000000000014d78       0x12 build\kernel\components\drivers\i2c\i2c_dev.o
                                         0x22 (size before relaxing)
 *fill*         0x0000000000014d8a        0x2 
 .rodata.str1.4
                0x0000000000014d8c       0xa1 build\kernel\components\drivers\i2c\i2c-bit-ops.o
                                         0xb1 (size before relaxing)
 *fill*         0x0000000000014e2d        0x3 
 .rodata.str1.4
                0x0000000000014e30      0x1f9 build\kernel\components\drivers\misc\adc.o
 *fill*         0x0000000000015029        0x3 
 .rodata.str1.4
                0x000000000001502c      0x1ab build\kernel\components\drivers\misc\rt_drv_pwm.o
 *fill*         0x00000000000151d7        0x1 
 .rodata.str1.4
                0x00000000000151d8       0x37 build\kernel\components\drivers\misc\pin.o
 *fill*         0x000000000001520f        0x1 
 .rodata.str1.4
                0x0000000000015210      0x137 build\kernel\components\drivers\rtc\rtc.o
 *fill*         0x0000000000015347        0x1 
 .rodata.str1.4
                0x0000000000015348       0xbb build\kernel\components\drivers\serial\serial.o
                                         0xce (size before relaxing)
 *fill*         0x0000000000015403        0x1 
 .rodata.str1.4
                0x0000000000015404       0x64 build\kernel\components\drivers\src\dataqueue.o
                                         0x90 (size before relaxing)
 .rodata.str1.4
                0x0000000000015468        0xe build\kernel\components\drivers\src\ringbuffer.o
                                         0x19 (size before relaxing)
 *fill*         0x0000000000015476        0x2 
 .rodata.str1.4
                0x0000000000015478       0x47 build\kernel\components\drivers\src\completion.o
                                         0x72 (size before relaxing)
 *fill*         0x00000000000154bf        0x1 
 .rodata.str1.4
                0x00000000000154c0       0x33 build\kernel\components\drivers\watchdog\watchdog.o
                                         0x43 (size before relaxing)
 *fill*         0x00000000000154f3        0x1 
 .rodata.str1.4
                0x00000000000154f4       0xbb build\kernel\components\finsh\shell.o
                                         0xc3 (size before relaxing)
 *fill*         0x00000000000155af        0x1 
 .rodata.str1.4
                0x00000000000155b0       0x6c build\kernel\components\finsh\msh.o
                                         0x78 (size before relaxing)
 .rodata.str1.4
                0x000000000001561c       0xf2 build\kernel\components\finsh\finsh_error.o
 *fill*         0x000000000001570e        0x2 
 .rodata.str1.4
                0x0000000000015710       0x35 build\kernel\components\finsh\finsh_token.o
                                         0x3d (size before relaxing)
 *fill*         0x0000000000015745        0x3 
 .rodata.str1.4
                0x0000000000015748       0x14 build\kernel\components\libc\compilers\common\stdlib.o
 .rodata.str1.4
                0x000000000001575c        0x4 build\kernel\components\libc\compilers\common\time.o
 .rodata.str1.4
                0x000000000001575c       0x14 build\kernel\components\libc\compilers\newlib\stdio.o
 .rodata.str1.4
                0x0000000000015770       0x17 build\kernel\components\libc\compilers\newlib\libc.o
 *fill*         0x0000000000015787        0x1 
 .rodata.str1.4
                0x0000000000015788        0x4 libraries\hal_drivers\drv_gpio.o
 .rodata.str1.4
                0x000000000001578c       0x2a libraries\hal_drivers\drv_rtc.o
                                         0x42 (size before relaxing)
 *fill*         0x00000000000157b6        0x2 
 .rodata.str1.4
                0x00000000000157b8       0x19 libraries\hal_drivers\drv_soft_i2c.o
 *fill*         0x00000000000157d1        0x3 
 .rodata.str1.4
                0x00000000000157d4       0x51 libraries\hal_drivers\drv_adc.o
                                         0x55 (size before relaxing)
 *fill*         0x0000000000015825        0x3 
 .rodata.str1.4
                0x0000000000015828       0x17 libraries\hal_drivers\drv_usart.o
                                         0x6e (size before relaxing)
 *fill*         0x000000000001583f        0x1 
 .rodata.str1.4
                0x0000000000015840       0x52 libraries\hal_drivers\drv_pwm.o
                                         0x6a (size before relaxing)
 *fill*         0x0000000000015892        0x2 
 .rodata.str1.4
                0x0000000000015894       0x83 libraries\hal_drivers\drv_hwtimer.o
                                         0xaf (size before relaxing)
 EXCLUDE_FILE(*unwind*.o *lib_a**.o) *(.srodata)
 *fill*         0x0000000000015917        0x1 
 .srodata       0x0000000000015918        0x8 build\kernel\src\mem.o
 .srodata       0x0000000000015920        0x7 build\kernel\components\dfs\src\dfs.o
 *fill*         0x0000000000015927        0x1 
 .srodata       0x0000000000015928        0x8 libraries\hal_drivers\drv_soft_i2c.o
 .srodata       0x0000000000015930        0x8 libraries\hal_drivers\drv_adc.o
 *(.rela*)
 .rela.text.startup
                0x0000000000015938        0x0 build\applications\main.o
 .rela.text     0x0000000000015938        0x0 build\applications\main.o
 .rela.irq.err  0x0000000000015938        0x0 build\applications\main.o
 .rela.reset    0x0000000000015938        0x0 build\applications\main.o
 .rela.vector   0x0000000000015938        0x0 build\applications\main.o
 *(.data*)
 .data          0x0000000000015938       0x1c build\board\ports\audio\drv_sound.o
 .data          0x0000000000015954       0xa0 build\kernel\src\object.o
 .data          0x00000000000159f4      0x100 build\kernel\components\dfs\src\dfs.o
                0x00000000000159f4                working_directory
 .data          0x0000000000015af4       0x3c libraries\hal_drivers\drv_adc.o
 .data          0x0000000000015b30        0xc libraries\hal_drivers\drv_usart.o
 .data          0x0000000000015b3c       0x48 libraries\hal_drivers\drv_pwm.o
 .data          0x0000000000015b84       0x5c libraries\hal_drivers\drv_hwtimer.o
 *fill*         0x0000000000015be0        0x0 
 .data          0x0000000000015be0      0x428 d:/program_files/programming/rt-threadstudio/repo/extract/toolchain_support_packages/risc-v/risc-v-gcc/10.1.0/bin/../lib/gcc/riscv64-unknown-elf/10.1.0/../../../../riscv64-unknown-elf/lib/rv32im/ilp32\libc.a(lib_a-impure.o)
 .data          0x0000000000016008      0x16c d:/program_files/programming/rt-threadstudio/repo/extract/toolchain_support_packages/risc-v/risc-v-gcc/10.1.0/bin/../lib/gcc/riscv64-unknown-elf/10.1.0/../../../../riscv64-unknown-elf/lib/rv32im/ilp32\libc.a(lib_a-locale.o)
                0x0000000000016008                __global_locale
 *(.sdata*)
 .sdata         0x0000000000016174        0x1 build\kernel\src\timer.o
 *fill*         0x0000000000016175        0x3 
 .sdata         0x0000000000016178        0x8 build\kernel\components\drivers\sdio\block_dev.o
 .sdata         0x0000000000016180       0x10 build\kernel\components\drivers\sdio\sdio.o
 .sdata         0x0000000000016190        0x4 build\kernel\components\finsh\msh.o
 .sdata         0x0000000000016194        0x1 libraries\hal_drivers\drv_sdio.o
 *fill*         0x0000000000016195        0x3 
 .sdata         0x0000000000016198        0x4 libraries\hal_drivers\drv_pwm.o
 .sdata         0x000000000001619c        0x4 d:/program_files/programming/rt-threadstudio/repo/extract/toolchain_support_packages/risc-v/risc-v-gcc/10.1.0/bin/../lib/gcc/riscv64-unknown-elf/10.1.0/../../../../riscv64-unknown-elf/lib/rv32im/ilp32\libc.a(lib_a-impure.o)
                0x000000000001619c                _impure_ptr
 .sdata         0x00000000000161a0        0x4 d:/program_files/programming/rt-threadstudio/repo/extract/toolchain_support_packages/risc-v/risc-v-gcc/10.1.0/bin/../lib/gcc/riscv64-unknown-elf/10.1.0/../../../../riscv64-unknown-elf/lib/rv32im/ilp32\libc.a(lib_a-environ.o)
                0x00000000000161a0                environ

.bss            0x0000000000011000     0x1948
                0x0000000000011000                __bss_start = .
 *(COMMON)
 *(.bss)
 .bss           0x0000000000011000       0x58 build\board\ports\audio\drv_sound.o
 .bss           0x0000000000011058       0xa4 build\board\board.o
 *fill*         0x00000000000110fc        0x4 
 .bss           0x0000000000011100      0x180 build\kernel\src\timer.o
 .bss           0x0000000000011280      0x100 build\kernel\src\scheduler.o
                0x0000000000011280                rt_thread_priority_table
 .bss           0x0000000000011380       0x80 build\kernel\src\kservice.o
 .bss           0x0000000000011400      0x290 build\kernel\src\idle.o
 .bss           0x0000000000011690       0x20 build\kernel\src\mem.o
 .bss           0x00000000000116b0       0x44 build\kernel\components\dfs\src\dfs.o
                0x00000000000116b0                filesystem_table
 .bss           0x00000000000116f4      0x128 build\kernel\components\dfs\src\dfs_file.o
 .bss           0x000000000001181c       0x34 build\kernel\components\drivers\misc\pin.o
 .bss           0x0000000000011850      0x500 build\kernel\components\drivers\sdio\mmcsd_core.o
 .bss           0x0000000000011d50      0x140 build\kernel\components\finsh\finsh_node.o
                0x0000000000011d50                global_node_table
 .bss           0x0000000000011e90      0x180 build\kernel\components\finsh\finsh_vm.o
                0x0000000000011e90                finsh_vm_stack
                0x0000000000011f90                text_segment
 .bss           0x0000000000012010       0x81 build\kernel\components\finsh\shell.o
 *fill*         0x0000000000012091        0x3 
 .bss           0x0000000000012094       0xc0 build\kernel\components\finsh\finsh_var.o
                0x0000000000012094                global_variable
 *fill*         0x0000000000012154        0x4 
 .bss           0x0000000000012158       0x80 build\kernel\components\finsh\finsh_heap.o
                0x0000000000012158                finsh_heap
 .bss           0x00000000000121d8       0x61 build\kernel\components\libc\compilers\common\time.o
 *fill*         0x0000000000012239        0x3 
 .bss           0x000000000001223c       0x30 libraries\hal_drivers\drv_rtc.o
 .bss           0x000000000001226c       0x88 libraries\hal_drivers\drv_soft_i2c.o
 .bss           0x00000000000122f4       0x34 libraries\hal_drivers\drv_wdt.o
 *fill*         0x0000000000012328       0x18 
 .bss           0x0000000000012340      0x400 libraries\hal_drivers\drv_sdio.o
 .bss           0x0000000000012740       0x58 libraries\hal_drivers\drv_usart.o
 .bss           0x0000000000012798       0x5c libcpu\cpu\interrupt.o
                0x0000000000012798                tbl_irq_vector
 .bss           0x00000000000127f4        0xc libraries\hal_libraries\bmsis\source\system_ab32vgx.o
                0x00000000000127f4                sys
 *(.sbss)
 .sbss          0x0000000000012800       0x1c build\kernel\src\timer.o
 .sbss          0x000000000001281c        0xc build\kernel\src\irq.o
                0x000000000001281c                rt_interrupt_nest
 .sbss          0x0000000000012828       0x1c build\kernel\src\scheduler.o
                0x000000000001282c                rt_thread_defunct
                0x0000000000012834                rt_current_priority
                0x0000000000012838                rt_current_thread
                0x0000000000012840                rt_thread_ready_priority_group
 .sbss          0x0000000000012844        0xc build\kernel\src\thread.o
 .sbss          0x0000000000012850        0xc build\kernel\src\kservice.o
                0x0000000000012850                rt_assert_hook
 .sbss          0x000000000001285c        0x8 build\kernel\src\mempool.o
 .sbss          0x0000000000012864       0x14 build\kernel\src\object.o
                0x0000000000012864                rt_object_put_hook
                0x0000000000012868                rt_object_take_hook
                0x000000000001286c                rt_object_trytake_hook
 .sbss          0x0000000000012878        0x4 build\kernel\src\clock.o
 .sbss          0x000000000001287c       0x20 build\kernel\src\mem.o
 .sbss          0x000000000001289c       0x14 build\kernel\components\dfs\src\dfs.o
                0x00000000000128a8                filesystem_operation_table
 .sbss          0x00000000000128b0        0x8 build\kernel\components\dfs\filesystems\elmfat\dfs_elm.o
 .sbss          0x00000000000128b8        0xc build\kernel\components\dfs\filesystems\elmfat\ff.o
 .sbss          0x00000000000128c4        0x4 build\kernel\components\drivers\misc\adc.o
 .sbss          0x00000000000128c8        0x4 build\kernel\components\drivers\serial\serial.o
 .sbss          0x00000000000128cc        0x4 build\kernel\components\finsh\cmd.o
 .sbss          0x00000000000128d0        0xc build\kernel\components\finsh\finsh_vm.o
                0x00000000000128d0                global_syscall_list
                0x00000000000128d4                finsh_pc
                0x00000000000128d8                finsh_sp
 .sbss          0x00000000000128dc       0x18 build\kernel\components\finsh\shell.o
                0x00000000000128e0                shell
                0x00000000000128e4                _sysvar_table_end
                0x00000000000128e8                _sysvar_table_begin
                0x00000000000128ec                _syscall_table_end
                0x00000000000128f0                _syscall_table_begin
 .sbss          0x00000000000128f4        0x4 build\kernel\components\finsh\finsh_var.o
                0x00000000000128f4                global_sysvar_list
 .sbss          0x00000000000128f8        0x8 build\kernel\components\finsh\finsh_compiler.o
                0x00000000000128f8                finsh_compile_pc
                0x00000000000128fc                finsh_compile_sp
 .sbss          0x0000000000012900        0x8 build\kernel\components\finsh\finsh_heap.o
 .sbss          0x0000000000012908        0x1 build\kernel\components\finsh\finsh_error.o
                0x0000000000012908                global_errno
 *fill*         0x0000000000012909        0x3 
 .sbss          0x000000000001290c        0x4 build\kernel\components\libc\compilers\common\time.o
 .sbss          0x0000000000012910        0x4 build\kernel\components\libc\compilers\newlib\stdio.o
 .sbss          0x0000000000012914        0x8 libraries\hal_drivers\drv_wdt.o
 .sbss          0x000000000001291c        0x4 libraries\hal_drivers\drv_sdio.o
 .sbss          0x0000000000012920        0x8 libcpu\cpu\interrupt.o
                0x0000000000012920                cpu_irq_comm_hook
                0x0000000000012924                irq_mask
 .sbss          0x0000000000012928       0x10 libcpu\cpu\cpuport.o
                0x0000000000012928                rt_cur_thread_sp
                0x000000000001292c                rt_thread_switch_interrupt_flag
                0x0000000000012930                rt_interrupt_to_thread
                0x0000000000012934                rt_interrupt_from_thread
 .sbss          0x0000000000012938        0x8 libraries\hal_libraries\ab32vg1_hal\source\ab32vg1_hal.o
 .sbss          0x0000000000012940        0x4 d:/program_files/programming/rt-threadstudio/repo/extract/toolchain_support_packages/risc-v/risc-v-gcc/10.1.0/bin/../lib/gcc/riscv64-unknown-elf/10.1.0/../../../../riscv64-unknown-elf/lib/rv32im/ilp32\libc.a(lib_a-setenv_r.o)
 .sbss          0x0000000000012944        0x4 d:/program_files/programming/rt-threadstudio/repo/extract/toolchain_support_packages/risc-v/risc-v-gcc/10.1.0/bin/../lib/gcc/riscv64-unknown-elf/10.1.0/../../../../riscv64-unknown-elf/lib/rv32im/ilp32\libc.a(lib_a-environ.o)
 *(.buf*)
                0x0000000000012948                __bss_end = .
                0x0000000000001948                __bss_size = (__bss_end - __bss_start)

.stack          0x0000000000013000     0x1000
                0x0000000000013000                __irq_stack_start = .
                0x0000000000001000                . = __stack_ram_size
 *fill*         0x0000000000013000     0x1000 
                0x0000000000014000                __irq_stack = .
                0x0000000000001000                __irq_stack_size = (__irq_stack - __irq_stack_start)

.heap           0x000000000001e800    0x11800
                0x000000000001e800                __heap_start = .
                0x0000000000011800                . = __heap_ram_size
 *fill*         0x000000000001e800    0x11800 
                0x0000000000030000                __heap_end = .

.flash          0x0000000010008cf8    0x2e308
                0x0000000010008cf8                . = ALIGN (0x4)
                0x0000000010008cf8                __fsymtab_start = .
 *(FSymTab)
 FSymTab        0x0000000010008cf8        0xc build\kernel\src\memheap.o
                0x0000000010008cf8                __fsym___cmd_memheaptrace
 FSymTab        0x0000000010008d04        0xc build\kernel\src\mem.o
                0x0000000010008d04                __fsym_list_mem
 FSymTab        0x0000000010008d10       0x18 build\kernel\components\dfs\src\dfs_posix.o
                0x0000000010008d10                __fsym_cd
                0x0000000010008d1c                __fsym_mkdir
 FSymTab        0x0000000010008d28       0x18 build\kernel\components\dfs\src\dfs_fs.o
                0x0000000010008d28                __fsym_df
                0x0000000010008d34                __fsym_mkfs
 FSymTab        0x0000000010008d40        0xc build\kernel\components\dfs\src\dfs.o
                0x0000000010008d40                __fsym___cmd_list_fd
 FSymTab        0x0000000010008d4c       0x30 build\kernel\components\dfs\src\dfs_file.o
                0x0000000010008d4c                __fsym_copy
                0x0000000010008d58                __fsym_cat
                0x0000000010008d64                __fsym_rm
                0x0000000010008d70                __fsym_ls
 FSymTab        0x0000000010008d7c        0xc build\kernel\components\drivers\misc\adc.o
                0x0000000010008d7c                __fsym___cmd_adc
 FSymTab        0x0000000010008d88       0x48 build\kernel\components\drivers\misc\rt_drv_pwm.o
                0x0000000010008d88                __fsym___cmd_pwm_get
                0x0000000010008d94                __fsym___cmd_pwm_set
                0x0000000010008da0                __fsym___cmd_pwm_disable
                0x0000000010008dac                __fsym___cmd_pwm_enable
                0x0000000010008db8                __fsym_pwm_set
                0x0000000010008dc4                __fsym_pwm_enable
 FSymTab        0x0000000010008dd0       0x30 build\kernel\components\drivers\misc\pin.o
                0x0000000010008dd0                __fsym_pinGet
                0x0000000010008ddc                __fsym_pinRead
                0x0000000010008de8                __fsym_pinWrite
                0x0000000010008df4                __fsym_pinMode
 FSymTab        0x0000000010008e00       0x3c build\kernel\components\drivers\rtc\rtc.o
                0x0000000010008e00                __fsym___cmd_date
                0x0000000010008e0c                __fsym___cmd_list_date
                0x0000000010008e18                __fsym_set_time
                0x0000000010008e24                __fsym_set_date
                0x0000000010008e30                __fsym_list_date
 FSymTab        0x0000000010008e3c      0x138 build\kernel\components\finsh\cmd.o
                0x0000000010008e3c                __fsym_list
                0x0000000010008e48                __fsym___cmd_list_device
                0x0000000010008e54                __fsym_list_device
                0x0000000010008e60                __fsym___cmd_list_timer
                0x0000000010008e6c                __fsym_list_timer
                0x0000000010008e78                __fsym___cmd_list_mempool
                0x0000000010008e84                __fsym_list_mempool
                0x0000000010008e90                __fsym___cmd_list_memheap
                0x0000000010008e9c                __fsym_list_memheap
                0x0000000010008ea8                __fsym___cmd_list_msgqueue
                0x0000000010008eb4                __fsym_list_msgqueue
                0x0000000010008ec0                __fsym___cmd_list_mailbox
                0x0000000010008ecc                __fsym_list_mailbox
                0x0000000010008ed8                __fsym___cmd_list_mutex
                0x0000000010008ee4                __fsym_list_mutex
                0x0000000010008ef0                __fsym___cmd_list_event
                0x0000000010008efc                __fsym_list_event
                0x0000000010008f08                __fsym___cmd_list_sem
                0x0000000010008f14                __fsym_list_sem
                0x0000000010008f20                __fsym___cmd_list_thread
                0x0000000010008f2c                __fsym_list_thread
                0x0000000010008f38                __fsym___cmd_version
                0x0000000010008f44                __fsym_version
                0x0000000010008f50                __fsym___cmd_clear
                0x0000000010008f5c                __fsym_clear
                0x0000000010008f68                __fsym_hello
 FSymTab        0x0000000010008f74       0x9c build\kernel\components\finsh\msh_file.o
                0x0000000010008f74                __fsym___cmd_echo
                0x0000000010008f80                __fsym___cmd_df
                0x0000000010008f8c                __fsym___cmd_umount
                0x0000000010008f98                __fsym___cmd_mount
                0x0000000010008fa4                __fsym___cmd_mkfs
                0x0000000010008fb0                __fsym___cmd_mkdir
                0x0000000010008fbc                __fsym___cmd_pwd
                0x0000000010008fc8                __fsym___cmd_cd
                0x0000000010008fd4                __fsym___cmd_rm
                0x0000000010008fe0                __fsym___cmd_cat
                0x0000000010008fec                __fsym___cmd_mv
                0x0000000010008ff8                __fsym___cmd_cp
                0x0000000010009004                __fsym___cmd_ls
 FSymTab        0x0000000010009010       0x3c build\kernel\components\finsh\msh.o
                0x0000000010009010                __fsym___cmd_free
                0x000000001000901c                __fsym___cmd_ps
                0x0000000010009028                __fsym___cmd_help
                0x0000000010009034                __fsym_msh
                0x0000000010009040                __fsym___cmd_exit
                0x000000001000904c                __fsymtab_end = .
                0x000000001000904c                . = ALIGN (0x4)
                0x000000001000904c                __vsymtab_start = .
 *(VSymTab)
 VSymTab        0x000000001000904c       0x10 build\kernel\components\finsh\cmd.o
                0x000000001000904c                __vsym_dummy
                0x000000001000905c                __vsymtab_end = .
                0x000000001000905c                . = ALIGN (0x4)
 *(.text*)
 .text          0x000000001000905c       0xf8 build\applications\mnt.o
                0x000000001000905c                sd_mount
                0x00000000100090e4                ab32_sdcard_mount
 .text          0x0000000010009154      0x66c build\board\ports\audio\drv_sound.o
                0x000000001000935e                adpll_init
                0x0000000010009410                dac_start
                0x00000000100094d2                audio_sem_pend
                0x00000000100094e4                sound_transmit
                0x0000000010009546                saia_frequency_set
                0x00000000100095a0                saia_channels_set
                0x0000000010009640                saia_volume_set
                0x000000001000970e                saia_volume_get
 .text          0x00000000100097c0      0x1d2 build\board\board.o
                0x00000000100097c0                timer0_cfg
                0x00000000100097d4                hal_printf
                0x0000000010009860                timer0_init
                0x0000000010009888                hal_mdelay
                0x0000000010009890                rt_hw_systick_init
                0x0000000010009938                rt_hw_board_init
                0x0000000010009988                rt_hw_us_delay
                0x000000001000998a                rt_hw_console_output
 .text          0x0000000010009992      0x15c build\board\ab32vg1_hal_msp.o
                0x0000000010009992                hal_uart_mspinit
                0x0000000010009a6c                hal_sd_mspinit
                0x0000000010009abc                hal_pwm_mspinit
 .text          0x0000000010009aee      0x820 build\kernel\src\memheap.o
                0x0000000010009aee                rt_memheap_init
                0x0000000010009bc2                rt_memheap_detach
                0x0000000010009c5e                rt_memheap_alloc
                0x0000000010009dca                rt_memheap_free
                0x0000000010009f24                rt_memheap_realloc
                0x000000001000a156                rt_memheap_dump
                0x000000001000a2a6                memheaptrace
 .text          0x000000001000a30e      0x802 build\kernel\src\mem.o
                0x000000001000a30e                list_mem
                0x000000001000a450                rt_malloc_sethook
                0x000000001000a45a                rt_free_sethook
                0x000000001000a464                rt_system_heap_init
                0x000000001000a560                rt_malloc
                0x000000001000a782                rt_calloc
                0x000000001000a7b2                rt_free
                0x000000001000a986                rt_realloc
                0x000000001000aaea                rt_memory_info
 .text          0x000000001000ab10      0x6fa build\kernel\components\dfs\src\dfs_posix.o
                0x000000001000ab10                mkdir
                0x000000001000ab82                open
                0x000000001000abee                close
                0x000000001000ac30                read
                0x000000001000ac7c                write
                0x000000001000acc8                lseek
                0x000000001000ad36                rename
                0x000000001000ad5c                unlink
                0x000000001000ad82                stat
                0x000000001000ada8                fstat
                0x000000001000adfa                fsync
                0x000000001000ae2e                fcntl
                0x000000001000ae80                ioctl
                0x000000001000ae9c                ftruncate
                0x000000001000aef0                statfs
                0x000000001000af16                rmdir
                0x000000001000af18                opendir
                0x000000001000af9a                readdir
                0x000000001000b020                telldir
                0x000000001000b05c                seekdir
                0x000000001000b0a2                rewinddir
                0x000000001000b0e2                closedir
                0x000000001000b12c                chdir
                0x000000001000b1be                access
                0x000000001000b1d8                getcwd
 .text          0x000000001000b20a      0x70e build\kernel\components\dfs\src\dfs_fs.o
                0x000000001000b20a                dfs_register
                0x000000001000b2ac                dfs_filesystem_lookup
                0x000000001000b34a                dfs_filesystem_get_mounted_path
                0x000000001000b38e                dfs_filesystem_get_partition
                0x000000001000b4b0                dfs_mount
                0x000000001000b66c                dfs_unmount
                0x000000001000b706                dfs_mkfs
                0x000000001000b80a                mkfs
                0x000000001000b80c                dfs_statfs
                0x000000001000b838                df
 .text          0x000000001000b918      0x658 build\kernel\components\dfs\src\dfs.o
                0x000000001000b918                list_fd
                0x000000001000ba54                dfs_init
                0x000000001000bb0e                dfs_lock
                0x000000001000bb56                dfs_unlock
                0x000000001000bb66                fd_new
                0x000000001000bc62                fd_get
                0x000000001000bcb8                fd_put
                0x000000001000bd24                dfs_subdir
                0x000000001000bd60                dfs_normalize_path
                0x000000001000bed0                fd_is_open
                0x000000001000bf66                dfs_fdtable_get
 .text          0x000000001000bf70      0x91c build\kernel\components\dfs\src\dfs_file.o
                0x000000001000bf70                dfs_file_open
                0x000000001000c044                dfs_file_close
                0x000000001000c078                dfs_file_ioctl
                0x000000001000c0be                dfs_file_read
                0x000000001000c0f6                cat
                0x000000001000c180                dfs_file_getdents
                0x000000001000c1a0                dfs_file_unlink
                0x000000001000c21c                rm
                0x000000001000c24a                dfs_file_write
                0x000000001000c32a                dfs_file_flush
                0x000000001000c33e                dfs_file_lseek
                0x000000001000c36e                dfs_file_stat
                0x000000001000c47a                ls
                0x000000001000c6b6                copy
                0x000000001000c7ba                dfs_file_rename
                0x000000001000c848                dfs_file_ftruncate
 .text          0x000000001000c88c      0x3ea build\kernel\components\dfs\filesystems\devfs\devfs.o
                0x000000001000c88c                dfs_device_fs_mount
                0x000000001000c894                dfs_device_fs_ioctl
                0x000000001000c8f6                dfs_device_fs_read
                0x000000001000c964                dfs_device_fs_write
                0x000000001000c9d2                dfs_device_fs_close
                0x000000001000ca68                dfs_device_fs_stat
                0x000000001000cadc                dfs_device_fs_open
                0x000000001000cbc4                dfs_device_fs_getdents
                0x000000001000cc58                devfs_init
 .text          0x000000001000cc76      0xbaa build\kernel\components\dfs\filesystems\elmfat\dfs_elm.o
                0x000000001000ccb0                dfs_elm_mount
                0x000000001000cdba                dfs_elm_unmount
                0x000000001000ce44                dfs_elm_mkfs
                0x000000001000cf74                dfs_elm_statfs
                0x000000001000d014                dfs_elm_open
                0x000000001000d138                dfs_elm_close
                0x000000001000d1b4                dfs_elm_ioctl
                0x000000001000d216                dfs_elm_read
                0x000000001000d276                dfs_elm_write
                0x000000001000d2da                dfs_elm_flush
                0x000000001000d312                dfs_elm_lseek
                0x000000001000d3a4                dfs_elm_getdents
                0x000000001000d474                dfs_elm_unlink
                0x000000001000d4d6                dfs_elm_rename
                0x000000001000d53c                dfs_elm_stat
                0x000000001000d618                elm_init
                0x000000001000d636                disk_initialize
                0x000000001000d63a                disk_status
                0x000000001000d63e                disk_read
                0x000000001000d676                disk_write
                0x000000001000d6ae                disk_ioctl
                0x000000001000d78a                get_fattime
                0x000000001000d78e                ff_cre_syncobj
                0x000000001000d7d0                ff_del_syncobj
                0x000000001000d7f0                ff_req_grant
                0x000000001000d810                ff_rel_grant
                0x000000001000d818                ff_memalloc
                0x000000001000d81c                ff_memfree
 .text          0x000000001000d820     0x2f98 build\kernel\components\dfs\filesystems\elmfat\ff.o
                0x000000001000ef1a                f_mount
                0x000000001000efa6                f_open
                0x000000001000f1c2                f_read
                0x000000001000f380                f_write
                0x000000001000f582                f_sync
                0x000000001000f64a                f_close
                0x000000001000f680                f_lseek
                0x000000001000f906                f_opendir
                0x000000001000f9b2                f_closedir
                0x000000001000f9e0                f_readdir
                0x000000001000fa68                f_seekdir
                0x000000001000faaa                f_stat
                0x000000001000fb20                f_getfree
                0x000000001000fc22                f_truncate
                0x000000001000fd02                f_unlink
                0x000000001000fdd4                f_mkdir
                0x000000001000ff16                f_rename
                0x0000000010010066                f_mkfs
                0x0000000010010798                elm_get_vol
 .text          0x00000000100107b8      0x11e build\kernel\components\dfs\filesystems\elmfat\ffunicode.o
                0x00000000100107b8                ff_uni2oem
                0x0000000010010804                ff_oem2uni
                0x0000000010010832                ff_wtoupper
 .text          0x00000000100108d6      0x43c build\kernel\components\drivers\audio\audio_pipe.o
                0x0000000010010c0a                rt_audio_pipe_init
                0x0000000010010ca0                rt_audio_pipe_detach
                0x0000000010010ca8                rt_audio_pipe_create
                0x0000000010010cee                rt_audio_pipe_destroy
 .text          0x0000000010010d12      0x836 build\kernel\components\drivers\audio\audio.o
                0x000000001001127a                rt_audio_register
                0x00000000100112ea                rt_audio_samplerate_to_speed
                0x00000000100113b8                rt_audio_tx_complete
                0x000000001001151a                rt_audio_rx_done
 .text          0x0000000010011548      0x462 build\kernel\components\drivers\hwtimer\hwtimer.o
                0x00000000100118ac                rt_device_hwtimer_isr
                0x000000001001190e                rt_device_hwtimer_register
 .text          0x00000000100119aa      0x1de build\kernel\components\drivers\i2c\i2c_core.o
                0x00000000100119aa                rt_i2c_core_init
                0x00000000100119ae                rt_i2c_bus_device_register
                0x0000000010011a1e                rt_i2c_bus_device_find
                0x0000000010011a7a                rt_i2c_transfer
                0x0000000010011af8                rt_i2c_master_send
                0x0000000010011b2a                rt_i2c_master_recv
 .text          0x0000000010011b88      0x1bc build\kernel\components\drivers\i2c\i2c_dev.o
                0x0000000010011cf2                rt_i2c_bus_device_device_init
 .text          0x0000000010011d44      0x4a8 build\kernel\components\drivers\i2c\i2c-bit-ops.o
                0x00000000100121de                rt_i2c_bit_add_bus
 .text          0x00000000100121ec      0x3a6 build\kernel\components\drivers\misc\rt_drv_pwm.o
                0x0000000010012280                rt_pwm_enable
                0x00000000100122be                rt_pwm_set
                0x00000000100123b6                rt_device_pwm_register
                0x00000000100123fc                rt_pwm_disable
                0x0000000010012492                rt_pwm_get
 .text          0x0000000010012592      0x268 build\kernel\components\drivers\rtc\rtc.o
                0x0000000010012592                set_date
                0x0000000010012610                set_time
                0x0000000010012688                list_date
 .text          0x00000000100127fa      0x892 build\kernel\components\drivers\sdio\mmc.o
                0x0000000010012928                mmc_send_op_cond
                0x00000000100129b0                init_mmc
 .text          0x000000001001308c      0xa18 build\kernel\components\drivers\sdio\sd.o
                0x000000001001312e                mmcsd_send_app_cmd
                0x00000000100131a4                mmcsd_app_set_bus_width
                0x00000000100131ee                mmcsd_send_app_op_cond
                0x000000001001327e                mmcsd_send_if_cond
                0x00000000100132d8                mmcsd_get_card_addr
                0x000000001001331e                mmcsd_get_scr
                0x00000000100133f0                init_sd
 .text          0x0000000010013aa4      0x6f2 build\kernel\components\drivers\sdio\block_dev.o
                0x0000000010013db6                mmcsd_num_wr_blocks
                0x0000000010013eba                rt_mmcsd_blk_probe
                0x0000000010014128                rt_mmcsd_blk_remove
                0x0000000010014192                rt_mmcsd_blk_init
 .text          0x0000000010014196     0x1418 build\kernel\components\drivers\sdio\sdio.o
                0x000000001001421c                sdio_io_send_op_cond
                0x00000000100142b8                sdio_io_rw_direct
                0x00000000100143d0                sdio_io_rw_extended
                0x0000000010014574                sdio_io_rw_extended_block
                0x000000001001469e                sdio_io_readb
                0x00000000100149b2                sdio_io_writeb
                0x00000000100149dc                sdio_io_readw
                0x0000000010014a0e                sdio_io_writew
                0x0000000010014a2e                sdio_io_readl
                0x0000000010014a5e                sdio_io_writel
                0x0000000010014a7e                sdio_io_read_multi_fifo_b
                0x0000000010014a8a                sdio_io_write_multi_fifo_b
                0x0000000010014a96                sdio_io_read_multi_incr_b
                0x0000000010014aa2                sdio_io_write_multi_incr_b
                0x0000000010014aae                sdio_free_cis
                0x0000000010014ae4                init_sdio
                0x000000001001509a                sdio_attach_irq
                0x00000000100151a2                sdio_detach_irq
                0x0000000010015294                sdio_irq_wakeup
                0x00000000100152c2                sdio_enable_func
                0x000000001001538c                sdio_disable_func
                0x0000000010015412                sdio_set_drvdata
                0x0000000010015416                sdio_get_drvdata
                0x000000001001541a                sdio_set_block_size
                0x0000000010015484                sdio_register_driver
                0x000000001001550c                sdio_unregister_driver
                0x00000000100155ac                rt_sdio_init
 .text          0x00000000100155ae      0xa22 build\kernel\components\drivers\sdio\mmcsd_core.o
                0x00000000100155d2                rt_mmcsd_core_init
                0x00000000100156b0                mmcsd_host_lock
                0x00000000100156be                mmcsd_host_unlock
                0x00000000100156ca                mmcsd_req_complete
                0x00000000100156d6                mmcsd_send_request
                0x0000000010015736                mmcsd_send_cmd
                0x00000000100157c6                mmcsd_go_idle
                0x000000001001583c                mmcsd_detect
                0x00000000100159da                mmcsd_spi_read_ocr
                0x0000000010015a24                mmcsd_all_get_cid
                0x0000000010015a74                mmcsd_get_cid
                0x0000000010015ba4                mmcsd_get_csd
                0x0000000010015cce                mmcsd_select_card
                0x0000000010015cd4                mmcsd_deselect_cards
                0x0000000010015cda                mmcsd_spi_use_crc
                0x0000000010015d1c                mmcsd_set_chip_select
                0x0000000010015d22                mmcsd_set_clock
                0x0000000010015d72                mmcsd_set_bus_mode
                0x0000000010015d78                mmcsd_set_bus_width
                0x0000000010015d7e                mmcsd_set_data_timeout
                0x0000000010015e46                mmcsd_select_voltage
                0x0000000010015eb8                mmcsd_wait_cd_changed
                0x0000000010015eee                mmcsd_change
                0x0000000010015f00                mmcsd_alloc_host
                0x0000000010015fa0                mmcsd_free_host
 .text          0x0000000010015fd0      0x6f4 build\kernel\components\drivers\serial\serial.o
                0x0000000010016514                rt_hw_serial_register
                0x0000000010016576                rt_hw_serial_isr
 .text          0x00000000100166c4      0x7a4 build\kernel\components\drivers\src\dataqueue.o
                0x00000000100166c4                rt_data_queue_init
                0x0000000010016750                rt_data_queue_push
                0x0000000010016940                rt_data_queue_peek
                0x00000000100169e4                rt_data_queue_reset
                0x0000000010016ace                rt_data_queue_deinit
                0x0000000010016b48                rt_data_queue_len
                0x0000000010016bea                rt_data_queue_pop
 .text          0x0000000010016e68      0x65c build\kernel\components\drivers\src\ringbuffer.o
                0x0000000010016e68                rt_ringbuffer_init
                0x0000000010016eca                rt_ringbuffer_putchar_force
                0x0000000010016f78                rt_ringbuffer_data_len
                0x0000000010016fb0                rt_ringbuffer_put
                0x000000001001706e                rt_ringbuffer_put_force
                0x0000000010017188                rt_ringbuffer_get
                0x0000000010017262                rt_ringbuffer_peak
                0x00000000100172ec                rt_ringbuffer_putchar
                0x0000000010017368                rt_ringbuffer_getchar
                0x00000000100173f4                rt_ringbuffer_reset
                0x0000000010017428                rt_ringbuffer_create
                0x0000000010017488                rt_ringbuffer_destroy
 .text          0x00000000100174c4      0x204 build\kernel\components\drivers\src\completion.o
                0x00000000100174c4                rt_completion_init
                0x000000001001750e                rt_completion_wait
                0x0000000010017652                rt_completion_done
 .text          0x00000000100176c8      0x130 build\kernel\components\drivers\watchdog\watchdog.o
                0x0000000010017796                rt_hw_watchdog_register
 .text          0x00000000100177f8      0x1aa build\kernel\components\finsh\finsh_node.o
                0x00000000100177f8                finsh_node_init
                0x000000001001781c                finsh_node_allocate
                0x000000001001784e                finsh_node_new_id
                0x00000000100178b6                finsh_node_new_char
                0x00000000100178de                finsh_node_new_int
                0x0000000010017904                finsh_node_new_long
                0x000000001001792a                finsh_node_new_string
                0x000000001001797c                finsh_node_new_ptr
 .text          0x00000000100179a2      0x7ea build\kernel\components\finsh\finsh_parser.o
                0x00000000100180e4                finsh_parser_run
                0x0000000010018170                finsh_parser_init
 .text          0x000000001001818c      0xf5e build\kernel\components\finsh\cmd.o
                0x00000000100181d8                hello
                0x0000000010018266                version
                0x0000000010018280                list
                0x0000000010018428                list_timer
                0x0000000010018530                list_thread
                0x000000001001868a                list_sem
                0x00000000100187a0                list_event
                0x00000000100188ac                list_mutex
                0x0000000010018986                list_mailbox
                0x0000000010018aaa                list_msgqueue
                0x0000000010018bc6                list_memheap
                0x0000000010018c98                list_mempool
                0x0000000010018db0                list_device
                0x0000000010018e9e                list_prefix
 .text          0x00000000100190ea       0xf6 build\kernel\components\finsh\finsh_vm.o
                0x00000000100190ea                finsh_vm_run
                0x0000000010019146                finsh_syscall_append
                0x0000000010019188                finsh_syscall_lookup
 .text          0x00000000100191e0      0x8cc build\kernel\components\finsh\msh_file.o
                0x00000000100191e0                cmd_ls
                0x0000000010019208                cmd_pwd
                0x0000000010019362                cmd_rm
                0x000000001001948e                cmd_mkfs
                0x00000000100194f8                cmd_mount
                0x00000000100195cc                cmd_umount
                0x0000000010019630                cmd_cp
                0x0000000010019674                cmd_mv
                0x000000001001976e                cmd_cat
                0x00000000100197c2                cmd_cd
                0x000000001001980e                cmd_mkdir
                0x0000000010019852                cmd_df
                0x00000000100198ae                cmd_echo
                0x0000000010019930                msh_exec_script
 .text          0x0000000010019aac      0xa4c build\kernel\components\finsh\shell.o
                0x0000000010019af0                finsh_set_prompt
                0x0000000010019b34                finsh_get_prompt
                0x0000000010019c20                finsh_get_prompt_mode
                0x0000000010019c60                finsh_set_prompt_mode
                0x0000000010019cac                finsh_system_init
                0x0000000010019d76                finsh_set_device
                0x0000000010019e38                finsh_get_device
                0x0000000010019e76                finsh_set_echo
                0x0000000010019ec0                finsh_get_echo
                0x0000000010019efe                finsh_run_line
                0x0000000010019fd4                finsh_thread_entry
                0x000000001001a4d4                finsh_system_function_init
                0x000000001001a4e6                finsh_system_var_init
 .text          0x000000001001a4f8      0x530 build\kernel\components\finsh\msh.o
                0x000000001001a512                msh_help
                0x000000001001a58e                cmd_ps
                0x000000001001a5a4                cmd_free
                0x000000001001a5ba                msh_is_used
                0x000000001001a5c4                msh_exec
                0x000000001001a796                msh_auto_complete_path
                0x000000001001a942                msh_auto_complete
 .text          0x000000001001aa28      0x1aa build\kernel\components\finsh\finsh_var.o
                0x000000001001aa28                finsh_var_init
                0x000000001001aa4c                finsh_var_insert
                0x000000001001aab4                finsh_var_delete
                0x000000001001aafa                finsh_var_lookup
                0x000000001001ab32                finsh_sysvar_append
                0x000000001001ab7a                finsh_sysvar_lookup
 .text          0x000000001001abd2      0xef0 build\kernel\components\finsh\finsh_compiler.o
                0x000000001001ba44                finsh_compiler_run
 .text          0x000000001001bac2      0x1fc build\kernel\components\finsh\finsh_heap.o
                0x000000001001bae6                finsh_heap_init
                0x000000001001bb28                finsh_heap_free
                0x000000001001bbe0                finsh_heap_allocate
 .text          0x000000001001bcbe      0x842 build\kernel\components\finsh\finsh_ops.o
                0x000000001001bcbe                OP_no_op
                0x000000001001bcc0                OP_add_byte
                0x000000001001bce0                OP_add_word
                0x000000001001bd00                OP_add_dword
                0x000000001001bd20                OP_sub_byte
                0x000000001001bd40                OP_sub_word
                0x000000001001bd60                OP_sub_dword
                0x000000001001bd80                OP_div_byte
                0x000000001001bda2                OP_div_word
                0x000000001001bdc4                OP_div_dword
                0x000000001001bde6                OP_mod_byte
                0x000000001001be08                OP_mod_word
                0x000000001001be2a                OP_mod_dword
                0x000000001001be4c                OP_mul_byte
                0x000000001001be6e                OP_mul_word
                0x000000001001be90                OP_mul_dword
                0x000000001001beb2                OP_and_byte
                0x000000001001bed2                OP_and_word
                0x000000001001bef2                OP_and_dword
                0x000000001001bf12                OP_or_byte
                0x000000001001bf32                OP_or_word
                0x000000001001bf52                OP_or_dword
                0x000000001001bf72                OP_xor_byte
                0x000000001001bf92                OP_xor_word
                0x000000001001bfb2                OP_xor_dword
                0x000000001001bfd2                OP_bw_byte
                0x000000001001bfe8                OP_bw_word
                0x000000001001bffe                OP_bw_dword
                0x000000001001c014                OP_shl_byte
                0x000000001001c036                OP_shl_word
                0x000000001001c058                OP_shl_dword
                0x000000001001c07a                OP_shr_byte
                0x000000001001c09c                OP_shr_word
                0x000000001001c0be                OP_shr_dword
                0x000000001001c0e0                OP_ld_byte
                0x000000001001c10a                OP_ld_word
                0x000000001001c13c                OP_ld_dword
                0x000000001001c17c                OP_ld_value_byte
                0x000000001001c1c2                OP_ld_value_byte_stack
                0x000000001001c1d8                OP_ld_value_word
                0x000000001001c21e                OP_ld_value_word_stack
                0x000000001001c234                OP_ld_value_dword
                0x000000001001c276                OP_ld_value_dword_stack
                0x000000001001c28a                OP_st_byte
                0x000000001001c2a8                OP_st_word
                0x000000001001c2c4                OP_st_dword
                0x000000001001c2de                OP_pop
                0x000000001001c2ee                OP_call
 .text          0x000000001001c500       0x34 build\kernel\components\finsh\finsh_error.o
                0x000000001001c500                finsh_error_init
                0x000000001001c50c                finsh_error_set
                0x000000001001c518                finsh_errno
                0x000000001001c522                finsh_error_string
 .text          0x000000001001c534      0x5ca build\kernel\components\finsh\finsh_token.o
                0x000000001001c598                finsh_token_init
                0x000000001001c5ba                finsh_token_get_token
                0x000000001001c5c8                token_get_string
                0x000000001001c64c                finsh_token_token
 .text          0x000000001001cafe       0x70 build\kernel\components\finsh\finsh_init.o
                0x000000001001cafe                finsh_init
                0x000000001001cb24                finsh_stack_bottom
                0x000000001001cb2e                finsh_flush
                0x000000001001cb4c                finsh_reset
 .text          0x000000001001cb6e       0x48 build\kernel\components\libc\compilers\common\stdlib.o
                0x000000001001cb6e                __rt_libc_exit
                0x000000001001cbb2                __rt_libc_system
 .text          0x000000001001cbb6      0x4b4 build\kernel\components\libc\compilers\common\time.o
                0x000000001001cbf8                gmtime_r
                0x000000001001ccb2                gmtime
                0x000000001001ccbc                localtime_r
                0x000000001001ccd8                localtime
                0x000000001001cce2                asctime_r
                0x000000001001cd8a                asctime
                0x000000001001cd94                ctime_r
                0x000000001001cdb2                ctime
                0x000000001001cdc6                time
                0x000000001001ce3c                clock
                0x000000001001ce44                stime
                0x000000001001cea0                timegm
                0x000000001001d016                mktime
                0x000000001001d018                gettimeofday
                0x000000001001d04a                settimeofday
 .text          0x000000001001d06a       0xc4 build\kernel\components\libc\compilers\newlib\stdio.o
                0x000000001001d06a                libc_stdio_set_console
                0x000000001001d11a                libc_stdio_get_console
 .text          0x000000001001d12e       0x3a build\kernel\components\libc\compilers\newlib\libc.o
                0x000000001001d12e                libc_system_init
 .text          0x000000001001d168      0x124 build\kernel\components\libc\compilers\newlib\syscalls.o
                0x000000001001d168                __errno
                0x000000001001d170                _getpid_r
                0x000000001001d174                _close_r
                0x000000001001d17a                _execve_r
                0x000000001001d184                _fcntl_r
                0x000000001001d18e                _fork_r
                0x000000001001d198                _fstat_r
                0x000000001001d1a2                _isatty_r
                0x000000001001d1a8                _kill_r
                0x000000001001d1b2                _link_r
                0x000000001001d1bc                _lseek_r
                0x000000001001d1c6                _mkdir_r
                0x000000001001d1ce                _open_r
                0x000000001001d1d8                _read_r
                0x000000001001d1e2                _rename_r
                0x000000001001d1ea                _stat_r
                0x000000001001d1f2                _unlink_r
                0x000000001001d1f8                _wait_r
                0x000000001001d202                _write_r
                0x000000001001d20c                _malloc_r
                0x000000001001d22a                _realloc_r
                0x000000001001d24a                _calloc_r
                0x000000001001d26a                _free_r
                0x000000001001d270                _exit
                0x000000001001d27e                _system
                0x000000001001d282                __libc_init_array
                0x000000001001d284                umask
                0x000000001001d288                flock
 .text          0x000000001001d28c      0x1e6 libraries\hal_drivers\drv_gpio.o