Archive member included to satisfy reference by file (symbol)

d:/program_files/programming/rt-threadstudio/repo/extract/toolchain_support_packages/risc-v/risc-v-gcc/10.1.0/bin/../lib/gcc/riscv64-unknown-elf/10.1.0/../../../../riscv64-unknown-elf/lib/rv32im/ilp32\libc.a(lib_a-atoi.o)
                              build\kernel\components\drivers\misc\adc.o (atoi)
d:/program_files/programming/rt-threadstudio/repo/extract/toolchain_support_packages/risc-v/risc-v-gcc/10.1.0/bin/../lib/gcc/riscv64-unknown-elf/10.1.0/../../../../riscv64-unknown-elf/lib/rv32im/ilp32\libc.a(lib_a-fclose.o)
                              build\kernel\components\libc\compilers\newlib\stdio.o (fclose)
d:/program_files/programming/rt-threadstudio/repo/extract/toolchain_support_packages/risc-v/risc-v-gcc/10.1.0/bin/../lib/gcc/riscv64-unknown-elf/10.1.0/../../../../riscv64-unknown-elf/lib/rv32im/ilp32\libc.a(lib_a-fflush.o)
                              d:/program_files/programming/rt-threadstudio/repo/extract/toolchain_support_packages/risc-v/risc-v-gcc/10.1.0/bin/../lib/gcc/riscv64-unknown-elf/10.1.0/../../../../riscv64-unknown-elf/lib/rv32im/ilp32\libc.a(lib_a-fclose.o) (__sflush_r)
d:/program_files/programming/rt-threadstudio/repo/extract/toolchain_support_packages/risc-v/risc-v-gcc/10.1.0/bin/../lib/gcc/riscv64-unknown-elf/10.1.0/../../../../riscv64-unknown-elf/lib/rv32im/ilp32\libc.a(lib_a-fileno.o)
                              build\kernel\components\libc\compilers\newlib\stdio.o (fileno)
d:/program_files/programming/rt-threadstudio/repo/extract/toolchain_support_packages/risc-v/risc-v-gcc/10.1.0/bin/../lib/gcc/riscv64-unknown-elf/10.1.0/../../../../riscv64-unknown-elf/lib/rv32im/ilp32\libc.a(lib_a-findfp.o)
                              d:/program_files/programming/rt-threadstudio/repo/extract/toolchain_support_packages/risc-v/risc-v-gcc/10.1.0/bin/../lib/gcc/riscv64-unknown-elf/10.1.0/../../../../riscv64-unknown-elf/lib/rv32im/ilp32\libc.a(lib_a-fclose.o) (__sinit)
d:/program_files/programming/rt-threadstudio/repo/extract/toolchain_support_packages/risc-v/risc-v-gcc/10.1.0/bin/../lib/gcc/riscv64-unknown-elf/10.1.0/../../../../riscv64-unknown-elf/lib/rv32im/ilp32\libc.a(lib_a-fopen.o)
                              build\kernel\components\libc\compilers\newlib\stdio.o (fopen)
d:/program_files/programming/rt-threadstudio/repo/extract/toolchain_support_packages/risc-v/risc-v-gcc/10.1.0/bin/../lib/gcc/riscv64-unknown-elf/10.1.0/../../../../riscv64-unknown-elf/lib/rv32im/ilp32\libc.a(lib_a-fseek.o)
                              d:/program_files/programming/rt-threadstudio/repo/extract/toolchain_support_packages/risc-v/risc-v-gcc/10.1.0/bin/../lib/gcc/riscv64-unknown-elf/10.1.0/../../../../riscv64-unknown-elf/lib/rv32im/ilp32\libc.a(lib_a-fopen.o) (_fseek_r)
d:/program_files/programming/rt-threadstudio/repo/extract/toolchain_support_packages/risc-v/risc-v-gcc/10.1.0/bin/../lib/gcc/riscv64-unknown-elf/10.1.0/../../../../riscv64-unknown-elf/lib/rv32im/ilp32\libc.a(lib_a-fseeko.o)
                              d:/program_files/programming/rt-threadstudio/repo/extract/toolchain_support_packages/risc-v/risc-v-gcc/10.1.0/bin/../lib/gcc/riscv64-unknown-elf/10.1.0/../../../../riscv64-unknown-elf/lib/rv32im/ilp32\libc.a(lib_a-fseek.o) (_fseeko_r)
d:/program_files/programming/rt-threadstudio/repo/extract/toolchain_support_packages/risc-v/risc-v-gcc/10.1.0/bin/../lib/gcc/riscv64-unknown-elf/10.1.0/../../../../riscv64-unknown-elf/lib/rv32im/ilp32\libc.a(lib_a-ftello.o)
                              d:/program_files/programming/rt-threadstudio/repo/extract/toolchain_support_packages/risc-v/risc-v-gcc/10.1.0/bin/../lib/gcc/riscv64-unknown-elf/10.1.0/../../../../riscv64-unknown-elf/lib/rv32im/ilp32\libc.a(lib_a-fseeko.o) (_ftello_r)
d:/program_files/programming/rt-threadstudio/repo/extract/toolchain_support_packages/risc-v/risc-v-gcc/10.1.0/bin/../lib/gcc/riscv64-unknown-elf/10.1.0/../../../../riscv64-unknown-elf/lib/rv32im/ilp32\libc.a(lib_a-fwalk.o)
                              d:/program_files/programming/rt-threadstudio/repo/extract/toolchain_support_packages/risc-v/risc-v-gcc/10.1.0/bin/../lib/gcc/riscv64-unknown-elf/10.1.0/../../../../riscv64-unknown-elf/lib/rv32im/ilp32\libc.a(lib_a-findfp.o) (_fwalk)
d:/program_files/programming/rt-threadstudio/repo/extract/toolchain_support_packages/risc-v/risc-v-gcc/10.1.0/bin/../lib/gcc/riscv64-unknown-elf/10.1.0/../../../../riscv64-unknown-elf/lib/rv32im/ilp32\libc.a(lib_a-impure.o)
                              build\kernel\components\libc\compilers\newlib\stdio.o (_global_impure_ptr)
d:/program_files/programming/rt-threadstudio/repo/extract/toolchain_support_packages/risc-v/risc-v-gcc/10.1.0/bin/../lib/gcc/riscv64-unknown-elf/10.1.0/../../../../riscv64-unknown-elf/lib/rv32im/ilp32\libc.a(lib_a-makebuf.o)
[...]
Memory Configuration

Name             Origin             Length             Attributes
init             0x0000000010000000 0x0000000000000200
flash            0x0000000010000200 0x0000000000100000 xr
comm             0x0000000000014000 0x000000000000a800 xr
data             0x0000000000011000 0x0000000000002000
stack            0x0000000000013000 0x0000000000001000
heap             0x000000000001e800 0x0000000000011800
ram1             0x0000000000050000 0x0000000000007a00 xr
*default*        0x0000000000000000 0xffffffffffffffff

Linker script and memory map

LOAD build\applications\main.o
LOAD build\applications\mnt.o
LOAD build\board\ports\audio\drv_sound.o
LOAD build\board\board.o
LOAD build\board\ab32vg1_hal_msp.o
LOAD build\kernel\src\memheap.o
LOAD build\kernel\src\clock.o
LOAD build\kernel\src\ipc.o
LOAD build\kernel\src\kservice.o
LOAD build\kernel\src\thread.o
LOAD build\kernel\src\irq.o
LOAD build\kernel\src\idle.o
LOAD build\kernel\src\timer.o
LOAD build\kernel\src\mempool.o
LOAD build\kernel\src\device.o
LOAD build\kernel\src\mem.o
LOAD build\kernel\src\object.o
LOAD build\kernel\src\scheduler.o
LOAD build\kernel\src\components.o
LOAD build\kernel\components\dfs\src\dfs_posix.o
LOAD build\kernel\components\dfs\src\dfs_fs.o
LOAD build\kernel\components\dfs\src\dfs.o
LOAD build\kernel\components\dfs\src\dfs_file.o
LOAD build\kernel\components\dfs\filesystems\devfs\devfs.o
LOAD build\kernel\components\dfs\filesystems\elmfat\dfs_elm.o
LOAD build\kernel\components\dfs\filesystems\elmfat\ffunicode.o
LOAD build\kernel\components\dfs\filesystems\elmfat\ff.o
LOAD build\kernel\components\drivers\audio\audio.o
LOAD build\kernel\components\drivers\audio\audio_pipe.o
LOAD build\kernel\components\drivers\hwtimer\hwtimer.o
LOAD build\kernel\components\drivers\i2c\i2c_core.o
LOAD build\kernel\components\drivers\i2c\i2c_dev.o
LOAD build\kernel\components\drivers\i2c\i2c-bit-ops.o
LOAD build\kernel\components\drivers\misc\adc.o
LOAD build\kernel\components\drivers\misc\rt_drv_pwm.o
LOAD build\kernel\components\drivers\misc\pin.o
LOAD build\kernel\components\drivers\rtc\rtc.o
LOAD build\kernel\components\drivers\sdio\mmc.o
LOAD build\kernel\components\drivers\sdio\sd.o
LOAD build\kernel\components\drivers\sdio\block_dev.o
LOAD build\kernel\components\drivers\sdio\sdio.o
LOAD build\kernel\components\drivers\sdio\mmcsd_core.o
LOAD build\kernel\components\drivers\serial\serial.o
LOAD build\kernel\components\drivers\src\workqueue.o
LOAD build\kernel\components\drivers\src\dataqueue.o
LOAD build\kernel\components\drivers\src\pipe.o
LOAD build\kernel\components\drivers\src\completion.o
LOAD build\kernel\components\drivers\src\ringbuffer.o
LOAD build\kernel\components\drivers\src\ringblk_buf.o
LOAD build\kernel\components\drivers\src\waitqueue.o
LOAD build\kernel\components\drivers\watchdog\watchdog.o
LOAD build\kernel\components\finsh\finsh_node.o
LOAD build\kernel\components\finsh\finsh_parser.o
LOAD build\kernel\components\finsh\cmd.o
LOAD build\kernel\components\finsh\finsh_vm.o
LOAD build\kernel\components\finsh\msh_file.o
LOAD build\kernel\components\finsh\shell.o
LOAD build\kernel\components\finsh\finsh_var.o
LOAD build\kernel\components\finsh\finsh_compiler.o
LOAD build\kernel\components\finsh\finsh_heap.o
LOAD build\kernel\components\finsh\finsh_ops.o
LOAD build\kernel\components\finsh\finsh_error.o
LOAD build\kernel\components\finsh\msh.o
LOAD build\kernel\components\finsh\finsh_token.o
LOAD build\kernel\components\finsh\finsh_init.o
LOAD build\kernel\components\libc\compilers\common\time.o
LOAD build\kernel\components\libc\compilers\common\stdlib.o
LOAD build\kernel\components\libc\compilers\newlib\libc.o
LOAD build\kernel\components\libc\compilers\newlib\syscalls.o
LOAD build\kernel\components\libc\compilers\newlib\stdio.o
LOAD libraries\hal_drivers\drv_gpio.o
LOAD libraries\hal_drivers\drv_rtc.o
LOAD libraries\hal_drivers\drv_soft_i2c.o
LOAD libraries\hal_drivers\drv_wdt.o
LOAD libraries\hal_drivers\drv_sdio.o
LOAD libraries\hal_drivers\drv_adc.o
LOAD libraries\hal_drivers\drv_irrx.o
LOAD libraries\hal_drivers\drv_usart.o
LOAD libraries\hal_drivers\drv_pwm.o
LOAD libraries\hal_drivers\drv_hwtimer.o
LOAD libcpu\cpu\interrupt.o
LOAD libcpu\cpu\cpuport.o
LOAD libcpu\cpu\context_gcc.o
LOAD libraries\hal_libraries\ab32vg1_hal\source\ab32vg1_hal_dac.o
LOAD libraries\hal_libraries\ab32vg1_hal\source\ab32vg1_hal_gpio.o
LOAD libraries\hal_libraries\ab32vg1_hal\source\ab32vg1_hal_sd.o
LOAD libraries\hal_libraries\ab32vg1_hal\source\ab32vg1_hal.o
LOAD libraries\hal_libraries\ab32vg1_hal\source\ab32vg1_hal_uart.o
LOAD libraries\hal_libraries\ab32vg1_hal\source\ab32vg1_hal_rcu.o
LOAD libraries\hal_libraries\bmsis\source\startup.o
LOAD libraries\hal_libraries\bmsis\source\system_ab32vgx.o
LOAD d:/program_files/programming/rt-threadstudio/repo/extract/toolchain_support_packages/risc-v/risc-v-gcc/10.1.0/bin/../lib/gcc/riscv64-unknown-elf/10.1.0/../../../../riscv64-unknown-elf/lib/rv32im/ilp32\libc.a
LOAD d:/program_files/programming/rt-threadstudio/repo/extract/toolchain_support_packages/risc-v/risc-v-gcc/10.1.0/bin/../lib/gcc/riscv64-unknown-elf/10.1.0/../../../../riscv64-unknown-elf/lib/rv32im/ilp32\libm.a
LOAD libraries\hal_libraries\ab32vg1_hal\libhal.a
LOAD d:/program_files/programming/rt-threadstudio/repo/extract/toolchain_support_packages/risc-v/risc-v-gcc/10.1.0/bin/../lib/gcc/riscv64-unknown-elf/10.1.0/rv32im/ilp32\libgcc.a
START GROUP
LOAD d:/program_files/programming/rt-threadstudio/repo/extract/toolchain_support_packages/risc-v/risc-v-gcc/10.1.0/bin/../lib/gcc/riscv64-unknown-elf/10.1.0/../../../../riscv64-unknown-elf/lib/rv32im/ilp32\libc.a
LOAD d:/program_files/programming/rt-threadstudio/repo/extract/toolchain_support_packages/risc-v/risc-v-gcc/10.1.0/bin/../lib/gcc/riscv64-unknown-elf/10.1.0/../../../../riscv64-unknown-elf/lib/rv32im/ilp32\libgloss.a
END GROUP
LOAD d:/program_files/programming/rt-threadstudio/repo/extract/toolchain_support_packages/risc-v/risc-v-gcc/10.1.0/bin/../lib/gcc/riscv64-unknown-elf/10.1.0/rv32im/ilp32\libgcc.a
                0x0000000000100000                __max_flash_size = 0x100000
                0x0000000000002000                __data_ram_size = 0x2000
                0x0000000000001000                __stack_ram_size = 0x1000
                0x000000000000a800                __comm_ram_size = 0xa800
                0x0000000000011800                __heap_ram_size = 0x11800
                0x0000000010000000                __base = 0x10000000
                0x0000000000011000                __data_vma = 0x11000
                0x0000000000013000                __stack_vma = (__data_vma + __data_ram_size)
                0x0000000000014000                __comm_vma = (__stack_vma + __stack_ram_size)
                0x000000000001e800                __heap_vma = (__comm_vma + __comm_ram_size)
                0x0000000000050000                __ram1_vma = 0x50000

.init           0x0000000010000000       0xbe
 *(.reset)
 .reset         0x0000000010000000       0xbe libraries\hal_libraries\bmsis\source\startup.o
                0x0000000010000000                _start

.ram1           0x0000000000050000     0x6854 load address 0x0000000010000200
                0x0000000000050000                . = ALIGN (0x4)
                0x0000000000050000                __rt_init_start = .
 *(SORT_BY_NAME(.rti_fn*))
 .rti_fn.0      0x0000000000050000        0x4 build\kernel\src\components.o
                0x0000000000050000                __rt_init_rti_start
 .rti_fn.0.end  0x0000000000050004        0x4 build\kernel\src\components.o
                0x0000000000050004                __rt_init_rti_board_start
 .rti_fn.1      0x0000000000050008        0x4 libraries\hal_drivers\drv_soft_i2c.o
                0x0000000000050008                __rt_init_rt_hw_i2c_init
 .rti_fn.1      0x000000000005000c        0x4 libraries\hal_drivers\drv_wdt.o
                0x000000000005000c                __rt_init_rt_wdt_init
 .rti_fn.1      0x0000000000050010        0x4 libraries\hal_drivers\drv_adc.o
                0x0000000000050010                __rt_init_ab32_adc_init
 .rti_fn.1      0x0000000000050014        0x4 libraries\hal_drivers\drv_irrx.o
                0x0000000000050014                __rt_init_ab32_irrx_init
 .rti_fn.1      0x0000000000050018        0x4 libraries\hal_drivers\drv_hwtimer.o
                0x0000000000050018                __rt_init_ab32_hwtimer_init
 .rti_fn.1.end  0x000000000005001c        0x4 build\kernel\src\components.o
                0x000000000005001c                __rt_init_rti_board_end
 .rti_fn.2      0x0000000000050020        0x4 build\kernel\components\dfs\src\dfs.o
                0x0000000000050020                __rt_init_dfs_init
 .rti_fn.2      0x0000000000050024        0x4 build\kernel\components\drivers\sdio\mmcsd_core.o
                0x0000000000050024                __rt_init_rt_mmcsd_core_init
 .rti_fn.3      0x0000000000050028        0x4 build\board\ports\audio\drv_sound.o
                0x0000000000050028                __rt_init_rt_hw_sound_init
 .rti_fn.3      0x000000000005002c        0x4 libraries\hal_drivers\drv_rtc.o
                0x000000000005002c                __rt_init_rt_hw_rtc_init
 .rti_fn.3      0x0000000000050030        0x4 libraries\hal_drivers\drv_sdio.o
                0x0000000000050030                __rt_init_rt_hw_sdio_init
 .rti_fn.3      0x0000000000050034        0x4 libraries\hal_drivers\drv_pwm.o
                0x0000000000050034                __rt_init_ab32_pwm_init
 .rti_fn.4      0x0000000000050038        0x4 build\kernel\components\dfs\filesystems\elmfat\dfs_elm.o
                0x0000000000050038                __rt_init_elm_init
 .rti_fn.4      0x000000000005003c        0x4 build\kernel\components\drivers\i2c\i2c_core.o
                0x000000000005003c                __rt_init_rt_i2c_core_init
 .rti_fn.4      0x0000000000050040        0x4 build\kernel\components\libc\compilers\newlib\libc.o
                0x0000000000050040                __rt_init_libc_system_init
 .rti_fn.6      0x0000000000050044        0x4 build\applications\mnt.o
                0x0000000000050044                __rt_init_ab32_sdcard_mount
 .rti_fn.6      0x0000000000050048        0x4 build\kernel\components\finsh\shell.o
                0x0000000000050048                __rt_init_finsh_system_init
 .rti_fn.6.end  0x000000000005004c        0x4 build\kernel\src\components.o
                0x000000000005004c                __rt_init_rti_end
                0x0000000000050050                __rt_init_end = .
                0x0000000000050050                . = ALIGN (0x4)
                [!provide]                        PROVIDE (__ctors_start__ = .)
 *(SORT_BY_NAME(.init_array.*))
 *(.init_array*)
                [!provide]                        PROVIDE (__ctors_end__ = .)
                0x0000000000050050                . = ALIGN (0x4)
 *save-restore.o(.text* .rodata*)
 *libcpu*cpu*context_gcc.o(.text* .rodata*)
 .text          0x0000000000050050      0x19c libcpu\cpu\context_gcc.o
                0x0000000000050050                rt_hw_interrupt_disable
                0x000000000005005e                rt_hw_interrupt_enable
                0x0000000000050070                rt_hw_context_switch_to
                0x00000000000500a4                rt_hw_context_switch
                0x00000000000500c4                rt_switch_to_thread
                0x00000000000500ea                rt_hw_context_switch_interrupt
                0x0000000000050110                rt_soft_isr
                0x0000000000050118                low_prio_irq
 *libcpu*cpu*interrupt.o(.text* .rodata*)
 .text          0x00000000000501ec       0xe0 libcpu\cpu\interrupt.o
                0x00000000000501ec                set_cpu_irq_comm
                0x00000000000501f6                cpu_irq_comm_do
                0x0000000000050230                rt_hw_irq_enable
                0x0000000000050248                rt_hw_irq_disable
                0x0000000000050264                rt_hw_interrupt_init
                0x0000000000050266                rt_hw_interrupt_install
 *libcpu**.o(.rodata*)
 .rodata.str1.4
                0x00000000000502cc        0xd libcpu\cpu\cpuport.o
                                         0x12 (size before relaxing)
 *fill*         0x00000000000502d9        0x3 
 .rodata        0x00000000000502dc       0x13 libcpu\cpu\cpuport.o
 *components*drivers*misc*pin.o(.text*)
 *fill*         0x00000000000502ef        0x1 
 .text          0x00000000000502f0      0x30c build\kernel\components\drivers\misc\pin.o
                0x000000000005032c                rt_pin_mode
                0x0000000000050372                rt_pin_write
                0x00000000000503b8                rt_pin_read
                0x00000000000503f6                rt_pin_get
                0x00000000000504e2                rt_device_pin_register
                0x0000000000050518                rt_pin_attach_irq
                0x0000000000050570                rt_pin_detach_irq
                0x00000000000505b2                rt_pin_irq_enable
 *components*drivers*misc*adc.o(.text*)
 .text          0x00000000000505fc      0x35e build\kernel\components\drivers\misc\adc.o
                0x000000000005065a                rt_hw_adc_register
                0x00000000000506ae                rt_adc_read
                0x00000000000506e6                rt_adc_enable
                0x000000000005071c                rt_adc_disable
                0x000000000005095c                . = ALIGN (0x4)
 *fill*         0x000000000005095a        0x2 
 *src*ipc.o(.text* .rodata*)
 .text          0x000000000005095c     0x1f90 build\kernel\src\ipc.o
                0x00000000000509e2                rt_ipc_get_highest_priority
                0x0000000000050a04                rt_sem_init
                0x0000000000050a68                rt_sem_detach
                0x0000000000050ade                rt_sem_create
                0x0000000000050b62                rt_sem_delete
                0x0000000000050c16                rt_sem_take
                0x0000000000050d64                rt_sem_trytake
                0x0000000000050d68                rt_sem_release
                0x0000000000050e06                rt_sem_control
                0x0000000000050e76                rt_mutex_init
                0x0000000000050ec2                rt_mutex_detach
                0x0000000000050f38                rt_mutex_create
                0x0000000000050fa4                rt_mutex_delete
                0x0000000000051058                rt_mutex_take
                0x00000000000511f8                rt_mutex_release
                0x00000000000513ae                rt_mutex_control
                0x00000000000513f8                rt_event_init
                0x000000000005143c                rt_event_detach
                0x00000000000514b4                rt_event_create
                0x0000000000051518                rt_event_delete
                0x00000000000515ce                rt_event_send
                0x00000000000516b4                rt_event_recv
                0x0000000000051888                rt_event_control
                0x00000000000518f8                rt_mb_init
                0x0000000000051954                rt_mb_detach
                0x00000000000519d4                rt_mb_create
                0x0000000000051a6c                rt_mb_delete
                0x0000000000051b34                rt_mb_send_wait
                0x0000000000051cfc                rt_mb_send
                0x0000000000051d00                rt_mb_urgent
                0x0000000000051db6                rt_mb_recv
                0x0000000000051fa0                rt_mb_control
                0x000000000005201c                rt_mq_init
                0x00000000000520b2                rt_mq_detach
                0x0000000000052132                rt_mq_create
                0x000000000005220c                rt_mq_delete
                0x00000000000522dc                rt_mq_send_wait
                0x00000000000524fe                rt_mq_send
                0x0000000000052502                rt_mq_urgent
                0x0000000000052614                rt_mq_recv
                0x0000000000052856                rt_mq_control
 .rodata.str1.4
                0x00000000000528ec      0x472 build\kernel\src\ipc.o
                                        0x476 (size before relaxing)
 *fill*         0x0000000000052d5e        0x2 
 .rodata        0x0000000000052d60      0x242 build\kernel\src\ipc.o
 *src*irq.o(.text* .rodata*)
 .text          0x0000000000052fa2       0x9a build\kernel\src\irq.o
                0x0000000000052fa2                rt_interrupt_enter_sethook
                0x0000000000052fac                rt_interrupt_leave_sethook
                0x0000000000052fb6                rt_interrupt_enter
                0x0000000000052fec                rt_interrupt_leave
                0x0000000000053022                rt_interrupt_get_nest
 *src*object.o(.text* .rodata*)
 .text          0x000000000005303c      0x3c4 build\kernel\src\object.o
                0x000000000005303c                rt_object_attach_sethook
                0x0000000000053046                rt_object_detach_sethook
                0x0000000000053050                rt_object_trytake_sethook
                0x000000000005305a                rt_object_take_sethook
                0x0000000000053064                rt_object_put_sethook
                0x000000000005306e                rt_object_get_information
                0x0000000000053096                rt_object_get_length
                0x00000000000530c0                rt_object_get_pointers
                0x0000000000053102                rt_object_init
                0x00000000000531a6                rt_object_detach
                0x00000000000531f4                rt_object_allocate
                0x00000000000532ae                rt_object_delete
                0x0000000000053326                rt_object_is_systemobject
                0x0000000000053350                rt_object_get_type
                0x000000000005337c                rt_object_find
 *fill*         0x0000000000053400        0x0 
 .rodata.str1.4
                0x0000000000053400       0x65 build\kernel\src\object.o
                                         0x91 (size before relaxing)
 *fill*         0x0000000000053465        0x3 
 .rodata        0x0000000000053468       0x8b build\kernel\src\object.o
 *src*thread.o(.text* .rodata*)
 *fill*         0x00000000000534f3        0x1 
 .text          0x00000000000534f4      0x81c build\kernel\src\thread.o
                0x0000000000053512                rt_thread_exit
                0x0000000000053626                rt_thread_timeout
                0x00000000000536b0                rt_thread_suspend_sethook
                0x00000000000536ba                rt_thread_resume_sethook
                0x00000000000536c4                rt_thread_inited_sethook
                0x00000000000536ce                rt_thread_init
                0x0000000000053734                rt_thread_self
                0x000000000005373e                rt_thread_detach
                0x00000000000537d4                rt_thread_create
                0x000000000005381a                rt_thread_delete
                0x00000000000538c8                rt_thread_yield
                0x00000000000538fe                rt_thread_suspend
                0x00000000000539bc                rt_thread_sleep
                0x0000000000053a46                rt_thread_delay
                0x0000000000053a48                rt_thread_mdelay
                0x0000000000053a56                rt_thread_delay_until
                0x0000000000053b1e                rt_thread_resume
                0x0000000000053bb0                rt_thread_startup
                0x0000000000053c42                rt_thread_control
                0x0000000000053d0a                rt_thread_find
 *fill*         0x0000000000053d10        0x0 
 .rodata.str1.4
                0x0000000000053d10      0x19f build\kernel\src\thread.o
 *fill*         0x0000000000053eaf        0x1 
 .rodata        0x0000000000053eb0       0xd2 build\kernel\src\thread.o
 *src*timer.o(.text* .rodata*)
 .text          0x0000000000053f82      0x688 build\kernel\src\timer.o
                0x0000000000053f94                rt_timer_enter_sethook
                0x0000000000053f9e                rt_timer_exit_sethook
                0x0000000000053fa8                rt_timer_init
                0x0000000000053ffe                rt_timer_detach
                0x0000000000054088                rt_timer_create
                0x00000000000540be                rt_timer_delete
                0x0000000000054148                rt_timer_start
                0x0000000000054278                rt_timer_stop
                0x00000000000542f4                rt_timer_control
                0x0000000000054398                rt_timer_check
                0x000000000005445e                rt_timer_next_timeout_tick
                0x0000000000054482                rt_soft_timer_check
                0x00000000000545b2                rt_system_timer_init
                0x00000000000545c0                rt_system_timer_thread_init
 *fill*         0x000000000005460a        0x2 
 .rodata.str1.4
                0x000000000005460c       0xde build\kernel\src\timer.o
 *fill*         0x00000000000546ea        0x2 
 .rodata        0x00000000000546ec       0x75 build\kernel\src\timer.o
 *src*mempool.o(.text* .rodata*)
 *fill*         0x0000000000054761        0x1 
 .text          0x0000000000054762      0x4e2 build\kernel\src\mempool.o
                0x0000000000054762                rt_mp_alloc_sethook
                0x000000000005476c                rt_mp_free_sethook
                0x0000000000054776                rt_mp_init
                0x000000000005484c                rt_mp_detach
                0x00000000000548e2                rt_mp_create
                0x00000000000549cc                rt_mp_delete
                0x0000000000054aaa                rt_mp_alloc
                0x0000000000054be4                rt_mp_free
 .rodata.str1.4
                0x0000000000054c44      0x121 build\kernel\src\mempool.o
                                        0x14d (size before relaxing)
 *fill*         0x0000000000054d65        0x3 
 .rodata        0x0000000000054d68       0x48 build\kernel\src\mempool.o
 *src*scheduler.o(.text* .rodata*)
 .text          0x0000000000054db0      0x310 build\kernel\src\scheduler.o
                0x0000000000054db0                rt_scheduler_sethook
                0x0000000000054dba                rt_system_scheduler_init
                0x0000000000054df2                rt_schedule_insert_thread
                0x0000000000054e72                rt_schedule_remove_thread
                0x0000000000054eda                rt_system_scheduler_start
                0x0000000000054f1a                rt_schedule
                0x0000000000055050                rt_enter_critical
                0x0000000000055072                rt_exit_critical
                0x00000000000550b6                rt_critical_level
 *fill*         0x00000000000550c0        0x0 
 .rodata.str1.4
                0x00000000000550c0       0x51 build\kernel\src\scheduler.o
                                         0x65 (size before relaxing)
 *fill*         0x0000000000055111        0x3 
 .rodata        0x0000000000055114       0x36 build\kernel\src\scheduler.o
 *src*clock.o(.text* .rodata*)
 .text          0x000000000005514a       0x90 build\kernel\src\clock.o
                0x000000000005514a                rt_tick_get
                0x0000000000055154                rt_tick_set
                0x000000000005516e                rt_tick_increase
                0x00000000000551a8                rt_tick_from_millisecond
                0x00000000000551d0                rt_tick_get_millisecond
 *src*kservice.o(.text* .rodata*)
 .text          0x00000000000551da      0xad4 build\kernel\src\kservice.o
                0x0000000000055378                rt_get_errno
                0x0000000000055398                rt_set_errno
                0x00000000000553ba                _rt_errno
                0x00000000000553dc                rt_memset
                0x0000000000055460                rt_memcpy
                0x000000000005550e                rt_memmove
                0x0000000000055558                rt_memcmp
                0x0000000000055580                rt_strcasecmp
                0x00000000000555b4                rt_strncpy
                0x00000000000555e0                rt_strncmp
                0x0000000000055610                rt_strcmp
                0x000000000005562a                rt_strnlen
                0x0000000000055642                rt_strlen
                0x0000000000055654                rt_strstr
                0x000000000005568c                rt_strdup
                0x00000000000556b8                rt_vsnprintf
                0x0000000000055a3e                rt_snprintf
                0x0000000000055a58                rt_vsprintf
                0x0000000000055a60                rt_sprintf
                0x0000000000055a7c                rt_console_get_device
                0x0000000000055a86                rt_console_set_device
                0x0000000000055ac2                rt_kputs
                0x0000000000055b0e                rt_kprintf
                0x0000000000055b8e                rt_show_version
                0x0000000000055bcc                rt_malloc_align
                0x0000000000055c06                rt_free_align
                0x0000000000055c12                __rt_ffs
                0x0000000000055c6a                rt_assert_set_hook
                0x0000000000055c74                rt_assert_handler
 *fill*         0x0000000000055cae        0x2 
 .rodata.str1.4
                0x0000000000055cb0       0xc7 build\kernel\src\kservice.o
 *fill*         0x0000000000055d77        0x1 
 .rodata        0x0000000000055d78      0x180 build\kernel\src\kservice.o
                0x0000000000055df8                __lowest_bit_bitmap
 *src*device.o(.text* .rodata*)
 .text          0x0000000000055ef8      0x4ec build\kernel\src\device.o
                0x0000000000055ef8                rt_device_unregister
                0x0000000000055f68                rt_device_find
                0x0000000000055f6e                rt_device_register
                0x0000000000055fa4                rt_device_create
                0x0000000000055fd0                rt_device_destroy
                0x0000000000056048                rt_device_init
                0x00000000000560a4                rt_device_open
                0x0000000000056194                rt_device_close
                0x000000000005620c                rt_device_read
                0x000000000005627c                rt_device_write
                0x00000000000562ec                rt_device_control
                0x0000000000056348                rt_device_set_rx_indicate
                0x0000000000056396                rt_device_set_tx_complete
 *fill*         0x00000000000563e4        0x0 
 .rodata.str1.4
                0x00000000000563e4       0xf4 build\kernel\src\device.o
 .rodata        0x00000000000564d8       0xc6 build\kernel\src\device.o
 *src*idle.o(.text* .rodata*)
 .text          0x000000000005659e      0x17c build\kernel\src\idle.o
                0x000000000005659e                rt_thread_idle_sethook
                0x00000000000565d8                rt_thread_idle_delhook
                0x0000000000056616                rt_thread_idle_excute
                0x00000000000566c2                rt_thread_idle_init
                0x0000000000056710                rt_thread_idle_gethandler
 *fill*         0x000000000005671a        0x2 
 .rodata.str1.4
                0x000000000005671c        0x8 build\kernel\src\idle.o
                                         0x34 (size before relaxing)
 .rodata        0x0000000000056724       0x16 build\kernel\src\idle.o
 *src*components.o(.text* .rodata*)
 .text          0x000000000005673a       0xee build\kernel\src\components.o
                0x000000000005674a                rt_components_board_init
                0x000000000005676e                rt_components_init
                0x0000000000056792                main_thread_entry
                0x00000000000567a4                rt_application_init
                0x00000000000567ec                rtthread_startup
                0x000000000005681c                entry
 *fill*         0x0000000000056828        0x0 
 .rodata.str1.4
                0x0000000000056828       0x17 build\kernel\src\components.o
 *fill*         0x000000000005683f        0x1 
 .rodata        0x0000000000056840       0x14 build\kernel\src\components.o

.comm           0x0000000000014000     0x4e2e load address 0x0000000010006a54
                0x0000000000014000                . = ALIGN (0x4)
 *(.vector)
 .vector        0x0000000000014000       0xd2 libraries\hal_libraries\bmsis\source\startup.o
                0x00000000000140c2                cpu_irq_comm
 .vector        0x00000000000140d2       0x3a libraries\hal_libraries\ab32vg1_hal\libhal.a(s_cache.o)
                0x00000000000140d2                isr_cache
 .vector        0x000000000001410c       0x2c libraries\hal_libraries\ab32vg1_hal\libhal.a(platform.o)
                0x000000000001410c                put_be32
                0x0000000000014114                put_be16
                0x000000000001411e                get_be32
                0x0000000000014120                swap32
                0x0000000000014126                get_be16
                0x000000000001412a                swap16
                0x0000000000014130                bitset_cnt
                0x0000000000014136                dummy_func
                0x0000000000014136                dummy_dump
 .vector        0x0000000000014138      0x128 libraries\hal_libraries\ab32vg1_hal\libhal.a(save-restore.o)
                0x0000000000014138                __riscv_save_12
                0x0000000000014158                __riscv_save_11
                0x0000000000014174                __riscv_save_10
                0x0000000000014190                __riscv_save_9
                0x00000000000141aa                __riscv_save_8
                0x00000000000141c2                __riscv_save_7
                0x00000000000141d6                __riscv_save_6
                0x00000000000141e8                __riscv_save_5
                0x00000000000141f8                __riscv_save_4
                0x0000000000014206                __riscv_save_3
                0x0000000000014212                __riscv_save_2
                0x000000000001421c                __riscv_save_1
                0x0000000000014224                __riscv_save_0
                0x000000000001422a                __riscv_restore_12
                0x000000000001422e                __riscv_restore_11
                0x0000000000014232                __riscv_restore_10
                0x0000000000014236                __riscv_restore_9
                0x000000000001423a                __riscv_restore_8
                0x000000000001423e                __riscv_restore_7
                0x0000000000014242                __riscv_restore_6
                0x0000000000014246                __riscv_restore_5
                0x000000000001424a                __riscv_restore_4
                0x000000000001424e                __riscv_restore_3
                0x0000000000014252                __riscv_restore_2
                0x0000000000014256                __riscv_restore_1
                0x000000000001425a                __riscv_restore_0
                0x0000000000014260                _gp
 *(.irq.cache)
 .irq.cache     0x0000000000014260       0xc2 build\board\board.o
                0x0000000000014260                cache_init
                0x0000000000014296                os_spiflash_lock
                0x00000000000142ba                os_spiflash_unlock
                0x00000000000142dc                os_cache_lock
                0x0000000000014300                os_cache_unlock
 .irq.cache     0x0000000000014322      0x118 libraries\hal_libraries\ab32vg1_hal\libhal.a(cache.o)
                0x0000000000014322                load_bank
                0x0000000000014428                load_cache_execute
 .irq.cache     0x000000000001443a       0x9c libraries\hal_libraries\ab32vg1_hal\libhal.a(s_cache.o)
                0x000000000001449c                load_cache
 *(.irq*)
 .irq.audio     0x00000000000144d6       0x3c build\board\ports\audio\drv_sound.o
                0x00000000000144d6                audio_sem_post
 .irq.timer     0x0000000000014512       0x1a build\board\board.o
                0x0000000000014512                timer0_isr
 .irq.err       0x000000000001452c       0x2e build\board\board.o
                0x000000000001452c                exception_isr
 *fill*         0x000000000001455a        0x2 
 .irq.err.str   0x000000000001455c       0x17 build\board\board.o
 *fill*         0x0000000000014573        0x1 
 .irq.sdio      0x0000000000014574       0x42 libraries\hal_drivers\drv_sdio.o
                0x0000000000014574                rthw_sdio_irq_process
                0x000000000001459e                sdio_isr
 .irq.irrx      0x00000000000145b6       0x8a libraries\hal_drivers\drv_irrx.o
                0x0000000000014610                ab32_get_irkey
 .irq.usart     0x0000000000014640      0x16e libraries\hal_drivers\drv_usart.o
                0x000000000001468a                uart_irq_process
 .irq.timer     0x00000000000147ae       0x5c libraries\hal_drivers\drv_hwtimer.o
                0x00000000000147ae                timer1_isr
 .irq.debug     0x000000000001480a       0xae libraries\hal_libraries\ab32vg1_hal\libhal.a(debug.o)
                0x000000000001480a                os_get_interrupt_nest
                0x000000000001480e                debug_dump_info
                0x0000000000014888                sys_error_hook
 *fill*         0x00000000000148b8        0x0 
 .irq.debug.str
                0x00000000000148b8       0x32 libraries\hal_libraries\ab32vg1_hal\libhal.a(debug.o)
                0x00000000000148b8                debug_dump_err_str_1
 *components*src**.o(.text* .rodata*)
 .text          0x00000000000148ea      0x612 build\kernel\components\dfs\src\dfs_posix.o
                0x00000000000148ea                mkdir
                0x000000000001494c                open
                0x00000000000149b4                close
                0x00000000000149ea                read
                0x0000000000014a2a                write
                0x0000000000014a6a                lseek
                0x0000000000014acc                rename
                0x0000000000014ae6                unlink
                0x0000000000014b00                stat
                0x0000000000014b1a                fstat
                0x0000000000014b60                fsync
                0x0000000000014b88                fcntl
                0x0000000000014bd6                ioctl
                0x0000000000014bf2                ftruncate
                0x0000000000014c3a                statfs
                0x0000000000014c54                rmdir
                0x0000000000014c56                opendir
                0x0000000000014cd4                readdir
                0x0000000000014d4a                telldir
                0x0000000000014d7a                seekdir
                0x0000000000014db4                rewinddir
                0x0000000000014de8                closedir
                0x0000000000014e2a                chdir
                0x0000000000014ebc                access
                0x0000000000014ece                getcwd
 *fill*         0x0000000000014efc        0x0 
 .rodata.str1.4
                0x0000000000014efc        0x4 build\kernel\components\dfs\src\dfs_posix.o
 .rodata.name   0x0000000000014f00       0x42 build\kernel\components\dfs\src\dfs_posix.o
                0x0000000000014f00                __fsym_cd_desc
                0x0000000000014f24                __fsym_cd_name
                0x0000000000014f28                __fsym_mkdir_desc
                0x0000000000014f3c                __fsym_mkdir_name
 .text          0x0000000000014f42      0x692 build\kernel\components\dfs\src\dfs_fs.o
                0x0000000000014f42                dfs_register
                0x0000000000014fcc                dfs_filesystem_lookup
                0x000000000001506a                dfs_filesystem_get_mounted_path
                0x00000000000150a6                dfs_filesystem_get_partition
                0x00000000000151ac                dfs_mount
                0x0000000000015364                dfs_unmount
                0x0000000000015402                dfs_mkfs
                0x00000000000154de                mkfs
                0x00000000000154e0                dfs_statfs
                0x0000000000015504                df
 .rodata.str1.4
                0x00000000000155d4      0x1b2 build\kernel\components\dfs\src\dfs_fs.o
                                        0x1b6 (size before relaxing)
 *fill*         0x0000000000015786        0x2 
 .rodata        0x0000000000015788       0x35 build\kernel\components\dfs\src\dfs_fs.o
 *fill*         0x00000000000157bd        0x3 
 .rodata.name   0x00000000000157c0       0x2d build\kernel\components\dfs\src\dfs_fs.o
                0x00000000000157c0                __fsym_df_desc
                0x00000000000157d0                __fsym_df_name
                0x00000000000157d4                __fsym_mkfs_desc
                0x00000000000157e8                __fsym_mkfs_name
 *fill*         0x00000000000157ed        0x1 
 .text          0x00000000000157ee      0x604 build\kernel\components\dfs\src\dfs.o
                0x00000000000157ee                list_fd
                0x00000000000158fa                dfs_init
                0x00000000000159b0                dfs_lock
                0x00000000000159e8                dfs_unlock
                0x00000000000159f4                fd_new
                0x0000000000015ae8                fd_get
                0x0000000000015b36                fd_put
                0x0000000000015b9a                dfs_subdir
                0x0000000000015bd6                dfs_normalize_path
                0x0000000000015d4a                fd_is_open
                0x0000000000015de8                dfs_fdtable_get
 *fill*         0x0000000000015df2        0x2 
 .rodata.str1.4
                0x0000000000015df4      0x116 build\kernel\components\dfs\src\dfs.o
                                        0x136 (size before relaxing)
 *fill*         0x0000000000015f0a        0x2 
 .rodata        0x0000000000015f0c       0x1f build\kernel\components\dfs\src\dfs.o
 *fill*         0x0000000000015f2b        0x1 
 .rodata.name   0x0000000000015f2c       0x26 build\kernel\components\dfs\src\dfs.o
                0x0000000000015f2c                __fsym___cmd_list_fd_desc
                0x0000000000015f44                __fsym___cmd_list_fd_name
 .text          0x0000000000015f52      0x8cc build\kernel\components\dfs\src\dfs_file.o
                0x0000000000015f52                dfs_file_open
                0x0000000000016030                dfs_file_close
                0x0000000000016060                dfs_file_ioctl
                0x00000000000160a6                dfs_file_read
                0x00000000000160d6                cat
                0x0000000000016150                dfs_file_getdents
                0x0000000000016170                dfs_file_unlink
                0x00000000000161ea                rm
                0x000000000001620c                dfs_file_write
                0x00000000000162e8                dfs_file_flush
                0x00000000000162fc                dfs_file_lseek
                0x0000000000016324                dfs_file_stat
                0x0000000000016420                ls
                0x0000000000016654                copy
                0x0000000000016754                dfs_file_rename
                0x00000000000167e2                dfs_file_ftruncate
 *fill*         0x000000000001681e        0x2 
 .rodata.str1.4
                0x0000000000016820      0x1b4 build\kernel\components\dfs\src\dfs_file.o
                                        0x1cc (size before relaxing)
 .rodata.name   0x00000000000169d4       0x67 build\kernel\components\dfs\src\dfs_file.o
                0x00000000000169d4                __fsym_copy_desc
                0x00000000000169e8                __fsym_copy_name
                0x00000000000169f0                __fsym_cat_desc
                0x00000000000169fc                __fsym_cat_name
                0x0000000000016a00                __fsym_rm_desc
                0x0000000000016a1c                __fsym_rm_name
                0x0000000000016a20                __fsym_ls_desc
                0x0000000000016a38                __fsym_ls_name
 *fill*         0x0000000000016a3b        0x1 
 .text          0x0000000000016a3c      0x664 build\kernel\components\drivers\src\dataqueue.o
                0x0000000000016a3c                rt_data_queue_init
                0x0000000000016abc                rt_data_queue_push
                0x0000000000016c58                rt_data_queue_peek
                0x0000000000016ce4                rt_data_queue_reset
                0x0000000000016d92                rt_data_queue_deinit
                0x0000000000016df8                rt_data_queue_len
                0x0000000000016e82                rt_data_queue_pop
 .rodata.str1.4
                0x00000000000170a0       0x8c build\kernel\components\drivers\src\dataqueue.o
                                         0x90 (size before relaxing)
 .rodata        0x000000000001712c       0x8e build\kernel\components\drivers\src\dataqueue.o
 .text          0x00000000000171ba      0x188 build\kernel\components\drivers\src\completion.o
                0x00000000000171ba                rt_completion_init
                0x00000000000171f0                rt_completion_wait
                0x00000000000172ec                rt_completion_done
 *fill*         0x0000000000017342        0x2 
 .rodata.str1.4
                0x0000000000017344       0x47 build\kernel\components\drivers\src\completion.o
                                         0x72 (size before relaxing)
 *fill*         0x000000000001738b        0x1 
 .rodata        0x000000000001738c       0x3b build\kernel\components\drivers\src\completion.o
 *fill*         0x00000000000173c7        0x1 
 .text          0x00000000000173c8      0x60c build\kernel\components\drivers\src\ringbuffer.o
                0x00000000000173c8                rt_ringbuffer_init
                0x000000000001741a                rt_ringbuffer_putchar_force
                0x00000000000174bc                rt_ringbuffer_data_len
                0x00000000000174f4                rt_ringbuffer_put
                0x00000000000175b2                rt_ringbuffer_put_force
                0x00000000000176cc                rt_ringbuffer_get
                0x00000000000177a6                rt_ringbuffer_peak
                0x0000000000017824                rt_ringbuffer_putchar
                0x0000000000017894                rt_ringbuffer_getchar
                0x0000000000017914                rt_ringbuffer_reset
                0x000000000001793c                rt_ringbuffer_create
                0x000000000001799c                rt_ringbuffer_destroy
 *fill*         0x00000000000179d4        0x0 
 .rodata.str1.4
                0x00000000000179d4        0xe build\kernel\components\drivers\src\ringbuffer.o
                                         0x19 (size before relaxing)
 *fill*         0x00000000000179e2        0x2 
 .rodata        0x00000000000179e4       0xf6 build\kernel\components\drivers\src\ringbuffer.o
 *ab32vg1_hal**.o(.text* .rodata*)
 .text          0x0000000000017ada      0x120 build\board\ab32vg1_hal_msp.o
                0x0000000000017ada                hal_uart_mspinit
                0x0000000000017b9a                hal_sd_mspinit
                0x0000000000017bd6                hal_pwm_mspinit
 .text          0x0000000000017bfa      0x124 libraries\hal_libraries\ab32vg1_hal\source\ab32vg1_hal_gpio.o
                0x0000000000017bfa                gpio_afinit
                0x0000000000017c2a                hal_gpio_init
                0x0000000000017cee                hal_gpio_read
                0x0000000000017cf8                hal_gpio_write
                0x0000000000017d10                hal_gpio_toggle
 .text          0x0000000000017d1e       0x54 libraries\hal_libraries\ab32vg1_hal\source\ab32vg1_hal.o
                0x0000000000017d1e                hal_set_tick_hook
                0x0000000000017d28                hal_set_ticks
                0x0000000000017d4a                hal_udelay
 .text          0x0000000000017d72      0x130 libraries\hal_libraries\ab32vg1_hal\source\ab32vg1_hal_uart.o
                0x0000000000017d72                hal_uart_setbaud
                0x0000000000017d90                hal_uart_setparam
                0x0000000000017de2                hal_uart_deinit
                0x0000000000017de8                HAL_UART_MspInit
                0x0000000000017dea                hal_uart_control
                0x0000000000017e02                hal_uart_write
                0x0000000000017e06                hal_uart_read
                0x0000000000017e0e                hal_uart_getflag
                0x0000000000017e14                hal_uart_clrflag
                0x0000000000017e1c                uart_config_all
                0x0000000000017e88                hal_uart_init
 .text          0x0000000000017ea2       0x70 libraries\hal_libraries\ab32vg1_hal\source\ab32vg1_hal_rcu.o
                0x0000000000017ea2                hal_rcu_periph_clk_enable
                0x0000000000017ed6                hal_rcu_periph_clk_disable
 .text.hal_adc_enable
                0x0000000000017f12       0x14 libraries\hal_libraries\ab32vg1_hal\libhal.a(ab32vg1_hal_adc.o)
                0x0000000000017f12                hal_adc_enable
 .text.hal_adc_start
                0x0000000000017f26        0x6 libraries\hal_libraries\ab32vg1_hal\libhal.a(ab32vg1_hal_adc.o)
                0x0000000000017f26                hal_adc_start
 .text.hal_adc_poll_for_conversion
                0x0000000000017f2c       0x30 libraries\hal_libraries\ab32vg1_hal\libhal.a(ab32vg1_hal_adc.o)
                0x0000000000017f2c                hal_adc_poll_for_conversion
 *drv_gpio.o(.text* .rodata*)
 .text          0x0000000000017f5c      0x1b2 libraries\hal_drivers\drv_gpio.o
                0x00000000000180f8                rt_hw_pin_init
 *fill*         0x000000000001810e        0x2 
 .rodata.str1.4
                0x0000000000018110        0x4 libraries\hal_drivers\drv_gpio.o
 .rodata        0x0000000000018114       0x38 libraries\hal_drivers\drv_gpio.o
 *drv_usart.o(.rodata*)
 .rodata.str1.4
                0x000000000001814c       0x6e libraries\hal_drivers\drv_usart.o
 *fill*         0x00000000000181ba        0x2 
 .rodata        0x00000000000181bc       0x81 libraries\hal_drivers\drv_usart.o
 EXCLUDE_FILE(*unwind*.o *lib_a**.o) *(.srodata*)
 *fill*         0x000000000001823d        0x3 
 .srodata       0x0000000000018240        0x8 build\kernel\src\mem.o
 .srodata       0x0000000000018248        0x7 build\kernel\components\dfs\src\dfs.o
 *fill*         0x000000000001824f        0x1 
 .srodata.cst4  0x0000000000018250        0x8 build\kernel\components\drivers\hwtimer\hwtimer.o
 *fill*         0x0000000000018258        0x0 
 .srodata.cst8  0x0000000000018258        0x8 build\kernel\components\drivers\misc\rt_drv_pwm.o
 .srodata       0x0000000000018260        0x8 libraries\hal_drivers\drv_soft_i2c.o
 .srodata       0x0000000000018268        0x8 libraries\hal_drivers\drv_adc.o
 *(.rela*)
 .rela.text.startup
                0x0000000000018270        0x0 build\applications\main.o
 .rela.text     0x0000000000018270        0x0 build\applications\main.o
 .rela.irq.err  0x0000000000018270        0x0 build\applications\main.o
 .rela.reset    0x0000000000018270        0x0 build\applications\main.o
 .rela.vector   0x0000000000018270        0x0 build\applications\main.o
 .rela.irq.cache
                0x0000000000018270        0x0 build\applications\main.o
 .rela.com_text.cache
                0x0000000000018270        0x0 build\applications\main.o
 .rela.com_text.spiflash
                0x0000000000018270        0x0 build\applications\main.o
 .rela.irq.debug
                0x0000000000018270        0x0 build\applications\main.o
 *(.data*)
 .data          0x0000000000018270       0x1c build\board\ports\audio\drv_sound.o
 .data          0x000000000001828c       0xa0 build\kernel\src\object.o
 .data          0x000000000001832c      0x100 build\kernel\components\dfs\src\dfs.o
                0x000000000001832c                working_directory
 .data          0x000000000001842c       0x3c libraries\hal_drivers\drv_adc.o
 .data          0x0000000000018468        0xc libraries\hal_drivers\drv_usart.o
 .data          0x0000000000018474       0x48 libraries\hal_drivers\drv_pwm.o
 .data          0x00000000000184bc       0x5c libraries\hal_drivers\drv_hwtimer.o
 .data          0x0000000000018518      0x428 d:/program_files/programming/rt-threadstudio/repo/extract/toolchain_support_packages/risc-v/risc-v-gcc/10.1.0/bin/../lib/gcc/riscv64-unknown-elf/10.1.0/../../../../riscv64-unknown-elf/lib/rv32im/ilp32\libc.a(lib_a-impure.o)
 .data          0x0000000000018940      0x16c d:/program_files/programming/rt-threadstudio/repo/extract/toolchain_support_packages/risc-v/risc-v-gcc/10.1.0/bin/../lib/gcc/riscv64-unknown-elf/10.1.0/../../../../riscv64-unknown-elf/lib/rv32im/ilp32\libc.a(lib_a-locale.o)
                0x0000000000018940                __global_locale
 *(.sdata*)
 .sdata         0x0000000000018aac        0x1 build\kernel\src\timer.o
 *fill*         0x0000000000018aad        0x3 
 .sdata         0x0000000000018ab0        0x8 build\kernel\components\drivers\sdio\block_dev.o
 .sdata         0x0000000000018ab8       0x10 build\kernel\components\drivers\sdio\sdio.o
 .sdata         0x0000000000018ac8        0x4 build\kernel\components\finsh\msh.o
 .sdata         0x0000000000018acc        0x1 libraries\hal_drivers\drv_sdio.o
 *fill*         0x0000000000018acd        0x3 
 .sdata         0x0000000000018ad0        0x4 libraries\hal_drivers\drv_pwm.o
 .sdata         0x0000000000018ad4        0x4 d:/program_files/programming/rt-threadstudio/repo/extract/toolchain_support_packages/risc-v/risc-v-gcc/10.1.0/bin/../lib/gcc/riscv64-unknown-elf/10.1.0/../../../../riscv64-unknown-elf/lib/rv32im/ilp32\libc.a(lib_a-impure.o)
                0x0000000000018ad4                _impure_ptr
 .sdata         0x0000000000018ad8        0x4 d:/program_files/programming/rt-threadstudio/repo/extract/toolchain_support_packages/risc-v/risc-v-gcc/10.1.0/bin/../lib/gcc/riscv64-unknown-elf/10.1.0/../../../../riscv64-unknown-elf/lib/rv32im/ilp32\libc.a(lib_a-environ.o)
                0x0000000000018ad8                environ
 .sdata         0x0000000000018adc        0x4 libraries\hal_libraries\ab32vg1_hal\libhal.a(cache.o)
                0x0000000000018adc                _cache_cb
 *(.com_text*)
 .com_text.cache
                0x0000000000018ae0       0x5c libraries\hal_libraries\ab32vg1_hal\libhal.a(cache.o)
                0x0000000000018ae0                os_cache_init
                0x0000000000018b1e                os_cache_setfunc
 .com_text.spiflash
                0x0000000000018b3c      0x2f2 libraries\hal_libraries\ab32vg1_hal\libhal.a(spiflash.o)
                0x0000000000018c02                spiflash_read
                0x0000000000018d70                os_spiflash_read
                0x0000000000018da2                os_spiflash_program
                0x0000000000018dfe                os_spiflash_erase

.bss            0x0000000000011000     0x1990
                0x0000000000011000                __bss_start = .
 *(COMMON)
 COMMON         0x0000000000011000       0x2c libraries\hal_libraries\ab32vg1_hal\libhal.a(cache.o)
                0x0000000000011000                cache_cb
 COMMON         0x000000000001102c        0x4 libraries\hal_libraries\ab32vg1_hal\libhal.a(spiflash.o)
                0x000000000001102c                spi_dummy_byte
 *(.bss)
 .bss           0x0000000000011030       0x58 build\board\ports\audio\drv_sound.o
 .bss           0x0000000000011088       0xc8 build\board\board.o
 .bss           0x0000000000011150       0x80 build\kernel\src\kservice.o
 .bss           0x00000000000111d0      0x290 build\kernel\src\idle.o
 .bss           0x0000000000011460      0x180 build\kernel\src\timer.o
 .bss           0x00000000000115e0       0x20 build\kernel\src\mem.o
 .bss           0x0000000000011600      0x100 build\kernel\src\scheduler.o
                0x0000000000011600                rt_thread_priority_table
 .bss           0x0000000000011700       0x44 build\kernel\components\dfs\src\dfs.o
                0x0000000000011700                filesystem_table
 .bss           0x0000000000011744      0x128 build\kernel\components\dfs\src\dfs_file.o
 .bss           0x000000000001186c       0x34 build\kernel\components\drivers\misc\pin.o
 .bss           0x00000000000118a0      0x500 build\kernel\components\drivers\sdio\mmcsd_core.o
 .bss           0x0000000000011da0      0x140 build\kernel\components\finsh\finsh_node.o
                0x0000000000011da0                global_node_table
 .bss           0x0000000000011ee0      0x180 build\kernel\components\finsh\finsh_vm.o
                0x0000000000011ee0                finsh_vm_stack
                0x0000000000011fe0                text_segment
 .bss           0x0000000000012060       0x81 build\kernel\components\finsh\shell.o
 *fill*         0x00000000000120e1        0x3 
 .bss           0x00000000000120e4       0xc0 build\kernel\components\finsh\finsh_var.o
                0x00000000000120e4                global_variable
 *fill*         0x00000000000121a4        0x4 
 .bss           0x00000000000121a8       0x80 build\kernel\components\finsh\finsh_heap.o
                0x00000000000121a8                finsh_heap
 .bss           0x0000000000012228       0x61 build\kernel\components\libc\compilers\common\time.o
 *fill*         0x0000000000012289        0x3 
 .bss           0x000000000001228c       0x30 libraries\hal_drivers\drv_rtc.o
 .bss           0x00000000000122bc       0x88 libraries\hal_drivers\drv_soft_i2c.o
 .bss           0x0000000000012344       0x34 libraries\hal_drivers\drv_wdt.o
 *fill*         0x0000000000012378        0x8 
 .bss           0x0000000000012380      0x400 libraries\hal_drivers\drv_sdio.o
 .bss           0x0000000000012780       0x58 libraries\hal_drivers\drv_usart.o
 .bss           0x00000000000127d8       0x5c libcpu\cpu\interrupt.o
                0x00000000000127d8                tbl_irq_vector
 .bss           0x0000000000012834        0xc libraries\hal_libraries\bmsis\source\system_ab32vgx.o
                0x0000000000012834                sys
 *(.sbss)
 .sbss          0x0000000000012840        0x4 build\kernel\src\clock.o
 .sbss          0x0000000000012844        0xc build\kernel\src\kservice.o
                0x0000000000012844                rt_assert_hook
 .sbss          0x0000000000012850        0xc build\kernel\src\thread.o
 .sbss          0x000000000001285c        0xc build\kernel\src\irq.o
                0x000000000001285c                rt_interrupt_nest
 .sbss          0x0000000000012868       0x1c build\kernel\src\timer.o
 .sbss          0x0000000000012884        0x8 build\kernel\src\mempool.o
 .sbss          0x000000000001288c       0x20 build\kernel\src\mem.o
 .sbss          0x00000000000128ac       0x14 build\kernel\src\object.o
                0x00000000000128ac                rt_object_put_hook
                0x00000000000128b0                rt_object_take_hook
                0x00000000000128b4                rt_object_trytake_hook
 .sbss          0x00000000000128c0       0x1c build\kernel\src\scheduler.o
                0x00000000000128c4                rt_thread_defunct
                0x00000000000128cc                rt_current_priority
                0x00000000000128d0                rt_current_thread
                0x00000000000128d8                rt_thread_ready_priority_group
 .sbss          0x00000000000128dc       0x14 build\kernel\components\dfs\src\dfs.o
                0x00000000000128e8                filesystem_operation_table
 .sbss          0x00000000000128f0        0x8 build\kernel\components\dfs\filesystems\elmfat\dfs_elm.o
 .sbss          0x00000000000128f8        0xc build\kernel\components\dfs\filesystems\elmfat\ff.o
 .sbss          0x0000000000012904        0x4 build\kernel\components\drivers\misc\adc.o
 .sbss          0x0000000000012908        0x4 build\kernel\components\drivers\serial\serial.o
 .sbss          0x000000000001290c        0x4 build\kernel\components\finsh\cmd.o
 .sbss          0x0000000000012910        0xc build\kernel\components\finsh\finsh_vm.o
                0x0000000000012910                global_syscall_list
                0x0000000000012914                finsh_pc
                0x0000000000012918                finsh_sp
 .sbss          0x000000000001291c       0x18 build\kernel\components\finsh\shell.o
                0x0000000000012920                shell
                0x0000000000012924                _sysvar_table_end
                0x0000000000012928                _sysvar_table_begin
                0x000000000001292c                _syscall_table_end
                0x0000000000012930                _syscall_table_begin
 .sbss          0x0000000000012934        0x4 build\kernel\components\finsh\finsh_var.o
                0x0000000000012934                global_sysvar_list
 .sbss          0x0000000000012938        0x8 build\kernel\components\finsh\finsh_compiler.o
                0x0000000000012938                finsh_compile_pc
                0x000000000001293c                finsh_compile_sp
 .sbss          0x0000000000012940        0x8 build\kernel\components\finsh\finsh_heap.o
 .sbss          0x0000000000012948        0x1 build\kernel\components\finsh\finsh_error.o
                0x0000000000012948                global_errno
 *fill*         0x0000000000012949        0x3 
 .sbss          0x000000000001294c        0x4 build\kernel\components\libc\compilers\common\time.o
 .sbss          0x0000000000012950        0x4 build\kernel\components\libc\compilers\newlib\stdio.o
 .sbss          0x0000000000012954        0x8 libraries\hal_drivers\drv_wdt.o
 .sbss          0x000000000001295c        0x4 libraries\hal_drivers\drv_sdio.o
 .sbss          0x0000000000012960        0x8 libraries\hal_drivers\drv_irrx.o
 .sbss          0x0000000000012968        0x8 libcpu\cpu\interrupt.o
                0x0000000000012968                cpu_irq_comm_hook
                0x000000000001296c                irq_mask
 .sbss          0x0000000000012970       0x10 libcpu\cpu\cpuport.o
                0x0000000000012970                rt_cur_thread_sp
                0x0000000000012974                rt_thread_switch_interrupt_flag
                0x0000000000012978                rt_interrupt_to_thread
                0x000000000001297c                rt_interrupt_from_thread
 .sbss          0x0000000000012980        0x8 libraries\hal_libraries\ab32vg1_hal\source\ab32vg1_hal.o
 .sbss          0x0000000000012988        0x4 d:/program_files/programming/rt-threadstudio/repo/extract/toolchain_support_packages/risc-v/risc-v-gcc/10.1.0/bin/../lib/gcc/riscv64-unknown-elf/10.1.0/../../../../riscv64-unknown-elf/lib/rv32im/ilp32\libc.a(lib_a-setenv_r.o)
 .sbss          0x000000000001298c        0x4 d:/program_files/programming/rt-threadstudio/repo/extract/toolchain_support_packages/risc-v/risc-v-gcc/10.1.0/bin/../lib/gcc/riscv64-unknown-elf/10.1.0/../../../../riscv64-unknown-elf/lib/rv32im/ilp32\libc.a(lib_a-environ.o)
 *(.buf*)
                0x0000000000012990                __bss_end = .
                0x0000000000001990                __bss_size = (__bss_end - __bss_start)

.stack          0x0000000000013000     0x1000
                0x0000000000013000                __irq_stack_start = .
                0x0000000000001000                . = __stack_ram_size
 *fill*         0x0000000000013000     0x1000 
                0x0000000000014000                __irq_stack = .
                0x0000000000001000                __irq_stack_size = (__irq_stack - __irq_stack_start)

.heap           0x000000000001e800    0x11800
                0x000000000001e800                __heap_start = .
                0x0000000000011800                . = __heap_ram_size
 *fill*         0x000000000001e800    0x11800 
                0x0000000000030000                __heap_end = .

.flash          0x000000001000b888    0x2bd78
                0x000000001000b888                . = ALIGN (0x4)
                0x000000001000b888                __fsymtab_start = .
 *(FSymTab)
 FSymTab        0x000000001000b888        0xc build\kernel\src\memheap.o
                0x000000001000b888                __fsym___cmd_memheaptrace
 FSymTab        0x000000001000b894        0xc build\kernel\src\mem.o
                0x000000001000b894                __fsym_list_mem
 FSymTab        0x000000001000b8a0       0x18 build\kernel\components\dfs\src\dfs_posix.o
                0x000000001000b8a0                __fsym_cd
                0x000000001000b8ac                __fsym_mkdir
 FSymTab        0x000000001000b8b8       0x18 build\kernel\components\dfs\src\dfs_fs.o
                0x000000001000b8b8                __fsym_df
                0x000000001000b8c4                __fsym_mkfs
 FSymTab        0x000000001000b8d0        0xc build\kernel\components\dfs\src\dfs.o
                0x000000001000b8d0                __fsym___cmd_list_fd
 FSymTab        0x000000001000b8dc       0x30 build\kernel\components\dfs\src\dfs_file.o
                0x000000001000b8dc                __fsym_copy
                0x000000001000b8e8                __fsym_cat
                0x000000001000b8f4                __fsym_rm
                0x000000001000b900                __fsym_ls
 FSymTab        0x000000001000b90c        0xc build\kernel\components\drivers\misc\adc.o
                0x000000001000b90c                __fsym___cmd_adc
 FSymTab        0x000000001000b918       0x48 build\kernel\components\drivers\misc\rt_drv_pwm.o
                0x000000001000b918                __fsym___cmd_pwm_get
                0x000000001000b924                __fsym___cmd_pwm_set
                0x000000001000b930                __fsym___cmd_pwm_disable
                0x000000001000b93c                __fsym___cmd_pwm_enable
                0x000000001000b948                __fsym_pwm_set
                0x000000001000b954                __fsym_pwm_enable
 FSymTab        0x000000001000b960       0x30 build\kernel\components\drivers\misc\pin.o
                0x000000001000b960                __fsym_pinGet
                0x000000001000b96c                __fsym_pinRead
                0x000000001000b978                __fsym_pinWrite
                0x000000001000b984                __fsym_pinMode
 FSymTab        0x000000001000b990       0x3c build\kernel\components\drivers\rtc\rtc.o
                0x000000001000b990                __fsym___cmd_date
                0x000000001000b99c                __fsym___cmd_list_date
                0x000000001000b9a8                __fsym_set_time
                0x000000001000b9b4                __fsym_set_date
                0x000000001000b9c0                __fsym_list_date
 FSymTab        0x000000001000b9cc      0x138 build\kernel\components\finsh\cmd.o
                0x000000001000b9cc                __fsym_list
                0x000000001000b9d8                __fsym___cmd_list_device
                0x000000001000b9e4                __fsym_list_device
                0x000000001000b9f0                __fsym___cmd_list_timer
                0x000000001000b9fc                __fsym_list_timer
                0x000000001000ba08                __fsym___cmd_list_mempool
                0x000000001000ba14                __fsym_list_mempool
                0x000000001000ba20                __fsym___cmd_list_memheap
                0x000000001000ba2c                __fsym_list_memheap
                0x000000001000ba38                __fsym___cmd_list_msgqueue
                0x000000001000ba44                __fsym_list_msgqueue
                0x000000001000ba50                __fsym___cmd_list_mailbox
                0x000000001000ba5c                __fsym_list_mailbox
                0x000000001000ba68                __fsym___cmd_list_mutex
                0x000000001000ba74                __fsym_list_mutex
                0x000000001000ba80                __fsym___cmd_list_event
                0x000000001000ba8c                __fsym_list_event
                0x000000001000ba98                __fsym___cmd_list_sem
                0x000000001000baa4                __fsym_list_sem
                0x000000001000bab0                __fsym___cmd_list_thread
                0x000000001000babc                __fsym_list_thread
                0x000000001000bac8                __fsym___cmd_version
                0x000000001000bad4                __fsym_version
                0x000000001000bae0                __fsym___cmd_clear
                0x000000001000baec                __fsym_clear
                0x000000001000baf8                __fsym_hello
 FSymTab        0x000000001000bb04       0x9c build\kernel\components\finsh\msh_file.o
                0x000000001000bb04                __fsym___cmd_echo
                0x000000001000bb10                __fsym___cmd_df
                0x000000001000bb1c                __fsym___cmd_umount
                0x000000001000bb28                __fsym___cmd_mount
                0x000000001000bb34                __fsym___cmd_mkfs
                0x000000001000bb40                __fsym___cmd_mkdir
                0x000000001000bb4c                __fsym___cmd_pwd
                0x000000001000bb58                __fsym___cmd_cd
                0x000000001000bb64                __fsym___cmd_rm
                0x000000001000bb70                __fsym___cmd_cat
                0x000000001000bb7c                __fsym___cmd_mv
                0x000000001000bb88                __fsym___cmd_cp
                0x000000001000bb94                __fsym___cmd_ls
 FSymTab        0x000000001000bba0       0x3c build\kernel\components\finsh\msh.o
                0x000000001000bba0                __fsym___cmd_free
                0x000000001000bbac                __fsym___cmd_ps
                0x000000001000bbb8                __fsym___cmd_help
                0x000000001000bbc4                __fsym_msh
                0x000000001000bbd0                __fsym___cmd_exit
                0x000000001000bbdc                __fsymtab_end = .
                0x000000001000bbdc                . = ALIGN (0x4)
                0x000000001000bbdc                __vsymtab_start = .
 *(VSymTab)
 VSymTab        0x000000001000bbdc       0x10 build\kernel\components\finsh\cmd.o
                0x000000001000bbdc                __vsym_dummy
                0x000000001000bbec                __vsymtab_end = .
                0x000000001000bbec                . = ALIGN (0x4)
 *(.text*)
 .text.startup  0x000000001000bbec       0x6a build\applications\main.o
                0x000000001000bbec                main
 .text          0x000000001000bc56       0xfc build\applications\mnt.o
                0x000000001000bc56                sd_mount
                0x000000001000bce2                ab32_sdcard_mount
 .text          0x000000001000bd52      0x65e build\board\ports\audio\drv_sound.o
                0x000000001000bf4e                adpll_init
                0x000000001000c000                dac_start
                0x000000001000c0c2                audio_sem_pend
                0x000000001000c0d4                sound_transmit
                0x000000001000c136                saia_frequency_set
                0x000000001000c18a                saia_channels_set
                0x000000001000c1e6                saia_volume_set
                0x000000001000c2fe                saia_volume_get
 .text          0x000000001000c3b0      0x1d6 build\board\board.o
                0x000000001000c3b0                timer0_cfg
                0x000000001000c3c4                hal_printf
                0x000000001000c450                timer0_init
                0x000000001000c478                hal_mdelay
                0x000000001000c480                rt_hw_systick_init
                0x000000001000c528                rt_hw_board_init
                0x000000001000c57c                rt_hw_us_delay
                0x000000001000c57e                rt_hw_console_output
 .text          0x000000001000c586      0x820 build\kernel\src\memheap.o
                0x000000001000c586                rt_memheap_init
                0x000000001000c65a                rt_memheap_detach
                0x000000001000c6f6                rt_memheap_alloc
                0x000000001000c862                rt_memheap_free
                0x000000001000c9bc                rt_memheap_realloc
                0x000000001000cbee                rt_memheap_dump
                0x000000001000cd3e                memheaptrace
 .text          0x000000001000cda6      0x802 build\kernel\src\mem.o
                0x000000001000cda6                list_mem
                0x000000001000cee8                rt_malloc_sethook
                0x000000001000cef2                rt_free_sethook
                0x000000001000cefc                rt_system_heap_init
                0x000000001000cff8                rt_malloc
                0x000000001000d21a                rt_calloc
                0x000000001000d24a                rt_free
                0x000000001000d41e                rt_realloc
                0x000000001000d582                rt_memory_info
 .text          0x000000001000d5a8      0x3ec build\kernel\components\dfs\filesystems\devfs\devfs.o
                0x000000001000d5a8                dfs_device_fs_mount
                0x000000001000d5b0                dfs_device_fs_ioctl
                0x000000001000d612                dfs_device_fs_read
                0x000000001000d680                dfs_device_fs_write
                0x000000001000d6ee                dfs_device_fs_close
                0x000000001000d782                dfs_device_fs_stat
                0x000000001000d7f6                dfs_device_fs_open
                0x000000001000d8de                dfs_device_fs_getdents
                0x000000001000d972                devfs_init
 .text          0x000000001000d994      0xbae build\kernel\components\dfs\filesystems\elmfat\dfs_elm.o
                0x000000001000d9ce                dfs_elm_mount
                0x000000001000dad8                dfs_elm_unmount
                0x000000001000db62                dfs_elm_mkfs
                0x000000001000dc92                dfs_elm_statfs
                0x000000001000dd32                dfs_elm_open
                0x000000001000de56                dfs_elm_close
                0x000000001000ded2                dfs_elm_ioctl
                0x000000001000df34                dfs_elm_read
                0x000000001000df94                dfs_elm_write
                0x000000001000dff8                dfs_elm_flush
                0x000000001000e030                dfs_elm_lseek
                0x000000001000e0c2                dfs_elm_getdents
                0x000000001000e192                dfs_elm_unlink
                0x000000001000e1f4                dfs_elm_rename
                0x000000001000e25a                dfs_elm_stat
                0x000000001000e336                elm_init
                0x000000001000e358                disk_initialize
                0x000000001000e35c                disk_status
                0x000000001000e360                disk_read
                0x000000001000e398                disk_write
                0x000000001000e3d0                disk_ioctl
                0x000000001000e4ac                get_fattime
                0x000000001000e4b0                ff_cre_syncobj
                0x000000001000e4f2                ff_del_syncobj
                0x000000001000e512                ff_req_grant
                0x000000001000e532                ff_rel_grant
                0x000000001000e53a                ff_memalloc
                0x000000001000e53e                ff_memfree
 .text          0x000000001000e542      0x11e build\kernel\components\dfs\filesystems\elmfat\ffunicode.o
                0x000000001000e542                ff_uni2oem
                0x000000001000e58e                ff_oem2uni
                0x000000001000e5bc                ff_wtoupper
 .text          0x000000001000e660     0x2f96 build\kernel\components\dfs\filesystems\elmfat\ff.o
                0x000000001000fd58                f_mount
                0x000000001000fde4                f_open
                0x0000000010010000                f_read
                0x00000000100101be                f_write
                0x00000000100103c0                f_sync
                0x0000000010010488                f_close
                0x00000000100104be                f_lseek
                0x0000000010010744                f_opendir
                0x00000000100107f0                f_closedir
                0x000000001001081e                f_readdir
                0x00000000100108a6                f_seekdir
                0x00000000100108e8                f_stat
                0x000000001001095e                f_getfree
                0x0000000010010a60                f_truncate
                0x0000000010010b40                f_unlink
                0x0000000010010c12                f_mkdir
                0x0000000010010d54                f_rename
                0x0000000010010ea4                f_mkfs
                0x00000000100115d6                elm_get_vol
 .text          0x00000000100115f6      0x85a build\kernel\components\drivers\audio\audio.o
                0x0000000010011b72                rt_audio_register
                0x0000000010011be2                rt_audio_samplerate_to_speed
                0x0000000010011cb0                rt_audio_tx_complete
                0x0000000010011e22                rt_audio_rx_done
 .text          0x0000000010011e50      0x45c build\kernel\components\drivers\audio\audio_pipe.o
                0x00000000100121a0                rt_audio_pipe_init
                0x000000001001223a                rt_audio_pipe_detach
                0x0000000010012242                rt_audio_pipe_create
                0x0000000010012288                rt_audio_pipe_destroy
 .text          0x00000000100122ac      0x462 build\kernel\components\drivers\hwtimer\hwtimer.o
                0x0000000010012610                rt_device_hwtimer_isr
                0x0000000010012672                rt_device_hwtimer_register
 .text          0x000000001001270e      0x1de build\kernel\components\drivers\i2c\i2c_core.o
                0x000000001001270e                rt_i2c_core_init
                0x0000000010012712                rt_i2c_bus_device_register
                0x0000000010012782                rt_i2c_bus_device_find
                0x00000000100127de                rt_i2c_transfer
                0x000000001001285c                rt_i2c_master_send
                0x000000001001288e                rt_i2c_master_recv
 .text          0x00000000100128ec      0x1bc build\kernel\components\drivers\i2c\i2c_dev.o
                0x0000000010012a56                rt_i2c_bus_device_device_init
 .text          0x0000000010012aa8      0x4a8 build\kernel\components\drivers\i2c\i2c-bit-ops.o
                0x0000000010012f42                rt_i2c_bit_add_bus
 .text          0x0000000010012f50      0x3a6 build\kernel\components\drivers\misc\rt_drv_pwm.o
                0x0000000010012fe4                rt_pwm_enable
                0x0000000010013022                rt_pwm_set
                0x000000001001311a                rt_device_pwm_register
                0x0000000010013160                rt_pwm_disable
                0x00000000100131f6                rt_pwm_get
 .text          0x00000000100132f6      0x268 build\kernel\components\drivers\rtc\rtc.o
                0x00000000100132f6                set_date
                0x0000000010013374                set_time
                0x00000000100133ec                list_date
 .text          0x000000001001355e      0x892 build\kernel\components\drivers\sdio\mmc.o
                0x000000001001368c                mmc_send_op_cond
                0x0000000010013714                init_mmc
 .text          0x0000000010013df0      0xa18 build\kernel\components\drivers\sdio\sd.o
                0x0000000010013e92                mmcsd_send_app_cmd
                0x0000000010013f08                mmcsd_app_set_bus_width
                0x0000000010013f52                mmcsd_send_app_op_cond
                0x0000000010013fe2                mmcsd_send_if_cond
                0x000000001001403c                mmcsd_get_card_addr
                0x0000000010014082                mmcsd_get_scr
                0x0000000010014154                init_sd
 .text          0x0000000010014808      0x6fe build\kernel\components\drivers\sdio\block_dev.o
                0x0000000010014b1a                mmcsd_num_wr_blocks
                0x0000000010014c1e                rt_mmcsd_blk_probe
                0x0000000010014e90                rt_mmcsd_blk_remove
                0x0000000010014f02                rt_mmcsd_blk_init
 .text          0x0000000010014f06     0x1418 build\kernel\components\drivers\sdio\sdio.o
                0x0000000010014f8c                sdio_io_send_op_cond
                0x0000000010015028                sdio_io_rw_direct
                0x0000000010015140                sdio_io_rw_extended
                0x00000000100152e4                sdio_io_rw_extended_block
                0x000000001001540e                sdio_io_readb
                0x0000000010015722                sdio_io_writeb
                0x000000001001574c                sdio_io_readw
                0x000000001001577e                sdio_io_writew
                0x000000001001579e                sdio_io_readl
                0x00000000100157ce                sdio_io_writel
                0x00000000100157ee                sdio_io_read_multi_fifo_b
                0x00000000100157fa                sdio_io_write_multi_fifo_b
                0x0000000010015806                sdio_io_read_multi_incr_b
                0x0000000010015812                sdio_io_write_multi_incr_b
                0x000000001001581e                sdio_free_cis
                0x0000000010015854                init_sdio
                0x0000000010015e0a                sdio_attach_irq
                0x0000000010015f12                sdio_detach_irq
                0x0000000010016004                sdio_irq_wakeup
                0x0000000010016032                sdio_enable_func
                0x00000000100160fc                sdio_disable_func
                0x0000000010016182                sdio_set_drvdata
                0x0000000010016186                sdio_get_drvdata
                0x000000001001618a                sdio_set_block_size
                0x00000000100161f4                sdio_register_driver
                0x000000001001627c                sdio_unregister_driver
                0x000000001001631c                rt_sdio_init
 .text          0x000000001001631e      0xa22 build\kernel\components\drivers\sdio\mmcsd_core.o
                0x0000000010016342                rt_mmcsd_core_init
                0x0000000010016420                mmcsd_host_lock
                0x000000001001642e                mmcsd_host_unlock
                0x000000001001643a                mmcsd_req_complete
                0x0000000010016446                mmcsd_send_request
                0x00000000100164a6                mmcsd_send_cmd
                0x0000000010016536                mmcsd_go_idle
                0x00000000100165ac                mmcsd_detect
                0x000000001001674a                mmcsd_spi_read_ocr
                0x0000000010016794                mmcsd_all_get_cid
                0x00000000100167e4                mmcsd_get_cid
                0x0000000010016914                mmcsd_get_csd
                0x0000000010016a3e                mmcsd_select_card
                0x0000000010016a44                mmcsd_deselect_cards
                0x0000000010016a4a                mmcsd_spi_use_crc
                0x0000000010016a8c                mmcsd_set_chip_select
                0x0000000010016a92                mmcsd_set_clock
                0x0000000010016ae2                mmcsd_set_bus_mode
                0x0000000010016ae8                mmcsd_set_bus_width
                0x0000000010016aee                mmcsd_set_data_timeout
                0x0000000010016bb6                mmcsd_select_voltage
                0x0000000010016c28                mmcsd_wait_cd_changed
                0x0000000010016c5e                mmcsd_change
                0x0000000010016c70                mmcsd_alloc_host
                0x0000000010016d10                mmcsd_free_host
 .text          0x0000000010016d40      0x700 build\kernel\components\drivers\serial\serial.o
                0x000000001001728c                rt_hw_serial_register
                0x00000000100172ee                rt_hw_serial_isr
 .text          0x0000000010017440      0x130 build\kernel\components\drivers\watchdog\watchdog.o
                0x000000001001750e                rt_hw_watchdog_register
 .text          0x0000000010017570      0x1aa build\kernel\components\finsh\finsh_node.o
                0x0000000010017570                finsh_node_init
                0x0000000010017594                finsh_node_allocate
                0x00000000100175c6                finsh_node_new_id
                0x000000001001762e                finsh_node_new_char
                0x0000000010017656                finsh_node_new_int
                0x000000001001767c                finsh_node_new_long
                0x00000000100176a2                finsh_node_new_string
                0x00000000100176f4                finsh_node_new_ptr
 .text          0x000000001001771a      0x7ea build\kernel\components\finsh\finsh_parser.o
                0x0000000010017e5c                finsh_parser_run
                0x0000000010017ee8                finsh_parser_init
 .text          0x0000000010017f04      0xf5e build\kernel\components\finsh\cmd.o
                0x0000000010017f50                hello
                0x0000000010017fde                version
                0x0000000010017ff8                list
                0x00000000100181a0                list_timer
                0x00000000100182a8                list_thread
                0x0000000010018402                list_sem
                0x0000000010018518                list_event
                0x0000000010018624                list_mutex
                0x00000000100186fe                list_mailbox
                0x0000000010018822                list_msgqueue
                0x000000001001893e                list_memheap
                0x0000000010018a10                list_mempool
                0x0000000010018b28                list_device
                0x0000000010018c16                list_prefix
 .text          0x0000000010018e62       0xf6 build\kernel\components\finsh\finsh_vm.o
                0x0000000010018e62                finsh_vm_run
                0x0000000010018ebe                finsh_syscall_append
                0x0000000010018f00                finsh_syscall_lookup
 .text          0x0000000010018f58      0x948 build\kernel\components\finsh\msh_file.o
                0x0000000010018f58                cmd_ls
                0x0000000010018f84                cmd_pwd
                0x00000000100190f2                cmd_rm
                0x0000000010019226                cmd_mkfs
                0x0000000010019294                cmd_mount
                0x000000001001936c                cmd_umount
                0x00000000100193d4                cmd_cp
                0x000000001001941c                cmd_mv
                0x000000001001952e                cmd_cat
                0x0000000010019586                cmd_cd
                0x00000000100195d6                cmd_mkdir
                0x000000001001961e                cmd_df
                0x000000001001967e                cmd_echo
                0x000000001001970c                msh_exec_script
 .text          0x00000000100198a0      0xa56 build\kernel\components\finsh\shell.o
                0x00000000100198e4                finsh_set_prompt
                0x0000000010019928                finsh_get_prompt
                0x0000000010019a18                finsh_get_prompt_mode
                0x0000000010019a58                finsh_set_prompt_mode
                0x0000000010019aa4                finsh_system_init
                0x0000000010019b6e                finsh_set_device
                0x0000000010019c30                finsh_get_device
                0x0000000010019c6e                finsh_set_echo
                0x0000000010019cb8                finsh_get_echo
                0x0000000010019cf6                finsh_run_line
                0x0000000010019dcc                finsh_thread_entry
                0x000000001001a2d2                finsh_system_function_init
                0x000000001001a2e4                finsh_system_var_init
 .text          0x000000001001a2f6      0x1aa build\kernel\components\finsh\finsh_var.o
                0x000000001001a2f6                finsh_var_init
                0x000000001001a31a                finsh_var_insert
                0x000000001001a382                finsh_var_delete
                0x000000001001a3c8                finsh_var_lookup
                0x000000001001a400                finsh_sysvar_append
                0x000000001001a448                finsh_sysvar_lookup
 .text          0x000000001001a4a0      0xef0 build\kernel\components\finsh\finsh_compiler.o
                0x000000001001b312                finsh_compiler_run
 .text          0x000000001001b390      0x1fc build\kernel\components\finsh\finsh_heap.o
                0x000000001001b3b4                finsh_heap_init
                0x000000001001b3f6                finsh_heap_free
                0x000000001001b4ae                finsh_heap_allocate
 .text          0x000000001001b58c      0x842 build\kernel\components\finsh\finsh_ops.o
                0x000000001001b58c                OP_no_op
                0x000000001001b58e                OP_add_byte
                0x000000001001b5ae                OP_add_word
                0x000000001001b5ce                OP_add_dword
                0x000000001001b5ee                OP_sub_byte
                0x000000001001b60e                OP_sub_word
                0x000000001001b62e                OP_sub_dword
                0x000000001001b64e                OP_div_byte
                0x000000001001b670                OP_div_word
                0x000000001001b692                OP_div_dword
                0x000000001001b6b4                OP_mod_byte
                0x000000001001b6d6                OP_mod_word
                0x000000001001b6f8                OP_mod_dword
                0x000000001001b71a                OP_mul_byte
                0x000000001001b73c                OP_mul_word
                0x000000001001b75e                OP_mul_dword
                0x000000001001b780                OP_and_byte
                0x000000001001b7a0                OP_and_word
                0x000000001001b7c0                OP_and_dword
                0x000000001001b7e0                OP_or_byte
                0x000000001001b800                OP_or_word
                0x000000001001b820                OP_or_dword
                0x000000001001b840                OP_xor_byte
                0x000000001001b860                OP_xor_word
                0x000000001001b880                OP_xor_dword
                0x000000001001b8a0                OP_bw_byte
                0x000000001001b8b6                OP_bw_word
                0x000000001001b8cc                OP_bw_dword
                0x000000001001b8e2                OP_shl_byte
                0x000000001001b904                OP_shl_word
                0x000000001001b926                OP_shl_dword
                0x000000001001b948                OP_shr_byte
                0x000000001001b96a                OP_shr_word
                0x000000001001b98c                OP_shr_dword
                0x000000001001b9ae                OP_ld_byte
                0x000000001001b9d8                OP_ld_word
                0x000000001001ba0a                OP_ld_dword
                0x000000001001ba4a                OP_ld_value_byte
                0x000000001001ba90                OP_ld_value_byte_stack
                0x000000001001baa6                OP_ld_value_word
                0x000000001001baec                OP_ld_value_word_stack
                0x000000001001bb02                OP_ld_value_dword
                0x000000001001bb44                OP_ld_value_dword_stack
                0x000000001001bb58                OP_st_byte
                0x000000001001bb76                OP_st_word
                0x000000001001bb92                OP_st_dword
                0x000000001001bbac                OP_pop
                0x000000001001bbbc                OP_call
 .text          0x000000001001bdce       0x34 build\kernel\components\finsh\finsh_error.o
                0x000000001001bdce                finsh_error_init
                0x000000001001bdda                finsh_error_set
                0x000000001001bde6                finsh_errno
                0x000000001001bdf0                finsh_error_string
 .text          0x000000001001be02      0x54c build\kernel\components\finsh\msh.o
                0x000000001001be1c                msh_help
                0x000000001001be98                cmd_ps
                0x000000001001beae                cmd_free
                0x000000001001bec4                msh_is_used
                0x000000001001bece                msh_exec
                0x000000001001c0a0                msh_auto_complete_path
                0x000000001001c268                msh_auto_complete
 .text          0x000000001001c34e      0x5ca build\kernel\components\finsh\finsh_token.o
                0x000000001001c3b2                finsh_token_init
                0x000000001001c3d4                finsh_token_get_token
                0x000000001001c3e2                token_get_string
                0x000000001001c466                finsh_token_token
 .text          0x000000001001c918       0x70 build\kernel\components\finsh\finsh_init.o
                0x000000001001c918                finsh_init
                0x000000001001c93e                finsh_stack_bottom
                0x000000001001c948                finsh_flush
                0x000000001001c966                finsh_reset
 .text          0x000000001001c988      0x4b4 build\kernel\components\libc\compilers\common\time.o
                0x000000001001c9ca                gmtime_r
                0x000000001001ca84                gmtime
                0x000000001001ca8e                localtime_r
                0x000000001001caaa                localtime
                0x000000001001cab4                asctime_r
                0x000000001001cb5c                asctime
                0x000000001001cb66                ctime_r
                0x000000001001cb84                ctime
                0x000000001001cb98                time
                0x000000001001cc0e                clock
                0x000000001001cc16                stime
                0x000000001001cc72                timegm
                0x000000001001cde8                mktime
                0x000000001001cdea                gettimeofday
                0x000000001001ce1c                settimeofday
 .text          0x000000001001ce3c       0x48 build\kernel\components\libc\compilers\common\stdlib.o
                0x000000001001ce3c                __rt_libc_exit
                0x000000001001ce80                __rt_libc_system
 .text          0x000000001001ce84       0x38 build\kernel\components\libc\compilers\newlib\libc.o
                0x000000001001ce84                libc_system_init
 .text          0x000000001001cebc      0x148 build\kernel\components\libc\compilers\newlib\syscalls.o
                0x000000001001cebc                __errno
                0x000000001001cec4                _getpid_r
                0x000000001001cec8                _close_r
                0x000000001001ced2                _execve_r
                0x000000001001cedc                _fcntl_r
                0x000000001001cee6                _fork_r
                0x000000001001cef0                _fstat_r
                0x000000001001cefa                _isatty_r
                0x000000001001cf00                _kill_r
                0x000000001001cf0a                _link_r
                0x000000001001cf14                _lseek_r
                0x000000001001cf22                _mkdir_r
                0x000000001001cf2e                _open_r
                0x000000001001cf3c                _read_r
                0x000000001001cf4a                _rename_r
                0x000000001001cf56                _stat_r
                0x000000001001cf62                _unlink_r