Archive member included to satisfy reference by file (symbol)

d:/program_files/programming/rt-threadstudio/repo/extract/toolchain_support_packages/risc-v/risc-v-gcc/10.1.0/bin/../lib/gcc/riscv64-unknown-elf/10.1.0/../../../../riscv64-unknown-elf/lib/rv32im/ilp32\libc.a(lib_a-atoi.o)
                              build\kernel\components\drivers\misc\adc.o (atoi)
d:/program_files/programming/rt-threadstudio/repo/extract/toolchain_support_packages/risc-v/risc-v-gcc/10.1.0/bin/../lib/gcc/riscv64-unknown-elf/10.1.0/../../../../riscv64-unknown-elf/lib/rv32im/ilp32\libc.a(lib_a-fclose.o)
                              build\kernel\components\libc\compilers\newlib\stdio.o (fclose)
d:/program_files/programming/rt-threadstudio/repo/extract/toolchain_support_packages/risc-v/risc-v-gcc/10.1.0/bin/../lib/gcc/riscv64-unknown-elf/10.1.0/../../../../riscv64-unknown-elf/lib/rv32im/ilp32\libc.a(lib_a-fflush.o)
                              d:/program_files/programming/rt-threadstudio/repo/extract/toolchain_support_packages/risc-v/risc-v-gcc/10.1.0/bin/../lib/gcc/riscv64-unknown-elf/10.1.0/../../../../riscv64-unknown-elf/lib/rv32im/ilp32\libc.a(lib_a-fclose.o) (__sflush_r)
d:/program_files/programming/rt-threadstudio/repo/extract/toolchain_support_packages/risc-v/risc-v-gcc/10.1.0/bin/../lib/gcc/riscv64-unknown-elf/10.1.0/../../../../riscv64-unknown-elf/lib/rv32im/ilp32\libc.a(lib_a-fileno.o)
                              build\kernel\components\libc\compilers\newlib\stdio.o (fileno)
d:/program_files/programming/rt-threadstudio/repo/extract/toolchain_support_packages/risc-v/risc-v-gcc/10.1.0/bin/../lib/gcc/riscv64-unknown-elf/10.1.0/../../../../riscv64-unknown-elf/lib/rv32im/ilp32\libc.a(lib_a-findfp.o)
                              d:/program_files/programming/rt-threadstudio/repo/extract/toolchain_support_packages/risc-v/risc-v-gcc/10.1.0/bin/../lib/gcc/riscv64-unknown-elf/10.1.0/../../../../riscv64-unknown-elf/lib/rv32im/ilp32\libc.a(lib_a-fclose.o) (__sinit)
d:/program_files/programming/rt-threadstudio/repo/extract/toolchain_support_packages/risc-v/risc-v-gcc/10.1.0/bin/../lib/gcc/riscv64-unknown-elf/10.1.0/../../../../riscv64-unknown-elf/lib/rv32im/ilp32\libc.a(lib_a-fopen.o)
                              build\kernel\components\libc\compilers\newlib\stdio.o (fopen)
d:/program_files/programming/rt-threadstudio/repo/extract/toolchain_support_packages/risc-v/risc-v-gcc/10.1.0/bin/../lib/gcc/riscv64-unknown-elf/10.1.0/../../../../riscv64-unknown-elf/lib/rv32im/ilp32\libc.a(lib_a-fseek.o)
                              d:/program_files/programming/rt-threadstudio/repo/extract/toolchain_support_packages/risc-v/risc-v-gcc/10.1.0/bin/../lib/gcc/riscv64-unknown-elf/10.1.0/../../../../riscv64-unknown-elf/lib/rv32im/ilp32\libc.a(lib_a-fopen.o) (_fseek_r)
d:/program_files/programming/rt-threadstudio/repo/extract/toolchain_support_packages/risc-v/risc-v-gcc/10.1.0/bin/../lib/gcc/riscv64-unknown-elf/10.1.0/../../../../riscv64-unknown-elf/lib/rv32im/ilp32\libc.a(lib_a-fseeko.o)
                              d:/program_files/programming/rt-threadstudio/repo/extract/toolchain_support_packages/risc-v/risc-v-gcc/10.1.0/bin/../lib/gcc/riscv64-unknown-elf/10.1.0/../../../../riscv64-unknown-elf/lib/rv32im/ilp32\libc.a(lib_a-fseek.o) (_fseeko_r)
d:/program_files/programming/rt-threadstudio/repo/extract/toolchain_support_packages/risc-v/risc-v-gcc/10.1.0/bin/../lib/gcc/riscv64-unknown-elf/10.1.0/../../../../riscv64-unknown-elf/lib/rv32im/ilp32\libc.a(lib_a-ftello.o)
                              d:/program_files/programming/rt-threadstudio/repo/extract/toolchain_support_packages/risc-v/risc-v-gcc/10.1.0/bin/../lib/gcc/riscv64-unknown-elf/10.1.0/../../../../riscv64-unknown-elf/lib/rv32im/ilp32\libc.a(lib_a-fseeko.o) (_ftello_r)
d:/program_files/programming/rt-threadstudio/repo/extract/toolchain_support_packages/risc-v/risc-v-gcc/10.1.0/bin/../lib/gcc/riscv64-unknown-elf/10.1.0/../../../../riscv64-unknown-elf/lib/rv32im/ilp32\libc.a(lib_a-fwalk.o)
                              d:/program_files/programming/rt-threadstudio/repo/extract/toolchain_support_packages/risc-v/risc-v-gcc/10.1.0/bin/../lib/gcc/riscv64-unknown-elf/10.1.0/../../../../riscv64-unknown-elf/lib/rv32im/ilp32\libc.a(lib_a-findfp.o) (_fwalk)
d:/program_files/programming/rt-threadstudio/repo/extract/toolchain_support_packages/risc-v/risc-v-gcc/10.1.0/bin/../lib/gcc/riscv64-unknown-elf/10.1.0/../../../../riscv64-unknown-elf/lib/rv32im/ilp32\libc.a(lib_a-impure.o)
                              build\kernel\components\libc\compilers\newlib\stdio.o (_global_impure_ptr)
d:/program_files/programming/rt-threadstudio/repo/extract/toolchain_support_packages/risc-v/risc-v-gcc/10.1.0/bin/../lib/gcc/riscv64-unknown-elf/10.1.0/../../../../riscv64-unknown-elf/lib/rv32im/ilp32\libc.a(lib_a-makebuf.o)
[...]
Memory Configuration

Name             Origin             Length             Attributes
init             0x0000000010000000 0x0000000000000200
flash            0x0000000010000200 0x0000000000100000 xr
comm             0x0000000000014000 0x000000000000a800 xr
data             0x0000000000011000 0x0000000000002000
stack            0x0000000000013000 0x0000000000001000
heap             0x000000000001e800 0x0000000000011800
ram1             0x0000000000050000 0x0000000000007a00 xr
*default*        0x0000000000000000 0xffffffffffffffff

Linker script and memory map

LOAD build\applications\main.o
LOAD build\applications\mnt.o
LOAD build\board\ports\audio\drv_sound.o
LOAD build\board\board.o
LOAD build\board\ab32vg1_hal_msp.o
LOAD build\kernel\src\memheap.o
LOAD build\kernel\src\mempool.o
LOAD build\kernel\src\thread.o
LOAD build\kernel\src\object.o
LOAD build\kernel\src\device.o
LOAD build\kernel\src\timer.o
LOAD build\kernel\src\components.o
LOAD build\kernel\src\idle.o
LOAD build\kernel\src\mem.o
LOAD build\kernel\src\clock.o
LOAD build\kernel\src\ipc.o
LOAD build\kernel\src\scheduler.o
LOAD build\kernel\src\kservice.o
LOAD build\kernel\src\irq.o
LOAD build\kernel\components\dfs\src\dfs_posix.o
LOAD build\kernel\components\dfs\src\dfs_fs.o
LOAD build\kernel\components\dfs\src\dfs.o
LOAD build\kernel\components\dfs\src\dfs_file.o
LOAD build\kernel\components\dfs\filesystems\devfs\devfs.o
LOAD build\kernel\components\dfs\filesystems\elmfat\dfs_elm.o
LOAD build\kernel\components\dfs\filesystems\elmfat\ffunicode.o
LOAD build\kernel\components\dfs\filesystems\elmfat\ff.o
LOAD build\kernel\components\drivers\audio\audio.o
LOAD build\kernel\components\drivers\audio\audio_pipe.o
LOAD build\kernel\components\drivers\hwtimer\hwtimer.o
LOAD build\kernel\components\drivers\i2c\i2c_core.o
LOAD build\kernel\components\drivers\i2c\i2c_dev.o
LOAD build\kernel\components\drivers\i2c\i2c-bit-ops.o
LOAD build\kernel\components\drivers\misc\adc.o
LOAD build\kernel\components\drivers\misc\rt_drv_pwm.o
LOAD build\kernel\components\drivers\misc\pin.o
LOAD build\kernel\components\drivers\rtc\rtc.o
LOAD build\kernel\components\drivers\sdio\mmc.o
LOAD build\kernel\components\drivers\sdio\sd.o
LOAD build\kernel\components\drivers\sdio\block_dev.o
LOAD build\kernel\components\drivers\sdio\sdio.o
LOAD build\kernel\components\drivers\sdio\mmcsd_core.o
LOAD build\kernel\components\drivers\serial\serial.o
LOAD build\kernel\components\drivers\src\completion.o
LOAD build\kernel\components\drivers\src\dataqueue.o
LOAD build\kernel\components\drivers\src\waitqueue.o
LOAD build\kernel\components\drivers\src\ringblk_buf.o
LOAD build\kernel\components\drivers\src\workqueue.o
LOAD build\kernel\components\drivers\src\ringbuffer.o
LOAD build\kernel\components\drivers\src\pipe.o
LOAD build\kernel\components\drivers\watchdog\watchdog.o
LOAD build\kernel\components\finsh\finsh_node.o
LOAD build\kernel\components\finsh\finsh_parser.o
LOAD build\kernel\components\finsh\cmd.o
LOAD build\kernel\components\finsh\finsh_vm.o
LOAD build\kernel\components\finsh\msh_file.o
LOAD build\kernel\components\finsh\shell.o
LOAD build\kernel\components\finsh\finsh_token.o
LOAD build\kernel\components\finsh\finsh_var.o
LOAD build\kernel\components\finsh\finsh_compiler.o
LOAD build\kernel\components\finsh\finsh_heap.o
LOAD build\kernel\components\finsh\finsh_ops.o
LOAD build\kernel\components\finsh\finsh_error.o
LOAD build\kernel\components\finsh\msh.o
LOAD build\kernel\components\finsh\finsh_init.o
LOAD build\kernel\components\libc\compilers\common\stdlib.o
LOAD build\kernel\components\libc\compilers\common\time.o
LOAD build\kernel\components\libc\compilers\newlib\stdio.o
LOAD build\kernel\components\libc\compilers\newlib\libc.o
LOAD build\kernel\components\libc\compilers\newlib\syscalls.o
LOAD libraries\hal_drivers\drv_gpio.o
LOAD libraries\hal_drivers\drv_rtc.o
LOAD libraries\hal_drivers\drv_soft_i2c.o
LOAD libraries\hal_drivers\drv_wdt.o
LOAD libraries\hal_drivers\drv_sdio.o
LOAD libraries\hal_drivers\drv_adc.o
LOAD libraries\hal_drivers\drv_irrx.o
LOAD libraries\hal_drivers\drv_usart.o
LOAD libraries\hal_drivers\drv_pwm.o
LOAD libraries\hal_drivers\drv_hwtimer.o
LOAD libcpu\cpu\cpuport.o
LOAD libcpu\cpu\interrupt.o
LOAD libcpu\cpu\context_gcc.o
LOAD libraries\hal_libraries\ab32vg1_hal\source\ab32vg1_hal_uart.o
LOAD libraries\hal_libraries\ab32vg1_hal\source\ab32vg1_hal_gpio.o
LOAD libraries\hal_libraries\ab32vg1_hal\source\ab32vg1_hal_rcu.o
LOAD libraries\hal_libraries\ab32vg1_hal\source\ab32vg1_hal.o
LOAD libraries\hal_libraries\ab32vg1_hal\source\ab32vg1_hal_sd.o
LOAD libraries\hal_libraries\ab32vg1_hal\source\ab32vg1_hal_dac.o
LOAD libraries\hal_libraries\bmsis\source\system_ab32vgx.o
LOAD libraries\hal_libraries\bmsis\source\startup.o
LOAD d:/program_files/programming/rt-threadstudio/repo/extract/toolchain_support_packages/risc-v/risc-v-gcc/10.1.0/bin/../lib/gcc/riscv64-unknown-elf/10.1.0/../../../../riscv64-unknown-elf/lib/rv32im/ilp32\libc.a
LOAD d:/program_files/programming/rt-threadstudio/repo/extract/toolchain_support_packages/risc-v/risc-v-gcc/10.1.0/bin/../lib/gcc/riscv64-unknown-elf/10.1.0/../../../../riscv64-unknown-elf/lib/rv32im/ilp32\libm.a
LOAD libraries\hal_libraries\ab32vg1_hal\libhal.a
LOAD d:/program_files/programming/rt-threadstudio/repo/extract/toolchain_support_packages/risc-v/risc-v-gcc/10.1.0/bin/../lib/gcc/riscv64-unknown-elf/10.1.0/rv32im/ilp32\libgcc.a
START GROUP
LOAD d:/program_files/programming/rt-threadstudio/repo/extract/toolchain_support_packages/risc-v/risc-v-gcc/10.1.0/bin/../lib/gcc/riscv64-unknown-elf/10.1.0/../../../../riscv64-unknown-elf/lib/rv32im/ilp32\libc.a
LOAD d:/program_files/programming/rt-threadstudio/repo/extract/toolchain_support_packages/risc-v/risc-v-gcc/10.1.0/bin/../lib/gcc/riscv64-unknown-elf/10.1.0/../../../../riscv64-unknown-elf/lib/rv32im/ilp32\libgloss.a
END GROUP
LOAD d:/program_files/programming/rt-threadstudio/repo/extract/toolchain_support_packages/risc-v/risc-v-gcc/10.1.0/bin/../lib/gcc/riscv64-unknown-elf/10.1.0/rv32im/ilp32\libgcc.a
                0x0000000000100000                __max_flash_size = 0x100000
                0x0000000000002000                __data_ram_size = 0x2000
                0x0000000000001000                __stack_ram_size = 0x1000
                0x000000000000a800                __comm_ram_size = 0xa800
                0x0000000000011800                __heap_ram_size = 0x11800
                0x0000000010000000                __base = 0x10000000
                0x0000000000011000                __data_vma = 0x11000
                0x0000000000013000                __stack_vma = (__data_vma + __data_ram_size)
                0x0000000000014000                __comm_vma = (__stack_vma + __stack_ram_size)
                0x000000000001e800                __heap_vma = (__comm_vma + __comm_ram_size)
                0x0000000000050000                __ram1_vma = 0x50000

.init           0x0000000010000000       0xbe
 *(.reset)
 .reset         0x0000000010000000       0xbe libraries\hal_libraries\bmsis\source\startup.o
                0x0000000010000000                _start

.ram1           0x0000000000050000     0x6854 load address 0x0000000010000200
                0x0000000000050000                . = ALIGN (0x4)
                0x0000000000050000                __rt_init_start = .
 *(SORT_BY_NAME(.rti_fn*))
 .rti_fn.0      0x0000000000050000        0x4 build\kernel\src\components.o
                0x0000000000050000                __rt_init_rti_start
 .rti_fn.0.end  0x0000000000050004        0x4 build\kernel\src\components.o
                0x0000000000050004                __rt_init_rti_board_start
 .rti_fn.1      0x0000000000050008        0x4 libraries\hal_drivers\drv_soft_i2c.o
                0x0000000000050008                __rt_init_rt_hw_i2c_init
 .rti_fn.1      0x000000000005000c        0x4 libraries\hal_drivers\drv_wdt.o
                0x000000000005000c                __rt_init_rt_wdt_init
 .rti_fn.1      0x0000000000050010        0x4 libraries\hal_drivers\drv_adc.o
                0x0000000000050010                __rt_init_ab32_adc_init
 .rti_fn.1      0x0000000000050014        0x4 libraries\hal_drivers\drv_irrx.o
                0x0000000000050014                __rt_init_ab32_irrx_init
 .rti_fn.1      0x0000000000050018        0x4 libraries\hal_drivers\drv_hwtimer.o
                0x0000000000050018                __rt_init_ab32_hwtimer_init
 .rti_fn.1.end  0x000000000005001c        0x4 build\kernel\src\components.o
                0x000000000005001c                __rt_init_rti_board_end
 .rti_fn.2      0x0000000000050020        0x4 build\kernel\components\dfs\src\dfs.o
                0x0000000000050020                __rt_init_dfs_init
 .rti_fn.2      0x0000000000050024        0x4 build\kernel\components\drivers\sdio\mmcsd_core.o
                0x0000000000050024                __rt_init_rt_mmcsd_core_init
 .rti_fn.3      0x0000000000050028        0x4 build\board\ports\audio\drv_sound.o
                0x0000000000050028                __rt_init_rt_hw_sound_init
 .rti_fn.3      0x000000000005002c        0x4 libraries\hal_drivers\drv_rtc.o
                0x000000000005002c                __rt_init_rt_hw_rtc_init
 .rti_fn.3      0x0000000000050030        0x4 libraries\hal_drivers\drv_sdio.o
                0x0000000000050030                __rt_init_rt_hw_sdio_init
 .rti_fn.3      0x0000000000050034        0x4 libraries\hal_drivers\drv_pwm.o
                0x0000000000050034                __rt_init_ab32_pwm_init
 .rti_fn.4      0x0000000000050038        0x4 build\kernel\components\dfs\filesystems\elmfat\dfs_elm.o
                0x0000000000050038                __rt_init_elm_init
 .rti_fn.4      0x000000000005003c        0x4 build\kernel\components\drivers\i2c\i2c_core.o
                0x000000000005003c                __rt_init_rt_i2c_core_init
 .rti_fn.4      0x0000000000050040        0x4 build\kernel\components\libc\compilers\newlib\libc.o
                0x0000000000050040                __rt_init_libc_system_init
 .rti_fn.6      0x0000000000050044        0x4 build\applications\mnt.o
                0x0000000000050044                __rt_init_ab32_sdcard_mount
 .rti_fn.6      0x0000000000050048        0x4 build\kernel\components\finsh\shell.o
                0x0000000000050048                __rt_init_finsh_system_init
 .rti_fn.6.end  0x000000000005004c        0x4 build\kernel\src\components.o
                0x000000000005004c                __rt_init_rti_end
                0x0000000000050050                __rt_init_end = .
                0x0000000000050050                . = ALIGN (0x4)
                [!provide]                        PROVIDE (__ctors_start__ = .)
 *(SORT_BY_NAME(.init_array.*))
 *(.init_array*)
                [!provide]                        PROVIDE (__ctors_end__ = .)
                0x0000000000050050                . = ALIGN (0x4)
 *save-restore.o(.text* .rodata*)
 *libcpu*cpu*context_gcc.o(.text* .rodata*)
 .text          0x0000000000050050      0x19c libcpu\cpu\context_gcc.o
                0x0000000000050050                rt_hw_interrupt_disable
                0x000000000005005e                rt_hw_interrupt_enable
                0x0000000000050070                rt_hw_context_switch_to
                0x00000000000500a4                rt_hw_context_switch
                0x00000000000500c4                rt_switch_to_thread
                0x00000000000500ea                rt_hw_context_switch_interrupt
                0x0000000000050110                rt_soft_isr
                0x0000000000050118                low_prio_irq
 *libcpu*cpu*interrupt.o(.text* .rodata*)
 .text          0x00000000000501ec       0xe0 libcpu\cpu\interrupt.o
                0x00000000000501ec                set_cpu_irq_comm
                0x00000000000501f6                cpu_irq_comm_do
                0x0000000000050230                rt_hw_irq_enable
                0x0000000000050248                rt_hw_irq_disable
                0x0000000000050264                rt_hw_interrupt_init
                0x0000000000050266                rt_hw_interrupt_install
 *libcpu**.o(.rodata*)
 .rodata.str1.4
                0x00000000000502cc        0xd libcpu\cpu\cpuport.o
                                         0x12 (size before relaxing)
 *fill*         0x00000000000502d9        0x3 
 .rodata        0x00000000000502dc       0x13 libcpu\cpu\cpuport.o
 *components*drivers*misc*pin.o(.text*)
 *fill*         0x00000000000502ef        0x1 
 .text          0x00000000000502f0      0x30c build\kernel\components\drivers\misc\pin.o
                0x000000000005032c                rt_pin_mode
                0x0000000000050372                rt_pin_write
                0x00000000000503b8                rt_pin_read
                0x00000000000503f6                rt_pin_get
                0x00000000000504e2                rt_device_pin_register
                0x0000000000050518                rt_pin_attach_irq
                0x0000000000050570                rt_pin_detach_irq
                0x00000000000505b2                rt_pin_irq_enable
 *components*drivers*misc*adc.o(.text*)
 .text          0x00000000000505fc      0x35e build\kernel\components\drivers\misc\adc.o
                0x000000000005065a                rt_hw_adc_register
                0x00000000000506ae                rt_adc_read
                0x00000000000506e6                rt_adc_enable
                0x000000000005071c                rt_adc_disable
                0x000000000005095c                . = ALIGN (0x4)
 *fill*         0x000000000005095a        0x2 
 *src*ipc.o(.text* .rodata*)
 .text          0x000000000005095c     0x1f90 build\kernel\src\ipc.o
                0x00000000000509e2                rt_ipc_get_highest_priority
                0x0000000000050a04                rt_sem_init
                0x0000000000050a68                rt_sem_detach
                0x0000000000050ade                rt_sem_create
                0x0000000000050b62                rt_sem_delete
                0x0000000000050c16                rt_sem_take
                0x0000000000050d64                rt_sem_trytake
                0x0000000000050d68                rt_sem_release
                0x0000000000050e06                rt_sem_control
                0x0000000000050e76                rt_mutex_init
                0x0000000000050ec2                rt_mutex_detach
                0x0000000000050f38                rt_mutex_create
                0x0000000000050fa4                rt_mutex_delete
                0x0000000000051058                rt_mutex_take
                0x00000000000511f8                rt_mutex_release
                0x00000000000513ae                rt_mutex_control
                0x00000000000513f8                rt_event_init
                0x000000000005143c                rt_event_detach
                0x00000000000514b4                rt_event_create
                0x0000000000051518                rt_event_delete
                0x00000000000515ce                rt_event_send
                0x00000000000516b4                rt_event_recv
                0x0000000000051888                rt_event_control
                0x00000000000518f8                rt_mb_init
                0x0000000000051954                rt_mb_detach
                0x00000000000519d4                rt_mb_create
                0x0000000000051a6c                rt_mb_delete
                0x0000000000051b34                rt_mb_send_wait
                0x0000000000051cfc                rt_mb_send
                0x0000000000051d00                rt_mb_urgent
                0x0000000000051db6                rt_mb_recv
                0x0000000000051fa0                rt_mb_control
                0x000000000005201c                rt_mq_init
                0x00000000000520b2                rt_mq_detach
                0x0000000000052132                rt_mq_create
                0x000000000005220c                rt_mq_delete
                0x00000000000522dc                rt_mq_send_wait
                0x00000000000524fe                rt_mq_send
                0x0000000000052502                rt_mq_urgent
                0x0000000000052614                rt_mq_recv
                0x0000000000052856                rt_mq_control
 .rodata.str1.4
                0x00000000000528ec      0x44a build\kernel\src\ipc.o
                                        0x476 (size before relaxing)
 *fill*         0x0000000000052d36        0x2 
 .rodata        0x0000000000052d38      0x242 build\kernel\src\ipc.o
 *src*irq.o(.text* .rodata*)
 .text          0x0000000000052f7a       0x9a build\kernel\src\irq.o
                0x0000000000052f7a                rt_interrupt_enter_sethook
                0x0000000000052f84                rt_interrupt_leave_sethook
                0x0000000000052f8e                rt_interrupt_enter
                0x0000000000052fc4                rt_interrupt_leave
                0x0000000000052ffa                rt_interrupt_get_nest
 *src*object.o(.text* .rodata*)
 .text          0x0000000000053014      0x3c4 build\kernel\src\object.o
                0x0000000000053014                rt_object_attach_sethook
                0x000000000005301e                rt_object_detach_sethook
                0x0000000000053028                rt_object_trytake_sethook
                0x0000000000053032                rt_object_take_sethook
                0x000000000005303c                rt_object_put_sethook
                0x0000000000053046                rt_object_get_information
                0x000000000005306e                rt_object_get_length
                0x0000000000053098                rt_object_get_pointers
                0x00000000000530da                rt_object_init
                0x000000000005317e                rt_object_detach
                0x00000000000531cc                rt_object_allocate
                0x0000000000053286                rt_object_delete
                0x00000000000532fe                rt_object_is_systemobject
                0x0000000000053328                rt_object_get_type
                0x0000000000053354                rt_object_find
 *fill*         0x00000000000533d8        0x0 
 .rodata.str1.4
                0x00000000000533d8       0x65 build\kernel\src\object.o
                                         0x91 (size before relaxing)
 *fill*         0x000000000005343d        0x3 
 .rodata        0x0000000000053440       0x8b build\kernel\src\object.o
 *src*thread.o(.text* .rodata*)
 *fill*         0x00000000000534cb        0x1 
 .text          0x00000000000534cc      0x81c build\kernel\src\thread.o
                0x00000000000534ea                rt_thread_exit
                0x00000000000535fe                rt_thread_timeout
                0x0000000000053688                rt_thread_suspend_sethook
                0x0000000000053692                rt_thread_resume_sethook
                0x000000000005369c                rt_thread_inited_sethook
                0x00000000000536a6                rt_thread_init
                0x000000000005370c                rt_thread_self
                0x0000000000053716                rt_thread_detach
                0x00000000000537ac                rt_thread_create
                0x00000000000537f2                rt_thread_delete
                0x00000000000538a0                rt_thread_yield
                0x00000000000538d6                rt_thread_suspend
                0x0000000000053994                rt_thread_sleep
                0x0000000000053a1e                rt_thread_delay
                0x0000000000053a20                rt_thread_mdelay
                0x0000000000053a2e                rt_thread_delay_until
                0x0000000000053af6                rt_thread_resume
                0x0000000000053b88                rt_thread_startup
                0x0000000000053c1a                rt_thread_control
                0x0000000000053ce2                rt_thread_find
 *fill*         0x0000000000053ce8        0x0 
 .rodata.str1.4
                0x0000000000053ce8      0x19f build\kernel\src\thread.o
 *fill*         0x0000000000053e87        0x1 
 .rodata        0x0000000000053e88       0xd2 build\kernel\src\thread.o
 *src*timer.o(.text* .rodata*)
 .text          0x0000000000053f5a      0x688 build\kernel\src\timer.o
                0x0000000000053f6c                rt_timer_enter_sethook
                0x0000000000053f76                rt_timer_exit_sethook
                0x0000000000053f80                rt_timer_init
                0x0000000000053fd6                rt_timer_detach
                0x0000000000054060                rt_timer_create
                0x0000000000054096                rt_timer_delete
                0x0000000000054120                rt_timer_start
                0x0000000000054250                rt_timer_stop
                0x00000000000542cc                rt_timer_control
                0x0000000000054370                rt_timer_check
                0x0000000000054436                rt_timer_next_timeout_tick
                0x000000000005445a                rt_soft_timer_check
                0x000000000005458a                rt_system_timer_init
                0x0000000000054598                rt_system_timer_thread_init
 *fill*         0x00000000000545e2        0x2 
 .rodata.str1.4
                0x00000000000545e4       0xde build\kernel\src\timer.o
 *fill*         0x00000000000546c2        0x2 
 .rodata        0x00000000000546c4       0x75 build\kernel\src\timer.o
 *src*mempool.o(.text* .rodata*)
 *fill*         0x0000000000054739        0x1 
 .text          0x000000000005473a      0x4e2 build\kernel\src\mempool.o
                0x000000000005473a                rt_mp_alloc_sethook
                0x0000000000054744                rt_mp_free_sethook
                0x000000000005474e                rt_mp_init
                0x0000000000054824                rt_mp_detach
                0x00000000000548ba                rt_mp_create
                0x00000000000549a4                rt_mp_delete
                0x0000000000054a82                rt_mp_alloc
                0x0000000000054bbc                rt_mp_free
 .rodata.str1.4
                0x0000000000054c1c      0x149 build\kernel\src\mempool.o
                                        0x14d (size before relaxing)
 *fill*         0x0000000000054d65        0x3 
 .rodata        0x0000000000054d68       0x48 build\kernel\src\mempool.o
 *src*scheduler.o(.text* .rodata*)
 .text          0x0000000000054db0      0x310 build\kernel\src\scheduler.o
                0x0000000000054db0                rt_scheduler_sethook
                0x0000000000054dba                rt_system_scheduler_init
                0x0000000000054df2                rt_schedule_insert_thread
                0x0000000000054e72                rt_schedule_remove_thread
                0x0000000000054eda                rt_system_scheduler_start
                0x0000000000054f1a                rt_schedule
                0x0000000000055050                rt_enter_critical
                0x0000000000055072                rt_exit_critical
                0x00000000000550b6                rt_critical_level
 *fill*         0x00000000000550c0        0x0 
 .rodata.str1.4
                0x00000000000550c0       0x51 build\kernel\src\scheduler.o
                                         0x65 (size before relaxing)
 *fill*         0x0000000000055111        0x3 
 .rodata        0x0000000000055114       0x36 build\kernel\src\scheduler.o
 *src*clock.o(.text* .rodata*)
 .text          0x000000000005514a       0x90 build\kernel\src\clock.o
                0x000000000005514a                rt_tick_get
                0x0000000000055154                rt_tick_set
                0x000000000005516e                rt_tick_increase
                0x00000000000551a8                rt_tick_from_millisecond
                0x00000000000551d0                rt_tick_get_millisecond
 *src*kservice.o(.text* .rodata*)
 .text          0x00000000000551da      0xad4 build\kernel\src\kservice.o
                0x0000000000055378                rt_get_errno
                0x0000000000055398                rt_set_errno
                0x00000000000553ba                _rt_errno
                0x00000000000553dc                rt_memset
                0x0000000000055460                rt_memcpy
                0x000000000005550e                rt_memmove
                0x0000000000055558                rt_memcmp
                0x0000000000055580                rt_strcasecmp
                0x00000000000555b4                rt_strncpy
                0x00000000000555e0                rt_strncmp
                0x0000000000055610                rt_strcmp
                0x000000000005562a                rt_strnlen
                0x0000000000055642                rt_strlen
                0x0000000000055654                rt_strstr
                0x000000000005568c                rt_strdup
                0x00000000000556b8                rt_vsnprintf
                0x0000000000055a3e                rt_snprintf
                0x0000000000055a58                rt_vsprintf
                0x0000000000055a60                rt_sprintf
                0x0000000000055a7c                rt_console_get_device
                0x0000000000055a86                rt_console_set_device
                0x0000000000055ac2                rt_kputs
                0x0000000000055b0e                rt_kprintf
                0x0000000000055b8e                rt_show_version
                0x0000000000055bcc                rt_malloc_align
                0x0000000000055c06                rt_free_align
                0x0000000000055c12                __rt_ffs
                0x0000000000055c6a                rt_assert_set_hook
                0x0000000000055c74                rt_assert_handler
 *fill*         0x0000000000055cae        0x2 
 .rodata.str1.4
                0x0000000000055cb0       0xc7 build\kernel\src\kservice.o
 *fill*         0x0000000000055d77        0x1 
 .rodata        0x0000000000055d78      0x180 build\kernel\src\kservice.o
                0x0000000000055df8                __lowest_bit_bitmap
 *src*device.o(.text* .rodata*)
 .text          0x0000000000055ef8      0x4ec build\kernel\src\device.o
                0x0000000000055ef8                rt_device_unregister
                0x0000000000055f68                rt_device_find
                0x0000000000055f6e                rt_device_register
                0x0000000000055fa4                rt_device_create
                0x0000000000055fd0                rt_device_destroy
                0x0000000000056048                rt_device_init
                0x00000000000560a4                rt_device_open
                0x0000000000056194                rt_device_close
                0x000000000005620c                rt_device_read
                0x000000000005627c                rt_device_write
                0x00000000000562ec                rt_device_control
                0x0000000000056348                rt_device_set_rx_indicate
                0x0000000000056396                rt_device_set_tx_complete
 *fill*         0x00000000000563e4        0x0 
 .rodata.str1.4
                0x00000000000563e4       0xf4 build\kernel\src\device.o
 .rodata        0x00000000000564d8       0xc6 build\kernel\src\device.o
 *src*idle.o(.text* .rodata*)
 .text          0x000000000005659e      0x17c build\kernel\src\idle.o
                0x000000000005659e                rt_thread_idle_sethook
                0x00000000000565d8                rt_thread_idle_delhook
                0x0000000000056616                rt_thread_idle_excute
                0x00000000000566c2                rt_thread_idle_init
                0x0000000000056710                rt_thread_idle_gethandler
 *fill*         0x000000000005671a        0x2 
 .rodata.str1.4
                0x000000000005671c        0x8 build\kernel\src\idle.o
                                         0x34 (size before relaxing)
 .rodata        0x0000000000056724       0x16 build\kernel\src\idle.o
 *src*components.o(.text* .rodata*)
 .text          0x000000000005673a       0xee build\kernel\src\components.o
                0x000000000005674a                rt_components_board_init
                0x000000000005676e                rt_components_init
                0x0000000000056792                main_thread_entry
                0x00000000000567a4                rt_application_init
                0x00000000000567ec                rtthread_startup
                0x000000000005681c                entry
 *fill*         0x0000000000056828        0x0 
 .rodata.str1.4
                0x0000000000056828       0x17 build\kernel\src\components.o
 *fill*         0x000000000005683f        0x1 
 .rodata        0x0000000000056840       0x14 build\kernel\src\components.o

.comm           0x0000000000014000     0x4d26 load address 0x0000000010006a54
                0x0000000000014000                . = ALIGN (0x4)
 *(.vector)
 .vector        0x0000000000014000       0xd2 libraries\hal_libraries\bmsis\source\startup.o
                0x00000000000140c2                cpu_irq_comm
 .vector        0x00000000000140d2       0x3a libraries\hal_libraries\ab32vg1_hal\libhal.a(s_cache.o)
                0x00000000000140d2                isr_cache
 .vector        0x000000000001410c       0x2c libraries\hal_libraries\ab32vg1_hal\libhal.a(platform.o)
                0x000000000001410c                put_be32
                0x0000000000014114                put_be16
                0x000000000001411e                get_be32
                0x0000000000014120                swap32
                0x0000000000014126                get_be16
                0x000000000001412a                swap16
                0x0000000000014130                bitset_cnt
                0x0000000000014136                dummy_func
                0x0000000000014136                dummy_dump
 .vector        0x0000000000014138      0x128 libraries\hal_libraries\ab32vg1_hal\libhal.a(save-restore.o)
                0x0000000000014138                __riscv_save_12
                0x0000000000014158                __riscv_save_11
                0x0000000000014174                __riscv_save_10
                0x0000000000014190                __riscv_save_9
                0x00000000000141aa                __riscv_save_8
                0x00000000000141c2                __riscv_save_7
                0x00000000000141d6                __riscv_save_6
                0x00000000000141e8                __riscv_save_5
                0x00000000000141f8                __riscv_save_4
                0x0000000000014206                __riscv_save_3
                0x0000000000014212                __riscv_save_2
                0x000000000001421c                __riscv_save_1
                0x0000000000014224                __riscv_save_0
                0x000000000001422a                __riscv_restore_12
                0x000000000001422e                __riscv_restore_11
                0x0000000000014232                __riscv_restore_10
                0x0000000000014236                __riscv_restore_9
                0x000000000001423a                __riscv_restore_8
                0x000000000001423e                __riscv_restore_7
                0x0000000000014242                __riscv_restore_6
                0x0000000000014246                __riscv_restore_5
                0x000000000001424a                __riscv_restore_4
                0x000000000001424e                __riscv_restore_3
                0x0000000000014252                __riscv_restore_2
                0x0000000000014256                __riscv_restore_1
                0x000000000001425a                __riscv_restore_0
                0x0000000000014260                _gp
 *(.irq.cache)
 .irq.cache     0x0000000000014260       0xc2 build\board\board.o
                0x0000000000014260                cache_init
                0x0000000000014296                os_spiflash_lock
                0x00000000000142ba                os_spiflash_unlock
                0x00000000000142dc                os_cache_lock
                0x0000000000014300                os_cache_unlock
 .irq.cache     0x0000000000014322      0x118 libraries\hal_libraries\ab32vg1_hal\libhal.a(cache.o)
                0x0000000000014322                load_bank
                0x0000000000014428                load_cache_execute
 .irq.cache     0x000000000001443a       0x9c libraries\hal_libraries\ab32vg1_hal\libhal.a(s_cache.o)
                0x000000000001449c                load_cache
 *(.irq*)
 .irq.audio     0x00000000000144d6       0x3c build\board\ports\audio\drv_sound.o
                0x00000000000144d6                audio_sem_post
 .irq.timer     0x0000000000014512       0x1a build\board\board.o
                0x0000000000014512                timer0_isr
 .irq.err       0x000000000001452c       0x2e build\board\board.o
                0x000000000001452c                exception_isr
 *fill*         0x000000000001455a        0x2 
 .irq.err.str   0x000000000001455c       0x17 build\board\board.o
 *fill*         0x0000000000014573        0x1 
 .irq.sdio      0x0000000000014574       0x42 libraries\hal_drivers\drv_sdio.o
                0x0000000000014574                rthw_sdio_irq_process
                0x000000000001459e                sdio_isr
 .irq.irrx      0x00000000000145b6       0x8a libraries\hal_drivers\drv_irrx.o
                0x0000000000014610                ab32_get_irkey
 .irq.usart     0x0000000000014640      0x16e libraries\hal_drivers\drv_usart.o
                0x000000000001468a                uart_irq_process
 .irq.timer     0x00000000000147ae       0x5c libraries\hal_drivers\drv_hwtimer.o
                0x00000000000147ae                timer1_isr
 .irq.debug     0x000000000001480a       0xae libraries\hal_libraries\ab32vg1_hal\libhal.a(debug.o)
                0x000000000001480a                os_get_interrupt_nest
                0x000000000001480e                debug_dump_info
                0x0000000000014888                sys_error_hook
 *fill*         0x00000000000148b8        0x0 
 .irq.debug.str
                0x00000000000148b8       0x32 libraries\hal_libraries\ab32vg1_hal\libhal.a(debug.o)
                0x00000000000148b8                debug_dump_err_str_1
 *components*src**.o(.text* .rodata*)
 .text          0x00000000000148ea      0x612 build\kernel\components\dfs\src\dfs_posix.o
                0x00000000000148ea                mkdir
                0x000000000001494c                open
                0x00000000000149b4                close
                0x00000000000149ea                read
                0x0000000000014a2a                write
                0x0000000000014a6a                lseek
                0x0000000000014acc                rename
                0x0000000000014ae6                unlink
                0x0000000000014b00                stat
                0x0000000000014b1a                fstat
                0x0000000000014b60                fsync
                0x0000000000014b88                fcntl
                0x0000000000014bd6                ioctl
                0x0000000000014bf2                ftruncate
                0x0000000000014c3a                statfs
                0x0000000000014c54                rmdir
                0x0000000000014c56                opendir
                0x0000000000014cd4                readdir
                0x0000000000014d4a                telldir
                0x0000000000014d7a                seekdir
                0x0000000000014db4                rewinddir
                0x0000000000014de8                closedir
                0x0000000000014e2a                chdir
                0x0000000000014ebc                access
                0x0000000000014ece                getcwd
 *fill*         0x0000000000014efc        0x0 
 .rodata.str1.4
                0x0000000000014efc        0x4 build\kernel\components\dfs\src\dfs_posix.o
 .rodata.name   0x0000000000014f00       0x42 build\kernel\components\dfs\src\dfs_posix.o
                0x0000000000014f00                __fsym_cd_desc
                0x0000000000014f24                __fsym_cd_name
                0x0000000000014f28                __fsym_mkdir_desc
                0x0000000000014f3c                __fsym_mkdir_name
 .text          0x0000000000014f42      0x692 build\kernel\components\dfs\src\dfs_fs.o
                0x0000000000014f42                dfs_register
                0x0000000000014fcc                dfs_filesystem_lookup
                0x000000000001506a                dfs_filesystem_get_mounted_path
                0x00000000000150a6                dfs_filesystem_get_partition
                0x00000000000151ac                dfs_mount
                0x0000000000015364                dfs_unmount
                0x0000000000015402                dfs_mkfs
                0x00000000000154de                mkfs
                0x00000000000154e0                dfs_statfs
                0x0000000000015504                df
 .rodata.str1.4
                0x00000000000155d4      0x1b2 build\kernel\components\dfs\src\dfs_fs.o
                                        0x1b6 (size before relaxing)
 *fill*         0x0000000000015786        0x2 
 .rodata        0x0000000000015788       0x35 build\kernel\components\dfs\src\dfs_fs.o
 *fill*         0x00000000000157bd        0x3 
 .rodata.name   0x00000000000157c0       0x2d build\kernel\components\dfs\src\dfs_fs.o
                0x00000000000157c0                __fsym_df_desc
                0x00000000000157d0                __fsym_df_name
                0x00000000000157d4                __fsym_mkfs_desc
                0x00000000000157e8                __fsym_mkfs_name
 *fill*         0x00000000000157ed        0x1 
 .text          0x00000000000157ee      0x604 build\kernel\components\dfs\src\dfs.o
                0x00000000000157ee                list_fd
                0x00000000000158fa                dfs_init
                0x00000000000159b0                dfs_lock
                0x00000000000159e8                dfs_unlock
                0x00000000000159f4                fd_new
                0x0000000000015ae8                fd_get
                0x0000000000015b36                fd_put
                0x0000000000015b9a                dfs_subdir
                0x0000000000015bd6                dfs_normalize_path
                0x0000000000015d4a                fd_is_open
                0x0000000000015de8                dfs_fdtable_get
 *fill*         0x0000000000015df2        0x2 
 .rodata.str1.4
                0x0000000000015df4      0x11a build\kernel\components\dfs\src\dfs.o
                                        0x136 (size before relaxing)
 *fill*         0x0000000000015f0e        0x2 
 .rodata        0x0000000000015f10       0x1f build\kernel\components\dfs\src\dfs.o
 *fill*         0x0000000000015f2f        0x1 
 .rodata.name   0x0000000000015f30       0x26 build\kernel\components\dfs\src\dfs.o
                0x0000000000015f30                __fsym___cmd_list_fd_desc
                0x0000000000015f48                __fsym___cmd_list_fd_name
 .text          0x0000000000015f56      0x8cc build\kernel\components\dfs\src\dfs_file.o
                0x0000000000015f56                dfs_file_open
                0x0000000000016034                dfs_file_close
                0x0000000000016064                dfs_file_ioctl
                0x00000000000160aa                dfs_file_read
                0x00000000000160da                cat
                0x0000000000016154                dfs_file_getdents
                0x0000000000016174                dfs_file_unlink
                0x00000000000161ee                rm
                0x0000000000016210                dfs_file_write
                0x00000000000162ec                dfs_file_flush
                0x0000000000016300                dfs_file_lseek
                0x0000000000016328                dfs_file_stat
                0x0000000000016424                ls
                0x0000000000016658                copy
                0x0000000000016758                dfs_file_rename
                0x00000000000167e6                dfs_file_ftruncate
 *fill*         0x0000000000016822        0x2 
 .rodata.str1.4
                0x0000000000016824      0x1b4 build\kernel\components\dfs\src\dfs_file.o
                                        0x1cc (size before relaxing)
 .rodata.name   0x00000000000169d8       0x67 build\kernel\components\dfs\src\dfs_file.o
                0x00000000000169d8                __fsym_copy_desc
                0x00000000000169ec                __fsym_copy_name
                0x00000000000169f4                __fsym_cat_desc
                0x0000000000016a00                __fsym_cat_name
                0x0000000000016a04                __fsym_rm_desc
                0x0000000000016a20                __fsym_rm_name
                0x0000000000016a24                __fsym_ls_desc
                0x0000000000016a3c                __fsym_ls_name
 *fill*         0x0000000000016a3f        0x1 
 .text          0x0000000000016a40      0x188 build\kernel\components\drivers\src\completion.o
                0x0000000000016a40                rt_completion_init
                0x0000000000016a76                rt_completion_wait
                0x0000000000016b72                rt_completion_done
 .rodata.str1.4
                0x0000000000016bc8       0x6f build\kernel\components\drivers\src\completion.o
                                         0x72 (size before relaxing)
 *fill*         0x0000000000016c37        0x1 
 .rodata        0x0000000000016c38       0x3b build\kernel\components\drivers\src\completion.o
 *fill*         0x0000000000016c73        0x1 
 .text          0x0000000000016c74      0x664 build\kernel\components\drivers\src\dataqueue.o
                0x0000000000016c74                rt_data_queue_init
                0x0000000000016cf4                rt_data_queue_push
                0x0000000000016e90                rt_data_queue_peek
                0x0000000000016f1c                rt_data_queue_reset
                0x0000000000016fca                rt_data_queue_deinit
                0x0000000000017030                rt_data_queue_len
                0x00000000000170ba                rt_data_queue_pop
 .rodata.str1.4
                0x00000000000172d8       0x64 build\kernel\components\drivers\src\dataqueue.o
                                         0x90 (size before relaxing)
 .rodata        0x000000000001733c       0x8e build\kernel\components\drivers\src\dataqueue.o
 .text          0x00000000000173ca      0x60c build\kernel\components\drivers\src\ringbuffer.o
                0x00000000000173ca                rt_ringbuffer_init
                0x000000000001741c                rt_ringbuffer_putchar_force
                0x00000000000174be                rt_ringbuffer_data_len
                0x00000000000174f6                rt_ringbuffer_put
                0x00000000000175b4                rt_ringbuffer_put_force
                0x00000000000176ce                rt_ringbuffer_get
                0x00000000000177a8                rt_ringbuffer_peak
                0x0000000000017826                rt_ringbuffer_putchar
                0x0000000000017896                rt_ringbuffer_getchar
                0x0000000000017916                rt_ringbuffer_reset
                0x000000000001793e                rt_ringbuffer_create
                0x000000000001799e                rt_ringbuffer_destroy
 *fill*         0x00000000000179d6        0x2 
 .rodata.str1.4
                0x00000000000179d8        0xe build\kernel\components\drivers\src\ringbuffer.o
                                         0x19 (size before relaxing)
 *fill*         0x00000000000179e6        0x2 
 .rodata        0x00000000000179e8       0xf6 build\kernel\components\drivers\src\ringbuffer.o
 *ab32vg1_hal**.o(.text* .rodata*)
 .text          0x0000000000017ade      0x120 build\board\ab32vg1_hal_msp.o
                0x0000000000017ade                hal_uart_mspinit
                0x0000000000017b9e                hal_sd_mspinit
                0x0000000000017bda                hal_pwm_mspinit
 .text.hal_uart_setbaud
                0x0000000000017bfe       0x1e libraries\hal_libraries\ab32vg1_hal\source\ab32vg1_hal_uart.o
                0x0000000000017bfe                hal_uart_setbaud
 .text.hal_uart_setparam
                0x0000000000017c1c       0x52 libraries\hal_libraries\ab32vg1_hal\source\ab32vg1_hal_uart.o
                0x0000000000017c1c                hal_uart_setparam
 .text.hal_uart_deinit
                0x0000000000017c6e        0x6 libraries\hal_libraries\ab32vg1_hal\source\ab32vg1_hal_uart.o
                0x0000000000017c6e                hal_uart_deinit
 .text.hal_uart_control
                0x0000000000017c74       0x18 libraries\hal_libraries\ab32vg1_hal\source\ab32vg1_hal_uart.o
                0x0000000000017c74                hal_uart_control
 .text.hal_uart_write
                0x0000000000017c8c        0x4 libraries\hal_libraries\ab32vg1_hal\source\ab32vg1_hal_uart.o
                0x0000000000017c8c                hal_uart_write
 .text.hal_uart_read
                0x0000000000017c90        0x8 libraries\hal_libraries\ab32vg1_hal\source\ab32vg1_hal_uart.o
                0x0000000000017c90                hal_uart_read
 .text.hal_uart_getflag
                0x0000000000017c98        0x6 libraries\hal_libraries\ab32vg1_hal\source\ab32vg1_hal_uart.o
                0x0000000000017c98                hal_uart_getflag
 .text.hal_uart_clrflag
                0x0000000000017c9e        0x8 libraries\hal_libraries\ab32vg1_hal\source\ab32vg1_hal_uart.o
                0x0000000000017c9e                hal_uart_clrflag
 .text.uart_config_all
                0x0000000000017ca6       0x70 libraries\hal_libraries\ab32vg1_hal\source\ab32vg1_hal_uart.o
                0x0000000000017ca6                uart_config_all
 .text.hal_uart_init
                0x0000000000017d16       0x1c libraries\hal_libraries\ab32vg1_hal\source\ab32vg1_hal_uart.o
                0x0000000000017d16                hal_uart_init
 .text.gpio_afinit
                0x0000000000017d32       0x30 libraries\hal_libraries\ab32vg1_hal\source\ab32vg1_hal_gpio.o
                0x0000000000017d32                gpio_afinit
 .text.hal_gpio_init
                0x0000000000017d62       0xc6 libraries\hal_libraries\ab32vg1_hal\source\ab32vg1_hal_gpio.o
                0x0000000000017d62                hal_gpio_init
 .text.hal_gpio_read
                0x0000000000017e28        0xa libraries\hal_libraries\ab32vg1_hal\source\ab32vg1_hal_gpio.o
                0x0000000000017e28                hal_gpio_read
 .text.hal_gpio_write
                0x0000000000017e32       0x18 libraries\hal_libraries\ab32vg1_hal\source\ab32vg1_hal_gpio.o
                0x0000000000017e32                hal_gpio_write
 .text.hal_rcu_periph_clk_enable
                0x0000000000017e4a       0x34 libraries\hal_libraries\ab32vg1_hal\source\ab32vg1_hal_rcu.o
                0x0000000000017e4a                hal_rcu_periph_clk_enable
 .text.hal_set_tick_hook
                0x0000000000017e7e        0xa libraries\hal_libraries\ab32vg1_hal\source\ab32vg1_hal.o
                0x0000000000017e7e                hal_set_tick_hook
 .text.hal_set_ticks
                0x0000000000017e88       0x20 libraries\hal_libraries\ab32vg1_hal\source\ab32vg1_hal.o
                0x0000000000017e88                hal_set_ticks
 .text.hal_adc_enable
                0x0000000000017ea8       0x14 libraries\hal_libraries\ab32vg1_hal\libhal.a(ab32vg1_hal_adc.o)
                0x0000000000017ea8                hal_adc_enable
 .text.hal_adc_start
                0x0000000000017ebc        0x6 libraries\hal_libraries\ab32vg1_hal\libhal.a(ab32vg1_hal_adc.o)
                0x0000000000017ebc                hal_adc_start
 .text.hal_adc_poll_for_conversion
                0x0000000000017ec2       0x30 libraries\hal_libraries\ab32vg1_hal\libhal.a(ab32vg1_hal_adc.o)
                0x0000000000017ec2                hal_adc_poll_for_conversion
 *drv_gpio.o(.text* .rodata*)
 .text          0x0000000000017ef2      0x1b2 libraries\hal_drivers\drv_gpio.o
                0x000000000001808e                rt_hw_pin_init
 .rodata.str1.4
                0x00000000000180a4        0x4 libraries\hal_drivers\drv_gpio.o
 .rodata        0x00000000000180a8       0x38 libraries\hal_drivers\drv_gpio.o
 *drv_usart.o(.rodata)
 .rodata        0x00000000000180e0       0x81 libraries\hal_drivers\drv_usart.o
 *(.rela*)
 .rela.text.startup
                0x0000000000018161        0x0 build\applications\main.o
 .rela.text     0x0000000000018161        0x0 build\applications\main.o
 .rela.irq.err  0x0000000000018161        0x0 build\applications\main.o
 .rela.text.set_sysclk
                0x0000000000018161        0x0 build\applications\main.o
 .rela.reset    0x0000000000018161        0x0 build\applications\main.o
 .rela.vector   0x0000000000018161        0x0 build\applications\main.o
 .rela.irq.cache
                0x0000000000018161        0x0 build\applications\main.o
 .rela.com_text.cache
                0x0000000000018161        0x0 build\applications\main.o
 .rela.com_text.spiflash
                0x0000000000018161        0x0 build\applications\main.o
 .rela.irq.debug
                0x0000000000018161        0x0 build\applications\main.o
 *(.data*)
 *fill*         0x0000000000018161        0x3 
 .data          0x0000000000018164       0x1c build\board\ports\audio\drv_sound.o
 .data          0x0000000000018180       0xa0 build\kernel\src\object.o
 .data          0x0000000000018220      0x100 build\kernel\components\dfs\src\dfs.o
                0x0000000000018220                working_directory
 .data          0x0000000000018320       0x3c libraries\hal_drivers\drv_adc.o
 .data          0x000000000001835c        0xc libraries\hal_drivers\drv_usart.o
 .data          0x0000000000018368       0x48 libraries\hal_drivers\drv_pwm.o
 .data          0x00000000000183b0       0x5c libraries\hal_drivers\drv_hwtimer.o
 *fill*         0x000000000001840c        0x4 
 .data          0x0000000000018410      0x428 d:/program_files/programming/rt-threadstudio/repo/extract/toolchain_support_packages/risc-v/risc-v-gcc/10.1.0/bin/../lib/gcc/riscv64-unknown-elf/10.1.0/../../../../riscv64-unknown-elf/lib/rv32im/ilp32\libc.a(lib_a-impure.o)
 .data          0x0000000000018838      0x16c d:/program_files/programming/rt-threadstudio/repo/extract/toolchain_support_packages/risc-v/risc-v-gcc/10.1.0/bin/../lib/gcc/riscv64-unknown-elf/10.1.0/../../../../riscv64-unknown-elf/lib/rv32im/ilp32\libc.a(lib_a-locale.o)
                0x0000000000018838                __global_locale
 *(.sdata*)
 .sdata         0x00000000000189a4        0x1 build\kernel\src\timer.o
 *fill*         0x00000000000189a5        0x3 
 .sdata         0x00000000000189a8        0x8 build\kernel\components\drivers\sdio\block_dev.o
 .sdata         0x00000000000189b0       0x10 build\kernel\components\drivers\sdio\sdio.o
 .sdata         0x00000000000189c0        0x4 build\kernel\components\finsh\msh.o
 .sdata         0x00000000000189c4        0x1 libraries\hal_drivers\drv_sdio.o
 *fill*         0x00000000000189c5        0x3 
 .sdata         0x00000000000189c8        0x4 libraries\hal_drivers\drv_pwm.o
 .sdata         0x00000000000189cc        0x4 d:/program_files/programming/rt-threadstudio/repo/extract/toolchain_support_packages/risc-v/risc-v-gcc/10.1.0/bin/../lib/gcc/riscv64-unknown-elf/10.1.0/../../../../riscv64-unknown-elf/lib/rv32im/ilp32\libc.a(lib_a-impure.o)
                0x00000000000189cc                _impure_ptr
 .sdata         0x00000000000189d0        0x4 d:/program_files/programming/rt-threadstudio/repo/extract/toolchain_support_packages/risc-v/risc-v-gcc/10.1.0/bin/../lib/gcc/riscv64-unknown-elf/10.1.0/../../../../riscv64-unknown-elf/lib/rv32im/ilp32\libc.a(lib_a-environ.o)
                0x00000000000189d0                environ
 .sdata         0x00000000000189d4        0x4 libraries\hal_libraries\ab32vg1_hal\libhal.a(cache.o)
                0x00000000000189d4                _cache_cb
 *(.com_text*)
 .com_text.cache
                0x00000000000189d8       0x5c libraries\hal_libraries\ab32vg1_hal\libhal.a(cache.o)
                0x00000000000189d8                os_cache_init
                0x0000000000018a16                os_cache_setfunc
 .com_text.spiflash
                0x0000000000018a34      0x2f2 libraries\hal_libraries\ab32vg1_hal\libhal.a(spiflash.o)
                0x0000000000018afa                spiflash_read
                0x0000000000018c68                os_spiflash_read
                0x0000000000018c9a                os_spiflash_program
                0x0000000000018cf6                os_spiflash_erase

.bss            0x0000000000011000     0x1990
                0x0000000000011000                __bss_start = .
 *(COMMON)
 COMMON         0x0000000000011000       0x2c libraries\hal_libraries\ab32vg1_hal\libhal.a(cache.o)
                0x0000000000011000                cache_cb
 COMMON         0x000000000001102c        0x4 libraries\hal_libraries\ab32vg1_hal\libhal.a(spiflash.o)
                0x000000000001102c                spi_dummy_byte
 *(.bss)
 .bss           0x0000000000011030       0x58 build\board\ports\audio\drv_sound.o
 .bss           0x0000000000011088       0xc8 build\board\board.o
 .bss           0x0000000000011150      0x180 build\kernel\src\timer.o
 .bss           0x00000000000112d0      0x290 build\kernel\src\idle.o
 .bss           0x0000000000011560       0x20 build\kernel\src\mem.o
 .bss           0x0000000000011580      0x100 build\kernel\src\scheduler.o
                0x0000000000011580                rt_thread_priority_table
 .bss           0x0000000000011680       0x80 build\kernel\src\kservice.o
 .bss           0x0000000000011700       0x44 build\kernel\components\dfs\src\dfs.o
                0x0000000000011700                filesystem_table
 .bss           0x0000000000011744      0x128 build\kernel\components\dfs\src\dfs_file.o
 .bss           0x000000000001186c       0x34 build\kernel\components\drivers\misc\pin.o
 .bss           0x00000000000118a0      0x500 build\kernel\components\drivers\sdio\mmcsd_core.o
 .bss           0x0000000000011da0      0x140 build\kernel\components\finsh\finsh_node.o
                0x0000000000011da0                global_node_table
 .bss           0x0000000000011ee0      0x180 build\kernel\components\finsh\finsh_vm.o
                0x0000000000011ee0                finsh_vm_stack
                0x0000000000011fe0                text_segment
 .bss           0x0000000000012060       0x81 build\kernel\components\finsh\shell.o
 *fill*         0x00000000000120e1        0x3 
 .bss           0x00000000000120e4       0xc0 build\kernel\components\finsh\finsh_var.o
                0x00000000000120e4                global_variable
 *fill*         0x00000000000121a4        0x4 
 .bss           0x00000000000121a8       0x80 build\kernel\components\finsh\finsh_heap.o
                0x00000000000121a8                finsh_heap
 .bss           0x0000000000012228       0x61 build\kernel\components\libc\compilers\common\time.o
 *fill*         0x0000000000012289        0x3 
 .bss           0x000000000001228c       0x30 libraries\hal_drivers\drv_rtc.o
 .bss           0x00000000000122bc       0x88 libraries\hal_drivers\drv_soft_i2c.o
 .bss           0x0000000000012344       0x34 libraries\hal_drivers\drv_wdt.o
 *fill*         0x0000000000012378        0x8 
 .bss           0x0000000000012380      0x400 libraries\hal_drivers\drv_sdio.o
 .bss           0x0000000000012780       0x58 libraries\hal_drivers\drv_usart.o
 .bss           0x00000000000127d8       0x5c libcpu\cpu\interrupt.o
                0x00000000000127d8                tbl_irq_vector
 .bss           0x0000000000012834        0xc libraries\hal_libraries\bmsis\source\system_ab32vgx.o
                0x0000000000012834                sys
 *(.sbss)
 .sbss          0x0000000000012840        0x8 build\kernel\src\mempool.o
 .sbss          0x0000000000012848        0xc build\kernel\src\thread.o
 .sbss          0x0000000000012854       0x14 build\kernel\src\object.o
                0x0000000000012854                rt_object_put_hook
                0x0000000000012858                rt_object_take_hook
                0x000000000001285c                rt_object_trytake_hook
 .sbss          0x0000000000012868       0x1c build\kernel\src\timer.o
 .sbss          0x0000000000012884       0x20 build\kernel\src\mem.o
 .sbss          0x00000000000128a4        0x4 build\kernel\src\clock.o
 .sbss          0x00000000000128a8       0x1c build\kernel\src\scheduler.o
                0x00000000000128ac                rt_thread_defunct
                0x00000000000128b4                rt_current_priority
                0x00000000000128b8                rt_current_thread
                0x00000000000128c0                rt_thread_ready_priority_group
 .sbss          0x00000000000128c4        0xc build\kernel\src\kservice.o
                0x00000000000128c4                rt_assert_hook
 .sbss          0x00000000000128d0        0xc build\kernel\src\irq.o
                0x00000000000128d0                rt_interrupt_nest
 .sbss          0x00000000000128dc       0x14 build\kernel\components\dfs\src\dfs.o
                0x00000000000128e8                filesystem_operation_table
 .sbss          0x00000000000128f0        0x8 build\kernel\components\dfs\filesystems\elmfat\dfs_elm.o
 .sbss          0x00000000000128f8        0xc build\kernel\components\dfs\filesystems\elmfat\ff.o
 .sbss          0x0000000000012904        0x4 build\kernel\components\drivers\misc\adc.o
 .sbss          0x0000000000012908        0x4 build\kernel\components\drivers\serial\serial.o
 .sbss          0x000000000001290c        0x4 build\kernel\components\finsh\cmd.o
 .sbss          0x0000000000012910        0xc build\kernel\components\finsh\finsh_vm.o
                0x0000000000012910                global_syscall_list
                0x0000000000012914                finsh_pc
                0x0000000000012918                finsh_sp
 .sbss          0x000000000001291c       0x18 build\kernel\components\finsh\shell.o
                0x0000000000012920                shell
                0x0000000000012924                _sysvar_table_end
                0x0000000000012928                _sysvar_table_begin
                0x000000000001292c                _syscall_table_end
                0x0000000000012930                _syscall_table_begin
 .sbss          0x0000000000012934        0x4 build\kernel\components\finsh\finsh_var.o
                0x0000000000012934                global_sysvar_list
 .sbss          0x0000000000012938        0x8 build\kernel\components\finsh\finsh_compiler.o
                0x0000000000012938                finsh_compile_pc
                0x000000000001293c                finsh_compile_sp
 .sbss          0x0000000000012940        0x8 build\kernel\components\finsh\finsh_heap.o
 .sbss          0x0000000000012948        0x1 build\kernel\components\finsh\finsh_error.o
                0x0000000000012948                global_errno
 *fill*         0x0000000000012949        0x3 
 .sbss          0x000000000001294c        0x4 build\kernel\components\libc\compilers\common\time.o
 .sbss          0x0000000000012950        0x4 build\kernel\components\libc\compilers\newlib\stdio.o
 .sbss          0x0000000000012954        0x8 libraries\hal_drivers\drv_wdt.o
 .sbss          0x000000000001295c        0x4 libraries\hal_drivers\drv_sdio.o
 .sbss          0x0000000000012960        0x8 libraries\hal_drivers\drv_irrx.o
 .sbss          0x0000000000012968       0x10 libcpu\cpu\cpuport.o
                0x0000000000012968                rt_cur_thread_sp
                0x000000000001296c                rt_thread_switch_interrupt_flag
                0x0000000000012970                rt_interrupt_to_thread
                0x0000000000012974                rt_interrupt_from_thread
 .sbss          0x0000000000012978        0x8 libcpu\cpu\interrupt.o
                0x0000000000012978                cpu_irq_comm_hook
                0x000000000001297c                irq_mask
 .sbss          0x0000000000012980        0x8 libraries\hal_libraries\ab32vg1_hal\source\ab32vg1_hal.o
 .sbss          0x0000000000012988        0x4 d:/program_files/programming/rt-threadstudio/repo/extract/toolchain_support_packages/risc-v/risc-v-gcc/10.1.0/bin/../lib/gcc/riscv64-unknown-elf/10.1.0/../../../../riscv64-unknown-elf/lib/rv32im/ilp32\libc.a(lib_a-setenv_r.o)
 .sbss          0x000000000001298c        0x4 d:/program_files/programming/rt-threadstudio/repo/extract/toolchain_support_packages/risc-v/risc-v-gcc/10.1.0/bin/../lib/gcc/riscv64-unknown-elf/10.1.0/../../../../riscv64-unknown-elf/lib/rv32im/ilp32\libc.a(lib_a-environ.o)
 *(.buf*)
                0x0000000000012990                __bss_end = .
                0x0000000000001990                __bss_size = (__bss_end - __bss_start)

.stack          0x0000000000013000     0x1000
                0x0000000000013000                __irq_stack_start = .
                0x0000000000001000                . = __stack_ram_size
 *fill*         0x0000000000013000     0x1000 
                0x0000000000014000                __irq_stack = .
                0x0000000000001000                __irq_stack_size = (__irq_stack - __irq_stack_start)

.heap           0x000000000001e800    0x11800
                0x000000000001e800                __heap_start = .
                0x0000000000011800                . = __heap_ram_size
 *fill*         0x000000000001e800    0x11800 
                0x0000000000030000                __heap_end = .

.flash          0x000000001000b780    0x2bc80
                0x000000001000b780                . = ALIGN (0x4)
                0x000000001000b780                __fsymtab_start = .
 *(FSymTab)
 FSymTab        0x000000001000b780        0xc build\kernel\src\memheap.o
                0x000000001000b780                __fsym___cmd_memheaptrace
 FSymTab        0x000000001000b78c        0xc build\kernel\src\mem.o
                0x000000001000b78c                __fsym_list_mem
 FSymTab        0x000000001000b798       0x18 build\kernel\components\dfs\src\dfs_posix.o
                0x000000001000b798                __fsym_cd
                0x000000001000b7a4                __fsym_mkdir
 FSymTab        0x000000001000b7b0       0x18 build\kernel\components\dfs\src\dfs_fs.o
                0x000000001000b7b0                __fsym_df
                0x000000001000b7bc                __fsym_mkfs
 FSymTab        0x000000001000b7c8        0xc build\kernel\components\dfs\src\dfs.o
                0x000000001000b7c8                __fsym___cmd_list_fd
 FSymTab        0x000000001000b7d4       0x30 build\kernel\components\dfs\src\dfs_file.o
                0x000000001000b7d4                __fsym_copy
                0x000000001000b7e0                __fsym_cat
                0x000000001000b7ec                __fsym_rm
                0x000000001000b7f8                __fsym_ls
 FSymTab        0x000000001000b804        0xc build\kernel\components\drivers\misc\adc.o
                0x000000001000b804                __fsym___cmd_adc
 FSymTab        0x000000001000b810       0x48 build\kernel\components\drivers\misc\rt_drv_pwm.o
                0x000000001000b810                __fsym___cmd_pwm_get
                0x000000001000b81c                __fsym___cmd_pwm_set
                0x000000001000b828                __fsym___cmd_pwm_disable
                0x000000001000b834                __fsym___cmd_pwm_enable
                0x000000001000b840                __fsym_pwm_set
                0x000000001000b84c                __fsym_pwm_enable
 FSymTab        0x000000001000b858       0x30 build\kernel\components\drivers\misc\pin.o
                0x000000001000b858                __fsym_pinGet
                0x000000001000b864                __fsym_pinRead
                0x000000001000b870                __fsym_pinWrite
                0x000000001000b87c                __fsym_pinMode
 FSymTab        0x000000001000b888       0x3c build\kernel\components\drivers\rtc\rtc.o
                0x000000001000b888                __fsym___cmd_date
                0x000000001000b894                __fsym___cmd_list_date
                0x000000001000b8a0                __fsym_set_time
                0x000000001000b8ac                __fsym_set_date
                0x000000001000b8b8                __fsym_list_date
 FSymTab        0x000000001000b8c4      0x138 build\kernel\components\finsh\cmd.o
                0x000000001000b8c4                __fsym_list
                0x000000001000b8d0                __fsym___cmd_list_device
                0x000000001000b8dc                __fsym_list_device
                0x000000001000b8e8                __fsym___cmd_list_timer
                0x000000001000b8f4                __fsym_list_timer
                0x000000001000b900                __fsym___cmd_list_mempool
                0x000000001000b90c                __fsym_list_mempool
                0x000000001000b918                __fsym___cmd_list_memheap
                0x000000001000b924                __fsym_list_memheap
                0x000000001000b930                __fsym___cmd_list_msgqueue
                0x000000001000b93c                __fsym_list_msgqueue
                0x000000001000b948                __fsym___cmd_list_mailbox
                0x000000001000b954                __fsym_list_mailbox
                0x000000001000b960                __fsym___cmd_list_mutex
                0x000000001000b96c                __fsym_list_mutex
                0x000000001000b978                __fsym___cmd_list_event
                0x000000001000b984                __fsym_list_event
                0x000000001000b990                __fsym___cmd_list_sem
                0x000000001000b99c                __fsym_list_sem
                0x000000001000b9a8                __fsym___cmd_list_thread
                0x000000001000b9b4                __fsym_list_thread
                0x000000001000b9c0                __fsym___cmd_version
                0x000000001000b9cc                __fsym_version
                0x000000001000b9d8                __fsym___cmd_clear
                0x000000001000b9e4                __fsym_clear
                0x000000001000b9f0                __fsym_hello
 FSymTab        0x000000001000b9fc       0x9c build\kernel\components\finsh\msh_file.o
                0x000000001000b9fc                __fsym___cmd_echo
                0x000000001000ba08                __fsym___cmd_df
                0x000000001000ba14                __fsym___cmd_umount
                0x000000001000ba20                __fsym___cmd_mount
                0x000000001000ba2c                __fsym___cmd_mkfs
                0x000000001000ba38                __fsym___cmd_mkdir
                0x000000001000ba44                __fsym___cmd_pwd
                0x000000001000ba50                __fsym___cmd_cd
                0x000000001000ba5c                __fsym___cmd_rm
                0x000000001000ba68                __fsym___cmd_cat
                0x000000001000ba74                __fsym___cmd_mv
                0x000000001000ba80                __fsym___cmd_cp
                0x000000001000ba8c                __fsym___cmd_ls
 FSymTab        0x000000001000ba98       0x3c build\kernel\components\finsh\msh.o
                0x000000001000ba98                __fsym___cmd_free
                0x000000001000baa4                __fsym___cmd_ps
                0x000000001000bab0                __fsym___cmd_help
                0x000000001000babc                __fsym_msh
                0x000000001000bac8                __fsym___cmd_exit
                0x000000001000bad4                __fsymtab_end = .
                0x000000001000bad4                . = ALIGN (0x4)
                0x000000001000bad4                __vsymtab_start = .
 *(VSymTab)
 VSymTab        0x000000001000bad4       0x10 build\kernel\components\finsh\cmd.o
                0x000000001000bad4                __vsym_dummy
                0x000000001000bae4                __vsymtab_end = .
                0x000000001000bae4                . = ALIGN (0x4)
 *(.text*)
 .text.startup  0x000000001000bae4       0x6a build\applications\main.o
                0x000000001000bae4                main
 .text          0x000000001000bb4e       0xfc build\applications\mnt.o
                0x000000001000bb4e                sd_mount
                0x000000001000bbda                ab32_sdcard_mount
 .text          0x000000001000bc4a      0x65e build\board\ports\audio\drv_sound.o
                0x000000001000be46                adpll_init
                0x000000001000bef8                dac_start
                0x000000001000bfba                audio_sem_pend
                0x000000001000bfcc                sound_transmit
                0x000000001000c02e                saia_frequency_set
                0x000000001000c082                saia_channels_set
                0x000000001000c0de                saia_volume_set
                0x000000001000c1f6                saia_volume_get
 .text          0x000000001000c2a8      0x1d6 build\board\board.o
                0x000000001000c2a8                timer0_cfg
                0x000000001000c2bc                hal_printf
                0x000000001000c348                timer0_init
                0x000000001000c370                hal_mdelay
                0x000000001000c378                rt_hw_systick_init
                0x000000001000c420                rt_hw_board_init
                0x000000001000c474                rt_hw_us_delay
                0x000000001000c476                rt_hw_console_output
 .text          0x000000001000c47e      0x820 build\kernel\src\memheap.o
                0x000000001000c47e                rt_memheap_init
                0x000000001000c552                rt_memheap_detach
                0x000000001000c5ee                rt_memheap_alloc
                0x000000001000c75a                rt_memheap_free
                0x000000001000c8b4                rt_memheap_realloc
                0x000000001000cae6                rt_memheap_dump
                0x000000001000cc36                memheaptrace
 .text          0x000000001000cc9e      0x802 build\kernel\src\mem.o
                0x000000001000cc9e                list_mem
                0x000000001000cde0                rt_malloc_sethook
                0x000000001000cdea                rt_free_sethook
                0x000000001000cdf4                rt_system_heap_init
                0x000000001000cef0                rt_malloc
                0x000000001000d112                rt_calloc
                0x000000001000d142                rt_free
                0x000000001000d316                rt_realloc
                0x000000001000d47a                rt_memory_info
 .text          0x000000001000d4a0      0x3ec build\kernel\components\dfs\filesystems\devfs\devfs.o
                0x000000001000d4a0                dfs_device_fs_mount
                0x000000001000d4a8                dfs_device_fs_ioctl
                0x000000001000d50a                dfs_device_fs_read
                0x000000001000d578                dfs_device_fs_write
                0x000000001000d5e6                dfs_device_fs_close
                0x000000001000d67a                dfs_device_fs_stat
                0x000000001000d6ee                dfs_device_fs_open
                0x000000001000d7d6                dfs_device_fs_getdents
                0x000000001000d86a                devfs_init
 .text          0x000000001000d88c      0xbae build\kernel\components\dfs\filesystems\elmfat\dfs_elm.o
                0x000000001000d8c6                dfs_elm_mount
                0x000000001000d9d0                dfs_elm_unmount
                0x000000001000da5a                dfs_elm_mkfs
                0x000000001000db8a                dfs_elm_statfs
                0x000000001000dc2a                dfs_elm_open
                0x000000001000dd4e                dfs_elm_close
                0x000000001000ddca                dfs_elm_ioctl
                0x000000001000de2c                dfs_elm_read
                0x000000001000de8c                dfs_elm_write
                0x000000001000def0                dfs_elm_flush
                0x000000001000df28                dfs_elm_lseek
                0x000000001000dfba                dfs_elm_getdents
                0x000000001000e08a                dfs_elm_unlink
                0x000000001000e0ec                dfs_elm_rename
                0x000000001000e152                dfs_elm_stat
                0x000000001000e22e                elm_init
                0x000000001000e250                disk_initialize
                0x000000001000e254                disk_status
                0x000000001000e258                disk_read
                0x000000001000e290                disk_write
                0x000000001000e2c8                disk_ioctl
                0x000000001000e3a4                get_fattime
                0x000000001000e3a8                ff_cre_syncobj
                0x000000001000e3ea                ff_del_syncobj
                0x000000001000e40a                ff_req_grant
                0x000000001000e42a                ff_rel_grant
                0x000000001000e432                ff_memalloc
                0x000000001000e436                ff_memfree
 .text          0x000000001000e43a      0x11e build\kernel\components\dfs\filesystems\elmfat\ffunicode.o
                0x000000001000e43a                ff_uni2oem
                0x000000001000e486                ff_oem2uni
                0x000000001000e4b4                ff_wtoupper
 .text          0x000000001000e558     0x2f96 build\kernel\components\dfs\filesystems\elmfat\ff.o
                0x000000001000fc50                f_mount
                0x000000001000fcdc                f_open
                0x000000001000fef8                f_read
                0x00000000100100b6                f_write
                0x00000000100102b8                f_sync
                0x0000000010010380                f_close
                0x00000000100103b6                f_lseek
                0x000000001001063c                f_opendir
                0x00000000100106e8                f_closedir
                0x0000000010010716                f_readdir
                0x000000001001079e                f_seekdir
                0x00000000100107e0                f_stat
                0x0000000010010856                f_getfree
                0x0000000010010958                f_truncate
                0x0000000010010a38                f_unlink
                0x0000000010010b0a                f_mkdir
                0x0000000010010c4c                f_rename
                0x0000000010010d9c                f_mkfs
                0x00000000100114ce                elm_get_vol
 .text          0x00000000100114ee      0x85a build\kernel\components\drivers\audio\audio.o
                0x0000000010011a6a                rt_audio_register
                0x0000000010011ada                rt_audio_samplerate_to_speed
                0x0000000010011ba8                rt_audio_tx_complete
                0x0000000010011d1a                rt_audio_rx_done
 .text          0x0000000010011d48      0x45c build\kernel\components\drivers\audio\audio_pipe.o
                0x0000000010012098                rt_audio_pipe_init
                0x0000000010012132                rt_audio_pipe_detach
                0x000000001001213a                rt_audio_pipe_create
                0x0000000010012180                rt_audio_pipe_destroy
 .text          0x00000000100121a4      0x462 build\kernel\components\drivers\hwtimer\hwtimer.o
                0x0000000010012508                rt_device_hwtimer_isr
                0x000000001001256a                rt_device_hwtimer_register
 .text          0x0000000010012606      0x1de build\kernel\components\drivers\i2c\i2c_core.o
                0x0000000010012606                rt_i2c_core_init
                0x000000001001260a                rt_i2c_bus_device_register
                0x000000001001267a                rt_i2c_bus_device_find
                0x00000000100126d6                rt_i2c_transfer
                0x0000000010012754                rt_i2c_master_send
                0x0000000010012786                rt_i2c_master_recv
 .text          0x00000000100127e4      0x1bc build\kernel\components\drivers\i2c\i2c_dev.o
                0x000000001001294e                rt_i2c_bus_device_device_init
 .text          0x00000000100129a0      0x4a8 build\kernel\components\drivers\i2c\i2c-bit-ops.o
                0x0000000010012e3a                rt_i2c_bit_add_bus
 .text          0x0000000010012e48      0x3a6 build\kernel\components\drivers\misc\rt_drv_pwm.o
                0x0000000010012edc                rt_pwm_enable
                0x0000000010012f1a                rt_pwm_set
                0x0000000010013012                rt_device_pwm_register
                0x0000000010013058                rt_pwm_disable
                0x00000000100130ee                rt_pwm_get
 .text          0x00000000100131ee      0x268 build\kernel\components\drivers\rtc\rtc.o
                0x00000000100131ee                set_date
                0x000000001001326c                set_time
                0x00000000100132e4                list_date
 .text          0x0000000010013456      0x892 build\kernel\components\drivers\sdio\mmc.o
                0x0000000010013584                mmc_send_op_cond
                0x000000001001360c                init_mmc
 .text          0x0000000010013ce8      0xa18 build\kernel\components\drivers\sdio\sd.o
                0x0000000010013d8a                mmcsd_send_app_cmd
                0x0000000010013e00                mmcsd_app_set_bus_width
                0x0000000010013e4a                mmcsd_send_app_op_cond
                0x0000000010013eda                mmcsd_send_if_cond
                0x0000000010013f34                mmcsd_get_card_addr
                0x0000000010013f7a                mmcsd_get_scr
                0x000000001001404c                init_sd
 .text          0x0000000010014700      0x6fe build\kernel\components\drivers\sdio\block_dev.o
                0x0000000010014a12                mmcsd_num_wr_blocks
                0x0000000010014b16                rt_mmcsd_blk_probe
                0x0000000010014d88                rt_mmcsd_blk_remove
                0x0000000010014dfa                rt_mmcsd_blk_init
 .text          0x0000000010014dfe     0x1418 build\kernel\components\drivers\sdio\sdio.o
                0x0000000010014e84                sdio_io_send_op_cond
                0x0000000010014f20                sdio_io_rw_direct
                0x0000000010015038                sdio_io_rw_extended
                0x00000000100151dc                sdio_io_rw_extended_block
                0x0000000010015306                sdio_io_readb
                0x000000001001561a                sdio_io_writeb
                0x0000000010015644                sdio_io_readw
                0x0000000010015676                sdio_io_writew
                0x0000000010015696                sdio_io_readl
                0x00000000100156c6                sdio_io_writel
                0x00000000100156e6                sdio_io_read_multi_fifo_b
                0x00000000100156f2                sdio_io_write_multi_fifo_b
                0x00000000100156fe                sdio_io_read_multi_incr_b
                0x000000001001570a                sdio_io_write_multi_incr_b
                0x0000000010015716                sdio_free_cis
                0x000000001001574c                init_sdio
                0x0000000010015d02                sdio_attach_irq
                0x0000000010015e0a                sdio_detach_irq
                0x0000000010015efc                sdio_irq_wakeup
                0x0000000010015f2a                sdio_enable_func
                0x0000000010015ff4                sdio_disable_func
                0x000000001001607a                sdio_set_drvdata
                0x000000001001607e                sdio_get_drvdata
                0x0000000010016082                sdio_set_block_size
                0x00000000100160ec                sdio_register_driver
                0x0000000010016174                sdio_unregister_driver
                0x0000000010016214                rt_sdio_init
 .text          0x0000000010016216      0xa22 build\kernel\components\drivers\sdio\mmcsd_core.o
                0x000000001001623a                rt_mmcsd_core_init
                0x0000000010016318                mmcsd_host_lock
                0x0000000010016326                mmcsd_host_unlock
                0x0000000010016332                mmcsd_req_complete
                0x000000001001633e                mmcsd_send_request
                0x000000001001639e                mmcsd_send_cmd
                0x000000001001642e                mmcsd_go_idle
                0x00000000100164a4                mmcsd_detect
                0x0000000010016642                mmcsd_spi_read_ocr
                0x000000001001668c                mmcsd_all_get_cid
                0x00000000100166dc                mmcsd_get_cid
                0x000000001001680c                mmcsd_get_csd
                0x0000000010016936                mmcsd_select_card
                0x000000001001693c                mmcsd_deselect_cards
                0x0000000010016942                mmcsd_spi_use_crc
                0x0000000010016984                mmcsd_set_chip_select
                0x000000001001698a                mmcsd_set_clock
                0x00000000100169da                mmcsd_set_bus_mode
                0x00000000100169e0                mmcsd_set_bus_width
                0x00000000100169e6                mmcsd_set_data_timeout
                0x0000000010016aae                mmcsd_select_voltage
                0x0000000010016b20                mmcsd_wait_cd_changed
                0x0000000010016b56                mmcsd_change
                0x0000000010016b68                mmcsd_alloc_host
                0x0000000010016c08                mmcsd_free_host
 .text          0x0000000010016c38      0x700 build\kernel\components\drivers\serial\serial.o
                0x0000000010017184                rt_hw_serial_register
                0x00000000100171e6                rt_hw_serial_isr
 .text          0x0000000010017338      0x130 build\kernel\components\drivers\watchdog\watchdog.o
                0x0000000010017406                rt_hw_watchdog_register
 .text          0x0000000010017468      0x1aa build\kernel\components\finsh\finsh_node.o
                0x0000000010017468                finsh_node_init
                0x000000001001748c                finsh_node_allocate
                0x00000000100174be                finsh_node_new_id
                0x0000000010017526                finsh_node_new_char
                0x000000001001754e                finsh_node_new_int
                0x0000000010017574                finsh_node_new_long
                0x000000001001759a                finsh_node_new_string
                0x00000000100175ec                finsh_node_new_ptr
 .text          0x0000000010017612      0x7ea build\kernel\components\finsh\finsh_parser.o
                0x0000000010017d54                finsh_parser_run
                0x0000000010017de0                finsh_parser_init
 .text          0x0000000010017dfc      0xf5e build\kernel\components\finsh\cmd.o
                0x0000000010017e48                hello
                0x0000000010017ed6                version
                0x0000000010017ef0                list
                0x0000000010018098                list_timer
                0x00000000100181a0                list_thread
                0x00000000100182fa                list_sem
                0x0000000010018410                list_event
                0x000000001001851c                list_mutex
                0x00000000100185f6                list_mailbox
                0x000000001001871a                list_msgqueue
                0x0000000010018836                list_memheap
                0x0000000010018908                list_mempool
                0x0000000010018a20                list_device
                0x0000000010018b0e                list_prefix
 .text          0x0000000010018d5a       0xf6 build\kernel\components\finsh\finsh_vm.o
                0x0000000010018d5a                finsh_vm_run
                0x0000000010018db6                finsh_syscall_append
                0x0000000010018df8                finsh_syscall_lookup
 .text          0x0000000010018e50      0x948 build\kernel\components\finsh\msh_file.o
                0x0000000010018e50                cmd_ls
                0x0000000010018e7c                cmd_pwd
                0x0000000010018fea                cmd_rm
                0x000000001001911e                cmd_mkfs
                0x000000001001918c                cmd_mount
                0x0000000010019264                cmd_umount
                0x00000000100192cc                cmd_cp
                0x0000000010019314                cmd_mv
                0x0000000010019426                cmd_cat
                0x000000001001947e                cmd_cd
                0x00000000100194ce                cmd_mkdir
                0x0000000010019516                cmd_df
                0x0000000010019576                cmd_echo
                0x0000000010019604                msh_exec_script
 .text          0x0000000010019798      0xa56 build\kernel\components\finsh\shell.o
                0x00000000100197dc                finsh_set_prompt
                0x0000000010019820                finsh_get_prompt
                0x0000000010019910                finsh_get_prompt_mode
                0x0000000010019950                finsh_set_prompt_mode
                0x000000001001999c                finsh_system_init
                0x0000000010019a66                finsh_set_device
                0x0000000010019b28                finsh_get_device
                0x0000000010019b66                finsh_set_echo
                0x0000000010019bb0                finsh_get_echo
                0x0000000010019bee                finsh_run_line
                0x0000000010019cc4                finsh_thread_entry
                0x000000001001a1ca                finsh_system_function_init
                0x000000001001a1dc                finsh_system_var_init
 .text          0x000000001001a1ee      0x5ca build\kernel\components\finsh\finsh_token.o
                0x000000001001a252                finsh_token_init
                0x000000001001a274                finsh_token_get_token
                0x000000001001a282                token_get_string
                0x000000001001a306                finsh_token_token
 .text          0x000000001001a7b8      0x1aa build\kernel\components\finsh\finsh_var.o
                0x000000001001a7b8                finsh_var_init
                0x000000001001a7dc                finsh_var_insert
                0x000000001001a844                finsh_var_delete
                0x000000001001a88a                finsh_var_lookup
                0x000000001001a8c2                finsh_sysvar_append
                0x000000001001a90a                finsh_sysvar_lookup
 .text          0x000000001001a962      0xef0 build\kernel\components\finsh\finsh_compiler.o
                0x000000001001b7d4                finsh_compiler_run
 .text          0x000000001001b852      0x1fc build\kernel\components\finsh\finsh_heap.o
                0x000000001001b876                finsh_heap_init
                0x000000001001b8b8                finsh_heap_free
                0x000000001001b970                finsh_heap_allocate
 .text          0x000000001001ba4e      0x842 build\kernel\components\finsh\finsh_ops.o
                0x000000001001ba4e                OP_no_op
                0x000000001001ba50                OP_add_byte
                0x000000001001ba70                OP_add_word
                0x000000001001ba90                OP_add_dword
                0x000000001001bab0                OP_sub_byte
                0x000000001001bad0                OP_sub_word
                0x000000001001baf0                OP_sub_dword
                0x000000001001bb10                OP_div_byte
                0x000000001001bb32                OP_div_word
                0x000000001001bb54                OP_div_dword
                0x000000001001bb76                OP_mod_byte
                0x000000001001bb98                OP_mod_word
                0x000000001001bbba                OP_mod_dword
                0x000000001001bbdc                OP_mul_byte
                0x000000001001bbfe                OP_mul_word
                0x000000001001bc20                OP_mul_dword
                0x000000001001bc42                OP_and_byte
                0x000000001001bc62                OP_and_word
                0x000000001001bc82                OP_and_dword
                0x000000001001bca2                OP_or_byte
                0x000000001001bcc2                OP_or_word
                0x000000001001bce2                OP_or_dword
                0x000000001001bd02                OP_xor_byte
                0x000000001001bd22                OP_xor_word
                0x000000001001bd42                OP_xor_dword
                0x000000001001bd62                OP_bw_byte
                0x000000001001bd78                OP_bw_word
                0x000000001001bd8e                OP_bw_dword
                0x000000001001bda4                OP_shl_byte
                0x000000001001bdc6                OP_shl_word
                0x000000001001bde8                OP_shl_dword
                0x000000001001be0a                OP_shr_byte
                0x000000001001be2c                OP_shr_word
                0x000000001001be4e                OP_shr_dword
                0x000000001001be70                OP_ld_byte
                0x000000001001be9a                OP_ld_word
                0x000000001001becc                OP_ld_dword
                0x000000001001bf0c                OP_ld_value_byte
                0x000000001001bf52                OP_ld_value_byte_stack
                0x000000001001bf68                OP_ld_value_word
                0x000000001001bfae                OP_ld_value_word_stack
                0x000000001001bfc4                OP_ld_value_dword
                0x000000001001c006                OP_ld_value_dword_stack
                0x000000001001c01a                OP_st_byte
                0x000000001001c038                OP_st_word
                0x000000001001c054                OP_st_dword
                0x000000001001c06e                OP_pop
                0x000000001001c07e                OP_call
 .text          0x000000001001c290       0x34 build\kernel\components\finsh\finsh_error.o
                0x000000001001c290                finsh_error_init
                0x000000001001c29c                finsh_error_set
                0x000000001001c2a8                finsh_errno
                0x000000001001c2b2                finsh_error_string
 .text          0x000000001001c2c4      0x54c build\kernel\components\finsh\msh.o
                0x000000001001c2de                msh_help
                0x000000001001c35a                cmd_ps
                0x000000001001c370                cmd_free
                0x000000001001c386                msh_is_used
                0x000000001001c390                msh_exec
                0x000000001001c562                msh_auto_complete_path
                0x000000001001c72a                msh_auto_complete
 .text          0x000000001001c810       0x70 build\kernel\components\finsh\finsh_init.o
                0x000000001001c810                finsh_init
                0x000000001001c836                finsh_stack_bottom
                0x000000001001c840                finsh_flush
                0x000000001001c85e                finsh_reset
 .text          0x000000001001c880       0x48 build\kernel\components\libc\compilers\common\stdlib.o
                0x000000001001c880                __rt_libc_exit
                0x000000001001c8c4                __rt_libc_system
 .text          0x000000001001c8c8      0x4b4 build\kernel\components\libc\compilers\common\time.o
                0x000000001001c90a                gmtime_r
                0x000000001001c9c4                gmtime
                0x000000001001c9ce                localtime_r
                0x000000001001c9ea                localtime
                0x000000001001c9f4                asctime_r
                0x000000001001ca9c                asctime
                0x000000001001caa6                ctime_r
                0x000000001001cac4                ctime
                0x000000001001cad8                time
                0x000000001001cb4e                clock
                0x000000001001cb56                stime
                0x000000001001cbb2                timegm
                0x000000001001cd28                mktime
                0x000000001001cd2a                gettimeofday
                0x000000001001cd5c                settimeofday
 .text          0x000000001001cd7c       0xc4 build\kernel\components\libc\compilers\newlib\stdio.o
                0x000000001001cd7c                libc_stdio_set_console
                0x000000001001ce2c                libc_stdio_get_console
 .text          0x000000001001ce40       0x3a build\kernel\components\libc\compilers\newlib\libc.o
                0x000000001001ce40                libc_system_init
 .text          0x000000001001ce7a      0x148 build\kernel\components\libc\compilers\newlib\syscalls.o