Archive member included to satisfy reference by file (symbol)

libraries\hal_libraries\ab32vg1_hal\libhal.a(ab32vg1_hal_adc.o)
                              libraries\hal_drivers\drv_adc.o (hal_adc_enable)
libraries\hal_libraries\ab32vg1_hal\libhal.a(cache.o)
                              build\board\board.o (load_cache)
libraries\hal_libraries\ab32vg1_hal\libhal.a(rom_fun.o)
                              build\kernel\src\kservice.o (memset)
libraries\hal_libraries\ab32vg1_hal\libhal.a(save-restore.o)
                              build\kernel\src\ipc.o (__riscv_save_12)
libraries\hal_libraries\ab32vg1_hal\libhal.a(sys_err.o)
                              build\board\board.o (sys_error_hook)
d:/program_files/programming/rt-threadstudio/repo/extract/toolchain_support_packages/risc-v/risc-v-gcc/10.1.0/bin/../lib/gcc/riscv64-unknown-elf/10.1.0/rv32im/ilp32\libgcc.a(_divdi3.o)
                              libraries\hal_drivers\drv_pwm.o (__divdi3)
d:/program_files/programming/rt-threadstudio/repo/extract/toolchain_support_packages/risc-v/risc-v-gcc/10.1.0/bin/../lib/gcc/riscv64-unknown-elf/10.1.0/rv32im/ilp32\libgcc.a(_udivdi3.o)
                              libraries\hal_drivers\drv_pwm.o (__udivdi3)
d:/program_files/programming/rt-threadstudio/repo/extract/toolchain_support_packages/risc-v/risc-v-gcc/10.1.0/bin/../lib/gcc/riscv64-unknown-elf/10.1.0/rv32im/ilp32\libgcc.a(divdf3.o)
                              build\kernel\components\drivers\misc\rt_drv_pwm.o (__divdf3)
d:/program_files/programming/rt-threadstudio/repo/extract/toolchain_support_packages/risc-v/risc-v-gcc/10.1.0/bin/../lib/gcc/riscv64-unknown-elf/10.1.0/rv32im/ilp32\libgcc.a(muldf3.o)
                              build\kernel\components\drivers\misc\rt_drv_pwm.o (__muldf3)
d:/program_files/programming/rt-threadstudio/repo/extract/toolchain_support_packages/risc-v/risc-v-gcc/10.1.0/bin/../lib/gcc/riscv64-unknown-elf/10.1.0/rv32im/ilp32\libgcc.a(fixdfsi.o)
                              build\kernel\components\drivers\misc\rt_drv_pwm.o (__fixdfsi)
d:/program_files/programming/rt-threadstudio/repo/extract/toolchain_support_packages/risc-v/risc-v-gcc/10.1.0/bin/../lib/gcc/riscv64-unknown-elf/10.1.0/rv32im/ilp32\libgcc.a(floatunsidf.o)
                              build\kernel\components\drivers\misc\rt_drv_pwm.o (__floatunsidf)
d:/program_files/programming/rt-threadstudio/repo/extract/toolchain_support_packages/risc-v/risc-v-gcc/10.1.0/bin/../lib/gcc/riscv64-unknown-elf/10.1.0/rv32im/ilp32\libgcc.a(addsf3.o)
                              build\kernel\components\drivers\hwtimer\hwtimer.o (__addsf3)
d:/program_files/programming/rt-threadstudio/repo/extract/toolchain_support_packages/risc-v/risc-v-gcc/10.1.0/bin/../lib/gcc/riscv64-unknown-elf/10.1.0/rv32im/ilp32\libgcc.a(divsf3.o)
                              build\kernel\components\drivers\hwtimer\hwtimer.o (__divsf3)
d:/program_files/programming/rt-threadstudio/repo/extract/toolchain_support_packages/risc-v/risc-v-gcc/10.1.0/bin/../lib/gcc/riscv64-unknown-elf/10.1.0/rv32im/ilp32\libgcc.a(eqsf2.o)
                              build\kernel\components\drivers\hwtimer\hwtimer.o (__eqsf2)
d:/program_files/programming/rt-threadstudio/repo/extract/toolchain_support_packages/risc-v/risc-v-gcc/10.1.0/bin/../lib/gcc/riscv64-unknown-elf/10.1.0/rv32im/ilp32\libgcc.a(gesf2.o)
                              build\kernel\components\drivers\hwtimer\hwtimer.o (__gesf2)
d:/program_files/programming/rt-threadstudio/repo/extract/toolchain_support_packages/risc-v/risc-v-gcc/10.1.0/bin/../lib/gcc/riscv64-unknown-elf/10.1.0/rv32im/ilp32\libgcc.a(lesf2.o)
                              build\kernel\components\drivers\hwtimer\hwtimer.o (__ltsf2)
d:/program_files/programming/rt-threadstudio/repo/extract/toolchain_support_packages/risc-v/risc-v-gcc/10.1.0/bin/../lib/gcc/riscv64-unknown-elf/10.1.0/rv32im/ilp32\libgcc.a(mulsf3.o)
                              build\kernel\components\drivers\hwtimer\hwtimer.o (__mulsf3)
d:/program_files/programming/rt-threadstudio/repo/extract/toolchain_support_packages/risc-v/risc-v-gcc/10.1.0/bin/../lib/gcc/riscv64-unknown-elf/10.1.0/rv32im/ilp32\libgcc.a(subsf3.o)
                              build\kernel\components\drivers\hwtimer\hwtimer.o (__subsf3)
d:/program_files/programming/rt-threadstudio/repo/extract/toolchain_support_packages/risc-v/risc-v-gcc/10.1.0/bin/../lib/gcc/riscv64-unknown-elf/10.1.0/rv32im/ilp32\libgcc.a(fixsfsi.o)
                              build\kernel\components\drivers\hwtimer\hwtimer.o (__fixsfsi)
d:/program_files/programming/rt-threadstudio/repo/extract/toolchain_support_packages/risc-v/risc-v-gcc/10.1.0/bin/../lib/gcc/riscv64-unknown-elf/10.1.0/rv32im/ilp32\libgcc.a(fixunssfsi.o)
                              build\kernel\components\drivers\hwtimer\hwtimer.o (__fixunssfsi)
d:/program_files/programming/rt-threadstudio/repo/extract/toolchain_support_packages/risc-v/risc-v-gcc/10.1.0/bin/../lib/gcc/riscv64-unknown-elf/10.1.0/rv32im/ilp32\libgcc.a(floatsisf.o)
[...]
Memory Configuration

Name             Origin             Length             Attributes
init             0x0000000010000000 0x0000000000000200
flash            0x0000000010000200 0x0000000000100000 xr
comm             0x0000000000014000 0x0000000000014c00 xr
data             0x0000000000011000 0x0000000000002000
stack            0x0000000000013000 0x0000000000001000
heap             0x0000000000028c00 0x0000000000007400
ram1             0x0000000000050000 0x0000000000007a00 xr
*default*        0x0000000000000000 0xffffffffffffffff

Linker script and memory map

LOAD build\applications\mnt.o
LOAD build\applications\main.o
LOAD build\board\ports\audio\drv_sound.o
LOAD build\board\board.o
LOAD build\board\ab32vg1_hal_msp.o
LOAD build\kernel\src\thread.o
LOAD build\kernel\src\device.o
LOAD build\kernel\src\mem.o
LOAD build\kernel\src\object.o
LOAD build\kernel\src\kservice.o
LOAD build\kernel\src\scheduler.o
LOAD build\kernel\src\timer.o
LOAD build\kernel\src\irq.o
LOAD build\kernel\src\memheap.o
LOAD build\kernel\src\idle.o
LOAD build\kernel\src\ipc.o
LOAD build\kernel\src\components.o
LOAD build\kernel\src\mempool.o
LOAD build\kernel\src\clock.o
LOAD build\kernel\components\dfs\src\dfs_posix.o
LOAD build\kernel\components\dfs\src\dfs_fs.o
LOAD build\kernel\components\dfs\src\dfs.o
LOAD build\kernel\components\dfs\src\dfs_file.o
LOAD build\kernel\components\dfs\filesystems\devfs\devfs.o
LOAD build\kernel\components\dfs\filesystems\elmfat\ff.o
LOAD build\kernel\components\dfs\filesystems\elmfat\ffunicode.o
LOAD build\kernel\components\dfs\filesystems\elmfat\dfs_elm.o
LOAD build\kernel\components\drivers\audio\audio.o
LOAD build\kernel\components\drivers\audio\audio_pipe.o
LOAD build\kernel\components\drivers\hwtimer\hwtimer.o
LOAD build\kernel\components\drivers\i2c\i2c_core.o
LOAD build\kernel\components\drivers\i2c\i2c_dev.o
LOAD build\kernel\components\drivers\i2c\i2c-bit-ops.o
LOAD build\kernel\components\drivers\misc\adc.o
LOAD build\kernel\components\drivers\misc\rt_drv_pwm.o
LOAD build\kernel\components\drivers\misc\pin.o
LOAD build\kernel\components\drivers\rtc\rtc.o
LOAD build\kernel\components\drivers\rtc\alarm.o
LOAD build\kernel\components\drivers\sdio\mmc.o
LOAD build\kernel\components\drivers\sdio\sd.o
LOAD build\kernel\components\drivers\sdio\block_dev.o
LOAD build\kernel\components\drivers\sdio\sdio.o
LOAD build\kernel\components\drivers\sdio\mmcsd_core.o
LOAD build\kernel\components\drivers\serial\serial.o
LOAD build\kernel\components\drivers\src\ringblk_buf.o
LOAD build\kernel\components\drivers\src\pipe.o
LOAD build\kernel\components\drivers\src\dataqueue.o
LOAD build\kernel\components\drivers\src\ringbuffer.o
LOAD build\kernel\components\drivers\src\completion.o
LOAD build\kernel\components\drivers\src\workqueue.o
LOAD build\kernel\components\drivers\src\waitqueue.o
LOAD build\kernel\components\drivers\watchdog\watchdog.o
LOAD build\kernel\components\finsh\finsh_node.o
LOAD build\kernel\components\finsh\finsh_parser.o
LOAD build\kernel\components\finsh\cmd.o
LOAD build\kernel\components\finsh\finsh_vm.o
LOAD build\kernel\components\finsh\msh_file.o
LOAD build\kernel\components\finsh\msh.o
LOAD build\kernel\components\finsh\shell.o
LOAD build\kernel\components\finsh\finsh_var.o
LOAD build\kernel\components\finsh\finsh_compiler.o
LOAD build\kernel\components\finsh\finsh_heap.o
LOAD build\kernel\components\finsh\finsh_ops.o
LOAD build\kernel\components\finsh\finsh_error.o
LOAD build\kernel\components\finsh\finsh_token.o
LOAD build\kernel\components\finsh\finsh_init.o
LOAD build\kernel\components\libc\compilers\common\time.o
LOAD build\kernel\components\libc\compilers\newlib\minilib.o
LOAD libraries\hal_drivers\drv_gpio.o
LOAD libraries\hal_drivers\drv_rtc.o
LOAD libraries\hal_drivers\drv_soft_i2c.o
LOAD libraries\hal_drivers\drv_wdt.o
LOAD libraries\hal_drivers\drv_sdio.o
LOAD libraries\hal_drivers\drv_adc.o
LOAD libraries\hal_drivers\drv_usart.o
LOAD libraries\hal_drivers\drv_pwm.o
LOAD libraries\hal_drivers\drv_hwtimer.o
LOAD libcpu\cpu\context_gcc.o
LOAD libcpu\cpu\cpuport.o
LOAD libcpu\cpu\interrupt.o
LOAD libraries\hal_libraries\ab32vg1_hal\source\ab32vg1_hal_gpio.o
LOAD libraries\hal_libraries\ab32vg1_hal\source\ab32vg1_hal_dac.o
LOAD libraries\hal_libraries\ab32vg1_hal\source\ab32vg1_hal_uart.o
LOAD libraries\hal_libraries\ab32vg1_hal\source\ab32vg1_hal.o
LOAD libraries\hal_libraries\ab32vg1_hal\source\ab32vg1_hal_rcu.o
LOAD libraries\hal_libraries\ab32vg1_hal\source\ab32vg1_hal_sd.o
LOAD libraries\hal_libraries\bmsis\source\startup.o
LOAD libraries\hal_libraries\bmsis\source\system_ab32vgx.o
LOAD libraries\hal_libraries\ab32vg1_hal\libhal.a
LOAD d:/program_files/programming/rt-threadstudio/repo/extract/toolchain_support_packages/risc-v/risc-v-gcc/10.1.0/bin/../lib/gcc/riscv64-unknown-elf/10.1.0/rv32im/ilp32\libgcc.a
START GROUP
LOAD d:/program_files/programming/rt-threadstudio/repo/extract/toolchain_support_packages/risc-v/risc-v-gcc/10.1.0/bin/../lib/gcc/riscv64-unknown-elf/10.1.0/../../../../riscv64-unknown-elf/lib/rv32im/ilp32\libc.a
LOAD d:/program_files/programming/rt-threadstudio/repo/extract/toolchain_support_packages/risc-v/risc-v-gcc/10.1.0/bin/../lib/gcc/riscv64-unknown-elf/10.1.0/../../../../riscv64-unknown-elf/lib/rv32im/ilp32\libgloss.a
END GROUP
LOAD d:/program_files/programming/rt-threadstudio/repo/extract/toolchain_support_packages/risc-v/risc-v-gcc/10.1.0/bin/../lib/gcc/riscv64-unknown-elf/10.1.0/rv32im/ilp32\libgcc.a
                0x0000000000100000                __max_flash_size = 0x100000
                0x0000000000002000                __data_ram_size = 0x2000
                0x0000000000001000                __stack_ram_size = 0x1000
                0x0000000000014c00                __comm_ram_size = 0x14c00
                0x0000000000007400                __heap_ram_size = 0x7400
                0x0000000010000000                __base = 0x10000000
                0x0000000000011000                __data_vma = 0x11000
                0x0000000000013000                __stack_vma = (__data_vma + __data_ram_size)
                0x0000000000014000                __comm_vma = (__stack_vma + __stack_ram_size)
                0x0000000000028c00                __heap_vma = (__comm_vma + __comm_ram_size)
                0x0000000000050000                __ram1_vma = 0x50000

.init           0x0000000010000000       0xae
 *(.reset)
 .reset         0x0000000010000000       0xae libraries\hal_libraries\bmsis\source\startup.o
                0x0000000010000000                _start

.ram1           0x0000000000050000     0x5d90 load address 0x0000000010000200
                0x0000000000050000                . = ALIGN (0x4)
                0x0000000000050000                __rt_init_start = .
 *(SORT_BY_NAME(.rti_fn*))
 .rti_fn.0      0x0000000000050000        0x4 build\kernel\src\components.o
                0x0000000000050000                __rt_init_rti_start
 .rti_fn.0.end  0x0000000000050004        0x4 build\kernel\src\components.o
                0x0000000000050004                __rt_init_rti_board_start
 .rti_fn.1      0x0000000000050008        0x4 libraries\hal_drivers\drv_soft_i2c.o
                0x0000000000050008                __rt_init_rt_hw_i2c_init
 .rti_fn.1      0x000000000005000c        0x4 libraries\hal_drivers\drv_wdt.o
                0x000000000005000c                __rt_init_rt_wdt_init
 .rti_fn.1      0x0000000000050010        0x4 libraries\hal_drivers\drv_adc.o
                0x0000000000050010                __rt_init_ab32_adc_init
 .rti_fn.1      0x0000000000050014        0x4 libraries\hal_drivers\drv_hwtimer.o
                0x0000000000050014                __rt_init_ab32_hwtimer_init
 .rti_fn.1.end  0x0000000000050018        0x4 build\kernel\src\components.o
                0x0000000000050018                __rt_init_rti_board_end
 .rti_fn.2      0x000000000005001c        0x4 build\kernel\components\dfs\src\dfs.o
                0x000000000005001c                __rt_init_dfs_init
 .rti_fn.2      0x0000000000050020        0x4 build\kernel\components\drivers\rtc\alarm.o
                0x0000000000050020                __rt_init_rt_alarm_system_init
 .rti_fn.2      0x0000000000050024        0x4 build\kernel\components\drivers\sdio\mmcsd_core.o
                0x0000000000050024                __rt_init_rt_mmcsd_core_init
 .rti_fn.3      0x0000000000050028        0x4 build\board\ports\audio\drv_sound.o
                0x0000000000050028                __rt_init_rt_hw_sound_init
 .rti_fn.3      0x000000000005002c        0x4 libraries\hal_drivers\drv_rtc.o
                0x000000000005002c                __rt_init_rt_hw_rtc_init
 .rti_fn.3      0x0000000000050030        0x4 libraries\hal_drivers\drv_sdio.o
                0x0000000000050030                __rt_init_rt_hw_sdio_init
 .rti_fn.3      0x0000000000050034        0x4 libraries\hal_drivers\drv_pwm.o
                0x0000000000050034                __rt_init_ab32_pwm_init
 .rti_fn.4      0x0000000000050038        0x4 build\kernel\components\dfs\filesystems\elmfat\dfs_elm.o
                0x0000000000050038                __rt_init_elm_init
 .rti_fn.4      0x000000000005003c        0x4 build\kernel\components\drivers\i2c\i2c_core.o
                0x000000000005003c                __rt_init_rt_i2c_core_init
 .rti_fn.6      0x0000000000050040        0x4 build\applications\mnt.o
                0x0000000000050040                __rt_init_ab32_sdcard_mount
 .rti_fn.6      0x0000000000050044        0x4 build\kernel\components\finsh\shell.o
                0x0000000000050044                __rt_init_finsh_system_init
 .rti_fn.6.end  0x0000000000050048        0x4 build\kernel\src\components.o
                0x0000000000050048                __rt_init_rti_end
                0x000000000005004c                __rt_init_end = .
                0x000000000005004c                . = ALIGN (0x4)
                [!provide]                        PROVIDE (__ctors_start__ = .)
 *(SORT_BY_NAME(.init_array.*))
 *(.init_array)
                [!provide]                        PROVIDE (__ctors_end__ = .)
                0x000000000005004c                . = ALIGN (0x4)
 *components*drivers*hwtimer**.o(.text*)
 .text          0x000000000005004c      0x4a6 build\kernel\components\drivers\hwtimer\hwtimer.o
                0x0000000000050418                rt_device_hwtimer_isr
                0x000000000005046e                rt_device_hwtimer_register
 *components*drivers*misc*pin.o(.text*)
 .text          0x00000000000504f2      0x30c build\kernel\components\drivers\misc\pin.o
                0x000000000005052e                rt_pin_mode
                0x0000000000050574                rt_pin_write
                0x00000000000505ba                rt_pin_read
                0x00000000000505f8                rt_pin_get
                0x00000000000506e4                rt_device_pin_register
                0x000000000005071a                rt_pin_attach_irq
                0x0000000000050772                rt_pin_detach_irq
                0x00000000000507b4                rt_pin_irq_enable
                0x0000000000050800                . = ALIGN (0x4)
 *fill*         0x00000000000507fe        0x2 
 *src*ipc.o(.text* .rodata*)
 .text          0x0000000000050800     0x1f90 build\kernel\src\ipc.o
                0x0000000000050886                rt_ipc_get_highest_priority
                0x00000000000508a8                rt_sem_init
                0x000000000005090c                rt_sem_detach
                0x0000000000050982                rt_sem_create
                0x0000000000050a06                rt_sem_delete
                0x0000000000050aba                rt_sem_take
                0x0000000000050c08                rt_sem_trytake
                0x0000000000050c0c                rt_sem_release
                0x0000000000050caa                rt_sem_control
                0x0000000000050d1a                rt_mutex_init
                0x0000000000050d66                rt_mutex_detach
                0x0000000000050ddc                rt_mutex_create
                0x0000000000050e48                rt_mutex_delete
                0x0000000000050efc                rt_mutex_take
                0x000000000005109c                rt_mutex_release
                0x0000000000051252                rt_mutex_control
                0x000000000005129c                rt_event_init
                0x00000000000512e0                rt_event_detach
                0x0000000000051358                rt_event_create
                0x00000000000513bc                rt_event_delete
                0x0000000000051472                rt_event_send
                0x0000000000051558                rt_event_recv
                0x000000000005172c                rt_event_control
                0x000000000005179c                rt_mb_init
                0x00000000000517f8                rt_mb_detach
                0x0000000000051878                rt_mb_create
                0x0000000000051910                rt_mb_delete
                0x00000000000519d8                rt_mb_send_wait
                0x0000000000051ba0                rt_mb_send
                0x0000000000051ba4                rt_mb_urgent
                0x0000000000051c5a                rt_mb_recv
                0x0000000000051e44                rt_mb_control
                0x0000000000051ec0                rt_mq_init
                0x0000000000051f56                rt_mq_detach
                0x0000000000051fd6                rt_mq_create
                0x00000000000520b0                rt_mq_delete
                0x0000000000052180                rt_mq_send_wait
                0x00000000000523a2                rt_mq_send
                0x00000000000523a6                rt_mq_urgent
                0x00000000000524b8                rt_mq_recv
                0x00000000000526fa                rt_mq_control
 .rodata.str1.4
                0x0000000000052790      0x44a build\kernel\src\ipc.o
                                        0x476 (size before relaxing)
 *fill*         0x0000000000052bda        0x2 
 .rodata        0x0000000000052bdc      0x242 build\kernel\src\ipc.o
 *src*irq.o(.text* .rodata*)
 .text          0x0000000000052e1e       0x9a build\kernel\src\irq.o
                0x0000000000052e1e                rt_interrupt_enter_sethook
                0x0000000000052e28                rt_interrupt_leave_sethook
                0x0000000000052e32                rt_interrupt_enter
                0x0000000000052e68                rt_interrupt_leave
                0x0000000000052e9e                rt_interrupt_get_nest
 *src*object.o(.text* .rodata*)
 .text          0x0000000000052eb8      0x3c4 build\kernel\src\object.o
                0x0000000000052eb8                rt_object_attach_sethook
                0x0000000000052ec2                rt_object_detach_sethook
                0x0000000000052ecc                rt_object_trytake_sethook
                0x0000000000052ed6                rt_object_take_sethook
                0x0000000000052ee0                rt_object_put_sethook
                0x0000000000052eea                rt_object_get_information
                0x0000000000052f12                rt_object_get_length
                0x0000000000052f3c                rt_object_get_pointers
                0x0000000000052f7e                rt_object_init
                0x0000000000053022                rt_object_detach
                0x0000000000053070                rt_object_allocate
                0x000000000005312a                rt_object_delete
                0x00000000000531a2                rt_object_is_systemobject
                0x00000000000531cc                rt_object_get_type
                0x00000000000531f8                rt_object_find
 *fill*         0x000000000005327c        0x0 
 .rodata.str1.4
                0x000000000005327c       0x8d build\kernel\src\object.o
                                         0x91 (size before relaxing)
 *fill*         0x0000000000053309        0x3 
 .rodata        0x000000000005330c       0x8b build\kernel\src\object.o
 *src*thread.o(.text* .rodata*)
 *fill*         0x0000000000053397        0x1 
 .text          0x0000000000053398      0x81c build\kernel\src\thread.o
                0x00000000000533b6                rt_thread_exit
                0x00000000000534ca                rt_thread_timeout
                0x0000000000053554                rt_thread_suspend_sethook
                0x000000000005355e                rt_thread_resume_sethook
                0x0000000000053568                rt_thread_inited_sethook
                0x0000000000053572                rt_thread_init
                0x00000000000535d8                rt_thread_self
                0x00000000000535e2                rt_thread_detach
                0x0000000000053678                rt_thread_create
                0x00000000000536be                rt_thread_delete
                0x000000000005376c                rt_thread_yield
                0x00000000000537a2                rt_thread_suspend
                0x0000000000053860                rt_thread_sleep
                0x00000000000538ea                rt_thread_delay
                0x00000000000538ec                rt_thread_mdelay
                0x00000000000538fa                rt_thread_delay_until
                0x00000000000539c2                rt_thread_resume
                0x0000000000053a54                rt_thread_startup
                0x0000000000053ae6                rt_thread_control
                0x0000000000053bae                rt_thread_find
 *fill*         0x0000000000053bb4        0x0 
 .rodata.str1.4
                0x0000000000053bb4      0x19f build\kernel\src\thread.o
 *fill*         0x0000000000053d53        0x1 
 .rodata        0x0000000000053d54       0xd2 build\kernel\src\thread.o
 *src*timer.o(.text* .rodata*)
 .text          0x0000000000053e26      0x688 build\kernel\src\timer.o
                0x0000000000053e38                rt_timer_enter_sethook
                0x0000000000053e42                rt_timer_exit_sethook
                0x0000000000053e4c                rt_timer_init
                0x0000000000053ea2                rt_timer_detach
                0x0000000000053f2c                rt_timer_create
                0x0000000000053f62                rt_timer_delete
                0x0000000000053fec                rt_timer_start
                0x000000000005411c                rt_timer_stop
                0x0000000000054198                rt_timer_control
                0x000000000005423c                rt_timer_check
                0x0000000000054302                rt_timer_next_timeout_tick
                0x0000000000054326                rt_soft_timer_check
                0x0000000000054456                rt_system_timer_init
                0x0000000000054464                rt_system_timer_thread_init
 *fill*         0x00000000000544ae        0x2 
 .rodata.str1.4
                0x00000000000544b0       0xde build\kernel\src\timer.o
 *fill*         0x000000000005458e        0x2 
 .rodata        0x0000000000054590       0x75 build\kernel\src\timer.o
 *src*mempool.o(.text* .rodata*)
 *fill*         0x0000000000054605        0x1 
 .text          0x0000000000054606      0x4e2 build\kernel\src\mempool.o
                0x0000000000054606                rt_mp_alloc_sethook
                0x0000000000054610                rt_mp_free_sethook
                0x000000000005461a                rt_mp_init
                0x00000000000546f0                rt_mp_detach
                0x0000000000054786                rt_mp_create
                0x0000000000054870                rt_mp_delete
                0x000000000005494e                rt_mp_alloc
                0x0000000000054a88                rt_mp_free
 .rodata.str1.4
                0x0000000000054ae8      0x121 build\kernel\src\mempool.o
                                        0x14d (size before relaxing)
 *fill*         0x0000000000054c09        0x3 
 .rodata        0x0000000000054c0c       0x48 build\kernel\src\mempool.o
 *src*scheduler.o(.text* .rodata*)
 .text          0x0000000000054c54      0x310 build\kernel\src\scheduler.o
                0x0000000000054c54                rt_scheduler_sethook
                0x0000000000054c5e                rt_system_scheduler_init
                0x0000000000054c96                rt_schedule_insert_thread
                0x0000000000054d16                rt_schedule_remove_thread
                0x0000000000054d7e                rt_system_scheduler_start
                0x0000000000054dbe                rt_schedule
                0x0000000000054ef4                rt_enter_critical
                0x0000000000054f16                rt_exit_critical
                0x0000000000054f5a                rt_critical_level
 *fill*         0x0000000000054f64        0x0 
 .rodata.str1.4
                0x0000000000054f64       0x51 build\kernel\src\scheduler.o
                                         0x65 (size before relaxing)
 *fill*         0x0000000000054fb5        0x3 
 .rodata        0x0000000000054fb8       0x36 build\kernel\src\scheduler.o
 *src*clock.o(.text* .rodata*)
 .text          0x0000000000054fee       0x90 build\kernel\src\clock.o
                0x0000000000054fee                rt_tick_get
                0x0000000000054ff8                rt_tick_set
                0x0000000000055012                rt_tick_increase
                0x000000000005504c                rt_tick_from_millisecond
                0x0000000000055074                rt_tick_get_millisecond
 *src*kservice.o(.text* .rodata*)
 .text          0x000000000005507e      0xac8 build\kernel\src\kservice.o
                0x000000000005521c                rt_get_errno
                0x000000000005523c                rt_set_errno
                0x000000000005525e                _rt_errno
                0x0000000000055280                rt_memset
                0x0000000000055304                rt_memcpy
                0x00000000000553b2                rt_memmove
                0x00000000000553fc                rt_memcmp
                0x0000000000055424                rt_strcasecmp
                0x0000000000055458                rt_strncpy
                0x0000000000055480                rt_strncmp
                0x00000000000554b0                rt_strcmp
                0x00000000000554ca                rt_strnlen
                0x00000000000554e2                rt_strlen
                0x00000000000554f4                rt_strstr
                0x000000000005552c                rt_strdup
                0x0000000000055558                rt_vsnprintf
                0x00000000000558de                rt_snprintf
                0x00000000000558f8                rt_vsprintf
                0x0000000000055900                rt_sprintf
                0x000000000005591c                rt_console_get_device
                0x0000000000055926                rt_console_set_device
                0x0000000000055964                rt_hw_console_output
                0x0000000000055966                rt_kputs
                0x00000000000559ac                rt_kprintf
                0x0000000000055a26                rt_show_version
                0x0000000000055a64                rt_malloc_align
                0x0000000000055a9e                rt_free_align
                0x0000000000055aaa                __rt_ffs
                0x0000000000055b02                rt_assert_set_hook
                0x0000000000055b0c                rt_assert_handler
 *fill*         0x0000000000055b46        0x2 
 .rodata.str1.4
                0x0000000000055b48       0xc7 build\kernel\src\kservice.o
 *fill*         0x0000000000055c0f        0x1 
 .rodata        0x0000000000055c10      0x180 build\kernel\src\kservice.o
                0x0000000000055c90                __lowest_bit_bitmap

.comm           0x0000000000014000     0x2d74 load address 0x0000000010005f90
                0x0000000000014000                . = ALIGN (0x4)
 *(.vector)
 .vector        0x0000000000014000       0xf4 libraries\hal_libraries\bmsis\source\startup.o
                0x00000000000140dc                cpu_irq_comm
 .vector        0x00000000000140f4       0x3a libraries\hal_libraries\ab32vg1_hal\libhal.a(cache.o)
                0x00000000000140f4                load_cache
 *(.irq*)
 .irq.audio     0x000000000001412e       0x3e build\board\ports\audio\drv_sound.o
                0x000000000001412e                audio_sem_post
 .irq.timer     0x000000000001416c       0x1c build\board\board.o
                0x000000000001416c                timer0_isr
 .irq.cache     0x0000000000014188       0x7c build\board\board.o
                0x0000000000014188                cache_init
                0x00000000000141ba                os_spiflash_lock
                0x00000000000141e0                os_spiflash_unlock
 .irq.err       0x0000000000014204        0xa build\board\board.o
                0x0000000000014204                exception_isr
 .irq.rtc       0x000000000001420e       0x26 libraries\hal_drivers\drv_rtc.o
 .irq.sdio      0x0000000000014234       0x44 libraries\hal_drivers\drv_sdio.o
                0x0000000000014234                rthw_sdio_irq_process
                0x000000000001425e                sdio_isr
 .irq.usart     0x0000000000014278      0x146 libraries\hal_drivers\drv_usart.o
                0x00000000000142be                uart_irq_process
 .irq.timer     0x00000000000143be       0x22 libraries\hal_drivers\drv_hwtimer.o
                0x00000000000143be                timer1_isr
 .irq.err       0x00000000000143e0       0x30 libraries\hal_libraries\ab32vg1_hal\libhal.a(sys_err.o)
                0x00000000000143e0                sys_error_hook
 *fill*         0x0000000000014410        0x0 
 .irq.err.str   0x0000000000014410       0x12 libraries\hal_libraries\ab32vg1_hal\libhal.a(sys_err.o)
 *libcpu*cpu*context_gcc.o(.text .rodata)
 .text          0x0000000000014422      0x19c libcpu\cpu\context_gcc.o
                0x0000000000014422                rt_hw_interrupt_disable
                0x0000000000014430                rt_hw_interrupt_enable
                0x0000000000014442                rt_hw_context_switch_to
                0x0000000000014476                rt_hw_context_switch
                0x0000000000014496                rt_switch_to_thread
                0x00000000000144bc                rt_hw_context_switch_interrupt
                0x00000000000144e2                rt_soft_isr
                0x00000000000144ea                low_prio_irq
 *libcpu*cpu*interrupt.o(.text .rodata)
 .text          0x00000000000145be       0xde libcpu\cpu\interrupt.o
                0x00000000000145be                set_cpu_irq_comm
                0x00000000000145c8                cpu_irq_comm_do
                0x0000000000014600                rt_hw_irq_enable
                0x0000000000014618                rt_hw_irq_disable
                0x0000000000014634                rt_hw_interrupt_init
                0x0000000000014636                rt_hw_interrupt_install
 *hal_libraries*ab32vg1_hal**.o(.text .rodata)
 .text          0x000000000001469c      0x122 libraries\hal_libraries\ab32vg1_hal\source\ab32vg1_hal_gpio.o
                0x000000000001469c                gpio_afinit
                0x00000000000146cc                hal_gpio_init
                0x000000000001478e                hal_gpio_read
                0x0000000000014798                hal_gpio_write
                0x00000000000147b0                hal_gpio_toggle
 .text          0x00000000000147be      0x130 libraries\hal_libraries\ab32vg1_hal\source\ab32vg1_hal_uart.o
                0x00000000000147be                hal_uart_setbaud
                0x00000000000147dc                hal_uart_setparam
                0x000000000001482e                hal_uart_deinit
                0x0000000000014834                HAL_UART_MspInit
                0x0000000000014836                hal_uart_control
                0x000000000001484e                hal_uart_write
                0x0000000000014852                hal_uart_read
                0x000000000001485a                hal_uart_getflag
                0x0000000000014860                hal_uart_clrflag
                0x0000000000014868                uart_config_all
                0x00000000000148d2                hal_uart_init
 .text          0x00000000000148ee       0x54 libraries\hal_libraries\ab32vg1_hal\source\ab32vg1_hal.o
                0x00000000000148ee                hal_set_tick_hook
                0x00000000000148f8                hal_set_ticks
                0x000000000001491a                hal_udelay
 .text          0x0000000000014942       0x70 libraries\hal_libraries\ab32vg1_hal\source\ab32vg1_hal_rcu.o
                0x0000000000014942                hal_rcu_periph_clk_enable
                0x0000000000014976                hal_rcu_periph_clk_disable
 *save-restore.o(.text* .rodata*)
 .text          0x00000000000149b2      0x128 libraries\hal_libraries\ab32vg1_hal\libhal.a(save-restore.o)
                0x00000000000149b2                __riscv_save_12
                0x00000000000149d2                __riscv_save_11
                0x00000000000149ee                __riscv_save_10
                0x0000000000014a0a                __riscv_save_9
                0x0000000000014a24                __riscv_save_8
                0x0000000000014a3c                __riscv_save_7
                0x0000000000014a50                __riscv_save_6
                0x0000000000014a62                __riscv_save_5
                0x0000000000014a72                __riscv_save_4
                0x0000000000014a80                __riscv_save_3
                0x0000000000014a8c                __riscv_save_2
                0x0000000000014a96                __riscv_save_1
                0x0000000000014a9e                __riscv_save_0
                0x0000000000014aa4                __riscv_restore_12
                0x0000000000014aa8                __riscv_restore_11
                0x0000000000014aac                __riscv_restore_10
                0x0000000000014ab0                __riscv_restore_9
                0x0000000000014ab4                __riscv_restore_8
                0x0000000000014ab8                __riscv_restore_7
                0x0000000000014abc                __riscv_restore_6
                0x0000000000014ac0                __riscv_restore_5
                0x0000000000014ac4                __riscv_restore_4
                0x0000000000014ac8                __riscv_restore_3
                0x0000000000014acc                __riscv_restore_2
                0x0000000000014ad0                __riscv_restore_1
                0x0000000000014ad4                __riscv_restore_0
                0x0000000000014ada                _gp
 *(.text.unlikely)
 *(.text.startup)
 .text.startup  0x0000000000014ada       0x46 build\applications\main.o
                0x0000000000014ada                main
 *src*device.o(.text* .rodata*)
 .text          0x0000000000014b20      0x4d4 build\kernel\src\device.o
                0x0000000000014b20                rt_device_unregister
                0x0000000000014b8e                rt_device_find
                0x0000000000014b94                rt_device_register
                0x0000000000014bc8                rt_device_create
                0x0000000000014bf2                rt_device_destroy
                0x0000000000014c68                rt_device_init
                0x0000000000014cc2                rt_device_open
                0x0000000000014db0                rt_device_close
                0x0000000000014e26                rt_device_read
                0x0000000000014e94                rt_device_write
                0x0000000000014f02                rt_device_control
                0x0000000000014f5c                rt_device_set_rx_indicate
                0x0000000000014fa8                rt_device_set_tx_complete
 .rodata.str1.4
                0x0000000000014ff4       0xf4 build\kernel\src\device.o
 .rodata        0x00000000000150e8       0xc6 build\kernel\src\device.o
 *src*idle.o(.text* .rodata*)
 .text          0x00000000000151ae      0x17c build\kernel\src\idle.o
                0x00000000000151ae                rt_thread_idle_sethook
                0x00000000000151e8                rt_thread_idle_delhook
                0x0000000000015226                rt_thread_idle_excute
                0x00000000000152d2                rt_thread_idle_init
                0x0000000000015320                rt_thread_idle_gethandler
 *fill*         0x000000000001532a        0x2 
 .rodata.str1.4
                0x000000000001532c       0x30 build\kernel\src\idle.o
                                         0x34 (size before relaxing)
 .rodata        0x000000000001535c       0x16 build\kernel\src\idle.o
 *src*components.o(.text* .rodata*)
 .text          0x0000000000015372       0xe8 build\kernel\src\components.o
                0x0000000000015382                rt_components_board_init
                0x00000000000153a6                rt_components_init
                0x00000000000153ca                main_thread_entry
                0x00000000000153d8                rt_application_init
                0x0000000000015420                rtthread_startup
                0x000000000001544e                entry
 *fill*         0x000000000001545a        0x2 
 .rodata.str1.4
                0x000000000001545c       0x17 build\kernel\src\components.o
 *fill*         0x0000000000015473        0x1 
 .rodata        0x0000000000015474       0x14 build\kernel\src\components.o
 *hal_drivers**.o(.rodata)
 .rodata        0x0000000000015488       0x38 libraries\hal_drivers\drv_gpio.o
 .rodata        0x00000000000154c0       0x28 libraries\hal_drivers\drv_rtc.o
 .rodata        0x00000000000154e8       0x2f libraries\hal_drivers\drv_soft_i2c.o
 *fill*         0x0000000000015517        0x1 
 .rodata        0x0000000000015518       0x20 libraries\hal_drivers\drv_wdt.o
 .rodata        0x0000000000015538       0x24 libraries\hal_drivers\drv_sdio.o
 .rodata        0x000000000001555c       0x45 libraries\hal_drivers\drv_adc.o
 *fill*         0x00000000000155a1        0x3 
 .rodata        0x00000000000155a4       0x81 libraries\hal_drivers\drv_usart.o
 *fill*         0x0000000000015625        0x3 
 .rodata        0x0000000000015628       0x18 libraries\hal_drivers\drv_pwm.o
 .rodata        0x0000000000015640       0x68 libraries\hal_drivers\drv_hwtimer.o
 *audio*drv_sound.o(.rodata)
 .rodata        0x00000000000156a8       0x66 build\board\ports\audio\drv_sound.o
 *libcpu**.o(.rodata)
 *fill*         0x000000000001570e        0x2 
 .rodata        0x0000000000015710       0x13 libcpu\cpu\cpuport.o
 *system_ab32vgx.o(.rodata)
 *fill*         0x0000000000015723        0x1 
 .rodata        0x0000000000015724       0x46 libraries\hal_libraries\bmsis\source\system_ab32vgx.o
                0x0000000000015724                sysclk_sel_tbl
                0x0000000000015730                sysclk_index
 EXCLUDE_FILE(*drv_wdt.o *drv_sdio.o *msh_file.o *cmd.o *drivers*sdio**.o *components.o *dfs**.o *src*memheap.o *src*mem.o *cp-demangle.o *cp-demangle.o *lib_a**.o) *(.rodata.str1.4)
 *fill*         0x000000000001576a        0x2 
 .rodata.str1.4
                0x000000000001576c       0x74 build\applications\mnt.o
                                         0x78 (size before relaxing)
 .rodata.str1.4
                0x00000000000157e0       0x16 build\applications\main.o
 *fill*         0x00000000000157f6        0x2 
 .rodata.str1.4
                0x00000000000157f8       0x2f build\board\ports\audio\drv_sound.o
 *fill*         0x0000000000015827        0x1 
 .rodata.str1.4
                0x0000000000015828       0x24 build\board\board.o
 .rodata.str1.4
                0x000000000001584c       0x77 build\kernel\components\drivers\audio\audio.o
                                         0x9d (size before relaxing)
 *fill*         0x00000000000158c3        0x1 
 .rodata.str1.4
                0x00000000000158c4       0x64 build\kernel\components\drivers\audio\audio_pipe.o
                                         0x90 (size before relaxing)
 .rodata.str1.4
                0x0000000000015928       0x43 build\kernel\components\drivers\hwtimer\hwtimer.o
 *fill*         0x000000000001596b        0x1 
 .rodata.str1.4
                0x000000000001596c       0x87 build\kernel\components\drivers\i2c\i2c_core.o
                                         0x8b (size before relaxing)
 *fill*         0x00000000000159f3        0x1 
 .rodata.str1.4
                0x00000000000159f4       0x12 build\kernel\components\drivers\i2c\i2c_dev.o
                                         0x22 (size before relaxing)
 *fill*         0x0000000000015a06        0x2 
 .rodata.str1.4
                0x0000000000015a08       0xa1 build\kernel\components\drivers\i2c\i2c-bit-ops.o
                                         0xb1 (size before relaxing)
 *fill*         0x0000000000015aa9        0x3 
 .rodata.str1.4
                0x0000000000015aac      0x1f9 build\kernel\components\drivers\misc\adc.o
 *fill*         0x0000000000015ca5        0x3 
 .rodata.str1.4
                0x0000000000015ca8      0x1ab build\kernel\components\drivers\misc\rt_drv_pwm.o
 *fill*         0x0000000000015e53        0x1 
 .rodata.str1.4
                0x0000000000015e54       0x37 build\kernel\components\drivers\misc\pin.o
 *fill*         0x0000000000015e8b        0x1 
 .rodata.str1.4
                0x0000000000015e8c      0x137 build\kernel\components\drivers\rtc\rtc.o
 *fill*         0x0000000000015fc3        0x1 
 .rodata.str1.4
                0x0000000000015fc4       0xfa build\kernel\components\drivers\rtc\alarm.o
                                         0xfe (size before relaxing)
 *fill*         0x00000000000160be        0x2 
 .rodata.str1.4
                0x00000000000160c0       0xbb build\kernel\components\drivers\serial\serial.o
                                         0xce (size before relaxing)
 *fill*         0x000000000001617b        0x1 
 .rodata.str1.4
                0x000000000001617c       0x64 build\kernel\components\drivers\src\dataqueue.o
                                         0x90 (size before relaxing)
 .rodata.str1.4
                0x00000000000161e0        0xe build\kernel\components\drivers\src\ringbuffer.o
                                         0x19 (size before relaxing)
 *fill*         0x00000000000161ee        0x2 
 .rodata.str1.4
                0x00000000000161f0       0x47 build\kernel\components\drivers\src\completion.o
                                         0x72 (size before relaxing)
 *fill*         0x0000000000016237        0x1 
 .rodata.str1.4
                0x0000000000016238       0x33 build\kernel\components\drivers\watchdog\watchdog.o
                                         0x43 (size before relaxing)
 *fill*         0x000000000001626b        0x1 
 .rodata.str1.4
                0x000000000001626c       0x6c build\kernel\components\finsh\msh.o
                                         0x78 (size before relaxing)
 .rodata.str1.4
                0x00000000000162d8       0xbb build\kernel\components\finsh\shell.o
                                         0xc3 (size before relaxing)
 *fill*         0x0000000000016393        0x1 
 .rodata.str1.4
                0x0000000000016394       0xf2 build\kernel\components\finsh\finsh_error.o
 *fill*         0x0000000000016486        0x2 
 .rodata.str1.4
                0x0000000000016488       0x35 build\kernel\components\finsh\finsh_token.o
                                         0x3d (size before relaxing)
 .rodata.str1.4
                0x00000000000164bd        0x4 build\kernel\components\libc\compilers\common\time.o
 *fill*         0x00000000000164bd        0x3 
 .rodata.str1.4
                0x00000000000164c0        0x4 libraries\hal_drivers\drv_gpio.o
 .rodata.str1.4
                0x00000000000164c4       0x34 libraries\hal_drivers\drv_rtc.o
                                         0x4c (size before relaxing)
 .rodata.str1.4
                0x00000000000164f8       0x19 libraries\hal_drivers\drv_soft_i2c.o
 *fill*         0x0000000000016511        0x3 
 .rodata.str1.4
                0x0000000000016514       0x51 libraries\hal_drivers\drv_adc.o
                                         0x55 (size before relaxing)
 *fill*         0x0000000000016565        0x3 
 .rodata.str1.4
                0x0000000000016568       0x17 libraries\hal_drivers\drv_usart.o
                                         0x6e (size before relaxing)
 *fill*         0x000000000001657f        0x1 
 .rodata.str1.4
                0x0000000000016580       0x52 libraries\hal_drivers\drv_pwm.o
                                         0x6a (size before relaxing)
 *fill*         0x00000000000165d2        0x2 
 .rodata.str1.4
                0x00000000000165d4       0x73 libraries\hal_drivers\drv_hwtimer.o
                                         0xaf (size before relaxing)
 *fill*         0x0000000000016647        0x1 
 .rodata.str1.4
                0x0000000000016648        0xd libcpu\cpu\cpuport.o
                                         0x12 (size before relaxing)
 EXCLUDE_FILE(*unwind*.o *lib_a**.o) *(.srodata)
 *fill*         0x0000000000016655        0x3 
 .srodata       0x0000000000016658        0x8 build\kernel\src\mem.o
 .srodata       0x0000000000016660        0x7 build\kernel\components\dfs\src\dfs.o
 *fill*         0x0000000000016667        0x1 
 .srodata       0x0000000000016668        0x8 libraries\hal_drivers\drv_soft_i2c.o
 .srodata       0x0000000000016670        0x8 libraries\hal_drivers\drv_adc.o
 *(.rela*)
 .rela.text     0x0000000000016678        0x0 build\applications\mnt.o
 .rela.text.startup
                0x0000000000016678        0x0 build\applications\mnt.o
 .rela.reset    0x0000000000016678        0x0 build\applications\mnt.o
 .rela.vector   0x0000000000016678        0x0 build\applications\mnt.o
 *(.data*)
 .data          0x0000000000016678       0x1c build\board\ports\audio\drv_sound.o
 .data          0x0000000000016694       0xa0 build\kernel\src\object.o
 .data          0x0000000000016734      0x100 build\kernel\components\dfs\src\dfs.o
                0x0000000000016734                working_directory
 .data          0x0000000000016834       0x3c libraries\hal_drivers\drv_adc.o
 .data          0x0000000000016870        0xc libraries\hal_drivers\drv_usart.o
 .data          0x000000000001687c       0x48 libraries\hal_drivers\drv_pwm.o
 .data          0x00000000000168c4       0x5c libraries\hal_drivers\drv_hwtimer.o
 *fill*         0x0000000000016920        0x0 
 .data          0x0000000000016920      0x428 d:/program_files/programming/rt-threadstudio/repo/extract/toolchain_support_packages/risc-v/risc-v-gcc/10.1.0/bin/../lib/gcc/riscv64-unknown-elf/10.1.0/../../../../riscv64-unknown-elf/lib/rv32im/ilp32\libc.a(lib_a-impure.o)
 *(.sdata*)
 .sdata         0x0000000000016d48        0x1 build\kernel\src\timer.o
 *fill*         0x0000000000016d49        0x3 
 .sdata         0x0000000000016d4c        0x8 build\kernel\components\drivers\sdio\block_dev.o
 .sdata         0x0000000000016d54       0x10 build\kernel\components\drivers\sdio\sdio.o
 .sdata         0x0000000000016d64        0x4 build\kernel\components\finsh\msh.o
 .sdata         0x0000000000016d68        0x1 libraries\hal_drivers\drv_sdio.o
 *fill*         0x0000000000016d69        0x3 
 .sdata         0x0000000000016d6c        0x4 libraries\hal_drivers\drv_pwm.o
 .sdata         0x0000000000016d70        0x4 d:/program_files/programming/rt-threadstudio/repo/extract/toolchain_support_packages/risc-v/risc-v-gcc/10.1.0/bin/../lib/gcc/riscv64-unknown-elf/10.1.0/../../../../riscv64-unknown-elf/lib/rv32im/ilp32\libc.a(lib_a-impure.o)
                0x0000000000016d70                _impure_ptr

.bss            0x0000000000011000     0x197c
                0x0000000000011000                __bss_start = .
 *(COMMON)
 *(.bss)
 .bss           0x0000000000011000       0x58 build\board\ports\audio\drv_sound.o
 .bss           0x0000000000011058       0xa4 build\board\board.o
 .bss           0x00000000000110fc       0x20 build\kernel\src\mem.o
 .bss           0x000000000001111c       0x80 build\kernel\src\kservice.o
 .bss           0x000000000001119c      0x100 build\kernel\src\scheduler.o
                0x000000000001119c                rt_thread_priority_table
 *fill*         0x000000000001129c        0x4 
 .bss           0x00000000000112a0      0x180 build\kernel\src\timer.o
 .bss           0x0000000000011420      0x290 build\kernel\src\idle.o
 .bss           0x00000000000116b0       0x44 build\kernel\components\dfs\src\dfs.o
                0x00000000000116b0                filesystem_table
 .bss           0x00000000000116f4      0x128 build\kernel\components\dfs\src\dfs_file.o
 .bss           0x000000000001181c       0x34 build\kernel\components\drivers\misc\pin.o
 .bss           0x0000000000011850       0x50 build\kernel\components\drivers\rtc\alarm.o
 .bss           0x00000000000118a0      0x500 build\kernel\components\drivers\sdio\mmcsd_core.o
 .bss           0x0000000000011da0      0x140 build\kernel\components\finsh\finsh_node.o
                0x0000000000011da0                global_node_table
 .bss           0x0000000000011ee0      0x180 build\kernel\components\finsh\finsh_vm.o
                0x0000000000011ee0                finsh_vm_stack
                0x0000000000011fe0                text_segment
 .bss           0x0000000000012060       0x81 build\kernel\components\finsh\shell.o
 *fill*         0x00000000000120e1        0x3 
 .bss           0x00000000000120e4       0xc0 build\kernel\components\finsh\finsh_var.o
                0x00000000000120e4                global_variable
 *fill*         0x00000000000121a4        0x4 
 .bss           0x00000000000121a8       0x80 build\kernel\components\finsh\finsh_heap.o
                0x00000000000121a8                finsh_heap
 .bss           0x0000000000012228       0x61 build\kernel\components\libc\compilers\common\time.o
 *fill*         0x0000000000012289        0x3 
 .bss           0x000000000001228c       0x30 libraries\hal_drivers\drv_rtc.o
 .bss           0x00000000000122bc       0x88 libraries\hal_drivers\drv_soft_i2c.o
 .bss           0x0000000000012344       0x34 libraries\hal_drivers\drv_wdt.o
 *fill*         0x0000000000012378        0x8 
 .bss           0x0000000000012380      0x400 libraries\hal_drivers\drv_sdio.o
 .bss           0x0000000000012780       0x58 libraries\hal_drivers\drv_usart.o
 .bss           0x00000000000127d8       0x5c libcpu\cpu\interrupt.o
                0x00000000000127d8                tbl_irq_vector
 .bss           0x0000000000012834        0xc libraries\hal_libraries\bmsis\source\system_ab32vgx.o
                0x0000000000012834                sys
 *(.sbss)
 .sbss          0x0000000000012840        0xc build\kernel\src\thread.o
 .sbss          0x000000000001284c       0x20 build\kernel\src\mem.o
 .sbss          0x000000000001286c       0x14 build\kernel\src\object.o
                0x000000000001286c                rt_object_put_hook
                0x0000000000012870                rt_object_take_hook
                0x0000000000012874                rt_object_trytake_hook
 .sbss          0x0000000000012880        0xc build\kernel\src\kservice.o
                0x0000000000012880                rt_assert_hook
 .sbss          0x000000000001288c       0x1c build\kernel\src\scheduler.o
                0x0000000000012890                rt_thread_defunct
                0x0000000000012898                rt_current_priority
                0x000000000001289c                rt_current_thread
                0x00000000000128a4                rt_thread_ready_priority_group
 .sbss          0x00000000000128a8       0x1c build\kernel\src\timer.o
 .sbss          0x00000000000128c4        0xc build\kernel\src\irq.o
                0x00000000000128c4                rt_interrupt_nest
 .sbss          0x00000000000128d0        0x8 build\kernel\src\mempool.o
 .sbss          0x00000000000128d8        0x4 build\kernel\src\clock.o
 .sbss          0x00000000000128dc       0x14 build\kernel\components\dfs\src\dfs.o
                0x00000000000128e8                filesystem_operation_table
 .sbss          0x00000000000128f0        0xc build\kernel\components\dfs\filesystems\elmfat\ff.o
 .sbss          0x00000000000128fc        0x8 build\kernel\components\dfs\filesystems\elmfat\dfs_elm.o
 .sbss          0x0000000000012904        0x4 build\kernel\components\drivers\misc\adc.o
 .sbss          0x0000000000012908        0x4 build\kernel\components\drivers\serial\serial.o
 .sbss          0x000000000001290c        0x4 build\kernel\components\finsh\cmd.o
 .sbss          0x0000000000012910        0xc build\kernel\components\finsh\finsh_vm.o
                0x0000000000012910                global_syscall_list
                0x0000000000012914                finsh_pc
                0x0000000000012918                finsh_sp
 .sbss          0x000000000001291c       0x18 build\kernel\components\finsh\shell.o
                0x0000000000012920                shell
                0x0000000000012924                _sysvar_table_end
                0x0000000000012928                _sysvar_table_begin
                0x000000000001292c                _syscall_table_end
                0x0000000000012930                _syscall_table_begin
 .sbss          0x0000000000012934        0x4 build\kernel\components\finsh\finsh_var.o
                0x0000000000012934                global_sysvar_list
 .sbss          0x0000000000012938        0x8 build\kernel\components\finsh\finsh_compiler.o
                0x0000000000012938                finsh_compile_pc
                0x000000000001293c                finsh_compile_sp
 .sbss          0x0000000000012940        0x8 build\kernel\components\finsh\finsh_heap.o
 .sbss          0x0000000000012948        0x1 build\kernel\components\finsh\finsh_error.o
                0x0000000000012948                global_errno
 *fill*         0x0000000000012949        0x3 
 .sbss          0x000000000001294c        0x4 build\kernel\components\libc\compilers\common\time.o
 .sbss          0x0000000000012950        0x8 libraries\hal_drivers\drv_wdt.o
 .sbss          0x0000000000012958        0x4 libraries\hal_drivers\drv_sdio.o
 .sbss          0x000000000001295c       0x10 libcpu\cpu\cpuport.o
                0x000000000001295c                rt_cur_thread_sp
                0x0000000000012960                rt_thread_switch_interrupt_flag
                0x0000000000012964                rt_interrupt_to_thread
                0x0000000000012968                rt_interrupt_from_thread
 .sbss          0x000000000001296c        0x8 libcpu\cpu\interrupt.o
                0x000000000001296c                cpu_irq_comm_hook
                0x0000000000012970                irq_mask
 .sbss          0x0000000000012974        0x8 libraries\hal_libraries\ab32vg1_hal\source\ab32vg1_hal.o
 *(.buf*)
                0x000000000001297c                __bss_end = .
                0x000000000000197c                __bss_size = (__bss_end - __bss_start)

.stack          0x0000000000013000     0x1000
                0x0000000000013000                __irq_stack_start = .
                0x0000000000001000                . = __stack_ram_size
 *fill*         0x0000000000013000     0x1000 
                0x0000000000014000                __irq_stack = .
                0x0000000000001000                __irq_stack_size = (__irq_stack - __irq_stack_start)

.heap           0x0000000000028c00     0x7400
                0x0000000000028c00                __heap_start = .
                0x0000000000007400                . = __heap_ram_size
 *fill*         0x0000000000028c00     0x7400 
                0x0000000000030000                __heap_end = .

.flash          0x0000000010008d08    0x1d6f8
                0x0000000010008d08                . = ALIGN (0x4)
                0x0000000010008d08                __fsymtab_start = .
 *(FSymTab)
 FSymTab        0x0000000010008d08        0xc build\kernel\src\mem.o
                0x0000000010008d08                __fsym_list_mem
 FSymTab        0x0000000010008d14        0xc build\kernel\src\memheap.o
                0x0000000010008d14                __fsym___cmd_memheaptrace
 FSymTab        0x0000000010008d20       0x18 build\kernel\components\dfs\src\dfs_posix.o
                0x0000000010008d20                __fsym_cd
                0x0000000010008d2c                __fsym_mkdir
 FSymTab        0x0000000010008d38       0x18 build\kernel\components\dfs\src\dfs_fs.o
                0x0000000010008d38                __fsym_df
                0x0000000010008d44                __fsym_mkfs
 FSymTab        0x0000000010008d50        0xc build\kernel\components\dfs\src\dfs.o
                0x0000000010008d50                __fsym___cmd_list_fd
 FSymTab        0x0000000010008d5c       0x30 build\kernel\components\dfs\src\dfs_file.o
                0x0000000010008d5c                __fsym_copy
                0x0000000010008d68                __fsym_cat
                0x0000000010008d74                __fsym_rm
                0x0000000010008d80                __fsym_ls
 FSymTab        0x0000000010008d8c        0xc build\kernel\components\drivers\misc\adc.o
                0x0000000010008d8c                __fsym___cmd_adc
 FSymTab        0x0000000010008d98       0x48 build\kernel\components\drivers\misc\rt_drv_pwm.o
                0x0000000010008d98                __fsym___cmd_pwm_get
                0x0000000010008da4                __fsym___cmd_pwm_set
                0x0000000010008db0                __fsym___cmd_pwm_disable
                0x0000000010008dbc                __fsym___cmd_pwm_enable
                0x0000000010008dc8                __fsym_pwm_set
                0x0000000010008dd4                __fsym_pwm_enable
 FSymTab        0x0000000010008de0       0x30 build\kernel\components\drivers\misc\pin.o
                0x0000000010008de0                __fsym_pinGet
                0x0000000010008dec                __fsym_pinRead
                0x0000000010008df8                __fsym_pinWrite
                0x0000000010008e04                __fsym_pinMode
 FSymTab        0x0000000010008e10       0x3c build\kernel\components\drivers\rtc\rtc.o
                0x0000000010008e10                __fsym___cmd_date
                0x0000000010008e1c                __fsym___cmd_list_date
                0x0000000010008e28                __fsym_set_time
                0x0000000010008e34                __fsym_set_date
                0x0000000010008e40                __fsym_list_date
 FSymTab        0x0000000010008e4c        0xc build\kernel\components\drivers\rtc\alarm.o
                0x0000000010008e4c                __fsym___cmd_alarm_dump
 FSymTab        0x0000000010008e58      0x138 build\kernel\components\finsh\cmd.o
                0x0000000010008e58                __fsym_list
                0x0000000010008e64                __fsym___cmd_list_device
                0x0000000010008e70                __fsym_list_device
                0x0000000010008e7c                __fsym___cmd_list_timer
                0x0000000010008e88                __fsym_list_timer
                0x0000000010008e94                __fsym___cmd_list_mempool
                0x0000000010008ea0                __fsym_list_mempool
                0x0000000010008eac                __fsym___cmd_list_memheap
                0x0000000010008eb8                __fsym_list_memheap
                0x0000000010008ec4                __fsym___cmd_list_msgqueue
                0x0000000010008ed0                __fsym_list_msgqueue
                0x0000000010008edc                __fsym___cmd_list_mailbox
                0x0000000010008ee8                __fsym_list_mailbox
                0x0000000010008ef4                __fsym___cmd_list_mutex
                0x0000000010008f00                __fsym_list_mutex
                0x0000000010008f0c                __fsym___cmd_list_event
                0x0000000010008f18                __fsym_list_event
                0x0000000010008f24                __fsym___cmd_list_sem
                0x0000000010008f30                __fsym_list_sem
                0x0000000010008f3c                __fsym___cmd_list_thread
                0x0000000010008f48                __fsym_list_thread
                0x0000000010008f54                __fsym___cmd_version
                0x0000000010008f60                __fsym_version
                0x0000000010008f6c                __fsym___cmd_clear
                0x0000000010008f78                __fsym_clear
                0x0000000010008f84                __fsym_hello
 FSymTab        0x0000000010008f90       0x9c build\kernel\components\finsh\msh_file.o
                0x0000000010008f90                __fsym___cmd_echo
                0x0000000010008f9c                __fsym___cmd_df
                0x0000000010008fa8                __fsym___cmd_umount
                0x0000000010008fb4                __fsym___cmd_mount
                0x0000000010008fc0                __fsym___cmd_mkfs
                0x0000000010008fcc                __fsym___cmd_mkdir
                0x0000000010008fd8                __fsym___cmd_pwd
                0x0000000010008fe4                __fsym___cmd_cd
                0x0000000010008ff0                __fsym___cmd_rm
                0x0000000010008ffc                __fsym___cmd_cat
                0x0000000010009008                __fsym___cmd_mv
                0x0000000010009014                __fsym___cmd_cp
                0x0000000010009020                __fsym___cmd_ls
 FSymTab        0x000000001000902c       0x3c build\kernel\components\finsh\msh.o
                0x000000001000902c                __fsym___cmd_free
                0x0000000010009038                __fsym___cmd_ps
                0x0000000010009044                __fsym___cmd_help
                0x0000000010009050                __fsym_msh
                0x000000001000905c                __fsym___cmd_exit
                0x0000000010009068                __fsymtab_end = .
                0x0000000010009068                . = ALIGN (0x4)
                0x0000000010009068                __vsymtab_start = .
 *(VSymTab)
 VSymTab        0x0000000010009068       0x10 build\kernel\components\finsh\cmd.o
                0x0000000010009068                __vsym_dummy
                0x0000000010009078                __vsymtab_end = .
                0x0000000010009078                . = ALIGN (0x4)
 *(.text*)
 .text          0x0000000010009078       0xf8 build\applications\mnt.o
                0x0000000010009078                sd_mount
                0x0000000010009100                ab32_sdcard_mount
 .text          0x0000000010009170      0x66c build\board\ports\audio\drv_sound.o
                0x000000001000937a                adpll_init
                0x000000001000942c                dac_start
                0x00000000100094ee                audio_sem_pend
                0x0000000010009500                sound_transmit
                0x0000000010009562                saia_frequency_set
                0x00000000100095bc                saia_channels_set
                0x000000001000965c                saia_volume_set
                0x000000001000972a                saia_volume_get
 .text          0x00000000100097dc      0x1c8 build\board\board.o
                0x00000000100097dc                timer0_cfg
                0x00000000100097f0                hal_printf
                0x000000001000987c                timer0_init
                0x00000000100098a4                hal_mdelay
                0x00000000100098ac                rt_hw_systick_init
                0x0000000010009954                rt_hw_board_init
                0x00000000100099a2                rt_hw_us_delay
 .text          0x00000000100099a4      0x15c build\board\ab32vg1_hal_msp.o
                0x00000000100099a4                hal_uart_mspinit
                0x0000000010009a7e                hal_sd_mspinit
                0x0000000010009ace                hal_pwm_mspinit
 .text          0x0000000010009b00      0x802 build\kernel\src\mem.o
                0x0000000010009b00                list_mem
                0x0000000010009c42                rt_malloc_sethook
                0x0000000010009c4c                rt_free_sethook
                0x0000000010009c56                rt_system_heap_init
                0x0000000010009d52                rt_malloc
                0x0000000010009f74                rt_calloc
                0x0000000010009fa4                rt_free
                0x000000001000a178                rt_realloc
                0x000000001000a2dc                rt_memory_info
 .text          0x000000001000a302      0x824 build\kernel\src\memheap.o
                0x000000001000a302                rt_memheap_init
                0x000000001000a3d6                rt_memheap_detach
                0x000000001000a472                rt_memheap_alloc
                0x000000001000a5de                rt_memheap_free
                0x000000001000a738                rt_memheap_realloc
                0x000000001000a96a                rt_memheap_dump
                0x000000001000aaba                memheaptrace
 .text          0x000000001000ab26      0x70a build\kernel\components\dfs\src\dfs_posix.o
                0x000000001000ab26                mkdir
                0x000000001000ab98                open
                0x000000001000ac04                close
                0x000000001000ac46                read
                0x000000001000ac92                write
                0x000000001000acde                lseek
                0x000000001000ad4c                rename
                0x000000001000ad72                unlink
                0x000000001000ad98                stat
                0x000000001000adbe                fstat
                0x000000001000ae10                fsync
                0x000000001000ae44                fcntl
                0x000000001000ae96                ioctl
                0x000000001000aeb2                ftruncate
                0x000000001000af06                statfs
                0x000000001000af2c                rmdir
                0x000000001000af2e                opendir
                0x000000001000afb4                readdir
                0x000000001000b03a                telldir
                0x000000001000b076                seekdir
                0x000000001000b0bc                rewinddir
                0x000000001000b0fc                closedir
                0x000000001000b146                chdir
                0x000000001000b1e0                access
                0x000000001000b1fa                getcwd
 .text          0x000000001000b230      0x740 build\kernel\components\dfs\src\dfs_fs.o
                0x000000001000b230                dfs_register
                0x000000001000b2d6                dfs_filesystem_lookup
                0x000000001000b380                dfs_filesystem_get_mounted_path
                0x000000001000b3c4                dfs_filesystem_get_partition
                0x000000001000b4e6                dfs_mount
                0x000000001000b6b6                dfs_unmount
                0x000000001000b756                dfs_mkfs
                0x000000001000b862                mkfs
                0x000000001000b864                dfs_statfs
                0x000000001000b890                df
 .text          0x000000001000b970      0x684 build\kernel\components\dfs\src\dfs.o
                0x000000001000b970                list_fd
                0x000000001000baac                dfs_init
                0x000000001000bb6e                dfs_lock
                0x000000001000bbb6                dfs_unlock
                0x000000001000bbc6                fd_new
                0x000000001000bcc6                fd_get
                0x000000001000bd1c                fd_put
                0x000000001000bd88                dfs_subdir
                0x000000001000bdcc                dfs_normalize_path
                0x000000001000bf4c                fd_is_open
                0x000000001000bfea                dfs_fdtable_get
 .text          0x000000001000bff4      0x936 build\kernel\components\dfs\src\dfs_file.o
                0x000000001000bff4                dfs_file_open
                0x000000001000c0c8                dfs_file_close
                0x000000001000c0fc                dfs_file_ioctl
                0x000000001000c142                dfs_file_read
                0x000000001000c17a                cat
                0x000000001000c208                dfs_file_getdents
                0x000000001000c228                dfs_file_unlink
                0x000000001000c2a2                rm
                0x000000001000c2d0                dfs_file_write
                0x000000001000c3b0                dfs_file_flush
                0x000000001000c3c4                dfs_file_lseek
                0x000000001000c3f4                dfs_file_stat
                0x000000001000c500                ls
                0x000000001000c754                copy
                0x000000001000c858                dfs_file_rename
                0x000000001000c8e6                dfs_file_ftruncate
 .text          0x000000001000c92a      0x3ea build\kernel\components\dfs\filesystems\devfs\devfs.o
                0x000000001000c92a                dfs_device_fs_mount
                0x000000001000c932                dfs_device_fs_ioctl
                0x000000001000c994                dfs_device_fs_read
                0x000000001000ca02                dfs_device_fs_write
                0x000000001000ca70                dfs_device_fs_close
                0x000000001000cb06                dfs_device_fs_stat
                0x000000001000cb7a                dfs_device_fs_open
                0x000000001000cc62                dfs_device_fs_getdents
                0x000000001000ccf6                devfs_init
 .text          0x000000001000cd14     0x2f98 build\kernel\components\dfs\filesystems\elmfat\ff.o
                0x000000001000e40e                f_mount
                0x000000001000e49a                f_open
                0x000000001000e6b6                f_read
                0x000000001000e874                f_write
                0x000000001000ea76                f_sync
                0x000000001000eb3e                f_close
                0x000000001000eb74                f_lseek
                0x000000001000edfa                f_opendir
                0x000000001000eea6                f_closedir
                0x000000001000eed4                f_readdir
                0x000000001000ef5c                f_seekdir
                0x000000001000ef9e                f_stat
                0x000000001000f014                f_getfree
                0x000000001000f116                f_truncate
                0x000000001000f1f6                f_unlink
                0x000000001000f2c8                f_mkdir
                0x000000001000f40a                f_rename
                0x000000001000f55a                f_mkfs
                0x000000001000fc8c                elm_get_vol
 .text          0x000000001000fcac      0x11e build\kernel\components\dfs\filesystems\elmfat\ffunicode.o
                0x000000001000fcac                ff_uni2oem
                0x000000001000fcf8                ff_oem2uni
                0x000000001000fd26                ff_wtoupper
 .text          0x000000001000fdca      0xc10 build\kernel\components\dfs\filesystems\elmfat\dfs_elm.o
                0x000000001000fe04                dfs_elm_mount
                0x000000001000ff0e                dfs_elm_unmount
                0x000000001000ff98                dfs_elm_mkfs
                0x00000000100100c8                dfs_elm_statfs
                0x0000000010010168                dfs_elm_open
                0x000000001001028c                dfs_elm_close
                0x0000000010010308                dfs_elm_ioctl
                0x000000001001036a                dfs_elm_read
                0x00000000100103ca                dfs_elm_write
                0x000000001001042e                dfs_elm_flush
                0x0000000010010466                dfs_elm_lseek
                0x00000000100104f8                dfs_elm_getdents
                0x00000000100105c8                dfs_elm_unlink
                0x000000001001062a                dfs_elm_rename
                0x0000000010010690                dfs_elm_stat
                0x000000001001076c                elm_init
                0x000000001001078a                disk_initialize
                0x000000001001078e                disk_status
                0x0000000010010792                disk_read
                0x00000000100107ca                disk_write
                0x0000000010010802                disk_ioctl
                0x00000000100108de                get_fattime
                0x0000000010010948                ff_cre_syncobj
                0x000000001001098a                ff_del_syncobj
                0x00000000100109aa                ff_req_grant
                0x00000000100109ca                ff_rel_grant
                0x00000000100109d2                ff_memalloc
                0x00000000100109d6                ff_memfree
 .text          0x00000000100109da      0x84e build\kernel\components\drivers\audio\audio.o
                0x0000000010010f4e                rt_audio_register
                0x0000000010010fbe                rt_audio_samplerate_to_speed
                0x000000001001108c                rt_audio_tx_complete
                0x00000000100111fa                rt_audio_rx_done
 .text          0x0000000010011228      0x43c build\kernel\components\drivers\audio\audio_pipe.o
                0x000000001001155c                rt_audio_pipe_init
                0x00000000100115f2                rt_audio_pipe_detach
                0x00000000100115fa                rt_audio_pipe_create
                0x0000000010011640                rt_audio_pipe_destroy
 .text          0x0000000010011664      0x1de build\kernel\components\drivers\i2c\i2c_core.o
                0x0000000010011664                rt_i2c_core_init
                0x0000000010011668                rt_i2c_bus_device_register
                0x00000000100116d8                rt_i2c_bus_device_find
                0x0000000010011734                rt_i2c_transfer
                0x00000000100117b2                rt_i2c_master_send
                0x00000000100117e4                rt_i2c_master_recv
 .text          0x0000000010011842      0x1bc build\kernel\components\drivers\i2c\i2c_dev.o
                0x00000000100119ac                rt_i2c_bus_device_device_init
 .text          0x00000000100119fe      0x4a8 build\kernel\components\drivers\i2c\i2c-bit-ops.o
                0x0000000010011e98                rt_i2c_bit_add_bus
 .text          0x0000000010011ea6      0x3d2 build\kernel\components\drivers\misc\adc.o
                0x0000000010011f14                rt_hw_adc_register
                0x0000000010011f78                rt_adc_read
                0x0000000010011fbc                rt_adc_enable
                0x0000000010011ffe                rt_adc_disable
 .text          0x0000000010012278      0x3c2 build\kernel\components\drivers\misc\rt_drv_pwm.o
                0x000000001001230c                rt_pwm_enable
                0x000000001001234a                rt_pwm_set
                0x0000000010012452                rt_device_pwm_register
                0x000000001001249c                rt_pwm_disable
                0x0000000010012536                rt_pwm_get
 .text          0x000000001001263a      0x280 build\kernel\components\drivers\rtc\rtc.o
                0x000000001001263a                set_date
                0x00000000100126b8                set_time
                0x0000000010012730                list_date
 .text          0x00000000100128ba      0x8f6 build\kernel\components\drivers\rtc\alarm.o
                0x0000000010012b36                rt_alarm_dump
                0x0000000010012c06                rt_alarm_system_init
                0x0000000010012eea                rt_alarm_update
                0x0000000010012efc                rt_alarm_start
                0x0000000010012faa                rt_alarm_stop
                0x0000000010013014                rt_alarm_control
                0x00000000100130c0                rt_alarm_delete
                0x0000000010013130                rt_alarm_create
 .text          0x00000000100131b0      0x896 build\kernel\components\drivers\sdio\mmc.o
                0x00000000100132de                mmc_send_op_cond
                0x0000000010013366                init_mmc
 .text          0x0000000010013a46      0xa1c build\kernel\components\drivers\sdio\sd.o
                0x0000000010013aec                mmcsd_send_app_cmd
                0x0000000010013b62                mmcsd_app_set_bus_width
                0x0000000010013bac                mmcsd_send_app_op_cond
                0x0000000010013c3c                mmcsd_send_if_cond
                0x0000000010013c96                mmcsd_get_card_addr
                0x0000000010013cdc                mmcsd_get_scr
                0x0000000010013dae                init_sd
 .text          0x0000000010014462      0x6f2 build\kernel\components\drivers\sdio\block_dev.o
                0x0000000010014774                mmcsd_num_wr_blocks
                0x0000000010014878                rt_mmcsd_blk_probe
                0x0000000010014ae6                rt_mmcsd_blk_remove
                0x0000000010014b50                rt_mmcsd_blk_init
 .text          0x0000000010014b54     0x1418 build\kernel\components\drivers\sdio\sdio.o
                0x0000000010014bda                sdio_io_send_op_cond
                0x0000000010014c76                sdio_io_rw_direct
                0x0000000010014d8e                sdio_io_rw_extended
                0x0000000010014f32                sdio_io_rw_extended_block
                0x000000001001505c                sdio_io_readb
                0x0000000010015370                sdio_io_writeb
                0x000000001001539a                sdio_io_readw
                0x00000000100153cc                sdio_io_writew
                0x00000000100153ec                sdio_io_readl
                0x000000001001541c                sdio_io_writel
                0x000000001001543c                sdio_io_read_multi_fifo_b
                0x0000000010015448                sdio_io_write_multi_fifo_b
                0x0000000010015454                sdio_io_read_multi_incr_b
                0x0000000010015460                sdio_io_write_multi_incr_b
                0x000000001001546c                sdio_free_cis
                0x00000000100154a2                init_sdio
                0x0000000010015a58                sdio_attach_irq
                0x0000000010015b60                sdio_detach_irq
                0x0000000010015c52                sdio_irq_wakeup
                0x0000000010015c80                sdio_enable_func
                0x0000000010015d4a                sdio_disable_func
                0x0000000010015dd0                sdio_set_drvdata
                0x0000000010015dd4                sdio_get_drvdata
                0x0000000010015dd8                sdio_set_block_size
                0x0000000010015e42                sdio_register_driver
                0x0000000010015eca                sdio_unregister_driver
                0x0000000010015f6a                rt_sdio_init
 .text          0x0000000010015f6c      0xa22 build\kernel\components\drivers\sdio\mmcsd_core.o
                0x0000000010015f90                rt_mmcsd_core_init
                0x000000001001606e                mmcsd_host_lock
                0x000000001001607c                mmcsd_host_unlock
                0x0000000010016088                mmcsd_req_complete
                0x0000000010016094                mmcsd_send_request
                0x00000000100160f4                mmcsd_send_cmd
                0x0000000010016184                mmcsd_go_idle
                0x00000000100161fa                mmcsd_detect
                0x0000000010016398                mmcsd_spi_read_ocr
                0x00000000100163e2                mmcsd_all_get_cid
                0x0000000010016432                mmcsd_get_cid
                0x0000000010016562                mmcsd_get_csd
                0x000000001001668c                mmcsd_select_card
                0x0000000010016692                mmcsd_deselect_cards
                0x0000000010016698                mmcsd_spi_use_crc
                0x00000000100166da                mmcsd_set_chip_select
                0x00000000100166e0                mmcsd_set_clock
                0x0000000010016730                mmcsd_set_bus_mode
                0x0000000010016736                mmcsd_set_bus_width
                0x000000001001673c                mmcsd_set_data_timeout
                0x0000000010016804                mmcsd_select_voltage
                0x0000000010016876                mmcsd_wait_cd_changed
                0x00000000100168ac                mmcsd_change
                0x00000000100168be                mmcsd_alloc_host
                0x000000001001695e                mmcsd_free_host
 .text          0x000000001001698e      0x6f4 build\kernel\components\drivers\serial\serial.o
                0x0000000010016ed2                rt_hw_serial_register
                0x0000000010016f34                rt_hw_serial_isr
 .text          0x0000000010017082      0x7a4 build\kernel\components\drivers\src\dataqueue.o
                0x0000000010017082                rt_data_queue_init
                0x000000001001710e                rt_data_queue_push
                0x00000000100172fe                rt_data_queue_peek
                0x00000000100173a2                rt_data_queue_reset
                0x000000001001748c                rt_data_queue_deinit
                0x0000000010017506                rt_data_queue_len
                0x00000000100175a8                rt_data_queue_pop
 .text          0x0000000010017826      0x680 build\kernel\components\drivers\src\ringbuffer.o
                0x0000000010017826                rt_ringbuffer_init
                0x0000000010017888                rt_ringbuffer_putchar_force
                0x0000000010017936                rt_ringbuffer_data_len
                0x000000001001796e                rt_ringbuffer_put
                0x0000000010017a38                rt_ringbuffer_put_force
                0x0000000010017b5e                rt_ringbuffer_get
                0x0000000010017c44                rt_ringbuffer_peak
                0x0000000010017cce                rt_ringbuffer_putchar
                0x0000000010017d4a                rt_ringbuffer_getchar
                0x0000000010017dd6                rt_ringbuffer_reset
                0x0000000010017e0a                rt_ringbuffer_create
                0x0000000010017e6a                rt_ringbuffer_destroy
 .text          0x0000000010017ea6      0x204 build\kernel\components\drivers\src\completion.o
                0x0000000010017ea6                rt_completion_init
                0x0000000010017ef0                rt_completion_wait
                0x0000000010018034                rt_completion_done
 .text          0x00000000100180aa      0x130 build\kernel\components\drivers\watchdog\watchdog.o
                0x0000000010018178                rt_hw_watchdog_register
 .text          0x00000000100181da      0x1be build\kernel\components\finsh\finsh_node.o
                0x00000000100181da                finsh_node_init
                0x0000000010018202                finsh_node_allocate
                0x0000000010018234                finsh_node_new_id
                0x000000001001829c                finsh_node_new_char
                0x00000000100182c4                finsh_node_new_int
                0x00000000100182ea                finsh_node_new_long
                0x0000000010018310                finsh_node_new_string
                0x0000000010018372                finsh_node_new_ptr
 .text          0x0000000010018398      0x7f2 build\kernel\components\finsh\finsh_parser.o
                0x0000000010018ade                finsh_parser_run
                0x0000000010018b6a                finsh_parser_init
 .text          0x0000000010018b8a      0xf72 build\kernel\components\finsh\cmd.o
                0x0000000010018bd6                hello
                0x0000000010018c64                version
                0x0000000010018c7e                list
                0x0000000010018e2a                list_timer
                0x0000000010018f32                list_thread
                0x000000001001908c                list_sem
                0x00000000100191a2                list_event
                0x00000000100192ae                list_mutex
                0x0000000010019388                list_mailbox
                0x00000000100194ac                list_msgqueue
                0x00000000100195c8                list_memheap
                0x000000001001969a                list_mempool
                0x00000000100197b2                list_device
                0x00000000100198a0                list_prefix
 .text          0x0000000010019afc      0x102 build\kernel\components\finsh\finsh_vm.o
                0x0000000010019afc                finsh_vm_run
                0x0000000010019b58                finsh_syscall_append
                0x0000000010019b9a                finsh_syscall_lookup
 .text          0x0000000010019bfe      0x8e6 build\kernel\components\finsh\msh_file.o
                0x0000000010019bfe                cmd_ls
                0x0000000010019c26                cmd_pwd
                0x0000000010019d80                cmd_rm
                0x0000000010019eac                cmd_mkfs
                0x0000000010019f1a                cmd_mount
                0x0000000010019fee                cmd_umount
                0x000000001001a052                cmd_cp
                0x000000001001a096                cmd_mv
                0x000000001001a190                cmd_cat
                0x000000001001a1e4                cmd_cd
                0x000000001001a230                cmd_mkdir
                0x000000001001a274                cmd_df
                0x000000001001a2d8                cmd_echo
                0x000000001001a35e                msh_exec_script
 .text          0x000000001001a4e4      0x564 build\kernel\components\finsh\msh.o
                0x000000001001a4fe                msh_help
                0x000000001001a57e                cmd_ps
                0x000000001001a594                cmd_free
                0x000000001001a5aa                msh_is_used
                0x000000001001a5b4                msh_exec
                0x000000001001a792                msh_auto_complete_path
                0x000000001001a952                msh_auto_complete
 .text          0x000000001001aa48      0xa96 build\kernel\components\finsh\shell.o
                0x000000001001aa8c                finsh_set_prompt
                0x000000001001aad8                finsh_get_prompt
                0x000000001001abd0                finsh_get_prompt_mode
                0x000000001001ac10                finsh_set_prompt_mode
                0x000000001001ac5c                finsh_system_init
                0x000000001001ad26                finsh_set_device
                0x000000001001adec                finsh_get_device
                0x000000001001ae2a                finsh_set_echo
                0x000000001001ae74                finsh_get_echo
                0x000000001001aeb2                finsh_run_line
                0x000000001001af88                finsh_thread_entry
                0x000000001001b4ba                finsh_system_function_init
                0x000000001001b4cc                finsh_system_var_init
 .text          0x000000001001b4de      0x1ce build\kernel\components\finsh\finsh_var.o
                0x000000001001b4de                finsh_var_init
                0x000000001001b506                finsh_var_insert
                0x000000001001b576                finsh_var_delete
                0x000000001001b5c4                finsh_var_lookup
                0x000000001001b600                finsh_sysvar_append
                0x000000001001b648                finsh_sysvar_lookup
 .text          0x000000001001b6ac      0xef8 build\kernel\components\finsh\finsh_compiler.o
                0x000000001001c51e                finsh_compiler_run
 .text          0x000000001001c5a4      0x204 build\kernel\components\finsh\finsh_heap.o
                0x000000001001c5c8                finsh_heap_init
                0x000000001001c60e                finsh_heap_free
                0x000000001001c6c6                finsh_heap_allocate
 .text          0x000000001001c7a8      0x842 build\kernel\components\finsh\finsh_ops.o
                0x000000001001c7a8                OP_no_op
                0x000000001001c7aa                OP_add_byte
                0x000000001001c7ca                OP_add_word
                0x000000001001c7ea                OP_add_dword
                0x000000001001c80a                OP_sub_byte
                0x000000001001c82a                OP_sub_word
                0x000000001001c84a                OP_sub_dword
                0x000000001001c86a                OP_div_byte
                0x000000001001c88c                OP_div_word
                0x000000001001c8ae                OP_div_dword
                0x000000001001c8d0                OP_mod_byte
                0x000000001001c8f2                OP_mod_word
                0x000000001001c914                OP_mod_dword
                0x000000001001c936                OP_mul_byte
                0x000000001001c958                OP_mul_word
                0x000000001001c97a                OP_mul_dword
                0x000000001001c99c                OP_and_byte
                0x000000001001c9bc                OP_and_word
                0x000000001001c9dc                OP_and_dword
                0x000000001001c9fc                OP_or_byte
                0x000000001001ca1c                OP_or_word
                0x000000001001ca3c                OP_or_dword
                0x000000001001ca5c                OP_xor_byte
                0x000000001001ca7c                OP_xor_word
                0x000000001001ca9c                OP_xor_dword
                0x000000001001cabc                OP_bw_byte
                0x000000001001cad2                OP_bw_word
                0x000000001001cae8                OP_bw_dword
                0x000000001001cafe                OP_shl_byte
                0x000000001001cb20                OP_shl_word
                0x000000001001cb42                OP_shl_dword
                0x000000001001cb64                OP_shr_byte
                0x000000001001cb86                OP_shr_word
                0x000000001001cba8                OP_shr_dword
                0x000000001001cbca                OP_ld_byte
                0x000000001001cbf4                OP_ld_word
                0x000000001001cc26                OP_ld_dword
                0x000000001001cc66                OP_ld_value_byte
                0x000000001001ccac                OP_ld_value_byte_stack
                0x000000001001ccc2                OP_ld_value_word
                0x000000001001cd08                OP_ld_value_word_stack
                0x000000001001cd1e                OP_ld_value_dword
                0x000000001001cd60                OP_ld_value_dword_stack
                0x000000001001cd74                OP_st_byte
                0x000000001001cd92                OP_st_word
                0x000000001001cdae                OP_st_dword
                0x000000001001cdc8                OP_pop
                0x000000001001cdd8                OP_call
 .text          0x000000001001cfea       0x34 build\kernel\components\finsh\finsh_error.o
                0x000000001001cfea                finsh_error_init
                0x000000001001cff6                finsh_error_set
                0x000000001001d002                finsh_errno
                0x000000001001d00c                finsh_error_string
 .text          0x000000001001d01e      0x5e2 build\kernel\components\finsh\finsh_token.o
                0x000000001001d086                finsh_token_init
                0x000000001001d0ac                finsh_token_get_token
                0x000000001001d0be                token_get_string
                0x000000001001d142                finsh_token_token
 .text          0x000000001001d600       0x70 build\kernel\components\finsh\finsh_init.o
                0x000000001001d600                finsh_init
                0x000000001001d626                finsh_stack_bottom
                0x000000001001d630                finsh_flush
                0x000000001001d64e                finsh_reset
 .text          0x000000001001d670      0x4bc build\kernel\components\libc\compilers\common\time.o
                0x000000001001d6b2                gmtime_r
                0x000000001001d76c                gmtime
                0x000000001001d776                localtime_r
                0x000000001001d792                localtime
                0x000000001001d79c                asctime_r
                0x000000001001d844                asctime
                0x000000001001d84e                ctime_r
                0x000000001001d86c                ctime
                0x000000001001d880                time
                0x000000001001d8f8                clock
                0x000000001001d900                stime
                0x000000001001d95e                timegm
                0x000000001001dad4                mktime
                0x000000001001dad6                gettimeofday
                0x000000001001db0a                settimeofday
 .text          0x000000001001db2c      0x1e6 libraries\hal_drivers\drv_gpio.o
                0x000000001001dcf8                rt_hw_pin_init
 .text          0x000000001001dd12      0x338 libraries\hal_drivers\drv_rtc.o
                0x000000001001dd12                get_weekday
                0x000000001001dd3c                irtc_write
                0x000000001001dd4c                irtc_read
                0x000000001001dd64                irtc_time_write
                0x000000001001ddd0                irtc_time_read
                0x000000001001de9a                irtc_sfr_write
                0x000000001001dee2                irtc_sfr_read
                0x000000001001df26                hal_rtc_init
                0x000000001001dfa2                rt_hw_rtc_init
 .text          0x000000001001e04a      0x20e libraries\hal_drivers\drv_soft_i2c.o
                0x000000001001e16c                rt_hw_i2c_init
 .text          0x000000001001e258      0x302 libraries\hal_drivers\drv_wdt.o
                0x000000001001e25c                rt_wdt_init
 .text          0x000000001001e55a      0x7aa libraries\hal_drivers\drv_sdio.o
                0x000000001001e57c                rthw_sdio_irq_update
                0x000000001001eaa6                sdio_host_create
                0x000000001001ec66                rt_hw_sdio_init
                0x000000001001ecf8                ab32_mmcsd_change
 .text          0x000000001001ed04      0x12e libraries\hal_drivers\drv_adc.o
 .text          0x000000001001ee32      0x214 libraries\hal_drivers\drv_usart.o
                0x000000001001efb4                rt_hw_usart_init
 .text          0x000000001001f046      0x35a libraries\hal_drivers\drv_pwm.o
 .text          0x000000001001f3a0      0x276 libraries\hal_drivers\drv_hwtimer.o
 .text          0x000000001001f616       0x6c libcpu\cpu\cpuport.o
                0x000000001001f616                rt_hw_stack_init
                0x000000001001f634                rt_hw_cpu_shutdown
 .text          0x000000001001f682      0x3b4 libraries\hal_libraries\bmsis\source\system_ab32vgx.o
                0x000000001001f682                get_clksel_val
                0x000000001001f692                get_cur_sysclk
                0x000000001001f69c                get_sysclk_nhz
                0x000000001001f6c0                get_sd_rate
                0x000000001001f6c4                set_sd_baud
                0x000000001001f722                update_sd0baud
                0x000000001001f75e                sysclk_update_baud
                0x000000001001f79a                update_uart0baud_in_sysclk
                0x000000001001f7b8                set_sys_uart0baud
                0x000000001001f7c2                set_peripherals_clkdiv_safety
                0x000000001001f7f0                set_peripherals_clkdiv
                0x000000001001f862                set_sysclk
 .text.hal_adc_enable
                0x000000001001fa36       0x14 libraries\hal_libraries\ab32vg1_hal\libhal.a(ab32vg1_hal_adc.o)
                0x000000001001fa36                hal_adc_enable
 .text.hal_adc_start
                0x000000001001fa4a        0x6 libraries\hal_libraries\ab32vg1_hal\libhal.a(ab32vg1_hal_adc.o)
                0x000000001001fa4a                hal_adc_start
 .text.hal_adc_poll_for_conversion
                0x000000001001fa50       0x34 libraries\hal_libraries\ab32vg1_hal\libhal.a(ab32vg1_hal_adc.o)
                0x000000001001fa50                hal_adc_poll_for_conversion
 .text          0x000000001001fa84      0x434 d:/program_files/programming/rt-threadstudio/repo/extract/toolchain_support_packages/risc-v/risc-v-gcc/10.1.0/bin/../lib/gcc/riscv64-unknown-elf/10.1.0/rv32im/ilp32\libgcc.a(_udivdi3.o)
                0x000000001001fa84                __udivdi3