Archive member included to satisfy reference by file (symbol)

libraries\hal_libraries\ab32vg1_hal\libhal.a(cache.o)
                              build\board\board.o (load_cache)
libraries\hal_libraries\ab32vg1_hal\libhal.a(rom_fun.o)
                              build\kernel\src\kservice.o (memset)
libraries\hal_libraries\ab32vg1_hal\libhal.a(save_restore.o)
                              build\kernel\src\ipc.o (__riscv_save_12)
libraries\hal_libraries\ab32vg1_hal\libhal.a(sys_err.o)
                              build\board\board.o (sys_error_hook)

Discarded input sections

 .text          0x0000000000000000        0x0 build\applications\mnt.o
 .data          0x0000000000000000        0x0 build\applications\mnt.o
 .bss           0x0000000000000000        0x0 build\applications\mnt.o
 .comment       0x0000000000000000       0x13 build\applications\mnt.o
 .riscv.attributes
                0x0000000000000000       0x2b build\applications\mnt.o
 .text          0x0000000000000000        0x0 build\applications\main.o
 .data          0x0000000000000000        0x0 build\applications\main.o
 .bss           0x0000000000000000        0x0 build\applications\main.o
 .rodata.str1.4
                0x0000000000000000       0x16 build\applications\main.o
 .text.startup.main
                0x0000000000000000       0x5e build\applications\main.o
 .comment       0x0000000000000000       0x13 build\applications\main.o
 .riscv.attributes
                0x0000000000000000       0x2b build\applications\main.o
 .text          0x0000000000000000        0x0 build\board\board.o
 .data          0x0000000000000000        0x0 build\board\board.o
 .text.timer0_cfg
                0x0000000000000000       0x14 build\board\board.o
 .irq.timer     0x0000000000000000       0x30 build\board\board.o
 .text.hal_printf
                0x0000000000000000       0x8a build\board\board.o
 .text.timer0_init
                0x0000000000000000       0x28 build\board\board.o
 .text.hal_mdelay
                0x0000000000000000        0x8 build\board\board.o
 .text.rt_hw_systick_init
                0x0000000000000000       0xb6 build\board\board.o
 .text.rt_hw_board_init
                0x0000000000000000       0x62 build\board\board.o
 .text.rt_hw_us_delay
                0x0000000000000000        0x2 build\board\board.o
 .text          0x0000000000000000        0x0 build\board\ab32vg1_hal_msp.o
 .data          0x0000000000000000        0x0 build\board\ab32vg1_hal_msp.o
 .bss           0x0000000000000000        0x0 build\board\ab32vg1_hal_msp.o
 .text.hal_uart_mspinit
                0x0000000000000000       0xda build\board\ab32vg1_hal_msp.o
 .text.hal_sd_mspinit
                0x0000000000000000       0x50 build\board\ab32vg1_hal_msp.o
 .text.hal_pwm_mspinit
                0x0000000000000000        0x2 build\board\ab32vg1_hal_msp.o
 .comment       0x0000000000000000       0x13 build\board\ab32vg1_hal_msp.o
 .riscv.attributes
                0x0000000000000000       0x2b build\board\ab32vg1_hal_msp.o
 .text          0x0000000000000000        0x0 build\kernel\src\object.o
 .bss           0x0000000000000000        0x0 build\kernel\src\object.o
 .text.rt_object_attach_sethook
                0x0000000000000000        0xa build\kernel\src\object.o
 .text.rt_object_detach_sethook
                0x0000000000000000        0xa build\kernel\src\object.o
 .text.rt_object_trytake_sethook
                0x0000000000000000        0xa build\kernel\src\object.o
 .text.rt_object_take_sethook
                0x0000000000000000        0xa build\kernel\src\object.o
 .text.rt_object_put_sethook
                0x0000000000000000        0xa build\kernel\src\object.o
 .text          0x0000000000000000        0x0 build\kernel\src\device.o
 .data          0x0000000000000000        0x0 build\kernel\src\device.o
 .bss           0x0000000000000000        0x0 build\kernel\src\device.o
 .text.rt_device_unregister
                0x0000000000000000       0x90 build\kernel\src\device.o
 .text.rt_device_register
                0x0000000000000000       0x48 build\kernel\src\device.o
 .text.rt_device_create
                0x0000000000000000       0x38 build\kernel\src\device.o
 .text.rt_device_destroy
                0x0000000000000000       0x98 build\kernel\src\device.o
 .text.rt_device_init
                0x0000000000000000       0x6c build\kernel\src\device.o
 .text.rt_device_set_tx_complete
                0x0000000000000000       0x62 build\kernel\src\device.o
 .text          0x0000000000000000        0x0 build\kernel\src\memheap.o
 .data          0x0000000000000000        0x0 build\kernel\src\memheap.o
 .bss           0x0000000000000000        0x0 build\kernel\src\memheap.o
 .text.rt_memheap_init
                0x0000000000000000       0xd4 build\kernel\src\memheap.o
 .text.rt_memheap_detach
                0x0000000000000000       0x9c build\kernel\src\memheap.o
 .text.rt_memheap_alloc
                0x0000000000000000      0x16c build\kernel\src\memheap.o
[...]
Memory Configuration

Name             Origin             Length             Attributes
init             0x0000000010000000 0x0000000000000200
flash            0x0000000010000200 0x0000000000100000 xr
comm             0x0000000000014000 0x0000000000014c00 xr
data             0x0000000000011000 0x0000000000002000
stack            0x0000000000013000 0x0000000000001000
heap             0x0000000000028c00 0x0000000000007400
ram1             0x0000000000050000 0x0000000000007a00 xr
*default*        0x0000000000000000 0xffffffffffffffff

Linker script and memory map

                0x0000000000100000                __max_flash_size = 0x100000
                0x0000000000002000                __data_ram_size = 0x2000
                0x0000000000001000                __stack_ram_size = 0x1000
                0x0000000000014c00                __comm_ram_size = 0x14c00
                0x0000000000007400                __heap_ram_size = 0x7400
                0x0000000010000000                __base = 0x10000000
                0x0000000000011000                __data_vma = 0x11000
                0x0000000000013000                __stack_vma = (__data_vma + __data_ram_size)
                0x0000000000014000                __comm_vma = (__stack_vma + __stack_ram_size)
                0x0000000000028c00                __heap_vma = (__comm_vma + __comm_ram_size)
                0x0000000000050000                __ram1_vma = 0x50000

.init
 *(.reset)

.ram1           0x0000000000050000     0x24b2 load address 0x0000000010000200
                0x0000000000050000                . = ALIGN (0x4)
                0x0000000000050000                __rt_init_start = .
 *(SORT_BY_NAME(.rti_fn*))
 .rti_fn.0      0x0000000000050000        0x4 build\kernel\src\components.o
                0x0000000000050000                __rt_init_rti_start
 .rti_fn.0.end  0x0000000000050004        0x4 build\kernel\src\components.o
                0x0000000000050004                __rt_init_rti_board_start
 .rti_fn.1.end  0x0000000000050008        0x4 build\kernel\src\components.o
                0x0000000000050008                __rt_init_rti_board_end
 .rti_fn.2      0x000000000005000c        0x4 build\kernel\components\dfs\src\dfs.o
                0x000000000005000c                __rt_init_dfs_init
 .rti_fn.4      0x0000000000050010        0x4 build\kernel\components\dfs\filesystems\elmfat\dfs_elm.o
                0x0000000000050010                __rt_init_elm_init
 .rti_fn.6      0x0000000000050014        0x4 build\kernel\components\finsh\shell.o
                0x0000000000050014                __rt_init_finsh_system_init
 .rti_fn.6.end  0x0000000000050018        0x4 build\kernel\src\components.o
                0x0000000000050018                __rt_init_rti_end
                0x000000000005001c                __rt_init_end = .
                0x000000000005001c                . = ALIGN (0x4)
                [!provide]                        PROVIDE (__ctors_start__ = .)
 *(SORT_BY_NAME(.init_array.*))
 *(.init_array)
                [!provide]                        PROVIDE (__ctors_end__ = .)
                0x000000000005001c                . = ALIGN (0x4)
 *components*drivers*audio**.o(.text*)
 *components*drivers*hwtimer**.o(.text*)
 *components*drivers*misc*pin.o(.text*)
 .text._pin_control
                0x000000000005001c       0x3a build\kernel\components\drivers\misc\pin.o
 .text.rt_pin_mode
                0x0000000000050056       0x40 build\kernel\components\drivers\misc\pin.o
                0x0000000000050056                rt_pin_mode
 .text.rt_pin_write
                0x0000000000050096       0x40 build\kernel\components\drivers\misc\pin.o
                0x0000000000050096                rt_pin_write
 .text.rt_pin_read
                0x00000000000500d6       0x3c build\kernel\components\drivers\misc\pin.o
                0x00000000000500d6                rt_pin_read
 .text.rt_pin_get
                0x0000000000050112       0x5c build\kernel\components\drivers\misc\pin.o
                0x0000000000050112                rt_pin_get
 .text._pin_write
                0x000000000005016e       0x46 build\kernel\components\drivers\misc\pin.o
 .text._pin_read
                0x00000000000501b4       0x44 build\kernel\components\drivers\misc\pin.o
 *components*drivers*rtc*rtc.o(.text*)
 *components*drivers*watchdog**.o(.text*)
                0x00000000000501f8                . = ALIGN (0x4)
 *src*ipc.o(.text* .rodata*)
 .text.rt_ipc_list_resume_all.isra.0
                0x00000000000501f8       0x2c build\kernel\src\ipc.o
 .text.rt_ipc_list_resume.isra.0
                0x0000000000050224        0x6 build\kernel\src\ipc.o
 .text.rt_ipc_list_suspend.isra.0
                0x000000000005022a       0x54 build\kernel\src\ipc.o
 .text.rt_ipc_get_highest_priority
                0x000000000005027e       0x22 build\kernel\src\ipc.o
                0x000000000005027e                rt_ipc_get_highest_priority
 .rodata.str1.4
                0x00000000000502a0      0x44a build\kernel\src\ipc.o
                                        0x476 (size before relaxing)
 .text.rt_sem_init
                0x00000000000506ea       0x64 build\kernel\src\ipc.o
                0x00000000000506ea                rt_sem_init
 .text.rt_sem_take
                0x000000000005074e      0x14a build\kernel\src\ipc.o
                0x000000000005074e                rt_sem_take
 .text.rt_sem_release
                0x0000000000050898       0x9c build\kernel\src\ipc.o
                0x0000000000050898                rt_sem_release
 .text.rt_mutex_init
                0x0000000000050934       0x4c build\kernel\src\ipc.o
                0x0000000000050934                rt_mutex_init
 .text.rt_mutex_create
                0x0000000000050980       0x6a build\kernel\src\ipc.o
                0x0000000000050980                rt_mutex_create
 .text.rt_mutex_delete
                0x00000000000509ea       0xb4 build\kernel\src\ipc.o
                0x00000000000509ea                rt_mutex_delete
 .text.rt_mutex_take
                0x0000000000050a9e      0x19a build\kernel\src\ipc.o
                0x0000000000050a9e                rt_mutex_take
 .text.rt_mutex_release
                0x0000000000050c38      0x1b2 build\kernel\src\ipc.o
                0x0000000000050c38                rt_mutex_release
 *fill*         0x0000000000050dea        0x2 
 .rodata        0x0000000000050dec      0x242 build\kernel\src\ipc.o
 *src*irq.o(.text* .rodata*)
 .text.rt_interrupt_get_nest
                0x000000000005102e       0x1c build\kernel\src\irq.o
                0x000000000005102e                rt_interrupt_get_nest
 *src*object.o(.text* .rodata*)
 .text.rt_object_get_information
                0x000000000005104a       0x28 build\kernel\src\object.o
                0x000000000005104a                rt_object_get_information
 .text.rt_object_get_length
                0x0000000000051072       0x2a build\kernel\src\object.o
                0x0000000000051072                rt_object_get_length
 .text.rt_object_get_pointers
                0x000000000005109c       0x42 build\kernel\src\object.o
                0x000000000005109c                rt_object_get_pointers
 *fill*         0x00000000000510de        0x2 
 .rodata.str1.4
                0x00000000000510e0       0x8d build\kernel\src\object.o
                                         0x91 (size before relaxing)
 *fill*         0x000000000005116d        0x1 
 .text.rt_object_init
                0x000000000005116e       0x9e build\kernel\src\object.o
                0x000000000005116e                rt_object_init
 .text.rt_object_detach
                0x000000000005120c       0x4c build\kernel\src\object.o
                0x000000000005120c                rt_object_detach
 .text.rt_object_allocate
                0x0000000000051258       0xb6 build\kernel\src\object.o
                0x0000000000051258                rt_object_allocate
 .text.rt_object_delete
                0x000000000005130e       0x76 build\kernel\src\object.o
                0x000000000005130e                rt_object_delete
 .text.rt_object_is_systemobject
                0x0000000000051384       0x2a build\kernel\src\object.o
                0x0000000000051384                rt_object_is_systemobject
 .text.rt_object_get_type
                0x00000000000513ae       0x2c build\kernel\src\object.o
                0x00000000000513ae                rt_object_get_type
 .text.rt_object_find
                0x00000000000513da       0x82 build\kernel\src\object.o
                0x00000000000513da                rt_object_find
 *fill*         0x000000000005145c        0x0 
 .rodata        0x000000000005145c       0x8b build\kernel\src\object.o
 *src*thread.o(.text* .rodata*)
 *fill*         0x00000000000514e7        0x1 
 .text._thread_cleanup_execute
                0x00000000000514e8       0x1e build\kernel\src\thread.o
 .text.rt_thread_exit
                0x0000000000051506       0x5a build\kernel\src\thread.o
                0x0000000000051506                rt_thread_exit
 *fill*         0x0000000000051560        0x0 
 .rodata.str1.4
                0x0000000000051560      0x19f build\kernel\src\thread.o
 *fill*         0x00000000000516ff        0x1 
 .text._rt_thread_init.constprop.0
                0x0000000000051700       0xae build\kernel\src\thread.o
 .text.rt_thread_timeout
                0x00000000000517ae       0x8a build\kernel\src\thread.o
                0x00000000000517ae                rt_thread_timeout
 .text.rt_thread_self
                0x0000000000051838        0x8 build\kernel\src\thread.o
                0x0000000000051838                rt_thread_self
 .text.rt_thread_detach
                0x0000000000051840       0x94 build\kernel\src\thread.o
                0x0000000000051840                rt_thread_detach
 .text.rt_thread_create
                0x00000000000518d4       0x46 build\kernel\src\thread.o
                0x00000000000518d4                rt_thread_create
 .text.rt_thread_delete
                0x000000000005191a       0xac build\kernel\src\thread.o
                0x000000000005191a                rt_thread_delete
 .text.rt_thread_suspend
                0x00000000000519c6       0xb8 build\kernel\src\thread.o
                0x00000000000519c6                rt_thread_suspend
 .text.rt_thread_resume
                0x0000000000051a7e       0x8e build\kernel\src\thread.o
                0x0000000000051a7e                rt_thread_resume
 .text.rt_thread_startup
                0x0000000000051b0c       0x90 build\kernel\src\thread.o
                0x0000000000051b0c                rt_thread_startup
 .text.rt_thread_control
                0x0000000000051b9c       0xc6 build\kernel\src\thread.o
                0x0000000000051b9c                rt_thread_control
 *fill*         0x0000000000051c62        0x2 
 .rodata        0x0000000000051c64       0xd2 build\kernel\src\thread.o
 *src*timer.o(.text* .rodata*)
 .text._rt_timer_remove
                0x0000000000051d36       0x12 build\kernel\src\timer.o
 .rodata.str1.4
                0x0000000000051d48       0xde build\kernel\src\timer.o
 .text.rt_timer_init
                0x0000000000051e26       0x56 build\kernel\src\timer.o
                0x0000000000051e26                rt_timer_init
 .text.rt_timer_detach
                0x0000000000051e7c       0x8a build\kernel\src\timer.o
                0x0000000000051e7c                rt_timer_detach
 .text.rt_timer_start
                0x0000000000051f06      0x126 build\kernel\src\timer.o
                0x0000000000051f06                rt_timer_start
 .text.rt_timer_stop
                0x000000000005202c       0x7c build\kernel\src\timer.o
                0x000000000005202c                rt_timer_stop
 .text.rt_timer_control
                0x00000000000520a8       0xa2 build\kernel\src\timer.o
                0x00000000000520a8                rt_timer_control
 *fill*         0x000000000005214a        0x2 
 .rodata        0x000000000005214c       0x75 build\kernel\src\timer.o
 *src*mempool.o(.text* .rodata*)
 *src*scheduler.o(.text* .rodata*)
 *fill*         0x00000000000521c1        0x3 
 .rodata.str1.4
                0x00000000000521c4       0x51 build\kernel\src\scheduler.o
                                         0x65 (size before relaxing)
 *fill*         0x0000000000052215        0x1 
 .text.rt_schedule_insert_thread
                0x0000000000052216       0x7a build\kernel\src\scheduler.o
                0x0000000000052216                rt_schedule_insert_thread
 .text.rt_schedule_remove_thread
                0x0000000000052290       0x64 build\kernel\src\scheduler.o
                0x0000000000052290                rt_schedule_remove_thread
 .text.rt_schedule
                0x00000000000522f4      0x128 build\kernel\src\scheduler.o
                0x00000000000522f4                rt_schedule
 .text.rt_enter_critical
                0x000000000005241c       0x1c build\kernel\src\scheduler.o
                0x000000000005241c                rt_enter_critical
 .text.rt_exit_critical
                0x0000000000052438       0x3a build\kernel\src\scheduler.o
                0x0000000000052438                rt_exit_critical
 *fill*         0x0000000000052472        0x2 
 .rodata        0x0000000000052474       0x36 build\kernel\src\scheduler.o
 *src*clock.o(.text* .rodata*)
 .text.rt_tick_get
                0x00000000000524aa        0x8 build\kernel\src\clock.o
                0x00000000000524aa                rt_tick_get

.comm           0x0000000000014000     0x1900 load address 0x00000000100026b2
                0x0000000000014000                . = ALIGN (0x4)
 *(.vector*)
 .vector        0x0000000000014000       0xf4 libraries\hal_libraries\bmsis\source\startup.o
                0x00000000000140dc                cpu_irq_comm
 .vector        0x00000000000140f4       0x3a libraries\hal_libraries\ab32vg1_hal\libhal.a(cache.o)
                0x00000000000140f4                load_cache
 *(.irq*)
 .irq.cache     0x000000000001412e       0x70 build\board\board.o
                0x000000000001412e                cache_init
                0x0000000000014158                os_spiflash_lock
                0x000000000001417c                os_spiflash_unlock
 .irq.err       0x000000000001419e        0xa build\board\board.o
                0x000000000001419e                exception_isr
 .irq.err       0x00000000000141a8       0x30 libraries\hal_libraries\ab32vg1_hal\libhal.a(sys_err.o)
                0x00000000000141a8                sys_error_hook
 *fill*         0x00000000000141d8        0x0 
 .irq.err.str   0x00000000000141d8       0x12 libraries\hal_libraries\ab32vg1_hal\libhal.a(sys_err.o)
 *libcpu*cpu*context_gcc.o(.text* .rodata*)
 .text          0x00000000000141ea      0x19c libcpu\cpu\context_gcc.o
                0x00000000000141ea                rt_hw_interrupt_disable
                0x00000000000141f8                rt_hw_interrupt_enable
                0x000000000001420a                rt_hw_context_switch_to
                0x000000000001423e                rt_hw_context_switch
                0x000000000001425e                rt_switch_to_thread
                0x0000000000014284                rt_hw_context_switch_interrupt
                0x00000000000142aa                rt_soft_isr
                0x00000000000142b2                low_prio_irq
 *libcpu*cpu*interrupt.o(.text* .rodata*)
 .text.cpu_irq_comm_do
                0x0000000000014386       0x34 libcpu\cpu\interrupt.o
                0x0000000000014386                cpu_irq_comm_do
 *hal_libraries*ab32vg1_hal**.o(.text* .rodata*)
 *save-restore.o(.text* .rodata*)
 *save_restore.o(.text* .rodata*)
 .text          0x00000000000143ba      0x128 libraries\hal_libraries\ab32vg1_hal\libhal.a(save_restore.o)
                0x00000000000143ba                __riscv_save_12
                0x00000000000143da                __riscv_save_11
                0x00000000000143f6                __riscv_save_10
                0x0000000000014412                __riscv_save_9
                0x000000000001442c                __riscv_save_8
                0x0000000000014444                __riscv_save_7
                0x0000000000014458                __riscv_save_6
                0x000000000001446a                __riscv_save_5
                0x000000000001447a                __riscv_save_4
                0x0000000000014488                __riscv_save_3
                0x0000000000014494                __riscv_save_2
                0x000000000001449e                __riscv_save_1
                0x00000000000144a6                __riscv_save_0
                0x00000000000144ac                __riscv_restore_12
                0x00000000000144b0                __riscv_restore_11
                0x00000000000144b4                __riscv_restore_10
                0x00000000000144b8                __riscv_restore_9
                0x00000000000144bc                __riscv_restore_8
                0x00000000000144c0                __riscv_restore_7
                0x00000000000144c4                __riscv_restore_6
                0x00000000000144c8                __riscv_restore_5
                0x00000000000144cc                __riscv_restore_4
                0x00000000000144d0                __riscv_restore_3
                0x00000000000144d4                __riscv_restore_2
                0x00000000000144d8                __riscv_restore_1
                0x00000000000144dc                __riscv_restore_0
                0x00000000000144e2                _gp
 *(.text.unlikely)
 *(.text.startup)
 *src*kservice.o(.text* .rodata*)
 .text.print_number
                0x00000000000144e2      0x196 build\kernel\src\kservice.o
 .text.rt_set_errno
                0x0000000000014678       0x1e build\kernel\src\kservice.o
                0x0000000000014678                rt_set_errno
 .text._rt_errno
                0x0000000000014696       0x1e build\kernel\src\kservice.o
                0x0000000000014696                _rt_errno
 .text.rt_memset
                0x00000000000146b4       0x84 build\kernel\src\kservice.o
                0x00000000000146b4                rt_memset
 .text.rt_memcpy
                0x0000000000014738       0xae build\kernel\src\kservice.o
                0x0000000000014738                rt_memcpy
 .text.rt_memmove
                0x00000000000147e6       0x4a build\kernel\src\kservice.o
                0x00000000000147e6                rt_memmove
 .text.rt_strncpy
                0x0000000000014830       0x26 build\kernel\src\kservice.o
                0x0000000000014830                rt_strncpy
 .text.rt_strncmp
                0x0000000000014856       0x30 build\kernel\src\kservice.o
                0x0000000000014856                rt_strncmp
 .text.rt_strcmp
                0x0000000000014886       0x1a build\kernel\src\kservice.o
                0x0000000000014886                rt_strcmp
 .text.rt_strlen
                0x00000000000148a0       0x12 build\kernel\src\kservice.o
                0x00000000000148a0                rt_strlen
 .text.rt_strdup
                0x00000000000148b2       0x2a build\kernel\src\kservice.o
                0x00000000000148b2                rt_strdup
 .rodata.str1.4
                0x00000000000148dc       0xc7 build\kernel\src\kservice.o
 *fill*         0x00000000000149a3        0x1 
 .text.rt_vsnprintf
                0x00000000000149a4      0x390 build\kernel\src\kservice.o
                0x00000000000149a4                rt_vsnprintf
 .rodata        0x0000000000014d34      0x180 build\kernel\src\kservice.o
                0x0000000000014db4                __lowest_bit_bitmap
 .text.rt_snprintf
                0x0000000000014eb4       0x1a build\kernel\src\kservice.o
                0x0000000000014eb4                rt_snprintf
 .text.rt_vsprintf
                0x0000000000014ece        0x8 build\kernel\src\kservice.o
                0x0000000000014ece                rt_vsprintf
 .text.rt_sprintf
                0x0000000000014ed6       0x1c build\kernel\src\kservice.o
                0x0000000000014ed6                rt_sprintf
 .text.rt_console_get_device
                0x0000000000014ef2        0x8 build\kernel\src\kservice.o
                0x0000000000014ef2                rt_console_get_device
 .text.rt_hw_console_output
                0x0000000000014efa        0x2 build\kernel\src\kservice.o
                0x0000000000014efa                rt_hw_console_output
 .text.rt_kprintf
                0x0000000000014efc       0x74 build\kernel\src\kservice.o
                0x0000000000014efc                rt_kprintf
 .text.rt_show_version
                0x0000000000014f70       0x34 build\kernel\src\kservice.o
                0x0000000000014f70                rt_show_version
 .text.__rt_ffs
                0x0000000000014fa4       0x56 build\kernel\src\kservice.o
                0x0000000000014fa4                __rt_ffs
 .text.rt_assert_handler
                0x0000000000014ffa       0x36 build\kernel\src\kservice.o
                0x0000000000014ffa                rt_assert_handler
 *src*device.o(.text* .rodata*)
 .rodata.str1.4
                0x0000000000015030       0xf4 build\kernel\src\device.o
 .text.rt_device_find
                0x0000000000015124        0x6 build\kernel\src\device.o
                0x0000000000015124                rt_device_find
 .text.rt_device_open
                0x000000000001512a       0xda build\kernel\src\device.o
                0x000000000001512a                rt_device_open
 .text.rt_device_close
                0x0000000000015204       0x6c build\kernel\src\device.o
                0x0000000000015204                rt_device_close
 .text.rt_device_read
                0x0000000000015270       0x64 build\kernel\src\device.o
                0x0000000000015270                rt_device_read
 .text.rt_device_write
                0x00000000000152d4       0x64 build\kernel\src\device.o
                0x00000000000152d4                rt_device_write
 .text.rt_device_control
                0x0000000000015338       0x50 build\kernel\src\device.o
                0x0000000000015338                rt_device_control
 .text.rt_device_set_rx_indicate
                0x0000000000015388       0x42 build\kernel\src\device.o
                0x0000000000015388                rt_device_set_rx_indicate
 *fill*         0x00000000000153ca        0x2 
 .rodata        0x00000000000153cc       0xc6 build\kernel\src\device.o
 *hal_drivers**.o(.rodata*)
 *audio*drv_sound.o(.rodata*)
 *libcpu**.o(.rodata*)
 *system_ab32vgx.o(.rodata*)
 EXCLUDE_FILE(*drv_wdt.o *drv_sdio.o *msh_file.o *cmd.o *drivers*sdio**.o *components.o *dfs**.o *src*memheap.o *src*mem.o *cp-demangle.o *cp-demangle.o *lib_a**.o) *(.rodata.str1.4*)
 *fill*         0x0000000000015492        0x2 
 .rodata.str1.4
                0x0000000000015494       0x24 build\board\board.o
 .rodata.str1.4
                0x00000000000154b8       0x37 build\kernel\components\drivers\misc\pin.o
 *fill*         0x00000000000154ef        0x1 
 .rodata.str1.4
                0x00000000000154f0       0x6e build\kernel\components\finsh\msh.o
                                         0x78 (size before relaxing)
 *fill*         0x000000000001555e        0x2 
 .rodata.str1.4
                0x0000000000015560       0xbb build\kernel\components\finsh\shell.o
                                         0xc3 (size before relaxing)
 *fill*         0x000000000001561b        0x1 
 .rodata.str1.4
                0x000000000001561c       0xf2 build\kernel\components\finsh\finsh_error.o
 *fill*         0x000000000001570e        0x2 
 .rodata.str1.4
                0x0000000000015710       0x35 build\kernel\components\finsh\finsh_token.o
                                         0x3d (size before relaxing)
 EXCLUDE_FILE(*unwind*.o *lib_a**.o) *(.srodata*)
 *fill*         0x0000000000015745        0x3 
 .srodata       0x0000000000015748        0x8 build\kernel\src\mem.o
 .srodata       0x0000000000015750        0x7 build\kernel\components\dfs\src\dfs.o
 *(.rela*)
 .rela.text.rt_object_allocate
                0x0000000000015757        0x0 build\board\board.o
 .rela.text.rt_object_find
                0x0000000000015757        0x0 build\board\board.o
 .rela.text.rt_device_open
                0x0000000000015757        0x0 build\board\board.o
 .rela.text.rt_memheap_dump
                0x0000000000015757        0x0 build\board\board.o
 .rela.text.memheaptrace
                0x0000000000015757        0x0 build\board\board.o
 .rela.text._rt_thread_init.constprop.0
                0x0000000000015757        0x0 build\board\board.o
 .rela.text.rt_set_errno
                0x0000000000015757        0x0 build\board\board.o
 .rela.text._rt_errno
                0x0000000000015757        0x0 build\board\board.o
 .rela.text.rt_strdup
                0x0000000000015757        0x0 build\board\board.o
 .rela.text.rt_kprintf
                0x0000000000015757        0x0 build\board\board.o
 .rela.text.rt_show_version
                0x0000000000015757        0x0 build\board\board.o
 .rela.text.rt_assert_handler
                0x0000000000015757        0x0 build\board\board.o
 .rela.text.rt_sem_take
                0x0000000000015757        0x0 build\board\board.o
 .rela.text.rt_mutex_create
                0x0000000000015757        0x0 build\board\board.o
 .rela.text.rt_mutex_delete
                0x0000000000015757        0x0 build\board\board.o
 .rela.text.rt_mutex_take
                0x0000000000015757        0x0 build\board\board.o
 .rela.text.rt_mutex_release
                0x0000000000015757        0x0 build\board\board.o
 .rela.text.rt_schedule
                0x0000000000015757        0x0 build\board\board.o
 .rela.text.list_mem
                0x0000000000015757        0x0 build\board\board.o
 .rela.text.rt_malloc
                0x0000000000015757        0x0 build\board\board.o
 .rela.text.rt_calloc
                0x0000000000015757        0x0 build\board\board.o
 .rela.text.rt_free
                0x0000000000015757        0x0 build\board\board.o
 .rela.text.rt_realloc
                0x0000000000015757        0x0 build\board\board.o
 .rela.text.chdir
                0x0000000000015757        0x0 build\board\board.o
 .rela.text.dfs_register
                0x0000000000015757        0x0 build\board\board.o
 .rela.text.dfs_mount
                0x0000000000015757        0x0 build\board\board.o
 .rela.text.dfs_mkfs
                0x0000000000015757        0x0 build\board\board.o
 .rela.text.df  0x0000000000015757        0x0 build\board\board.o
 .rela.text.list_fd
                0x0000000000015757        0x0 build\board\board.o
 .rela.text.dfs_init
                0x0000000000015757        0x0 build\board\board.o
 .rela.text.fd_new
                0x0000000000015757        0x0 build\board\board.o
 .rela.text.cat
                0x0000000000015757        0x0 build\board\board.o
 .rela.text.rm  0x0000000000015757        0x0 build\board\board.o
 .rela.text.copyfile
                0x0000000000015757        0x0 build\board\board.o
 .rela.text.dfs_file_stat
                0x0000000000015757        0x0 build\board\board.o
 .rela.text.ls  0x0000000000015757        0x0 build\board\board.o
 .rela.text.copydir
                0x0000000000015757        0x0 build\board\board.o
 .rela.text.copy
                0x0000000000015757        0x0 build\board\board.o
 .rela.text.dfs_elm_mount
                0x0000000000015757        0x0 build\board\board.o
 .rela.text.dfs_elm_mkfs
                0x0000000000015757        0x0 build\board\board.o
 .rela.text.disk_ioctl
                0x0000000000015757        0x0 build\board\board.o
 .rela.text.get_fattime
                0x0000000000015757        0x0 build\board\board.o
 .rela.text.hello
                0x0000000000015757        0x0 build\board\board.o
 .rela.text.clear
                0x0000000000015757        0x0 build\board\board.o
 .rela.text.show_wait_queue
                0x0000000000015757        0x0 build\board\board.o
 .rela.text.list
                0x0000000000015757        0x0 build\board\board.o
 .rela.text.object_split.constprop.0
                0x0000000000015757        0x0 build\board\board.o
 .rela.text.list_timer
                0x0000000000015757        0x0 build\board\board.o
 .rela.text.list_thread
                0x0000000000015757        0x0 build\board\board.o
 .rela.text.list_sem
                0x0000000000015757        0x0 build\board\board.o
 .rela.text.list_event
                0x0000000000015757        0x0 build\board\board.o
 .rela.text.list_mutex
                0x0000000000015757        0x0 build\board\board.o
 .rela.text.list_mailbox
                0x0000000000015757        0x0 build\board\board.o
 .rela.text.list_msgqueue
                0x0000000000015757        0x0 build\board\board.o
 .rela.text.list_memheap
                0x0000000000015757        0x0 build\board\board.o
 .rela.text.list_mempool
                0x0000000000015757        0x0 build\board\board.o
 .rela.text.list_device
                0x0000000000015757        0x0 build\board\board.o
 .rela.text.list_prefix
                0x0000000000015757        0x0 build\board\board.o
 .rela.text.cmd_pwd
                0x0000000000015757        0x0 build\board\board.o
 .rela.text.directory_delete_for_msh
                0x0000000000015757        0x0 build\board\board.o
 .rela.text.cmd_rm
                0x0000000000015757        0x0 build\board\board.o
 .rela.text.cmd_mkfs
                0x0000000000015757        0x0 build\board\board.o
 .rela.text.cmd_mount
                0x0000000000015757        0x0 build\board\board.o
 .rela.text.cmd_umount
                0x0000000000015757        0x0 build\board\board.o
 .rela.text.cmd_cp
                0x0000000000015757        0x0 build\board\board.o
 .rela.text.cmd_mv
                0x0000000000015757        0x0 build\board\board.o
 .rela.text.cmd_cat
                0x0000000000015757        0x0 build\board\board.o
 .rela.text.cmd_cd
                0x0000000000015757        0x0 build\board\board.o
 .rela.text.cmd_mkdir
                0x0000000000015757        0x0 build\board\board.o
 .rela.text.cmd_df
                0x0000000000015757        0x0 build\board\board.o
 .rela.text.cmd_echo
                0x0000000000015757        0x0 build\board\board.o
 .rela.text.msh_help
                0x0000000000015757        0x0 build\board\board.o
 .rela.text.msh_exec
                0x0000000000015757        0x0 build\board\board.o
 .rela.text.msh_auto_complete_path
                0x0000000000015757        0x0 build\board\board.o
 .rela.text.msh_auto_complete
                0x0000000000015757        0x0 build\board\board.o
 .rela.text.shell_handle_history.isra.0
                0x0000000000015757        0x0 build\board\board.o
 .rela.text.finsh_system_init
                0x0000000000015757        0x0 build\board\board.o
 .rela.text.finsh_set_device
                0x0000000000015757        0x0 build\board\board.o
 .rela.text.finsh_run_line
                0x0000000000015757        0x0 build\board\board.o
 .rela.text.finsh_thread_entry
                0x0000000000015757        0x0 build\board\board.o
 .rela.vector   0x0000000000015757        0x0 build\board\board.o
 *(.data*)
 *fill*         0x0000000000015757        0x1 
 .data          0x0000000000015758       0xa0 build\kernel\src\object.o
 .data          0x00000000000157f8      0x100 build\kernel\components\dfs\src\dfs.o
                0x00000000000157f8                working_directory
 *(.sdata*)
 .sdata         0x00000000000158f8        0x1 build\kernel\src\timer.o
 *fill*         0x00000000000158f9        0x3 
 .sdata         0x00000000000158fc        0x4 build\kernel\components\finsh\msh.o

.bss            0x0000000000011000      0xbc4
                0x0000000000011000                __bss_start = .
 *(COMMON)
 *(.bss)
 .bss           0x0000000000011000       0xa4 build\board\board.o
 .bss           0x00000000000110a4       0x80 build\kernel\src\kservice.o
 *fill*         0x0000000000011124        0x4 
 .bss           0x0000000000011128      0x180 build\kernel\src\timer.o
 .bss           0x00000000000112a8      0x100 build\kernel\src\scheduler.o
                0x00000000000112a8                rt_thread_priority_table
 .bss           0x00000000000113a8       0x20 build\kernel\src\mem.o
 .bss           0x00000000000113c8       0x44 build\kernel\components\dfs\src\dfs.o
                0x00000000000113c8                filesystem_table
 .bss           0x000000000001140c      0x128 build\kernel\components\dfs\src\dfs_file.o
 .bss           0x0000000000011534       0x34 build\kernel\components\drivers\misc\pin.o
 .bss           0x0000000000011568      0x140 build\kernel\components\finsh\finsh_node.o
                0x0000000000011568                global_node_table
 .bss           0x00000000000116a8      0x180 build\kernel\components\finsh\finsh_vm.o
                0x00000000000116a8                finsh_vm_stack
                0x00000000000117a8                text_segment
 .bss           0x0000000000011828       0x81 build\kernel\components\finsh\shell.o
 *fill*         0x00000000000118a9        0x3 
 .bss           0x00000000000118ac       0xc0 build\kernel\components\finsh\finsh_var.o
                0x00000000000118ac                global_variable
 *fill*         0x000000000001196c        0x4 
 .bss           0x0000000000011970       0x80 build\kernel\components\finsh\finsh_heap.o
                0x0000000000011970                finsh_heap
 .bss           0x00000000000119f0       0x61 build\kernel\components\libc\compilers\common\time.o
 *fill*         0x0000000000011a51        0x3 
 .bss           0x0000000000011a54       0x5c libcpu\cpu\interrupt.o
                0x0000000000011a54                tbl_irq_vector
 *(.sbss)
 .sbss          0x0000000000011ab0       0x14 build\kernel\src\object.o
                0x0000000000011ab0                rt_object_put_hook
                0x0000000000011ab4                rt_object_take_hook
                0x0000000000011ab8                rt_object_trytake_hook
 .sbss          0x0000000000011ac4        0xc build\kernel\src\thread.o
 .sbss          0x0000000000011ad0        0xc build\kernel\src\kservice.o
                0x0000000000011ad0                rt_assert_hook
 .sbss          0x0000000000011adc        0xc build\kernel\src\irq.o
                0x0000000000011adc                rt_interrupt_nest
 .sbss          0x0000000000011ae8       0x1c build\kernel\src\timer.o
 .sbss          0x0000000000011b04       0x1c build\kernel\src\scheduler.o
                0x0000000000011b08                rt_thread_defunct
                0x0000000000011b10                rt_current_priority
                0x0000000000011b14                rt_current_thread
                0x0000000000011b1c                rt_thread_ready_priority_group
 .sbss          0x0000000000011b20        0x4 build\kernel\src\clock.o
 .sbss          0x0000000000011b24       0x20 build\kernel\src\mem.o
 .sbss          0x0000000000011b44       0x14 build\kernel\components\dfs\src\dfs.o
                0x0000000000011b50                filesystem_operation_table
 .sbss          0x0000000000011b58        0x8 build\kernel\components\dfs\filesystems\elmfat\dfs_elm.o
 .sbss          0x0000000000011b60        0xc build\kernel\components\dfs\filesystems\elmfat\ff.o
 .sbss          0x0000000000011b6c        0x4 build\kernel\components\finsh\cmd.o
 .sbss          0x0000000000011b70        0xc build\kernel\components\finsh\finsh_vm.o
                0x0000000000011b70                global_syscall_list
                0x0000000000011b74                finsh_pc
                0x0000000000011b78                finsh_sp
 .sbss          0x0000000000011b7c       0x18 build\kernel\components\finsh\shell.o
                0x0000000000011b80                shell
                0x0000000000011b84                _sysvar_table_end
                0x0000000000011b88                _sysvar_table_begin
                0x0000000000011b8c                _syscall_table_end
                0x0000000000011b90                _syscall_table_begin
 .sbss          0x0000000000011b94        0x4 build\kernel\components\finsh\finsh_var.o
                0x0000000000011b94                global_sysvar_list
 .sbss          0x0000000000011b98        0x8 build\kernel\components\finsh\finsh_compiler.o
                0x0000000000011b98                finsh_compile_pc
                0x0000000000011b9c                finsh_compile_sp
 .sbss          0x0000000000011ba0        0x8 build\kernel\components\finsh\finsh_heap.o
 .sbss          0x0000000000011ba8        0x1 build\kernel\components\finsh\finsh_error.o
                0x0000000000011ba8                global_errno
 *fill*         0x0000000000011ba9        0x3 
 .sbss          0x0000000000011bac        0x8 libcpu\cpu\interrupt.o
                0x0000000000011bac                cpu_irq_comm_hook
                0x0000000000011bb0                irq_mask
 .sbss          0x0000000000011bb4       0x10 libcpu\cpu\cpuport.o
                0x0000000000011bb4                rt_cur_thread_sp
                0x0000000000011bb8                rt_thread_switch_interrupt_flag
                0x0000000000011bbc                rt_interrupt_to_thread
                0x0000000000011bc0                rt_interrupt_from_thread
 *(.buf*)
                0x0000000000011bc4                __bss_end = .
                0x0000000000000bc4                __bss_size = (__bss_end - __bss_start)

.stack          0x0000000000013000     0x1000
                0x0000000000013000                __irq_stack_start = .
                0x0000000000001000                . = __stack_ram_size
 *fill*         0x0000000000013000     0x1000 
                0x0000000000014000                __irq_stack = .
                0x0000000000001000                __irq_stack_size = (__irq_stack - __irq_stack_start)

.heap           0x0000000000028c00     0x7400
                0x0000000000028c00                __heap_start = .
                0x0000000000007400                . = __heap_ram_size
 *fill*         0x0000000000028c00     0x7400 
                0x0000000000030000                __heap_end = .

.flash          0x0000000010003fb4     0xe84c
                0x0000000010003fb4                . = ALIGN (0x4)
                0x0000000010003fb4                __fsymtab_start = .
 *(FSymTab)
 FSymTab        0x0000000010003fb4        0xc build\kernel\src\memheap.o
                0x0000000010003fb4                __fsym___cmd_memheaptrace
 FSymTab        0x0000000010003fc0        0xc build\kernel\src\mem.o
                0x0000000010003fc0                __fsym_list_mem
 FSymTab        0x0000000010003fcc       0x18 build\kernel\components\dfs\src\dfs_posix.o
                0x0000000010003fcc                __fsym_cd
                0x0000000010003fd8                __fsym_mkdir
 FSymTab        0x0000000010003fe4       0x18 build\kernel\components\dfs\src\dfs_fs.o
                0x0000000010003fe4                __fsym_df
                0x0000000010003ff0                __fsym_mkfs
 FSymTab        0x0000000010003ffc        0xc build\kernel\components\dfs\src\dfs.o
                0x0000000010003ffc                __fsym___cmd_list_fd
 FSymTab        0x0000000010004008       0x30 build\kernel\components\dfs\src\dfs_file.o
                0x0000000010004008                __fsym_copy
                0x0000000010004014                __fsym_cat
                0x0000000010004020                __fsym_rm
                0x000000001000402c                __fsym_ls
 FSymTab        0x0000000010004038       0x30 build\kernel\components\drivers\misc\pin.o
                0x0000000010004038                __fsym_pinGet
                0x0000000010004044                __fsym_pinRead
                0x0000000010004050                __fsym_pinWrite
                0x000000001000405c                __fsym_pinMode
 FSymTab        0x0000000010004068      0x138 build\kernel\components\finsh\cmd.o
                0x0000000010004068                __fsym_list
                0x0000000010004074                __fsym___cmd_list_device
                0x0000000010004080                __fsym_list_device
                0x000000001000408c                __fsym___cmd_list_timer
                0x0000000010004098                __fsym_list_timer
                0x00000000100040a4                __fsym___cmd_list_mempool
                0x00000000100040b0                __fsym_list_mempool
                0x00000000100040bc                __fsym___cmd_list_memheap
                0x00000000100040c8                __fsym_list_memheap
                0x00000000100040d4                __fsym___cmd_list_msgqueue
                0x00000000100040e0                __fsym_list_msgqueue
                0x00000000100040ec                __fsym___cmd_list_mailbox
                0x00000000100040f8                __fsym_list_mailbox
                0x0000000010004104                __fsym___cmd_list_mutex
                0x0000000010004110                __fsym_list_mutex
                0x000000001000411c                __fsym___cmd_list_event
                0x0000000010004128                __fsym_list_event
                0x0000000010004134                __fsym___cmd_list_sem
                0x0000000010004140                __fsym_list_sem
                0x000000001000414c                __fsym___cmd_list_thread
                0x0000000010004158                __fsym_list_thread
                0x0000000010004164                __fsym___cmd_version
                0x0000000010004170                __fsym_version
                0x000000001000417c                __fsym___cmd_clear
                0x0000000010004188                __fsym_clear
                0x0000000010004194                __fsym_hello
 FSymTab        0x00000000100041a0       0x9c build\kernel\components\finsh\msh_file.o
                0x00000000100041a0                __fsym___cmd_echo
                0x00000000100041ac                __fsym___cmd_df
                0x00000000100041b8                __fsym___cmd_umount
                0x00000000100041c4                __fsym___cmd_mount
                0x00000000100041d0                __fsym___cmd_mkfs
                0x00000000100041dc                __fsym___cmd_mkdir
                0x00000000100041e8                __fsym___cmd_pwd
                0x00000000100041f4                __fsym___cmd_cd
                0x0000000010004200                __fsym___cmd_rm
                0x000000001000420c                __fsym___cmd_cat
                0x0000000010004218                __fsym___cmd_mv
                0x0000000010004224                __fsym___cmd_cp
                0x0000000010004230                __fsym___cmd_ls
 FSymTab        0x000000001000423c       0x3c build\kernel\components\finsh\msh.o
                0x000000001000423c                __fsym___cmd_free
                0x0000000010004248                __fsym___cmd_ps
                0x0000000010004254                __fsym___cmd_help
                0x0000000010004260                __fsym_msh
                0x000000001000426c                __fsym___cmd_exit
                0x0000000010004278                __fsymtab_end = .
                0x0000000010004278                . = ALIGN (0x4)
                0x0000000010004278                __vsymtab_start = .
 *(VSymTab)
 VSymTab        0x0000000010004278       0x10 build\kernel\components\finsh\cmd.o
                0x0000000010004278                __vsym_dummy
                0x0000000010004288                __vsymtab_end = .
                0x0000000010004288                . = ALIGN (0x4)
 *(.text*)
 .text.__errno  0x0000000010004288        0x8 build\board\board.o
                0x0000000010004288                __errno
 .text.strrchr  0x0000000010004290       0x1a build\board\board.o
                0x0000000010004290                strrchr
 .text.rt_memheap_dump
                0x00000000100042aa      0x14a build\kernel\src\memheap.o
                0x00000000100042aa                rt_memheap_dump
 .text.memheaptrace
                0x00000000100043f4       0x68 build\kernel\src\memheap.o
                0x00000000100043f4                memheaptrace
 .text.rti_start
                0x000000001000445c        0x4 build\kernel\src\components.o
 .text.rti_end  0x0000000010004460        0x4 build\kernel\src\components.o
 .text.rti_board_start
                0x0000000010004464        0x4 build\kernel\src\components.o
 .text.rti_board_end
                0x0000000010004468        0x4 build\kernel\src\components.o
 .text.list_mem
                0x000000001000446c       0x52 build\kernel\src\mem.o
                0x000000001000446c                list_mem
 .text.plug_holes
                0x00000000100044be       0xe2 build\kernel\src\mem.o
 .text.rt_malloc
                0x00000000100045a0      0x212 build\kernel\src\mem.o
                0x00000000100045a0                rt_malloc
 .text.rt_calloc
                0x00000000100047b2       0x30 build\kernel\src\mem.o
                0x00000000100047b2                rt_calloc
 .text.rt_free  0x00000000100047e2      0x1b0 build\kernel\src\mem.o
                0x00000000100047e2                rt_free
 .text.rt_realloc
                0x0000000010004992      0x14e build\kernel\src\mem.o
                0x0000000010004992                rt_realloc
 .text.mkdir    0x0000000010004ae0       0x72 build\kernel\components\dfs\src\dfs_posix.o
                0x0000000010004ae0                mkdir
 .text.open     0x0000000010004b52       0x70 build\kernel\components\dfs\src\dfs_posix.o
                0x0000000010004b52                open
 .text.close    0x0000000010004bc2       0x42 build\kernel\components\dfs\src\dfs_posix.o
                0x0000000010004bc2                close
 .text.read     0x0000000010004c04       0x4c build\kernel\components\dfs\src\dfs_posix.o
                0x0000000010004c04                read
 .text.write    0x0000000010004c50       0x4c build\kernel\components\dfs\src\dfs_posix.o
                0x0000000010004c50                write
 .text.rename   0x0000000010004c9c       0x26 build\kernel\components\dfs\src\dfs_posix.o
                0x0000000010004c9c                rename
 .text.unlink   0x0000000010004cc2       0x26 build\kernel\components\dfs\src\dfs_posix.o
                0x0000000010004cc2                unlink
 .text.stat     0x0000000010004ce8       0x26 build\kernel\components\dfs\src\dfs_posix.o
                0x0000000010004ce8                stat
 .text.opendir  0x0000000010004d0e       0x86 build\kernel\components\dfs\src\dfs_posix.o
                0x0000000010004d0e                opendir
 .text.readdir  0x0000000010004d94       0x86 build\kernel\components\dfs\src\dfs_posix.o
                0x0000000010004d94                readdir
 .text.rewinddir
                0x0000000010004e1a       0x40 build\kernel\components\dfs\src\dfs_posix.o
                0x0000000010004e1a                rewinddir
 .text.closedir
                0x0000000010004e5a       0x48 build\kernel\components\dfs\src\dfs_posix.o
                0x0000000010004e5a                closedir
 .text.chdir    0x0000000010004ea2       0x96 build\kernel\components\dfs\src\dfs_posix.o
                0x0000000010004ea2                chdir
 .text.getcwd   0x0000000010004f38       0x34 build\kernel\components\dfs\src\dfs_posix.o
                0x0000000010004f38                getcwd
 .text.dfs_register
                0x0000000010004f6c       0xa8 build\kernel\components\dfs\src\dfs_fs.o
                0x0000000010004f6c                dfs_register
 .text.dfs_filesystem_lookup
                0x0000000010005014       0xa2 build\kernel\components\dfs\src\dfs_fs.o
                0x0000000010005014                dfs_filesystem_lookup
 .text.dfs_mount
                0x00000000100050b6      0x1c2 build\kernel\components\dfs\src\dfs_fs.o
                0x00000000100050b6                dfs_mount
 .text.dfs_unmount
                0x0000000010005278       0xa8 build\kernel\components\dfs\src\dfs_fs.o
                0x0000000010005278                dfs_unmount
 .text.dfs_mkfs
                0x0000000010005320      0x108 build\kernel\components\dfs\src\dfs_fs.o
                0x0000000010005320                dfs_mkfs
 .text.mkfs     0x0000000010005428        0x2 build\kernel\components\dfs\src\dfs_fs.o
                0x0000000010005428                mkfs
 .text.dfs_statfs
                0x000000001000542a       0x2c build\kernel\components\dfs\src\dfs_fs.o
                0x000000001000542a                dfs_statfs
 .text.df       0x0000000010005456       0xe0 build\kernel\components\dfs\src\dfs_fs.o
                0x0000000010005456                df
 .text.list_fd  0x0000000010005536      0x138 build\kernel\components\dfs\src\dfs.o
                0x0000000010005536                list_fd
 .text.dfs_init
                0x000000001000566e       0xba build\kernel\components\dfs\src\dfs.o
                0x000000001000566e                dfs_init
 .text.dfs_lock
                0x0000000010005728       0x46 build\kernel\components\dfs\src\dfs.o
                0x0000000010005728                dfs_lock
 .text.dfs_unlock
                0x000000001000576e        0xe build\kernel\components\dfs\src\dfs.o
                0x000000001000576e                dfs_unlock
 .text.fd_new   0x000000001000577c      0x102 build\kernel\components\dfs\src\dfs.o
                0x000000001000577c                fd_new
 .text.fd_get   0x000000001000587e       0x54 build\kernel\components\dfs\src\dfs.o
                0x000000001000587e                fd_get
 .text.fd_put   0x00000000100058d2       0x6c build\kernel\components\dfs\src\dfs.o
                0x00000000100058d2                fd_put
 .text.dfs_subdir
                0x000000001000593e       0x44 build\kernel\components\dfs\src\dfs.o
                0x000000001000593e                dfs_subdir
 .text.dfs_normalize_path
                0x0000000010005982      0x17c build\kernel\components\dfs\src\dfs.o
                0x0000000010005982                dfs_normalize_path
 .text.fd_is_open
                0x0000000010005afe       0x9c build\kernel\components\dfs\src\dfs.o
                0x0000000010005afe                fd_is_open
 .text.dfs_file_open
                0x0000000010005b9a       0xd4 build\kernel\components\dfs\src\dfs_file.o
                0x0000000010005b9a                dfs_file_open
 .text.dfs_file_close
                0x0000000010005c6e       0x34 build\kernel\components\dfs\src\dfs_file.o
                0x0000000010005c6e                dfs_file_close
 .text.dfs_file_read
                0x0000000010005ca2       0x38 build\kernel\components\dfs\src\dfs_file.o
                0x0000000010005ca2                dfs_file_read
 .text.cat      0x0000000010005cda       0x86 build\kernel\components\dfs\src\dfs_file.o
                0x0000000010005cda                cat
 .text.dfs_file_getdents
                0x0000000010005d60       0x20 build\kernel\components\dfs\src\dfs_file.o
                0x0000000010005d60                dfs_file_getdents
 .text.dfs_file_unlink
                0x0000000010005d80       0x76 build\kernel\components\dfs\src\dfs_file.o
                0x0000000010005d80                dfs_file_unlink
 .text.rm       0x0000000010005df6       0x2e build\kernel\components\dfs\src\dfs_file.o
                0x0000000010005df6                rm
 .text.dfs_file_write
                0x0000000010005e24       0x14 build\kernel\components\dfs\src\dfs_file.o
                0x0000000010005e24                dfs_file_write
 .text.copyfile
                0x0000000010005e38       0xc4 build\kernel\components\dfs\src\dfs_file.o
 .text.dfs_file_lseek
                0x0000000010005efc       0x30 build\kernel\components\dfs\src\dfs_file.o
                0x0000000010005efc                dfs_file_lseek
 .text.dfs_file_stat
                0x0000000010005f2c      0x114 build\kernel\components\dfs\src\dfs_file.o
                0x0000000010005f2c                dfs_file_stat
 .text.ls       0x0000000010006040      0x11e build\kernel\components\dfs\src\dfs_file.o
                0x0000000010006040                ls
 .text.copydir  0x000000001000615e      0x134 build\kernel\components\dfs\src\dfs_file.o
 .text.copy     0x0000000010006292      0x11a build\kernel\components\dfs\src\dfs_file.o
                0x0000000010006292                copy
 .text.dfs_file_rename
                0x00000000100063ac       0x8e build\kernel\components\dfs\src\dfs_file.o
                0x00000000100063ac                dfs_file_rename
 .text.dfs_device_fs_mount
                0x000000001000643a        0x4 build\kernel\components\dfs\filesystems\devfs\devfs.o
                0x000000001000643a                dfs_device_fs_mount
 .text.dfs_device_fs_poll
                0x000000001000643e        0x4 build\kernel\components\dfs\filesystems\devfs\devfs.o
 .text.dfs_device_fs_ioctl
                0x0000000010006442       0x62 build\kernel\components\dfs\filesystems\devfs\devfs.o
                0x0000000010006442                dfs_device_fs_ioctl
 .text.dfs_device_fs_read
                0x00000000100064a4       0x6e build\kernel\components\dfs\filesystems\devfs\devfs.o
                0x00000000100064a4                dfs_device_fs_read
 .text.dfs_device_fs_write
                0x0000000010006512       0x6e build\kernel\components\dfs\filesystems\devfs\devfs.o
                0x0000000010006512                dfs_device_fs_write
 .text.dfs_device_fs_close
                0x0000000010006580       0x96 build\kernel\components\dfs\filesystems\devfs\devfs.o
                0x0000000010006580                dfs_device_fs_close
 .text.dfs_device_fs_stat
                0x0000000010006616       0x7c build\kernel\components\dfs\filesystems\devfs\devfs.o
                0x0000000010006616                dfs_device_fs_stat
 .text.dfs_device_fs_open
                0x0000000010006692       0xe8 build\kernel\components\dfs\filesystems\devfs\devfs.o
                0x0000000010006692                dfs_device_fs_open
 .text.dfs_device_fs_getdents
                0x000000001000677a       0x94 build\kernel\components\dfs\filesystems\devfs\devfs.o
                0x000000001000677a                dfs_device_fs_getdents
 .text.devfs_init
                0x000000001000680e       0x1e build\kernel\components\dfs\filesystems\devfs\devfs.o
                0x000000001000680e                devfs_init
 .text.elm_result_to_dfs
                0x000000001000682c       0x1a build\kernel\components\dfs\filesystems\elmfat\dfs_elm.o
 .text.get_disk
                0x0000000010006846       0x1e build\kernel\components\dfs\filesystems\elmfat\dfs_elm.o
 .text.dfs_elm_mount
                0x0000000010006864      0x10a build\kernel\components\dfs\filesystems\elmfat\dfs_elm.o
                0x0000000010006864                dfs_elm_mount
 .text.dfs_elm_unmount
                0x000000001000696e       0x88 build\kernel\components\dfs\filesystems\elmfat\dfs_elm.o
                0x000000001000696e                dfs_elm_unmount
 .text.dfs_elm_mkfs
                0x00000000100069f6      0x12c build\kernel\components\dfs\filesystems\elmfat\dfs_elm.o
                0x00000000100069f6                dfs_elm_mkfs
 .text.dfs_elm_statfs
                0x0000000010006b22       0xa2 build\kernel\components\dfs\filesystems\elmfat\dfs_elm.o
                0x0000000010006b22                dfs_elm_statfs
 .text.dfs_elm_open
                0x0000000010006bc4      0x128 build\kernel\components\dfs\filesystems\elmfat\dfs_elm.o
                0x0000000010006bc4                dfs_elm_open
 .text.dfs_elm_close
                0x0000000010006cec       0x7e build\kernel\components\dfs\filesystems\elmfat\dfs_elm.o
                0x0000000010006cec                dfs_elm_close
 .text.dfs_elm_ioctl
                0x0000000010006d6a       0x64 build\kernel\components\dfs\filesystems\elmfat\dfs_elm.o
                0x0000000010006d6a                dfs_elm_ioctl
 .text.dfs_elm_read
                0x0000000010006dce       0x62 build\kernel\components\dfs\filesystems\elmfat\dfs_elm.o
                0x0000000010006dce                dfs_elm_read
 .text.dfs_elm_write
                0x0000000010006e30       0x66 build\kernel\components\dfs\filesystems\elmfat\dfs_elm.o
                0x0000000010006e30                dfs_elm_write
 .text.dfs_elm_flush
                0x0000000010006e96       0x3a build\kernel\components\dfs\filesystems\elmfat\dfs_elm.o
                0x0000000010006e96                dfs_elm_flush
 .text.dfs_elm_lseek
                0x0000000010006ed0       0x94 build\kernel\components\dfs\filesystems\elmfat\dfs_elm.o
                0x0000000010006ed0                dfs_elm_lseek
 .text.dfs_elm_getdents
                0x0000000010006f64       0xd6 build\kernel\components\dfs\filesystems\elmfat\dfs_elm.o
                0x0000000010006f64                dfs_elm_getdents
 .text.dfs_elm_unlink
                0x000000001000703a       0x62 build\kernel\components\dfs\filesystems\elmfat\dfs_elm.o
                0x000000001000703a                dfs_elm_unlink
 .text.dfs_elm_rename
                0x000000001000709c       0x66 build\kernel\components\dfs\filesystems\elmfat\dfs_elm.o
                0x000000001000709c                dfs_elm_rename
 .text.dfs_elm_stat
                0x0000000010007102       0xe0 build\kernel\components\dfs\filesystems\elmfat\dfs_elm.o
                0x0000000010007102                dfs_elm_stat
 .text.elm_init
                0x00000000100071e2       0x1e build\kernel\components\dfs\filesystems\elmfat\dfs_elm.o
                0x00000000100071e2                elm_init
 .text.disk_initialize
                0x0000000010007200        0x4 build\kernel\components\dfs\filesystems\elmfat\dfs_elm.o
                0x0000000010007200                disk_initialize
 .text.disk_status
                0x0000000010007204        0x4 build\kernel\components\dfs\filesystems\elmfat\dfs_elm.o
                0x0000000010007204                disk_status
 .text.disk_read
                0x0000000010007208       0x34 build\kernel\components\dfs\filesystems\elmfat\dfs_elm.o
                0x0000000010007208                disk_read
 .text.disk_write
                0x000000001000723c       0x34 build\kernel\components\dfs\filesystems\elmfat\dfs_elm.o
                0x000000001000723c                disk_write
 .text.disk_ioctl
                0x0000000010007270       0xd8 build\kernel\components\dfs\filesystems\elmfat\dfs_elm.o
                0x0000000010007270                disk_ioctl
 .text.get_fattime
                0x0000000010007348       0x6e build\kernel\components\dfs\filesystems\elmfat\dfs_elm.o
                0x0000000010007348                get_fattime
 .text.ff_cre_syncobj
                0x00000000100073b6       0x42 build\kernel\components\dfs\filesystems\elmfat\dfs_elm.o
                0x00000000100073b6                ff_cre_syncobj
 .text.ff_del_syncobj
                0x00000000100073f8       0x20 build\kernel\components\dfs\filesystems\elmfat\dfs_elm.o
                0x00000000100073f8                ff_del_syncobj
 .text.ff_req_grant
                0x0000000010007418       0x20 build\kernel\components\dfs\filesystems\elmfat\dfs_elm.o
                0x0000000010007418                ff_req_grant
 .text.ff_rel_grant
                0x0000000010007438        0x8 build\kernel\components\dfs\filesystems\elmfat\dfs_elm.o
                0x0000000010007438                ff_rel_grant
 .text.ff_memalloc
                0x0000000010007440        0x4 build\kernel\components\dfs\filesystems\elmfat\dfs_elm.o
                0x0000000010007440                ff_memalloc
 .text.ff_memfree
                0x0000000010007444        0x4 build\kernel\components\dfs\filesystems\elmfat\dfs_elm.o
                0x0000000010007444                ff_memfree
 .text.ff_uni2oem
                0x0000000010007448       0x4c build\kernel\components\dfs\filesystems\elmfat\ffunicode.o
                0x0000000010007448                ff_uni2oem
 .text.ff_oem2uni
                0x0000000010007494       0x2e build\kernel\components\dfs\filesystems\elmfat\ffunicode.o
                0x0000000010007494                ff_oem2uni
 .text.ff_wtoupper
                0x00000000100074c2       0xa2 build\kernel\components\dfs\filesystems\elmfat\ffunicode.o
                0x00000000100074c2                ff_wtoupper
 .text.ld_dword
                0x0000000010007564       0x1e build\kernel\components\dfs\filesystems\elmfat\ff.o
 .text.st_dword
                0x0000000010007582       0x1c build\kernel\components\dfs\filesystems\elmfat\ff.o
 .text.mem_set  0x000000001000759e        0xe build\kernel\components\dfs\filesystems\elmfat\ff.o
 .text.clst2sect
                0x00000000100075ac       0x1e build\kernel\components\dfs\filesystems\elmfat\ff.o
 .text.clmt_clust
                0x00000000100075ca       0x24 build\kernel\components\dfs\filesystems\elmfat\ff.o
 .text.st_clust
                0x00000000100075ee       0x28 build\kernel\components\dfs\filesystems\elmfat\ff.o
 .text.sum_sfn  0x0000000010007616       0x22 build\kernel\components\dfs\filesystems\elmfat\ff.o
 .text.get_ldnumber
                0x0000000010007638       0x4a build\kernel\components\dfs\filesystems\elmfat\ff.o
 .text.get_fileinfo
                0x0000000010007682      0x1aa build\kernel\components\dfs\filesystems\elmfat\ff.o
 .text.mem_cpy.part.0
                0x000000001000782c       0x1a build\kernel\components\dfs\filesystems\elmfat\ff.o
 .text.sync_window
                0x0000000010007846       0x66 build\kernel\components\dfs\filesystems\elmfat\ff.o
 .text.move_window
                0x00000000100078ac       0x3a build\kernel\components\dfs\filesystems\elmfat\ff.o
 .text.check_fs
                0x00000000100078e6       0xde build\kernel\components\dfs\filesystems\elmfat\ff.o
 .text.put_fat  0x00000000100079c4      0x126 build\kernel\components\dfs\filesystems\elmfat\ff.o
 .text.unlock_fs
                0x0000000010007aea       0x1a build\kernel\components\dfs\filesystems\elmfat\ff.o
 .text.dir_clear
                0x0000000010007b04       0xbc build\kernel\components\dfs\filesystems\elmfat\ff.o
 .text.sync_fs  0x0000000010007bc0       0xb6 build\kernel\components\dfs\filesystems\elmfat\ff.o
 .text.ld_clust.isra.0
                0x0000000010007c76       0x26 build\kernel\components\dfs\filesystems\elmfat\ff.o
 .text.get_fat.isra.0
                0x0000000010007c9c       0xd6 build\kernel\components\dfs\filesystems\elmfat\ff.o
 .text.remove_chain.isra.0
                0x0000000010007d72       0x82 build\kernel\components\dfs\filesystems\elmfat\ff.o
 .text.create_chain.isra.0
                0x0000000010007df4       0xf2 build\kernel\components\dfs\filesystems\elmfat\ff.o
 .text.dir_next
                0x0000000010007ee6       0xc6 build\kernel\components\dfs\filesystems\elmfat\ff.o
 .text.dir_read.constprop.0
                0x0000000010007fac      0x150 build\kernel\components\dfs\filesystems\elmfat\ff.o
 .text.dir_sdi  0x00000000100080fc       0xb4 build\kernel\components\dfs\filesystems\elmfat\ff.o
 .text.dir_remove
                0x00000000100081b0       0x56 build\kernel\components\dfs\filesystems\elmfat\ff.o
 .text.mount_volume
                0x0000000010008206      0x2d0 build\kernel\components\dfs\filesystems\elmfat\ff.o
 .text.validate
                0x00000000100084d6       0x62 build\kernel\components\dfs\filesystems\elmfat\ff.o
 .text.dir_find
                0x0000000010008538      0x1ac build\kernel\components\dfs\filesystems\elmfat\ff.o
 .text.follow_path
                0x00000000100086e4      0x318 build\kernel\components\dfs\filesystems\elmfat\ff.o
 .text.dir_register
                0x00000000100089fc      0x2aa build\kernel\components\dfs\filesystems\elmfat\ff.o
 .text.f_mount  0x0000000010008ca6       0x8e build\kernel\components\dfs\filesystems\elmfat\ff.o
                0x0000000010008ca6                f_mount
 .text.f_open   0x0000000010008d34      0x224 build\kernel\components\dfs\filesystems\elmfat\ff.o
                0x0000000010008d34                f_open
 .text.f_read   0x0000000010008f58      0x1be build\kernel\components\dfs\filesystems\elmfat\ff.o
                0x0000000010008f58                f_read
 .text.f_write  0x0000000010009116      0x202 build\kernel\components\dfs\filesystems\elmfat\ff.o
                0x0000000010009116                f_write
 .text.f_sync   0x0000000010009318       0xc8 build\kernel\components\dfs\filesystems\elmfat\ff.o
                0x0000000010009318                f_sync
 .text.f_close  0x00000000100093e0       0x38 build\kernel\components\dfs\filesystems\elmfat\ff.o
                0x00000000100093e0                f_close
 .text.f_lseek  0x0000000010009418      0x286 build\kernel\components\dfs\filesystems\elmfat\ff.o
                0x0000000010009418                f_lseek
 .text.f_opendir
                0x000000001000969e       0xac build\kernel\components\dfs\filesystems\elmfat\ff.o
                0x000000001000969e                f_opendir
 .text.f_readdir
                0x000000001000974a       0x88 build\kernel\components\dfs\filesystems\elmfat\ff.o
                0x000000001000974a                f_readdir
 .text.f_seekdir
                0x00000000100097d2       0x42 build\kernel\components\dfs\filesystems\elmfat\ff.o
                0x00000000100097d2                f_seekdir
 .text.f_stat   0x0000000010009814       0x7a build\kernel\components\dfs\filesystems\elmfat\ff.o
                0x0000000010009814                f_stat
 .text.f_getfree
                0x000000001000988e      0x102 build\kernel\components\dfs\filesystems\elmfat\ff.o
                0x000000001000988e                f_getfree
 .text.f_truncate
                0x0000000010009990       0xe0 build\kernel\components\dfs\filesystems\elmfat\ff.o
                0x0000000010009990                f_truncate
 .text.f_unlink
                0x0000000010009a70       0xd6 build\kernel\components\dfs\filesystems\elmfat\ff.o
                0x0000000010009a70                f_unlink
 .text.f_mkdir  0x0000000010009b46      0x146 build\kernel\components\dfs\filesystems\elmfat\ff.o
                0x0000000010009b46                f_mkdir
 .text.f_rename
                0x0000000010009c8c      0x154 build\kernel\components\dfs\filesystems\elmfat\ff.o
                0x0000000010009c8c                f_rename
 .text.f_mkfs   0x0000000010009de0      0x734 build\kernel\components\dfs\filesystems\elmfat\ff.o
                0x0000000010009de0                f_mkfs
 .text.elm_get_vol
                0x000000001000a514       0x1e build\kernel\components\dfs\filesystems\elmfat\ff.o
                0x000000001000a514                elm_get_vol
 .text.finsh_node_init
                0x000000001000a532       0x26 build\kernel\components\finsh\finsh_node.o
                0x000000001000a532                finsh_node_init
 .text.finsh_node_allocate
                0x000000001000a558       0x32 build\kernel\components\finsh\finsh_node.o
                0x000000001000a558                finsh_node_allocate
 .text.finsh_node_new_id
                0x000000001000a58a       0x6a build\kernel\components\finsh\finsh_node.o
                0x000000001000a58a                finsh_node_new_id
 .text.finsh_node_new_char
                0x000000001000a5f4       0x2a build\kernel\components\finsh\finsh_node.o
                0x000000001000a5f4                finsh_node_new_char
 .text.finsh_node_new_int
                0x000000001000a61e       0x28 build\kernel\components\finsh\finsh_node.o
                0x000000001000a61e                finsh_node_new_int
 .text.finsh_node_new_long
                0x000000001000a646       0x28 build\kernel\components\finsh\finsh_node.o
                0x000000001000a646                finsh_node_new_long
 .text.finsh_node_new_string
                0x000000001000a66e       0x64 build\kernel\components\finsh\finsh_node.o
                0x000000001000a66e                finsh_node_new_string
 .text.finsh_node_new_ptr
                0x000000001000a6d2       0x28 build\kernel\components\finsh\finsh_node.o
                0x000000001000a6d2                finsh_node_new_ptr
 .text.proc_type
                0x000000001000a6fa       0xb2 build\kernel\components\finsh\finsh_parser.o
 .text.proc_identifier
                0x000000001000a7ac       0x3e build\kernel\components\finsh\finsh_parser.o
 .text.make_sys_node
                0x000000001000a7ea       0x2e build\kernel\components\finsh\finsh_parser.o
 .text.proc_assign_expr
                0x000000001000a818       0x72 build\kernel\components\finsh\finsh_parser.o
 .text.proc_expr_statement
                0x000000001000a88a       0x48 build\kernel\components\finsh\finsh_parser.o
 .text.proc_cast_expr
                0x000000001000a8d2      0x208 build\kernel\components\finsh\finsh_parser.o
 .text.proc_multiplicative_expr
                0x000000001000aada       0x7c build\kernel\components\finsh\finsh_parser.o
 .text.proc_additive_expr
                0x000000001000ab56       0x6c build\kernel\components\finsh\finsh_parser.o
 .text.proc_shift_expr
                0x000000001000abc2       0x62 build\kernel\components\finsh\finsh_parser.o
 .text.proc_and_expr
                0x000000001000ac24       0x54 build\kernel\components\finsh\finsh_parser.o
 .text.proc_exclusive_or_expr
                0x000000001000ac78       0x54 build\kernel\components\finsh\finsh_parser.o
 .text.proc_variable_decl
                0x000000001000accc      0x1c0 build\kernel\components\finsh\finsh_parser.o
 .text.finsh_parser_run
                0x000000001000ae8c       0x96 build\kernel\components\finsh\finsh_parser.o
                0x000000001000ae8c                finsh_parser_run
 .text.finsh_parser_init
                0x000000001000af22       0x20 build\kernel\components\finsh\finsh_parser.o
                0x000000001000af22                finsh_parser_init
 .text.rt_list_len
                0x000000001000af42       0x12 build\kernel\components\finsh\cmd.o
 .text.str_is_prefix
                0x000000001000af54       0x1c build\kernel\components\finsh\cmd.o
 .text.str_common
                0x000000001000af70       0x1e build\kernel\components\finsh\cmd.o
 .text.hello    0x000000001000af8e       0x22 build\kernel\components\finsh\cmd.o
                0x000000001000af8e                hello
 .text.clear    0x000000001000afb0       0x22 build\kernel\components\finsh\cmd.o
 .text.show_wait_queue
                0x000000001000afd2       0x46 build\kernel\components\finsh\cmd.o
 .text.version  0x000000001000b018       0x1a build\kernel\components\finsh\cmd.o
                0x000000001000b018                version
 .text.list     0x000000001000b032       0xd6 build\kernel\components\finsh\cmd.o
                0x000000001000b032                list
 .text.list_get_next
                0x000000001000b108       0x90 build\kernel\components\finsh\cmd.o
 .text.object_split.constprop.0
                0x000000001000b198       0x28 build\kernel\components\finsh\cmd.o
 .text.list_timer
                0x000000001000b1c0      0x10a build\kernel\components\finsh\cmd.o
                0x000000001000b1c0                list_timer
 .text.list_thread
                0x000000001000b2ca      0x160 build\kernel\components\finsh\cmd.o
                0x000000001000b2ca                list_thread
 .text.list_sem
                0x000000001000b42a      0x11e build\kernel\components\finsh\cmd.o
                0x000000001000b42a                list_sem
 .text.list_event
                0x000000001000b548      0x112 build\kernel\components\finsh\cmd.o
                0x000000001000b548                list_event
 .text.list_mutex
                0x000000001000b65a       0xe2 build\kernel\components\finsh\cmd.o
                0x000000001000b65a                list_mutex
 .text.list_mailbox
                0x000000001000b73c      0x126 build\kernel\components\finsh\cmd.o
                0x000000001000b73c                list_mailbox
 .text.list_msgqueue
                0x000000001000b862      0x11e build\kernel\components\finsh\cmd.o
                0x000000001000b862                list_msgqueue
 .text.list_memheap
                0x000000001000b980       0xd4 build\kernel\components\finsh\cmd.o
                0x000000001000b980                list_memheap
 .text.list_mempool
                0x000000001000ba54      0x116 build\kernel\components\finsh\cmd.o
                0x000000001000ba54                list_mempool
 .text.list_device
                0x000000001000bb6a       0xf0 build\kernel\components\finsh\cmd.o
                0x000000001000bb6a                list_device
 .text.list_prefix
                0x000000001000bc5a      0x236 build\kernel\components\finsh\cmd.o
                0x000000001000bc5a                list_prefix
 .text.finsh_vm_run
                0x000000001000be90       0x5a build\kernel\components\finsh\finsh_vm.o
                0x000000001000be90                finsh_vm_run
 .text.finsh_syscall_lookup
                0x000000001000beea       0x5e build\kernel\components\finsh\finsh_vm.o
                0x000000001000beea                finsh_syscall_lookup
 .text.cmd_ls   0x000000001000bf48       0x26 build\kernel\components\finsh\msh_file.o
                0x000000001000bf48                cmd_ls
 .text.cmd_pwd  0x000000001000bf6e       0x28 build\kernel\components\finsh\msh_file.o
                0x000000001000bf6e                cmd_pwd
 .text.directory_delete_for_msh
                0x000000001000bf96      0x128 build\kernel\components\finsh\msh_file.o
 .text.cmd_rm   0x000000001000c0be      0x134 build\kernel\components\finsh\msh_file.o
                0x000000001000c0be                cmd_rm
 .text.cmd_mkfs
                0x000000001000c1f2       0x6e build\kernel\components\finsh\msh_file.o
                0x000000001000c1f2                cmd_mkfs
 .text.cmd_mount
                0x000000001000c260       0xce build\kernel\components\finsh\msh_file.o
                0x000000001000c260                cmd_mount
 .text.cmd_umount
                0x000000001000c32e       0x64 build\kernel\components\finsh\msh_file.o
                0x000000001000c32e                cmd_umount
 .text.cmd_cp   0x000000001000c392       0x44 build\kernel\components\finsh\msh_file.o
                0x000000001000c392                cmd_cp
 .text.cmd_mv   0x000000001000c3d6       0xfa build\kernel\components\finsh\msh_file.o
                0x000000001000c3d6                cmd_mv
 .text.cmd_cat  0x000000001000c4d0       0x54 build\kernel\components\finsh\msh_file.o
                0x000000001000c4d0                cmd_cat
 .text.cmd_cd   0x000000001000c524       0x4a build\kernel\components\finsh\msh_file.o
                0x000000001000c524                cmd_cd
 .text.cmd_mkdir
                0x000000001000c56e       0x44 build\kernel\components\finsh\msh_file.o
                0x000000001000c56e                cmd_mkdir
 .text.cmd_df   0x000000001000c5b2       0x64 build\kernel\components\finsh\msh_file.o
                0x000000001000c5b2                cmd_df
 .text.cmd_echo
                0x000000001000c616       0x86 build\kernel\components\finsh\msh_file.o
                0x000000001000c616                cmd_echo
 .text.msh_exec_script
                0x000000001000c69c      0x186 build\kernel\components\finsh\msh_file.o
                0x000000001000c69c                msh_exec_script
 .text.msh_exit
                0x000000001000c822        0xa build\kernel\components\finsh\msh.o
 .text.msh_enter
                0x000000001000c82c        0xc build\kernel\components\finsh\msh.o
 .text.msh_help
                0x000000001000c838       0x6c build\kernel\components\finsh\msh.o
                0x000000001000c838                msh_help
 .text.cmd_ps   0x000000001000c8a4       0x16 build\kernel\components\finsh\msh.o
                0x000000001000c8a4                cmd_ps
 .text.cmd_free
                0x000000001000c8ba       0x16 build\kernel\components\finsh\msh.o
                0x000000001000c8ba                cmd_free
 .text.msh_is_used
                0x000000001000c8d0        0x8 build\kernel\components\finsh\msh.o
                0x000000001000c8d0                msh_is_used
 .text.msh_exec
                0x000000001000c8d8      0x1ce build\kernel\components\finsh\msh.o
                0x000000001000c8d8                msh_exec
 .text.msh_auto_complete_path
                0x000000001000caa6      0x1b6 build\kernel\components\finsh\msh.o
                0x000000001000caa6                msh_auto_complete_path
 .text.msh_auto_complete
                0x000000001000cc5c       0xea build\kernel\components\finsh\msh.o
                0x000000001000cc5c                msh_auto_complete
 .text.finsh_rx_ind
                0x000000001000cd46       0x42 build\kernel\components\finsh\shell.o
 .text.finsh_get_prompt
                0x000000001000cd88       0xa2 build\kernel\components\finsh\shell.o
                0x000000001000cd88                finsh_get_prompt
 .text.shell_handle_history.isra.0
                0x000000001000ce2a       0x38 build\kernel\components\finsh\shell.o
 .text.finsh_set_prompt_mode
                0x000000001000ce62       0x4a build\kernel\components\finsh\shell.o
                0x000000001000ce62                finsh_set_prompt_mode
 .text.finsh_system_init
                0x000000001000ceac       0xbc build\kernel\components\finsh\shell.o
                0x000000001000ceac                finsh_system_init
 .text.finsh_set_device
                0x000000001000cf68       0xc6 build\kernel\components\finsh\shell.o
                0x000000001000cf68                finsh_set_device
 .text.finsh_run_line
                0x000000001000d02e       0xcc build\kernel\components\finsh\shell.o
                0x000000001000d02e                finsh_run_line
 .text.finsh_thread_entry
                0x000000001000d0fa      0x54e build\kernel\components\finsh\shell.o
                0x000000001000d0fa                finsh_thread_entry
 .text.finsh_var_init
                0x000000001000d648       0x26 build\kernel\components\finsh\finsh_var.o
                0x000000001000d648                finsh_var_init
 .text.finsh_var_insert
                0x000000001000d66e       0x70 build\kernel\components\finsh\finsh_var.o
                0x000000001000d66e                finsh_var_insert
 .text.finsh_var_lookup
                0x000000001000d6de       0x36 build\kernel\components\finsh\finsh_var.o
                0x000000001000d6de                finsh_var_lookup
 .text.finsh_sysvar_lookup
                0x000000001000d714       0x5e build\kernel\components\finsh\finsh_var.o
                0x000000001000d714                finsh_sysvar_lookup
 .text.finsh_type_check.isra.0
                0x000000001000d772       0xe6 build\kernel\components\finsh\finsh_compiler.o
 .text.finsh_compile.isra.0
                0x000000001000d858     0x1042 build\kernel\components\finsh\finsh_compiler.o
 .text.finsh_compiler_run
                0x000000001000e89a       0x84 build\kernel\components\finsh\finsh_compiler.o
                0x000000001000e89a                finsh_compiler_run
 .text.finsh_block_insert
                0x000000001000e91e       0x24 build\kernel\components\finsh\finsh_heap.o
 .text.finsh_heap_init
                0x000000001000e942       0x3c build\kernel\components\finsh\finsh_heap.o
                0x000000001000e942                finsh_heap_init
 .text.finsh_heap_free
                0x000000001000e97e       0xb2 build\kernel\components\finsh\finsh_heap.o
                0x000000001000e97e                finsh_heap_free
 .text.finsh_heap_allocate
                0x000000001000ea30       0xda build\kernel\components\finsh\finsh_heap.o
                0x000000001000ea30                finsh_heap_allocate
 .text.OP_no_op
                0x000000001000eb0a        0x2 build\kernel\components\finsh\finsh_ops.o
                0x000000001000eb0a                OP_no_op
 .text.OP_add_byte
                0x000000001000eb0c       0x20 build\kernel\components\finsh\finsh_ops.o
                0x000000001000eb0c                OP_add_byte
 .text.OP_add_word
                0x000000001000eb2c       0x20 build\kernel\components\finsh\finsh_ops.o
                0x000000001000eb2c                OP_add_word
 .text.OP_add_dword
                0x000000001000eb4c       0x20 build\kernel\components\finsh\finsh_ops.o
                0x000000001000eb4c                OP_add_dword
 .text.OP_sub_byte
                0x000000001000eb6c       0x20 build\kernel\components\finsh\finsh_ops.o
                0x000000001000eb6c                OP_sub_byte
 .text.OP_sub_word
                0x000000001000eb8c       0x20 build\kernel\components\finsh\finsh_ops.o
                0x000000001000eb8c                OP_sub_word
 .text.OP_sub_dword
                0x000000001000ebac       0x20 build\kernel\components\finsh\finsh_ops.o
                0x000000001000ebac                OP_sub_dword
 .text.OP_div_byte
                0x000000001000ebcc       0x22 build\kernel\components\finsh\finsh_ops.o
                0x000000001000ebcc                OP_div_byte
 .text.OP_div_word
                0x000000001000ebee       0x22 build\kernel\components\finsh\finsh_ops.o
                0x000000001000ebee                OP_div_word
 .text.OP_div_dword
                0x000000001000ec10       0x22 build\kernel\components\finsh\finsh_ops.o
                0x000000001000ec10                OP_div_dword
 .text.OP_mod_byte
                0x000000001000ec32       0x22 build\kernel\components\finsh\finsh_ops.o
                0x000000001000ec32                OP_mod_byte
 .text.OP_mod_word
                0x000000001000ec54       0x22 build\kernel\components\finsh\finsh_ops.o
                0x000000001000ec54                OP_mod_word
 .text.OP_mod_dword
                0x000000001000ec76       0x22 build\kernel\components\finsh\finsh_ops.o
                0x000000001000ec76                OP_mod_dword
 .text.OP_mul_byte
                0x000000001000ec98       0x22 build\kernel\components\finsh\finsh_ops.o
                0x000000001000ec98                OP_mul_byte
 .text.OP_mul_word
                0x000000001000ecba       0x22 build\kernel\components\finsh\finsh_ops.o
                0x000000001000ecba                OP_mul_word
 .text.OP_mul_dword
                0x000000001000ecdc       0x22 build\kernel\components\finsh\finsh_ops.o
                0x000000001000ecdc                OP_mul_dword
 .text.OP_and_byte
                0x000000001000ecfe       0x20 build\kernel\components\finsh\finsh_ops.o
                0x000000001000ecfe                OP_and_byte
 .text.OP_and_word
                0x000000001000ed1e       0x20 build\kernel\components\finsh\finsh_ops.o
                0x000000001000ed1e                OP_and_word
 .text.OP_and_dword
                0x000000001000ed3e       0x20 build\kernel\components\finsh\finsh_ops.o
                0x000000001000ed3e                OP_and_dword
 .text.OP_or_byte
                0x000000001000ed5e       0x20 build\kernel\components\finsh\finsh_ops.o
                0x000000001000ed5e                OP_or_byte
 .text.OP_or_word
                0x000000001000ed7e       0x20 build\kernel\components\finsh\finsh_ops.o
                0x000000001000ed7e                OP_or_word
 .text.OP_or_dword
                0x000000001000ed9e       0x20 build\kernel\components\finsh\finsh_ops.o
                0x000000001000ed9e                OP_or_dword
 .text.OP_xor_byte
                0x000000001000edbe       0x20 build\kernel\components\finsh\finsh_ops.o
                0x000000001000edbe                OP_xor_byte
 .text.OP_xor_word
                0x000000001000edde       0x20 build\kernel\components\finsh\finsh_ops.o
                0x000000001000edde                OP_xor_word
 .text.OP_xor_dword
                0x000000001000edfe       0x20 build\kernel\components\finsh\finsh_ops.o
                0x000000001000edfe                OP_xor_dword
 .text.OP_bw_byte
                0x000000001000ee1e       0x14 build\kernel\components\finsh\finsh_ops.o
                0x000000001000ee1e                OP_bw_byte
 .text.OP_bw_word
                0x000000001000ee32       0x14 build\kernel\components\finsh\finsh_ops.o
                0x000000001000ee32                OP_bw_word
 .text.OP_bw_dword
                0x000000001000ee46       0x14 build\kernel\components\finsh\finsh_ops.o
                0x000000001000ee46                OP_bw_dword
 .text.OP_shl_byte
                0x000000001000ee5a       0x22 build\kernel\components\finsh\finsh_ops.o
                0x000000001000ee5a                OP_shl_byte
 .text.OP_shl_word
                0x000000001000ee7c       0x22 build\kernel\components\finsh\finsh_ops.o
                0x000000001000ee7c                OP_shl_word
 .text.OP_shl_dword
                0x000000001000ee9e       0x22 build\kernel\components\finsh\finsh_ops.o
                0x000000001000ee9e                OP_shl_dword
 .text.OP_shr_byte
                0x000000001000eec0       0x22 build\kernel\components\finsh\finsh_ops.o
                0x000000001000eec0                OP_shr_byte
 .text.OP_shr_word
                0x000000001000eee2       0x22 build\kernel\components\finsh\finsh_ops.o
                0x000000001000eee2                OP_shr_word
 .text.OP_shr_dword
                0x000000001000ef04       0x22 build\kernel\components\finsh\finsh_ops.o
                0x000000001000ef04                OP_shr_dword
 .text.OP_ld_byte
                0x000000001000ef26       0x2a build\kernel\components\finsh\finsh_ops.o
                0x000000001000ef26                OP_ld_byte
 .text.OP_ld_word
                0x000000001000ef50       0x32 build\kernel\components\finsh\finsh_ops.o
                0x000000001000ef50                OP_ld_word
 .text.OP_ld_dword
                0x000000001000ef82       0x40 build\kernel\components\finsh\finsh_ops.o
                0x000000001000ef82                OP_ld_dword
 .text.OP_ld_value_byte
                0x000000001000efc2       0x46 build\kernel\components\finsh\finsh_ops.o
                0x000000001000efc2                OP_ld_value_byte
 .text.OP_ld_value_byte_stack
                0x000000001000f008       0x14 build\kernel\components\finsh\finsh_ops.o
                0x000000001000f008                OP_ld_value_byte_stack
 .text.OP_ld_value_word
                0x000000001000f01c       0x46 build\kernel\components\finsh\finsh_ops.o
                0x000000001000f01c                OP_ld_value_word
 .text.OP_ld_value_word_stack
                0x000000001000f062       0x14 build\kernel\components\finsh\finsh_ops.o
                0x000000001000f062                OP_ld_value_word_stack
 .text.OP_ld_value_dword
                0x000000001000f076       0x42 build\kernel\components\finsh\finsh_ops.o
                0x000000001000f076                OP_ld_value_dword
 .text.OP_ld_value_dword_stack
                0x000000001000f0b8       0x12 build\kernel\components\finsh\finsh_ops.o
                0x000000001000f0b8                OP_ld_value_dword_stack
 .text.OP_st_byte
                0x000000001000f0ca       0x1e build\kernel\components\finsh\finsh_ops.o
                0x000000001000f0ca                OP_st_byte
 .text.OP_st_word
                0x000000001000f0e8       0x1a build\kernel\components\finsh\finsh_ops.o
                0x000000001000f0e8                OP_st_word
 .text.OP_st_dword
                0x000000001000f102       0x18 build\kernel\components\finsh\finsh_ops.o
                0x000000001000f102                OP_st_dword
 .text.OP_pop   0x000000001000f11a        0xe build\kernel\components\finsh\finsh_ops.o
                0x000000001000f11a                OP_pop
 .text.OP_call  0x000000001000f128      0x216 build\kernel\components\finsh\finsh_ops.o
                0x000000001000f128                OP_call
 .text.finsh_error_init
                0x000000001000f33e        0xa build\kernel\components\finsh\finsh_error.o
                0x000000001000f33e                finsh_error_init
 .text.finsh_error_set
                0x000000001000f348        0xa build\kernel\components\finsh\finsh_error.o
                0x000000001000f348                finsh_error_set
 .text.finsh_errno
                0x000000001000f352        0x8 build\kernel\components\finsh\finsh_error.o
                0x000000001000f352                finsh_errno
 .text.finsh_error_string
                0x000000001000f35a       0x12 build\kernel\components\finsh\finsh_error.o
                0x000000001000f35a                finsh_error_string
 .text.token_prev_char
                0x000000001000f36c       0x10 build\kernel\components\finsh\finsh_token.o
 .text.token_next_char
                0x000000001000f37c       0x58 build\kernel\components\finsh\finsh_token.o
 .text.finsh_token_init
                0x000000001000f3d4       0x26 build\kernel\components\finsh\finsh_token.o
                0x000000001000f3d4                finsh_token_init
 .text.token_get_string
                0x000000001000f3fa       0x8a build\kernel\components\finsh\finsh_token.o
                0x000000001000f3fa                token_get_string
 .text.finsh_token_token
                0x000000001000f484      0x508 build\kernel\components\finsh\finsh_token.o
                0x000000001000f484                finsh_token_token
 .text.finsh_init
                0x000000001000f98c       0x26 build\kernel\components\finsh\finsh_init.o
                0x000000001000f98c                finsh_init
 .text.finsh_stack_bottom
                0x000000001000f9b2        0x8 build\kernel\components\finsh\finsh_init.o
                0x000000001000f9b2                finsh_stack_bottom
 .text.finsh_flush
                0x000000001000f9ba       0x1e build\kernel\components\finsh\finsh_init.o
                0x000000001000f9ba                finsh_flush
 .text.__isleap
                0x000000001000f9d8       0x26 build\kernel\components\libc\compilers\common\time.o
 .text.gmtime_r
                0x000000001000f9fe       0xbe build\kernel\components\libc\compilers\common\time.o
                0x000000001000f9fe                gmtime_r
 .text.gmtime   0x000000001000fabc        0xa build\kernel\components\libc\compilers\common\time.o
                0x000000001000fabc                gmtime
 .text.time     0x000000001000fac6       0x22 build\kernel\components\libc\compilers\common\time.o
                0x000000001000fac6                time
 .text.timegm   0x000000001000fae8      0x17a build\kernel\components\libc\compilers\common\time.o
                0x000000001000fae8                timegm
 .text.rt_hw_stack_init
                0x000000001000fc62       0x22 libcpu\cpu\cpuport.o
                0x000000001000fc62                rt_hw_stack_init
 *(.rodata*)
 .rodata.str1.4
                0x000000001000fc84      0x1b9 build\kernel\src\memheap.o
                                        0x1bd (size before relaxing)
 *fill*         0x000000001000fe3d        0x3 
 .rodata        0x000000001000fe40       0x6c build\kernel\src\memheap.o
 .rodata.name   0x000000001000feac       0x33 build\kernel\src\memheap.o
                0x000000001000feac                __fsym___cmd_memheaptrace_desc
                0x000000001000fecc                __fsym___cmd_memheaptrace_name
 *fill*         0x000000001000fedf        0x1 
 .rodata.str1.4
                0x000000001000fee0      0x2c9 build\kernel\src\mem.o
                                        0x2d1 (size before relaxing)
 *fill*         0x00000000100101a9        0x3 
 .rodata        0x00000000100101ac       0x37 build\kernel\src\mem.o
 *fill*         0x00000000100101e3        0x1 
 .rodata.name   0x00000000100101e4       0x29 build\kernel\src\mem.o
                0x00000000100101e4                __fsym_list_mem_desc
                0x0000000010010204                __fsym_list_mem_name
 .rodata.str1.4
                0x000000001001020d      0x2c9 build\kernel\components\dfs\src\dfs_posix.o
                                          0x4 (size before relaxing)
 *fill*         0x000000001001020d        0x3 
 .rodata.name   0x0000000010010210       0x42 build\kernel\components\dfs\src\dfs_posix.o
                0x0000000010010210                __fsym_cd_desc
                0x0000000010010234                __fsym_cd_name
                0x0000000010010238                __fsym_mkdir_desc
                0x000000001001024c                __fsym_mkdir_name
 *fill*         0x0000000010010252        0x2 
 .rodata.str1.4
                0x0000000010010254      0x1b2 build\kernel\components\dfs\src\dfs_fs.o
                                        0x1b6 (size before relaxing)
 *fill*         0x0000000010010406        0x2 
 .rodata        0x0000000010010408       0x35 build\kernel\components\dfs\src\dfs_fs.o
 *fill*         0x000000001001043d        0x3 
 .rodata.name   0x0000000010010440       0x2d build\kernel\components\dfs\src\dfs_fs.o
                0x0000000010010440                __fsym_df_desc
                0x0000000010010450                __fsym_df_name
                0x0000000010010454                __fsym_mkfs_desc
                0x0000000010010468                __fsym_mkfs_name
 *fill*         0x000000001001046d        0x3 
 .rodata.str1.4
                0x0000000010010470      0x116 build\kernel\components\dfs\src\dfs.o
                                        0x136 (size before relaxing)
 *fill*         0x0000000010010586        0x2 
 .rodata        0x0000000010010588       0x1f build\kernel\components\dfs\src\dfs.o
 *fill*         0x00000000100105a7        0x1 
 .rodata.name   0x00000000100105a8       0x26 build\kernel\components\dfs\src\dfs.o
                0x00000000100105a8                __fsym___cmd_list_fd_desc
                0x00000000100105c0                __fsym___cmd_list_fd_name
 *fill*         0x00000000100105ce        0x2 
 .rodata.str1.4
                0x00000000100105d0      0x1b4 build\kernel\components\dfs\src\dfs_file.o
                                        0x1cc (size before relaxing)
 .rodata.name   0x0000000010010784       0x67 build\kernel\components\dfs\src\dfs_file.o