Archive member included to satisfy reference by file (symbol)

libraries\hal_libraries\ab32vg1_hal\libhal.a(ab32vg1_hal_adc.o)
                              libraries\hal_drivers\drv_adc.o (hal_adc_enable)
libraries\hal_libraries\ab32vg1_hal\libhal.a(cache.o)
                              build\board\board.o (load_cache)
libraries\hal_libraries\ab32vg1_hal\libhal.a(rom_fun.o)
                              build\kernel\src\kservice.o (memset)
libraries\hal_libraries\ab32vg1_hal\libhal.a(sys_err.o)
                              build\board\board.o (sys_error_hook)
d:/program_files/programming/rt-threadstudio/repo/extract/toolchain_support_packages/risc-v/risc-v-gcc/10.1.0/bin/../lib/gcc/riscv64-unknown-elf/10.1.0/rv32im/ilp32\libgcc.a(_divdi3.o)
                              libraries\hal_drivers\drv_pwm.o (__divdi3)
d:/program_files/programming/rt-threadstudio/repo/extract/toolchain_support_packages/risc-v/risc-v-gcc/10.1.0/bin/../lib/gcc/riscv64-unknown-elf/10.1.0/rv32im/ilp32\libgcc.a(_udivdi3.o)
                              libraries\hal_drivers\drv_pwm.o (__udivdi3)
d:/program_files/programming/rt-threadstudio/repo/extract/toolchain_support_packages/risc-v/risc-v-gcc/10.1.0/bin/../lib/gcc/riscv64-unknown-elf/10.1.0/rv32im/ilp32\libgcc.a(divdf3.o)
                              build\kernel\components\drivers\misc\rt_drv_pwm.o (__divdf3)
d:/program_files/programming/rt-threadstudio/repo/extract/toolchain_support_packages/risc-v/risc-v-gcc/10.1.0/bin/../lib/gcc/riscv64-unknown-elf/10.1.0/rv32im/ilp32\libgcc.a(muldf3.o)
                              build\kernel\components\drivers\misc\rt_drv_pwm.o (__muldf3)
d:/program_files/programming/rt-threadstudio/repo/extract/toolchain_support_packages/risc-v/risc-v-gcc/10.1.0/bin/../lib/gcc/riscv64-unknown-elf/10.1.0/rv32im/ilp32\libgcc.a(fixdfsi.o)
                              build\kernel\components\drivers\misc\rt_drv_pwm.o (__fixdfsi)
d:/program_files/programming/rt-threadstudio/repo/extract/toolchain_support_packages/risc-v/risc-v-gcc/10.1.0/bin/../lib/gcc/riscv64-unknown-elf/10.1.0/rv32im/ilp32\libgcc.a(floatunsidf.o)
                              build\kernel\components\drivers\misc\rt_drv_pwm.o (__floatunsidf)
d:/program_files/programming/rt-threadstudio/repo/extract/toolchain_support_packages/risc-v/risc-v-gcc/10.1.0/bin/../lib/gcc/riscv64-unknown-elf/10.1.0/rv32im/ilp32\libgcc.a(addsf3.o)
                              build\kernel\components\drivers\hwtimer\hwtimer.o (__addsf3)
d:/program_files/programming/rt-threadstudio/repo/extract/toolchain_support_packages/risc-v/risc-v-gcc/10.1.0/bin/../lib/gcc/riscv64-unknown-elf/10.1.0/rv32im/ilp32\libgcc.a(divsf3.o)
                              build\kernel\components\drivers\hwtimer\hwtimer.o (__divsf3)
d:/program_files/programming/rt-threadstudio/repo/extract/toolchain_support_packages/risc-v/risc-v-gcc/10.1.0/bin/../lib/gcc/riscv64-unknown-elf/10.1.0/rv32im/ilp32\libgcc.a(eqsf2.o)
                              build\kernel\components\drivers\hwtimer\hwtimer.o (__eqsf2)
d:/program_files/programming/rt-threadstudio/repo/extract/toolchain_support_packages/risc-v/risc-v-gcc/10.1.0/bin/../lib/gcc/riscv64-unknown-elf/10.1.0/rv32im/ilp32\libgcc.a(gesf2.o)
                              build\kernel\components\drivers\hwtimer\hwtimer.o (__gesf2)
d:/program_files/programming/rt-threadstudio/repo/extract/toolchain_support_packages/risc-v/risc-v-gcc/10.1.0/bin/../lib/gcc/riscv64-unknown-elf/10.1.0/rv32im/ilp32\libgcc.a(lesf2.o)
                              build\kernel\components\drivers\hwtimer\hwtimer.o (__ltsf2)
d:/program_files/programming/rt-threadstudio/repo/extract/toolchain_support_packages/risc-v/risc-v-gcc/10.1.0/bin/../lib/gcc/riscv64-unknown-elf/10.1.0/rv32im/ilp32\libgcc.a(mulsf3.o)
                              build\kernel\components\drivers\hwtimer\hwtimer.o (__mulsf3)
d:/program_files/programming/rt-threadstudio/repo/extract/toolchain_support_packages/risc-v/risc-v-gcc/10.1.0/bin/../lib/gcc/riscv64-unknown-elf/10.1.0/rv32im/ilp32\libgcc.a(subsf3.o)
                              build\kernel\components\drivers\hwtimer\hwtimer.o (__subsf3)
d:/program_files/programming/rt-threadstudio/repo/extract/toolchain_support_packages/risc-v/risc-v-gcc/10.1.0/bin/../lib/gcc/riscv64-unknown-elf/10.1.0/rv32im/ilp32\libgcc.a(fixsfsi.o)
                              build\kernel\components\drivers\hwtimer\hwtimer.o (__fixsfsi)
d:/program_files/programming/rt-threadstudio/repo/extract/toolchain_support_packages/risc-v/risc-v-gcc/10.1.0/bin/../lib/gcc/riscv64-unknown-elf/10.1.0/rv32im/ilp32\libgcc.a(fixunssfsi.o)
                              build\kernel\components\drivers\hwtimer\hwtimer.o (__fixunssfsi)
d:/program_files/programming/rt-threadstudio/repo/extract/toolchain_support_packages/risc-v/risc-v-gcc/10.1.0/bin/../lib/gcc/riscv64-unknown-elf/10.1.0/rv32im/ilp32\libgcc.a(floatsisf.o)
                              build\kernel\components\drivers\hwtimer\hwtimer.o (__floatsisf)
[...]
Memory Configuration

Name             Origin             Length             Attributes
init             0x0000000010000000 0x0000000000000200
flash            0x0000000010000200 0x0000000000100000 xr
comm             0x0000000000014000 0x0000000000014c00 xr
data             0x0000000000011000 0x0000000000002000
stack            0x0000000000013000 0x0000000000001000
heap             0x0000000000028c00 0x0000000000007400
ram1             0x0000000000050000 0x0000000000007a00 xr
*default*        0x0000000000000000 0xffffffffffffffff

Linker script and memory map

LOAD build\applications\main.o
LOAD build\applications\mnt.o
LOAD build\board\ports\audio\drv_sound.o
LOAD build\board\board.o
LOAD build\board\ab32vg1_hal_msp.o
LOAD build\kernel\src\device.o
LOAD build\kernel\src\timer.o
LOAD build\kernel\src\scheduler.o
LOAD build\kernel\src\components.o
LOAD build\kernel\src\memheap.o
LOAD build\kernel\src\mem.o
LOAD build\kernel\src\irq.o
LOAD build\kernel\src\idle.o
LOAD build\kernel\src\mempool.o
LOAD build\kernel\src\clock.o
LOAD build\kernel\src\object.o
LOAD build\kernel\src\kservice.o
LOAD build\kernel\src\thread.o
LOAD build\kernel\src\ipc.o
LOAD build\kernel\components\dfs\src\dfs_posix.o
LOAD build\kernel\components\dfs\src\dfs_fs.o
LOAD build\kernel\components\dfs\src\dfs.o
LOAD build\kernel\components\dfs\src\dfs_file.o
LOAD build\kernel\components\dfs\filesystems\devfs\devfs.o
LOAD build\kernel\components\dfs\filesystems\elmfat\ffunicode.o
LOAD build\kernel\components\dfs\filesystems\elmfat\dfs_elm.o
LOAD build\kernel\components\dfs\filesystems\elmfat\ff.o
LOAD build\kernel\components\drivers\audio\audio.o
LOAD build\kernel\components\drivers\audio\audio_pipe.o
LOAD build\kernel\components\drivers\hwtimer\hwtimer.o
LOAD build\kernel\components\drivers\misc\adc.o
LOAD build\kernel\components\drivers\misc\rt_drv_pwm.o
LOAD build\kernel\components\drivers\misc\pin.o
LOAD build\kernel\components\drivers\rtc\rtc.o
LOAD build\kernel\components\drivers\rtc\alarm.o
LOAD build\kernel\components\drivers\sdio\mmc.o
LOAD build\kernel\components\drivers\sdio\sd.o
LOAD build\kernel\components\drivers\sdio\block_dev.o
LOAD build\kernel\components\drivers\sdio\sdio.o
LOAD build\kernel\components\drivers\sdio\mmcsd_core.o
LOAD build\kernel\components\drivers\serial\serial.o
LOAD build\kernel\components\drivers\src\workqueue.o
LOAD build\kernel\components\drivers\src\waitqueue.o
LOAD build\kernel\components\drivers\src\completion.o
LOAD build\kernel\components\drivers\src\ringblk_buf.o
LOAD build\kernel\components\drivers\src\dataqueue.o
LOAD build\kernel\components\drivers\src\ringbuffer.o
LOAD build\kernel\components\drivers\src\pipe.o
LOAD build\kernel\components\drivers\watchdog\watchdog.o
LOAD build\kernel\components\finsh\finsh_node.o
LOAD build\kernel\components\finsh\finsh_parser.o
LOAD build\kernel\components\finsh\cmd.o
LOAD build\kernel\components\finsh\finsh_vm.o
LOAD build\kernel\components\finsh\msh_file.o
LOAD build\kernel\components\finsh\finsh_var.o
LOAD build\kernel\components\finsh\shell.o
LOAD build\kernel\components\finsh\msh.o
LOAD build\kernel\components\finsh\finsh_compiler.o
LOAD build\kernel\components\finsh\finsh_heap.o
LOAD build\kernel\components\finsh\finsh_ops.o
LOAD build\kernel\components\finsh\finsh_error.o
LOAD build\kernel\components\finsh\finsh_token.o
LOAD build\kernel\components\finsh\finsh_init.o
LOAD build\kernel\components\libc\compilers\common\time.o
LOAD build\kernel\components\libc\compilers\newlib\minilib.o
LOAD libraries\hal_drivers\drv_gpio.o
LOAD libraries\hal_drivers\drv_rtc.o
LOAD libraries\hal_drivers\drv_wdt.o
LOAD libraries\hal_drivers\drv_sdio.o
LOAD libraries\hal_drivers\drv_adc.o
LOAD libraries\hal_drivers\drv_usart.o
LOAD libraries\hal_drivers\drv_pwm.o
LOAD libraries\hal_drivers\drv_hwtimer.o
LOAD libcpu\cpu\cpuport.o
LOAD libcpu\cpu\context_gcc.o
LOAD libcpu\cpu\interrupt.o
LOAD libraries\hal_libraries\ab32vg1_hal\source\ab32vg1_hal_gpio.o
LOAD libraries\hal_libraries\ab32vg1_hal\source\ab32vg1_hal_dac.o
LOAD libraries\hal_libraries\ab32vg1_hal\source\ab32vg1_hal_sd.o
LOAD libraries\hal_libraries\ab32vg1_hal\source\ab32vg1_hal_rcu.o
LOAD libraries\hal_libraries\ab32vg1_hal\source\ab32vg1_hal.o
LOAD libraries\hal_libraries\ab32vg1_hal\source\ab32vg1_hal_uart.o
LOAD libraries\hal_libraries\bmsis\source\startup.o
LOAD libraries\hal_libraries\bmsis\source\system_ab32vgx.o
LOAD libraries\hal_libraries\ab32vg1_hal\libhal.a
LOAD d:/program_files/programming/rt-threadstudio/repo/extract/toolchain_support_packages/risc-v/risc-v-gcc/10.1.0/bin/../lib/gcc/riscv64-unknown-elf/10.1.0/rv32im/ilp32\libgcc.a
START GROUP
LOAD d:/program_files/programming/rt-threadstudio/repo/extract/toolchain_support_packages/risc-v/risc-v-gcc/10.1.0/bin/../lib/gcc/riscv64-unknown-elf/10.1.0/../../../../riscv64-unknown-elf/lib/rv32im/ilp32\libc.a
LOAD d:/program_files/programming/rt-threadstudio/repo/extract/toolchain_support_packages/risc-v/risc-v-gcc/10.1.0/bin/../lib/gcc/riscv64-unknown-elf/10.1.0/../../../../riscv64-unknown-elf/lib/rv32im/ilp32\libgloss.a
END GROUP
LOAD d:/program_files/programming/rt-threadstudio/repo/extract/toolchain_support_packages/risc-v/risc-v-gcc/10.1.0/bin/../lib/gcc/riscv64-unknown-elf/10.1.0/rv32im/ilp32\libgcc.a
                0x0000000000100000                __max_flash_size = 0x100000
                0x0000000000002000                __data_ram_size = 0x2000
                0x0000000000001000                __stack_ram_size = 0x1000
                0x0000000000014c00                __comm_ram_size = 0x14c00
                0x0000000000007400                __heap_ram_size = 0x7400
                0x0000000010000000                __base = 0x10000000
                0x0000000000011000                __data_vma = 0x11000
                0x0000000000013000                __stack_vma = (__data_vma + __data_ram_size)
                0x0000000000014000                __comm_vma = (__stack_vma + __stack_ram_size)
                0x0000000000028c00                __heap_vma = (__comm_vma + __comm_ram_size)
                0x0000000000050000                __ram1_vma = 0x50000

.init           0x0000000010000000       0xaa
 *(.reset)
 .reset         0x0000000010000000       0xaa libraries\hal_libraries\bmsis\source\startup.o
                0x0000000010000000                _start

.ram1           0x0000000000050000     0x674a load address 0x0000000010000200
                0x0000000000050000                . = ALIGN (0x4)
                0x0000000000050000                __rt_init_start = .
 *(SORT_BY_NAME(.rti_fn*))
 .rti_fn.0      0x0000000000050000        0x4 build\kernel\src\components.o
                0x0000000000050000                __rt_init_rti_start
 .rti_fn.0.end  0x0000000000050004        0x4 build\kernel\src\components.o
                0x0000000000050004                __rt_init_rti_board_start
 .rti_fn.1      0x0000000000050008        0x4 libraries\hal_drivers\drv_wdt.o
                0x0000000000050008                __rt_init_rt_wdt_init
 .rti_fn.1      0x000000000005000c        0x4 libraries\hal_drivers\drv_adc.o
                0x000000000005000c                __rt_init_ab32_adc_init
 .rti_fn.1      0x0000000000050010        0x4 libraries\hal_drivers\drv_hwtimer.o
                0x0000000000050010                __rt_init_ab32_hwtimer_init
 .rti_fn.1.end  0x0000000000050014        0x4 build\kernel\src\components.o
                0x0000000000050014                __rt_init_rti_board_end
 .rti_fn.2      0x0000000000050018        0x4 build\kernel\components\dfs\src\dfs.o
                0x0000000000050018                __rt_init_dfs_init
 .rti_fn.2      0x000000000005001c        0x4 build\kernel\components\drivers\rtc\alarm.o
                0x000000000005001c                __rt_init_rt_alarm_system_init
 .rti_fn.2      0x0000000000050020        0x4 build\kernel\components\drivers\sdio\mmcsd_core.o
                0x0000000000050020                __rt_init_rt_mmcsd_core_init
 .rti_fn.3      0x0000000000050024        0x4 build\board\ports\audio\drv_sound.o
                0x0000000000050024                __rt_init_rt_hw_sound_init
 .rti_fn.3      0x0000000000050028        0x4 libraries\hal_drivers\drv_rtc.o
                0x0000000000050028                __rt_init_rt_hw_rtc_init
 .rti_fn.3      0x000000000005002c        0x4 libraries\hal_drivers\drv_sdio.o
                0x000000000005002c                __rt_init_rt_hw_sdio_init
 .rti_fn.3      0x0000000000050030        0x4 libraries\hal_drivers\drv_pwm.o
                0x0000000000050030                __rt_init_ab32_pwm_init
 .rti_fn.4      0x0000000000050034        0x4 build\kernel\components\dfs\filesystems\elmfat\dfs_elm.o
                0x0000000000050034                __rt_init_elm_init
 .rti_fn.6      0x0000000000050038        0x4 build\applications\mnt.o
                0x0000000000050038                __rt_init_ab32_sdcard_mount
 .rti_fn.6      0x000000000005003c        0x4 build\kernel\components\finsh\shell.o
                0x000000000005003c                __rt_init_finsh_system_init
 .rti_fn.6.end  0x0000000000050040        0x4 build\kernel\src\components.o
                0x0000000000050040                __rt_init_rti_end
                0x0000000000050044                __rt_init_end = .
                0x0000000000050044                . = ALIGN (0x4)
                [!provide]                        PROVIDE (__ctors_start__ = .)
 *(SORT_BY_NAME(.init_array.*))
 *(.init_array)
                [!provide]                        PROVIDE (__ctors_end__ = .)
                0x0000000000050044                . = ALIGN (0x4)
 *components*drivers*audio**.o(.text*)
 .text          0x0000000000050044      0x88a build\kernel\components\drivers\audio\audio.o
                0x00000000000505d2                rt_audio_register
                0x000000000005064c                rt_audio_samplerate_to_speed
                0x000000000005071a                rt_audio_tx_complete
                0x000000000005089a                rt_audio_rx_done
 .text          0x00000000000508ce      0x440 build\kernel\components\drivers\audio\audio_pipe.o
                0x0000000000050be2                rt_audio_pipe_init
                0x0000000000050c7c                rt_audio_pipe_detach
                0x0000000000050c80                rt_audio_pipe_create
                0x0000000000050ce6                rt_audio_pipe_destroy
 *components*drivers*hwtimer**.o(.text*)
 .text          0x0000000000050d0e      0x510 build\kernel\components\drivers\hwtimer\hwtimer.o
                0x000000000005112e                rt_device_hwtimer_isr
                0x000000000005118e                rt_device_hwtimer_register
 *components*drivers*misc*pin.o(.text*)
 .text          0x000000000005121e      0x3aa build\kernel\components\drivers\misc\pin.o
                0x0000000000051264                rt_pin_mode
                0x00000000000512b6                rt_pin_write
                0x0000000000051308                rt_pin_read
                0x000000000005134e                rt_pin_get
                0x0000000000051468                rt_device_pin_register
                0x00000000000514a0                rt_pin_attach_irq
                0x0000000000051512                rt_pin_detach_irq
                0x0000000000051566                rt_pin_irq_enable
 *components*drivers*rtc*rtc.o(.text*)
 .text          0x00000000000515c8      0x29c build\kernel\components\drivers\rtc\rtc.o
                0x00000000000515c8                set_date
                0x0000000000051640                set_time
                0x00000000000516b2                list_date
 *components*drivers*watchdog**.o(.text*)
 .text          0x0000000000051864      0x126 build\kernel\components\drivers\watchdog\watchdog.o
                0x0000000000051928                rt_hw_watchdog_register
                0x000000000005198c                . = ALIGN (0x4)
 *fill*         0x000000000005198a        0x2 
 *src*ipc.o(.text* .rodata*)
 .text          0x000000000005198c     0x221c build\kernel\src\ipc.o
                0x0000000000051a2e                rt_ipc_get_highest_priority
                0x0000000000051a50                rt_sem_init
                0x0000000000051ac6                rt_sem_detach
                0x0000000000051b42                rt_sem_create
                0x0000000000051bd8                rt_sem_delete
                0x0000000000051c96                rt_sem_take
                0x0000000000051df2                rt_sem_trytake
                0x0000000000051df6                rt_sem_release
                0x0000000000051e9e                rt_sem_control
                0x0000000000051f1c                rt_mutex_init
                0x0000000000051f76                rt_mutex_detach
                0x0000000000051ff2                rt_mutex_create
                0x000000000005206c                rt_mutex_delete
                0x000000000005212a                rt_mutex_take
                0x00000000000522d8                rt_mutex_release
                0x000000000005249c                rt_mutex_control
                0x00000000000524ec                rt_event_init
                0x000000000005253e                rt_event_detach
                0x00000000000525bc                rt_event_create
                0x000000000005262e                rt_event_delete
                0x00000000000526ee                rt_event_send
                0x00000000000527ea                rt_event_recv
                0x00000000000529d4                rt_event_control
                0x0000000000052a4e                rt_mb_init
                0x0000000000052ac0                rt_mb_detach
                0x0000000000052b46                rt_mb_create
                0x0000000000052bf0                rt_mb_delete
                0x0000000000052cc2                rt_mb_send_wait
                0x0000000000052eb8                rt_mb_send
                0x0000000000052ebc                rt_mb_urgent
                0x0000000000052f80                rt_mb_recv
                0x0000000000053198                rt_mb_control
                0x000000000005321e                rt_mq_init
                0x00000000000532ce                rt_mq_detach
                0x0000000000053354                rt_mq_create
                0x0000000000053444                rt_mq_delete
                0x000000000005351e                rt_mq_send_wait
                0x000000000005376e                rt_mq_send
                0x0000000000053772                rt_mq_urgent
                0x0000000000053896                rt_mq_recv
                0x0000000000053b08                rt_mq_control
 .rodata.str1.4
                0x0000000000053ba8      0x44a build\kernel\src\ipc.o
                                        0x476 (size before relaxing)
 *fill*         0x0000000000053ff2        0x2 
 .rodata        0x0000000000053ff4      0x242 build\kernel\src\ipc.o
 *src*irq.o(.text* .rodata*)
 .text          0x0000000000054236       0x98 build\kernel\src\irq.o
                0x0000000000054236                rt_interrupt_enter_sethook
                0x0000000000054240                rt_interrupt_leave_sethook
                0x000000000005424a                rt_interrupt_enter
                0x000000000005427c                rt_interrupt_leave
                0x00000000000542ae                rt_interrupt_get_nest
 *src*object.o(.text* .rodata*)
 .text          0x00000000000542ce      0x438 build\kernel\src\object.o
                0x00000000000542ce                rt_object_attach_sethook
                0x00000000000542d8                rt_object_detach_sethook
                0x00000000000542e2                rt_object_trytake_sethook
                0x00000000000542ec                rt_object_take_sethook
                0x00000000000542f6                rt_object_put_sethook
                0x0000000000054300                rt_object_get_information
                0x0000000000054328                rt_object_get_length
                0x000000000005435c                rt_object_get_pointers
                0x00000000000543b0                rt_object_init
                0x0000000000054474                rt_object_detach
                0x00000000000544c6                rt_object_allocate
                0x0000000000054592                rt_object_delete
                0x000000000005460e                rt_object_is_systemobject
                0x000000000005463e                rt_object_get_type
                0x0000000000054670                rt_object_find
 *fill*         0x0000000000054706        0x2 
 .rodata.str1.4
                0x0000000000054708       0x65 build\kernel\src\object.o
                                         0x91 (size before relaxing)
 *fill*         0x000000000005476d        0x3 
 .rodata        0x0000000000054770       0x8b build\kernel\src\object.o
 *src*thread.o(.text* .rodata*)
 *fill*         0x00000000000547fb        0x1 
 .text          0x00000000000547fc      0x8da build\kernel\src\thread.o
                0x0000000000054822                rt_thread_exit
                0x000000000005494c                rt_thread_timeout
                0x00000000000549da                rt_thread_suspend_sethook
                0x00000000000549e4                rt_thread_resume_sethook
                0x00000000000549ee                rt_thread_inited_sethook
                0x00000000000549f8                rt_thread_init
                0x0000000000054a7e                rt_thread_self
                0x0000000000054a88                rt_thread_detach
                0x0000000000054b24                rt_thread_create
                0x0000000000054b84                rt_thread_delete
                0x0000000000054c38                rt_thread_yield
                0x0000000000054c70                rt_thread_suspend
                0x0000000000054d3c                rt_thread_sleep
                0x0000000000054dd0                rt_thread_delay
                0x0000000000054dd2                rt_thread_mdelay
                0x0000000000054de0                rt_thread_delay_until
                0x0000000000054eb6                rt_thread_resume
                0x0000000000054f52                rt_thread_startup
                0x0000000000054fea                rt_thread_control
                0x00000000000550d0                rt_thread_find
 *fill*         0x00000000000550d6        0x2 
 .rodata.str1.4
                0x00000000000550d8      0x18b build\kernel\src\thread.o
                                        0x19f (size before relaxing)
 *fill*         0x0000000000055263        0x1 
 .rodata        0x0000000000055264       0xd2 build\kernel\src\thread.o
 *src*timer.o(.text* .rodata*)
 .text          0x0000000000055336      0x74c build\kernel\src\timer.o
                0x0000000000055348                rt_timer_enter_sethook
                0x0000000000055352                rt_timer_exit_sethook
                0x000000000005535c                rt_timer_init
                0x00000000000553cc                rt_timer_detach
                0x0000000000055460                rt_timer_create
                0x00000000000554a8                rt_timer_delete
                0x000000000005553c                rt_timer_start
                0x0000000000055676                rt_timer_stop
                0x00000000000556fc                rt_timer_control
                0x00000000000557ae                rt_timer_check
                0x000000000005589a                rt_timer_next_timeout_tick
                0x00000000000558c4                rt_soft_timer_check
                0x0000000000055a26                rt_system_timer_init
                0x0000000000055a34                rt_system_timer_thread_init
 *fill*         0x0000000000055a82        0x2 
 .rodata.str1.4
                0x0000000000055a84       0xde build\kernel\src\timer.o
 *fill*         0x0000000000055b62        0x2 
 .rodata        0x0000000000055b64       0x75 build\kernel\src\timer.o
 *src*mempool.o(.text* .rodata*)
 *fill*         0x0000000000055bd9        0x1 
 .text          0x0000000000055bda      0x572 build\kernel\src\mempool.o
                0x0000000000055bda                rt_mp_alloc_sethook
                0x0000000000055be4                rt_mp_free_sethook
                0x0000000000055bee                rt_mp_init
                0x0000000000055cda                rt_mp_detach
                0x0000000000055d82                rt_mp_create
                0x0000000000055e7e                rt_mp_delete
                0x0000000000055f6e                rt_mp_alloc
                0x00000000000560d2                rt_mp_free
 .rodata.str1.4
                0x000000000005614c      0x149 build\kernel\src\mempool.o
                                        0x14d (size before relaxing)
 *fill*         0x0000000000056295        0x3 
 .rodata        0x0000000000056298       0x48 build\kernel\src\mempool.o
 *src*scheduler.o(.text* .rodata*)
 .text          0x00000000000562e0      0x338 build\kernel\src\scheduler.o
                0x00000000000562e0                rt_scheduler_sethook
                0x00000000000562ea                rt_system_scheduler_init
                0x0000000000056322                rt_schedule_insert_thread
                0x00000000000563a6                rt_schedule_remove_thread
                0x0000000000056412                rt_system_scheduler_start
                0x0000000000056456                rt_schedule
                0x00000000000565a0                rt_enter_critical
                0x00000000000565c2                rt_exit_critical
                0x000000000005660e                rt_critical_level
 *fill*         0x0000000000056618        0x0 
 .rodata.str1.4
                0x0000000000056618       0x65 build\kernel\src\scheduler.o
 *fill*         0x000000000005667d        0x3 
 .rodata        0x0000000000056680       0x36 build\kernel\src\scheduler.o
 *src*clock.o(.text* .rodata*)
 .text          0x00000000000566b6       0x94 build\kernel\src\clock.o
                0x00000000000566b6                rt_tick_get
                0x00000000000566c0                rt_tick_set
                0x00000000000566de                rt_tick_increase
                0x0000000000056718                rt_tick_from_millisecond
                0x0000000000056740                rt_tick_get_millisecond

.comm           0x0000000000014000     0x3784 load address 0x000000001000694a
                0x0000000000014000                . = ALIGN (0x4)
 *(.vector)
 .vector        0x0000000000014000       0xf4 libraries\hal_libraries\bmsis\source\startup.o
                0x00000000000140dc                cpu_irq_comm
 .vector        0x00000000000140f4       0x3a libraries\hal_libraries\ab32vg1_hal\libhal.a(cache.o)
                0x00000000000140f4                load_cache
 *(.irq*)
 .irq.audio     0x000000000001412e       0x3e build\board\ports\audio\drv_sound.o
                0x000000000001412e                audio_sem_post
 .irq.timer     0x000000000001416c       0x1c build\board\board.o
                0x000000000001416c                timer0_isr
 .irq.cache     0x0000000000014188       0x88 build\board\board.o
                0x0000000000014188                cache_init
                0x00000000000141ba                os_spiflash_lock
                0x00000000000141e6                os_spiflash_unlock
 .irq.err       0x0000000000014210        0xa build\board\board.o
                0x0000000000014210                exception_isr
 .irq.rtc       0x000000000001421a       0x26 libraries\hal_drivers\drv_rtc.o
 .irq.sdio      0x0000000000014240       0x44 libraries\hal_drivers\drv_sdio.o
                0x0000000000014240                rthw_sdio_irq_process
                0x000000000001426a                sdio_isr
 .irq.usart     0x0000000000014284      0x174 libraries\hal_drivers\drv_usart.o
                0x00000000000142d4                uart_irq_process
 .irq.timer     0x00000000000143f8       0x24 libraries\hal_drivers\drv_hwtimer.o
                0x00000000000143f8                timer1_isr
 .irq.err       0x000000000001441c       0x30 libraries\hal_libraries\ab32vg1_hal\libhal.a(sys_err.o)
                0x000000000001441c                sys_error_hook
 .irq.err.str   0x000000000001444c       0x12 libraries\hal_libraries\ab32vg1_hal\libhal.a(sys_err.o)
 *libcpu*cpu*context_gcc.o(.text .rodata)
 .text          0x000000000001445e      0x19c libcpu\cpu\context_gcc.o
                0x000000000001445e                rt_hw_interrupt_disable
                0x000000000001446c                rt_hw_interrupt_enable
                0x000000000001447e                rt_hw_context_switch_to
                0x00000000000144b2                rt_hw_context_switch
                0x00000000000144d2                rt_switch_to_thread
                0x00000000000144f8                rt_hw_context_switch_interrupt
                0x000000000001451e                rt_soft_isr
                0x0000000000014526                low_prio_irq
 *libcpu*cpu*interrupt.o(.text .rodata)
 .text          0x00000000000145fa       0xf2 libcpu\cpu\interrupt.o
                0x00000000000145fa                set_cpu_irq_comm
                0x0000000000014604                cpu_irq_comm_do
                0x0000000000014650                rt_hw_irq_enable
                0x0000000000014668                rt_hw_irq_disable
                0x0000000000014684                rt_hw_interrupt_init
                0x0000000000014686                rt_hw_interrupt_install
 *hal_libraries*ab32vg1_hal**.o(.text .rodata)
 .text          0x00000000000146ec      0x13e libraries\hal_libraries\ab32vg1_hal\source\ab32vg1_hal_gpio.o
                0x00000000000146ec                gpio_afinit
                0x000000000001471c                hal_gpio_init
                0x00000000000147fa                hal_gpio_read
                0x0000000000014804                hal_gpio_write
                0x000000000001481c                hal_gpio_toggle
 .text          0x000000000001482a       0x70 libraries\hal_libraries\ab32vg1_hal\source\ab32vg1_hal_rcu.o
                0x000000000001482a                hal_rcu_periph_clk_enable
                0x000000000001485e                hal_rcu_periph_clk_disable
 .text          0x000000000001489a       0x54 libraries\hal_libraries\ab32vg1_hal\source\ab32vg1_hal.o
                0x000000000001489a                hal_set_tick_hook
                0x00000000000148a4                hal_set_ticks
                0x00000000000148c6                hal_udelay
 .text          0x00000000000148ee      0x140 libraries\hal_libraries\ab32vg1_hal\source\ab32vg1_hal_uart.o
                0x00000000000148ee                hal_uart_setbaud
                0x000000000001490c                hal_uart_setparam
                0x000000000001495e                hal_uart_deinit
                0x0000000000014964                HAL_UART_MspInit
                0x0000000000014966                hal_uart_control
                0x000000000001497e                hal_uart_write
                0x0000000000014982                hal_uart_read
                0x000000000001498a                hal_uart_getflag
                0x0000000000014990                hal_uart_clrflag
                0x0000000000014998                uart_config_all
                0x0000000000014a0a                hal_uart_init
 *save-restore.o(.text .rodata)
 *fill*         0x0000000000014a2e        0x2 
 .text          0x0000000000014a30       0xbc d:/program_files/programming/rt-threadstudio/repo/extract/toolchain_support_packages/risc-v/risc-v-gcc/10.1.0/bin/../lib/gcc/riscv64-unknown-elf/10.1.0/rv32im/ilp32\libgcc.a(save-restore.o)
                0x0000000000014a30                __riscv_save_12
                0x0000000000014a40                __riscv_save_9
                0x0000000000014a40                __riscv_save_11
                0x0000000000014a40                __riscv_save_10
                0x0000000000014a40                __riscv_save_8
                0x0000000000014a5c                __riscv_save_4
                0x0000000000014a5c                __riscv_save_6
                0x0000000000014a5c                __riscv_save_5
                0x0000000000014a5c                __riscv_save_7
                0x0000000000014a8c                __riscv_save_3
                0x0000000000014a8c                __riscv_save_2
                0x0000000000014a8c                __riscv_save_1
                0x0000000000014a8c                __riscv_save_0
                0x0000000000014aa4                __riscv_restore_12
                0x0000000000014aac                __riscv_restore_11
                0x0000000000014aac                __riscv_restore_9
                0x0000000000014aac                __riscv_restore_10
                0x0000000000014aac                __riscv_restore_8
                0x0000000000014ac0                __riscv_restore_5
                0x0000000000014ac0                __riscv_restore_7
                0x0000000000014ac0                __riscv_restore_6
                0x0000000000014ac0                __riscv_restore_4
                0x0000000000014ad4                __riscv_restore_3
                0x0000000000014ad4                __riscv_restore_0
                0x0000000000014ad4                __riscv_restore_2
                0x0000000000014ad4                __riscv_restore_1
 *(.text.unlikely)
 *(.text.startup)
 .text.startup  0x0000000000014aec       0x4a build\applications\main.o
                0x0000000000014aec                main
 *src*kservice.o(.text* .rodata*)
 .text          0x0000000000014b36      0xb3c build\kernel\src\kservice.o
                0x0000000000014cd4                rt_get_errno
                0x0000000000014cf6                rt_set_errno
                0x0000000000014d1e                _rt_errno
                0x0000000000014d42                rt_memset
                0x0000000000014dc6                rt_memcpy
                0x0000000000014e74                rt_memmove
                0x0000000000014ebe                rt_memcmp
                0x0000000000014ee6                rt_strcasecmp
                0x0000000000014f1a                rt_strncpy
                0x0000000000014f48                rt_strncmp
                0x0000000000014f78                rt_strcmp
                0x0000000000014f92                rt_strnlen
                0x0000000000014faa                rt_strlen
                0x0000000000014fbc                rt_strstr
                0x000000000001500a                rt_strdup
                0x0000000000015038                rt_vsnprintf
                0x00000000000153e8                rt_snprintf
                0x0000000000015402                rt_vsprintf
                0x000000000001540a                rt_sprintf
                0x0000000000015426                rt_console_get_device
                0x0000000000015430                rt_console_set_device
                0x0000000000015478                rt_hw_console_output
                0x000000000001547a                rt_kputs
                0x00000000000154d2                rt_kprintf
                0x000000000001554c                rt_show_version
                0x000000000001558a                rt_malloc_align
                0x00000000000155ca                rt_free_align
                0x00000000000155d6                __rt_ffs
                0x000000000001562e                rt_assert_set_hook
                0x0000000000015638                rt_assert_handler
 *fill*         0x0000000000015672        0x2 
 .rodata.str1.4
                0x0000000000015674       0xc7 build\kernel\src\kservice.o
 *fill*         0x000000000001573b        0x1 
 .rodata        0x000000000001573c      0x180 build\kernel\src\kservice.o
                0x00000000000157bc                __lowest_bit_bitmap
 *src*device.o(.text* .rodata*)
 .text          0x00000000000158bc      0x570 build\kernel\src\device.o
                0x00000000000158bc                rt_device_unregister
                0x000000000001592c                rt_device_find
                0x0000000000015932                rt_device_register
                0x0000000000015976                rt_device_create
                0x00000000000159ac                rt_device_destroy
                0x0000000000015a22                rt_device_init
                0x0000000000015a84                rt_device_open
                0x0000000000015b7a                rt_device_close
                0x0000000000015bf4                rt_device_read
                0x0000000000015c7c                rt_device_write
                0x0000000000015d08                rt_device_control
                0x0000000000015d7c                rt_device_set_rx_indicate
                0x0000000000015dd4                rt_device_set_tx_complete
 *fill*         0x0000000000015e2c        0x0 
 .rodata.str1.4
                0x0000000000015e2c       0xf4 build\kernel\src\device.o
 .rodata        0x0000000000015f20       0xc6 build\kernel\src\device.o
 *hal_drivers**.o(.rodata)
 *fill*         0x0000000000015fe6        0x2 
 .rodata        0x0000000000015fe8       0x38 libraries\hal_drivers\drv_gpio.o
 .rodata        0x0000000000016020       0x28 libraries\hal_drivers\drv_rtc.o
 .rodata        0x0000000000016048       0x20 libraries\hal_drivers\drv_wdt.o
 .rodata        0x0000000000016068       0x24 libraries\hal_drivers\drv_sdio.o
 .rodata        0x000000000001608c       0x45 libraries\hal_drivers\drv_adc.o
 *fill*         0x00000000000160d1        0x3 
 .rodata        0x00000000000160d4       0x81 libraries\hal_drivers\drv_usart.o
 *fill*         0x0000000000016155        0x3 
 .rodata        0x0000000000016158       0x18 libraries\hal_drivers\drv_pwm.o
 .rodata        0x0000000000016170       0x68 libraries\hal_drivers\drv_hwtimer.o
 *audio*drv_sound.o(.rodata)
 .rodata        0x00000000000161d8       0x66 build\board\ports\audio\drv_sound.o
 *libcpu**.o(.rodata)
 *fill*         0x000000000001623e        0x2 
 .rodata        0x0000000000016240       0x13 libcpu\cpu\cpuport.o
 *system_ab32vgx.o(.rodata)
 *fill*         0x0000000000016253        0x1 
 .rodata        0x0000000000016254       0x46 libraries\hal_libraries\bmsis\source\system_ab32vgx.o
                0x0000000000016254                sysclk_sel_tbl
                0x0000000000016260                sysclk_index
 EXCLUDE_FILE(*drv_wdt.o *drv_sdio.o *msh_file.o *cmd.o *drivers*sdio**.o *components.o *dfs**.o *src*memheap.o *src*mem.o *cp-demangle.o *cp-demangle.o *lib_a**.o) *(.rodata.str1.4)
 *fill*         0x000000000001629a        0x2 
 .rodata.str1.4
                0x000000000001629c       0x16 build\applications\main.o
 *fill*         0x00000000000162b2        0x2 
 .rodata.str1.4
                0x00000000000162b4       0x74 build\applications\mnt.o
                                         0x78 (size before relaxing)
 .rodata.str1.4
                0x0000000000016328       0x2f build\board\ports\audio\drv_sound.o
 *fill*         0x0000000000016357        0x1 
 .rodata.str1.4
                0x0000000000016358       0x24 build\board\board.o
 .rodata.str1.4
                0x000000000001637c       0x30 build\kernel\src\idle.o
                                         0x34 (size before relaxing)
 .rodata.str1.4
                0x00000000000163ac       0x77 build\kernel\components\drivers\audio\audio.o
                                         0x9d (size before relaxing)
 *fill*         0x0000000000016423        0x1 
 .rodata.str1.4
                0x0000000000016424       0x64 build\kernel\components\drivers\audio\audio_pipe.o
                                         0x90 (size before relaxing)
 .rodata.str1.4
                0x0000000000016488       0x43 build\kernel\components\drivers\hwtimer\hwtimer.o
 *fill*         0x00000000000164cb        0x1 
 .rodata.str1.4
                0x00000000000164cc      0x1f9 build\kernel\components\drivers\misc\adc.o
 *fill*         0x00000000000166c5        0x3 
 .rodata.str1.4
                0x00000000000166c8      0x1ab build\kernel\components\drivers\misc\rt_drv_pwm.o
 *fill*         0x0000000000016873        0x1 
 .rodata.str1.4
                0x0000000000016874       0x37 build\kernel\components\drivers\misc\pin.o
 *fill*         0x00000000000168ab        0x1 
 .rodata.str1.4
                0x00000000000168ac      0x137 build\kernel\components\drivers\rtc\rtc.o
 *fill*         0x00000000000169e3        0x1 
 .rodata.str1.4
                0x00000000000169e4       0xfa build\kernel\components\drivers\rtc\alarm.o
                                         0xfe (size before relaxing)
 *fill*         0x0000000000016ade        0x2 
 .rodata.str1.4
                0x0000000000016ae0       0xbb build\kernel\components\drivers\serial\serial.o
                                         0xce (size before relaxing)
 *fill*         0x0000000000016b9b        0x1 
 .rodata.str1.4
                0x0000000000016b9c       0x47 build\kernel\components\drivers\src\completion.o
                                         0x72 (size before relaxing)
 *fill*         0x0000000000016be3        0x1 
 .rodata.str1.4
                0x0000000000016be4       0x64 build\kernel\components\drivers\src\dataqueue.o
                                         0x90 (size before relaxing)
 .rodata.str1.4
                0x0000000000016c48        0xe build\kernel\components\drivers\src\ringbuffer.o
                                         0x19 (size before relaxing)
 *fill*         0x0000000000016c56        0x2 
 .rodata.str1.4
                0x0000000000016c58       0x33 build\kernel\components\drivers\watchdog\watchdog.o
                                         0x43 (size before relaxing)
 *fill*         0x0000000000016c8b        0x1 
 .rodata.str1.4
                0x0000000000016c8c       0xbb build\kernel\components\finsh\shell.o
                                         0xc3 (size before relaxing)
 *fill*         0x0000000000016d47        0x1 
 .rodata.str1.4
                0x0000000000016d48       0x6c build\kernel\components\finsh\msh.o
                                         0x78 (size before relaxing)
 .rodata.str1.4
                0x0000000000016db4       0xf2 build\kernel\components\finsh\finsh_error.o
 *fill*         0x0000000000016ea6        0x2 
 .rodata.str1.4
                0x0000000000016ea8       0x35 build\kernel\components\finsh\finsh_token.o
                                         0x3d (size before relaxing)
 .rodata.str1.4
                0x0000000000016edd        0x4 build\kernel\components\libc\compilers\common\time.o
 *fill*         0x0000000000016edd        0x3 
 .rodata.str1.4
                0x0000000000016ee0        0x4 libraries\hal_drivers\drv_gpio.o
 .rodata.str1.4
                0x0000000000016ee4       0x34 libraries\hal_drivers\drv_rtc.o
                                         0x4c (size before relaxing)
 .rodata.str1.4
                0x0000000000016f18       0x51 libraries\hal_drivers\drv_adc.o
                                         0x55 (size before relaxing)
 *fill*         0x0000000000016f69        0x3 
 .rodata.str1.4
                0x0000000000016f6c       0x29 libraries\hal_drivers\drv_usart.o
                                         0x6e (size before relaxing)
 *fill*         0x0000000000016f95        0x3 
 .rodata.str1.4
                0x0000000000016f98       0x52 libraries\hal_drivers\drv_pwm.o
                                         0x6a (size before relaxing)
 *fill*         0x0000000000016fea        0x2 
 .rodata.str1.4
                0x0000000000016fec       0x73 libraries\hal_drivers\drv_hwtimer.o
                                         0xaf (size before relaxing)
 *fill*         0x000000000001705f        0x1 
 .rodata.str1.4
                0x0000000000017060        0xd libcpu\cpu\cpuport.o
                                         0x12 (size before relaxing)
 EXCLUDE_FILE(*unwind*.o *lib_a**.o) *(.srodata)
 *fill*         0x000000000001706d        0x3 
 .srodata       0x0000000000017070        0x8 build\kernel\src\mem.o
 .srodata       0x0000000000017078        0x7 build\kernel\components\dfs\src\dfs.o
 *fill*         0x000000000001707f        0x1 
 .srodata       0x0000000000017080        0x8 libraries\hal_drivers\drv_adc.o
 *(.rela*)
 .rela.text.startup
                0x0000000000017088        0x0 build\applications\main.o
 .rela.text     0x0000000000017088        0x0 build\applications\main.o
 .rela.reset    0x0000000000017088        0x0 build\applications\main.o
 .rela.vector   0x0000000000017088        0x0 build\applications\main.o
 *(.data*)
 .data          0x0000000000017088       0x1c build\board\ports\audio\drv_sound.o
 .data          0x00000000000170a4       0xa0 build\kernel\src\object.o
 .data          0x0000000000017144      0x100 build\kernel\components\dfs\src\dfs.o
                0x0000000000017144                working_directory
 .data          0x0000000000017244       0x3c libraries\hal_drivers\drv_adc.o
 .data          0x0000000000017280        0xc libraries\hal_drivers\drv_usart.o
 .data          0x000000000001728c       0x48 libraries\hal_drivers\drv_pwm.o
 .data          0x00000000000172d4       0x5c libraries\hal_drivers\drv_hwtimer.o
 *fill*         0x0000000000017330        0x0 
 .data          0x0000000000017330      0x428 d:/program_files/programming/rt-threadstudio/repo/extract/toolchain_support_packages/risc-v/risc-v-gcc/10.1.0/bin/../lib/gcc/riscv64-unknown-elf/10.1.0/../../../../riscv64-unknown-elf/lib/rv32im/ilp32\libc.a(lib_a-impure.o)
 *(.sdata*)
 .sdata         0x0000000000017758        0x1 build\kernel\src\timer.o
 *fill*         0x0000000000017759        0x3 
 .sdata         0x000000000001775c        0x8 build\kernel\components\drivers\sdio\block_dev.o
 .sdata         0x0000000000017764       0x10 build\kernel\components\drivers\sdio\sdio.o
 .sdata         0x0000000000017774        0x4 build\kernel\components\finsh\msh.o
 .sdata         0x0000000000017778        0x1 libraries\hal_drivers\drv_sdio.o
 *fill*         0x0000000000017779        0x3 
 .sdata         0x000000000001777c        0x4 libraries\hal_drivers\drv_pwm.o
 .sdata         0x0000000000017780        0x4 d:/program_files/programming/rt-threadstudio/repo/extract/toolchain_support_packages/risc-v/risc-v-gcc/10.1.0/bin/../lib/gcc/riscv64-unknown-elf/10.1.0/../../../../riscv64-unknown-elf/lib/rv32im/ilp32\libc.a(lib_a-impure.o)
                0x0000000000017780                _impure_ptr

.bss            0x0000000000011000     0x18fc
                0x0000000000011000                __bss_start = .
 *(COMMON)
 *(.bss)
 .bss           0x0000000000011000       0x58 build\board\ports\audio\drv_sound.o
 .bss           0x0000000000011058       0xa4 build\board\board.o
 *fill*         0x00000000000110fc        0x4 
 .bss           0x0000000000011100      0x180 build\kernel\src\timer.o
 .bss           0x0000000000011280      0x100 build\kernel\src\scheduler.o
                0x0000000000011280                rt_thread_priority_table
 .bss           0x0000000000011380       0x20 build\kernel\src\mem.o
 .bss           0x00000000000113a0      0x290 build\kernel\src\idle.o
 .bss           0x0000000000011630       0x80 build\kernel\src\kservice.o
 .bss           0x00000000000116b0       0x44 build\kernel\components\dfs\src\dfs.o
                0x00000000000116b0                filesystem_table
 .bss           0x00000000000116f4      0x128 build\kernel\components\dfs\src\dfs_file.o
 .bss           0x000000000001181c       0x34 build\kernel\components\drivers\misc\pin.o
 .bss           0x0000000000011850       0x50 build\kernel\components\drivers\rtc\alarm.o
 .bss           0x00000000000118a0      0x500 build\kernel\components\drivers\sdio\mmcsd_core.o
 .bss           0x0000000000011da0      0x140 build\kernel\components\finsh\finsh_node.o
                0x0000000000011da0                global_node_table
 .bss           0x0000000000011ee0      0x180 build\kernel\components\finsh\finsh_vm.o
                0x0000000000011ee0                finsh_vm_stack
                0x0000000000011fe0                text_segment
 .bss           0x0000000000012060       0xc0 build\kernel\components\finsh\finsh_var.o
                0x0000000000012060                global_variable
 .bss           0x0000000000012120       0x81 build\kernel\components\finsh\shell.o
 *fill*         0x00000000000121a1        0x7 
 .bss           0x00000000000121a8       0x80 build\kernel\components\finsh\finsh_heap.o
                0x00000000000121a8                finsh_heap
 .bss           0x0000000000012228       0x61 build\kernel\components\libc\compilers\common\time.o
 *fill*         0x0000000000012289        0x3 
 .bss           0x000000000001228c       0x30 libraries\hal_drivers\drv_rtc.o
 .bss           0x00000000000122bc       0x34 libraries\hal_drivers\drv_wdt.o
 *fill*         0x00000000000122f0       0x10 
 .bss           0x0000000000012300      0x400 libraries\hal_drivers\drv_sdio.o
 .bss           0x0000000000012700       0x58 libraries\hal_drivers\drv_usart.o
 .bss           0x0000000000012758       0x5c libcpu\cpu\interrupt.o
                0x0000000000012758                tbl_irq_vector
 .bss           0x00000000000127b4        0xc libraries\hal_libraries\bmsis\source\system_ab32vgx.o
                0x00000000000127b4                sys
 *(.sbss)
 .sbss          0x00000000000127c0       0x1c build\kernel\src\timer.o
 .sbss          0x00000000000127dc       0x1c build\kernel\src\scheduler.o
                0x00000000000127e0                rt_thread_defunct
                0x00000000000127e8                rt_current_priority
                0x00000000000127ec                rt_current_thread
                0x00000000000127f4                rt_thread_ready_priority_group
 .sbss          0x00000000000127f8       0x20 build\kernel\src\mem.o
 .sbss          0x0000000000012818        0xc build\kernel\src\irq.o
                0x0000000000012818                rt_interrupt_nest
 .sbss          0x0000000000012824        0x8 build\kernel\src\mempool.o
 .sbss          0x000000000001282c        0x4 build\kernel\src\clock.o
 .sbss          0x0000000000012830       0x14 build\kernel\src\object.o
                0x0000000000012830                rt_object_put_hook
                0x0000000000012834                rt_object_take_hook
                0x0000000000012838                rt_object_trytake_hook
 .sbss          0x0000000000012844        0xc build\kernel\src\kservice.o
                0x0000000000012844                rt_assert_hook
 .sbss          0x0000000000012850        0xc build\kernel\src\thread.o
 .sbss          0x000000000001285c       0x14 build\kernel\components\dfs\src\dfs.o
                0x0000000000012868                filesystem_operation_table
 .sbss          0x0000000000012870        0x8 build\kernel\components\dfs\filesystems\elmfat\dfs_elm.o
 .sbss          0x0000000000012878        0xc build\kernel\components\dfs\filesystems\elmfat\ff.o
 .sbss          0x0000000000012884        0x4 build\kernel\components\drivers\misc\adc.o
 .sbss          0x0000000000012888        0x4 build\kernel\components\drivers\serial\serial.o
 .sbss          0x000000000001288c        0x4 build\kernel\components\finsh\cmd.o
 .sbss          0x0000000000012890        0xc build\kernel\components\finsh\finsh_vm.o
                0x0000000000012890                global_syscall_list
                0x0000000000012894                finsh_pc
                0x0000000000012898                finsh_sp
 .sbss          0x000000000001289c        0x4 build\kernel\components\finsh\finsh_var.o
                0x000000000001289c                global_sysvar_list
 .sbss          0x00000000000128a0       0x18 build\kernel\components\finsh\shell.o
                0x00000000000128a4                shell
                0x00000000000128a8                _sysvar_table_end
                0x00000000000128ac                _sysvar_table_begin
                0x00000000000128b0                _syscall_table_end
                0x00000000000128b4                _syscall_table_begin
 .sbss          0x00000000000128b8        0x8 build\kernel\components\finsh\finsh_compiler.o
                0x00000000000128b8                finsh_compile_pc
                0x00000000000128bc                finsh_compile_sp
 .sbss          0x00000000000128c0        0x8 build\kernel\components\finsh\finsh_heap.o
 .sbss          0x00000000000128c8        0x1 build\kernel\components\finsh\finsh_error.o
                0x00000000000128c8                global_errno
 *fill*         0x00000000000128c9        0x3 
 .sbss          0x00000000000128cc        0x4 build\kernel\components\libc\compilers\common\time.o
 .sbss          0x00000000000128d0        0x8 libraries\hal_drivers\drv_wdt.o
 .sbss          0x00000000000128d8        0x4 libraries\hal_drivers\drv_sdio.o
 .sbss          0x00000000000128dc       0x10 libcpu\cpu\cpuport.o
                0x00000000000128dc                rt_cur_thread_sp
                0x00000000000128e0                rt_thread_switch_interrupt_flag
                0x00000000000128e4                rt_interrupt_to_thread
                0x00000000000128e8                rt_interrupt_from_thread
 .sbss          0x00000000000128ec        0x8 libcpu\cpu\interrupt.o
                0x00000000000128ec                cpu_irq_comm_hook
                0x00000000000128f0                irq_mask
 .sbss          0x00000000000128f4        0x8 libraries\hal_libraries\ab32vg1_hal\source\ab32vg1_hal.o
 *(.buf*)
                0x00000000000128fc                __bss_end = .
                0x00000000000018fc                __bss_size = (__bss_end - __bss_start)

.stack          0x0000000000013000     0x1000
                0x0000000000013000                __irq_stack_start = .
                0x0000000000001000                . = __stack_ram_size
 *fill*         0x0000000000013000     0x1000 
                0x0000000000014000                __irq_stack = .
                0x0000000000001000                __irq_stack_size = (__irq_stack - __irq_stack_start)

.heap           0x0000000000028c00     0x7400
                0x0000000000028c00                __heap_start = .
                0x0000000000007400                . = __heap_ram_size
 *fill*         0x0000000000028c00     0x7400 
                0x0000000000030000                __heap_end = .

.flash          0x000000001000a0d0    0x1cf30
                0x000000001000a0d0                . = ALIGN (0x4)
                0x000000001000a0d0                __fsymtab_start = .
 *(FSymTab)
 FSymTab        0x000000001000a0d0        0xc build\kernel\src\memheap.o
                0x000000001000a0d0                __fsym___cmd_memheaptrace
 FSymTab        0x000000001000a0dc        0xc build\kernel\src\mem.o
                0x000000001000a0dc                __fsym_list_mem
 FSymTab        0x000000001000a0e8       0x18 build\kernel\components\dfs\src\dfs_posix.o
                0x000000001000a0e8                __fsym_cd
                0x000000001000a0f4                __fsym_mkdir
 FSymTab        0x000000001000a100       0x18 build\kernel\components\dfs\src\dfs_fs.o
                0x000000001000a100                __fsym_df
                0x000000001000a10c                __fsym_mkfs
 FSymTab        0x000000001000a118        0xc build\kernel\components\dfs\src\dfs.o
                0x000000001000a118                __fsym___cmd_list_fd
 FSymTab        0x000000001000a124       0x30 build\kernel\components\dfs\src\dfs_file.o
                0x000000001000a124                __fsym_copy
                0x000000001000a130                __fsym_cat
                0x000000001000a13c                __fsym_rm
                0x000000001000a148                __fsym_ls
 FSymTab        0x000000001000a154        0xc build\kernel\components\drivers\misc\adc.o
                0x000000001000a154                __fsym___cmd_adc
 FSymTab        0x000000001000a160       0x48 build\kernel\components\drivers\misc\rt_drv_pwm.o
                0x000000001000a160                __fsym___cmd_pwm_get
                0x000000001000a16c                __fsym___cmd_pwm_set
                0x000000001000a178                __fsym___cmd_pwm_disable
                0x000000001000a184                __fsym___cmd_pwm_enable
                0x000000001000a190                __fsym_pwm_set
                0x000000001000a19c                __fsym_pwm_enable
 FSymTab        0x000000001000a1a8       0x30 build\kernel\components\drivers\misc\pin.o
                0x000000001000a1a8                __fsym_pinGet
                0x000000001000a1b4                __fsym_pinRead
                0x000000001000a1c0                __fsym_pinWrite
                0x000000001000a1cc                __fsym_pinMode
 FSymTab        0x000000001000a1d8       0x3c build\kernel\components\drivers\rtc\rtc.o
                0x000000001000a1d8                __fsym___cmd_date
                0x000000001000a1e4                __fsym___cmd_list_date
                0x000000001000a1f0                __fsym_set_time
                0x000000001000a1fc                __fsym_set_date
                0x000000001000a208                __fsym_list_date
 FSymTab        0x000000001000a214        0xc build\kernel\components\drivers\rtc\alarm.o
                0x000000001000a214                __fsym___cmd_alarm_dump
 FSymTab        0x000000001000a220      0x138 build\kernel\components\finsh\cmd.o
                0x000000001000a220                __fsym_list
                0x000000001000a22c                __fsym___cmd_list_device
                0x000000001000a238                __fsym_list_device
                0x000000001000a244                __fsym___cmd_list_timer
                0x000000001000a250                __fsym_list_timer
                0x000000001000a25c                __fsym___cmd_list_mempool
                0x000000001000a268                __fsym_list_mempool
                0x000000001000a274                __fsym___cmd_list_memheap
                0x000000001000a280                __fsym_list_memheap
                0x000000001000a28c                __fsym___cmd_list_msgqueue
                0x000000001000a298                __fsym_list_msgqueue
                0x000000001000a2a4                __fsym___cmd_list_mailbox
                0x000000001000a2b0                __fsym_list_mailbox
                0x000000001000a2bc                __fsym___cmd_list_mutex
                0x000000001000a2c8                __fsym_list_mutex
                0x000000001000a2d4                __fsym___cmd_list_event
                0x000000001000a2e0                __fsym_list_event
                0x000000001000a2ec                __fsym___cmd_list_sem
                0x000000001000a2f8                __fsym_list_sem
                0x000000001000a304                __fsym___cmd_list_thread
                0x000000001000a310                __fsym_list_thread
                0x000000001000a31c                __fsym___cmd_version
                0x000000001000a328                __fsym_version
                0x000000001000a334                __fsym___cmd_clear
                0x000000001000a340                __fsym_clear
                0x000000001000a34c                __fsym_hello
 FSymTab        0x000000001000a358       0x9c build\kernel\components\finsh\msh_file.o
                0x000000001000a358                __fsym___cmd_echo
                0x000000001000a364                __fsym___cmd_df
                0x000000001000a370                __fsym___cmd_umount
                0x000000001000a37c                __fsym___cmd_mount
                0x000000001000a388                __fsym___cmd_mkfs
                0x000000001000a394                __fsym___cmd_mkdir
                0x000000001000a3a0                __fsym___cmd_pwd
                0x000000001000a3ac                __fsym___cmd_cd
                0x000000001000a3b8                __fsym___cmd_rm
                0x000000001000a3c4                __fsym___cmd_cat
                0x000000001000a3d0                __fsym___cmd_mv
                0x000000001000a3dc                __fsym___cmd_cp
                0x000000001000a3e8                __fsym___cmd_ls
 FSymTab        0x000000001000a3f4       0x3c build\kernel\components\finsh\msh.o
                0x000000001000a3f4                __fsym___cmd_free
                0x000000001000a400                __fsym___cmd_ps
                0x000000001000a40c                __fsym___cmd_help
                0x000000001000a418                __fsym_msh
                0x000000001000a424                __fsym___cmd_exit
                0x000000001000a430                __fsymtab_end = .
                0x000000001000a430                . = ALIGN (0x4)
                0x000000001000a430                __vsymtab_start = .
 *(VSymTab)
 VSymTab        0x000000001000a430       0x10 build\kernel\components\finsh\cmd.o
                0x000000001000a430                __vsym_dummy
                0x000000001000a440                __vsymtab_end = .
                0x000000001000a440                . = ALIGN (0x4)
 *(.text*)
 .text          0x000000001000a440      0x104 build\applications\mnt.o
                0x000000001000a440                sd_mount
                0x000000001000a4da                ab32_sdcard_mount
 .text          0x000000001000a544      0x678 build\board\ports\audio\drv_sound.o
                0x000000001000a756                adpll_init
                0x000000001000a804                dac_start
                0x000000001000a8c6                audio_sem_pend
                0x000000001000a8d8                sound_transmit
                0x000000001000a940                saia_frequency_set
                0x000000001000a99a                saia_channels_set
                0x000000001000aa38                saia_volume_set
                0x000000001000ab08                saia_volume_get
 .text          0x000000001000abbc      0x1b6 build\board\board.o
                0x000000001000abbc                timer0_cfg
                0x000000001000abd0                hal_printf
                0x000000001000ac5c                timer0_init
                0x000000001000ac84                hal_mdelay
                0x000000001000ac8c                rt_hw_systick_init
                0x000000001000ad2e                rt_hw_board_init
                0x000000001000ad70                rt_hw_us_delay
 .text          0x000000001000ad72      0x146 build\board\ab32vg1_hal_msp.o
                0x000000001000ad72                hal_uart_mspinit
                0x000000001000ae42                hal_sd_mspinit
                0x000000001000ae90                hal_pwm_mspinit
 .text          0x000000001000aeb8      0x128 build\kernel\src\components.o
                0x000000001000aec8                rt_components_board_init
                0x000000001000aef6                rt_components_init
                0x000000001000af24                main_thread_entry
                0x000000001000af36                rt_application_init
                0x000000001000af8e                rtthread_startup
                0x000000001000afd2                entry
 .text          0x000000001000afe0      0x884 build\kernel\src\memheap.o
                0x000000001000afe0                rt_memheap_init
                0x000000001000b0be                rt_memheap_detach
                0x000000001000b158                rt_memheap_alloc
                0x000000001000b2ce                rt_memheap_free
                0x000000001000b43a                rt_memheap_realloc
                0x000000001000b690                rt_memheap_dump
                0x000000001000b7f6                memheaptrace
 .text          0x000000001000b864      0x844 build\kernel\src\mem.o
                0x000000001000b864                list_mem
                0x000000001000b9a4                rt_malloc_sethook
                0x000000001000b9ae                rt_free_sethook
                0x000000001000b9b8                rt_system_heap_init
                0x000000001000bace                rt_malloc
                0x000000001000bcfa                rt_calloc
                0x000000001000bd24                rt_free
                0x000000001000bf08                rt_realloc
                0x000000001000c082                rt_memory_info
 .text          0x000000001000c0a8      0x1d4 build\kernel\src\idle.o
                0x000000001000c0a8                rt_thread_idle_sethook
                0x000000001000c0f0                rt_thread_idle_delhook
                0x000000001000c13c                rt_thread_idle_excute
                0x000000001000c216                rt_thread_idle_init
                0x000000001000c272                rt_thread_idle_gethandler
 .text          0x000000001000c27c      0x700 build\kernel\components\dfs\src\dfs_posix.o
                0x000000001000c27c                mkdir
                0x000000001000c2f0                open
                0x000000001000c35c                close
                0x000000001000c3a0                read
                0x000000001000c3ea                write
                0x000000001000c434                lseek
                0x000000001000c4a8                rename
                0x000000001000c4c8                unlink
                0x000000001000c4e8                stat
                0x000000001000c508                fstat
                0x000000001000c558                fsync
                0x000000001000c58e                fcntl
                0x000000001000c5e0                ioctl
                0x000000001000c5fc                ftruncate
                0x000000001000c64e                statfs
                0x000000001000c66e                rmdir
                0x000000001000c670                opendir
                0x000000001000c6fc                readdir
                0x000000001000c78c                telldir
                0x000000001000c7ca                seekdir
                0x000000001000c812                rewinddir
                0x000000001000c858                closedir
                0x000000001000c8a8                chdir
                0x000000001000c93c                access
                0x000000001000c94c                getcwd
 .text          0x000000001000c97c      0x790 build\kernel\components\dfs\src\dfs_fs.o
                0x000000001000c97c                dfs_register
                0x000000001000ca28                dfs_filesystem_lookup
                0x000000001000caf0                dfs_filesystem_get_mounted_path
                0x000000001000cb36                dfs_filesystem_get_partition
                0x000000001000cc5e                dfs_mount
                0x000000001000ce4c                dfs_unmount
                0x000000001000cef0                dfs_mkfs
                0x000000001000d010                mkfs
                0x000000001000d012                dfs_statfs
                0x000000001000d032                df
 .text          0x000000001000d10c      0x6e4 build\kernel\components\dfs\src\dfs.o
                0x000000001000d10c                list_fd
                0x000000001000d26a                dfs_init
                0x000000001000d32a                dfs_lock
                0x000000001000d37c                dfs_unlock
                0x000000001000d38c                fd_new
                0x000000001000d496                fd_get
                0x000000001000d4f2                fd_put
                0x000000001000d562                dfs_subdir
                0x000000001000d5a8                dfs_normalize_path
                0x000000001000d732                fd_is_open
                0x000000001000d7e6                dfs_fdtable_get
 .text          0x000000001000d7f0      0x9ba build\kernel\components\dfs\src\dfs_file.o
                0x000000001000d7f0                dfs_file_open
                0x000000001000d8ce                dfs_file_close
                0x000000001000d904                dfs_file_ioctl
                0x000000001000d94a                dfs_file_read
                0x000000001000d980                cat
                0x000000001000da0c                dfs_file_getdents
                0x000000001000da2a                dfs_file_unlink
                0x000000001000daac                rm
                0x000000001000dad4                dfs_file_write
                0x000000001000dbbe                dfs_file_flush
                0x000000001000dbd2                dfs_file_lseek
                0x000000001000dc00                dfs_file_stat
                0x000000001000dd16                ls
                0x000000001000dfca                copy
                0x000000001000e0d0                dfs_file_rename
                0x000000001000e16c                dfs_file_ftruncate
 .text          0x000000001000e1aa      0x420 build\kernel\components\dfs\filesystems\devfs\devfs.o
                0x000000001000e1aa                dfs_device_fs_mount
                0x000000001000e1b2                dfs_device_fs_ioctl
                0x000000001000e218                dfs_device_fs_read
                0x000000001000e290                dfs_device_fs_write
                0x000000001000e308                dfs_device_fs_close
                0x000000001000e3a0                dfs_device_fs_stat
                0x000000001000e412                dfs_device_fs_open
                0x000000001000e508                dfs_device_fs_getdents
                0x000000001000e5b2                devfs_init
 .text          0x000000001000e5ca      0x11e build\kernel\components\dfs\filesystems\elmfat\ffunicode.o
                0x000000001000e5ca                ff_uni2oem
                0x000000001000e616                ff_oem2uni
                0x000000001000e644                ff_wtoupper
 .text          0x000000001000e6e8      0xce8 build\kernel\components\dfs\filesystems\elmfat\dfs_elm.o
                0x000000001000e722                dfs_elm_mount
                0x000000001000e848                dfs_elm_unmount
                0x000000001000e8de                dfs_elm_mkfs
                0x000000001000ea2a                dfs_elm_statfs
                0x000000001000eacc                dfs_elm_open
                0x000000001000ec00                dfs_elm_close
                0x000000001000ec7c                dfs_elm_ioctl
                0x000000001000ece2                dfs_elm_read
                0x000000001000ed52                dfs_elm_write
                0x000000001000edc6                dfs_elm_flush
                0x000000001000edfa                dfs_elm_lseek
                0x000000001000ee98                dfs_elm_getdents
                0x000000001000efb2                dfs_elm_unlink
                0x000000001000f018                dfs_elm_rename
                0x000000001000f088                dfs_elm_stat
                0x000000001000f186                elm_init
                0x000000001000f19e                disk_initialize
                0x000000001000f1a2                disk_status
                0x000000001000f1a6                disk_read
                0x000000001000f1dc                disk_write
                0x000000001000f212                disk_ioctl
                0x000000001000f2f0                get_fattime
                0x000000001000f350                ff_cre_syncobj
                0x000000001000f38c                ff_del_syncobj
                0x000000001000f3a6                ff_req_grant
                0x000000001000f3c0                ff_rel_grant
                0x000000001000f3c8                ff_memalloc
                0x000000001000f3cc                ff_memfree
 .text          0x000000001000f3d0     0x31ea build\kernel\components\dfs\filesystems\elmfat\ff.o
                0x0000000010010c20                f_mount
                0x0000000010010cb6                f_open
                0x0000000010010eec                f_read
                0x00000000100110d0                f_write
                0x00000000100112f8                f_sync
                0x00000000100113c2                f_close
                0x00000000100113f6                f_lseek
                0x000000001001169a                f_opendir
                0x0000000010011748                f_closedir
                0x0000000010011774                f_readdir
                0x0000000010011802                f_seekdir
                0x000000001001184e                f_stat
                0x00000000100118c6                f_getfree
                0x00000000100119de                f_truncate
                0x0000000010011ac0                f_unlink
                0x0000000010011b98                f_mkdir
                0x0000000010011cec                f_rename
                0x0000000010011e42                f_mkfs
                0x000000001001259a                elm_get_vol
 .text          0x00000000100125ba      0x3dc build\kernel\components\drivers\misc\adc.o
                0x0000000010012622                rt_hw_adc_register
                0x000000001001268e                rt_adc_read
                0x00000000100126d0                rt_adc_enable
                0x000000001001271c                rt_adc_disable
 .text          0x0000000010012996      0x3b0 build\kernel\components\drivers\misc\rt_drv_pwm.o
                0x0000000010012a2a                rt_pwm_enable
                0x0000000010012a5e                rt_pwm_set
                0x0000000010012b5c                rt_device_pwm_register
                0x0000000010012bae                rt_pwm_disable
                0x0000000010012c44                rt_pwm_get
 .text          0x0000000010012d46      0x938 build\kernel\components\drivers\rtc\alarm.o
                0x0000000010012fba                rt_alarm_dump
                0x0000000010013096                rt_alarm_system_init
                0x0000000010013398                rt_alarm_update
                0x00000000100133aa                rt_alarm_start
                0x0000000010013462                rt_alarm_stop
                0x00000000100134ce                rt_alarm_control
                0x0000000010013586                rt_alarm_delete
                0x00000000100135f8                rt_alarm_create
 .text          0x000000001001367e      0x8cc build\kernel\components\drivers\sdio\mmc.o
                0x00000000100137b6                mmc_send_op_cond
                0x0000000010013844                init_mmc
 .text          0x0000000010013f4a      0xa54 build\kernel\components\drivers\sdio\sd.o
                0x0000000010013fee                mmcsd_send_app_cmd
                0x0000000010014072                mmcsd_app_set_bus_width
                0x00000000100140ba                mmcsd_send_app_op_cond
                0x0000000010014150                mmcsd_send_if_cond
                0x00000000100141a4                mmcsd_get_card_addr
                0x00000000100141e8                mmcsd_get_scr
                0x00000000100142c0                init_sd
 .text          0x000000001001499e      0x768 build\kernel\components\drivers\sdio\block_dev.o
                0x0000000010014cf8                mmcsd_num_wr_blocks
                0x0000000010014dfe                rt_mmcsd_blk_probe
                0x000000001001508a                rt_mmcsd_blk_remove
                0x0000000010015102                rt_mmcsd_blk_init
 .text          0x0000000010015106     0x14b0 build\kernel\components\drivers\sdio\sdio.o
                0x0000000010015196                sdio_io_send_op_cond
                0x0000000010015238                sdio_io_rw_direct
                0x0000000010015362                sdio_io_rw_extended
                0x0000000010015528                sdio_io_rw_extended_block
                0x000000001001566c                sdio_io_readb
                0x00000000100159a6                sdio_io_writeb
                0x00000000100159c6                sdio_io_readw
                0x00000000100159f2                sdio_io_writew
                0x0000000010015a08                sdio_io_readl
                0x0000000010015a32                sdio_io_writel
                0x0000000010015a48                sdio_io_read_multi_fifo_b
                0x0000000010015a54                sdio_io_write_multi_fifo_b
                0x0000000010015a60                sdio_io_read_multi_incr_b
                0x0000000010015a6c                sdio_io_write_multi_incr_b
                0x0000000010015a78                sdio_free_cis
                0x0000000010015ab4                init_sdio
                0x0000000010016084                sdio_attach_irq
                0x0000000010016196                sdio_detach_irq
                0x000000001001628a                sdio_irq_wakeup
                0x00000000100162bc                sdio_enable_func
                0x000000001001638c                sdio_disable_func
                0x0000000010016410                sdio_set_drvdata
                0x0000000010016414                sdio_get_drvdata
                0x0000000010016418                sdio_set_block_size
                0x0000000010016488                sdio_register_driver
                0x000000001001650e                sdio_unregister_driver
                0x00000000100165b4                rt_sdio_init
 .text          0x00000000100165b6      0xa30 build\kernel\components\drivers\sdio\mmcsd_core.o
                0x00000000100165da                rt_mmcsd_core_init
                0x00000000100166b2                mmcsd_host_lock
                0x00000000100166c0                mmcsd_host_unlock
                0x00000000100166cc                mmcsd_req_complete
                0x00000000100166d8                mmcsd_send_request
                0x000000001001673e                mmcsd_send_cmd
                0x00000000100167ce                mmcsd_go_idle
                0x0000000010016842                mmcsd_detect
                0x00000000100169e8                mmcsd_spi_read_ocr
                0x0000000010016a34                mmcsd_all_get_cid
                0x0000000010016a82                mmcsd_get_cid
                0x0000000010016bbc                mmcsd_get_csd
                0x0000000010016cf0                mmcsd_select_card
                0x0000000010016cf6                mmcsd_deselect_cards
                0x0000000010016cfc                mmcsd_spi_use_crc
                0x0000000010016d3c                mmcsd_set_chip_select
                0x0000000010016d42                mmcsd_set_clock
                0x0000000010016d92                mmcsd_set_bus_mode
                0x0000000010016d98                mmcsd_set_bus_width
                0x0000000010016d9e                mmcsd_set_data_timeout
                0x0000000010016e66                mmcsd_select_voltage
                0x0000000010016ede                mmcsd_wait_cd_changed
                0x0000000010016f0a                mmcsd_change
                0x0000000010016f1c                mmcsd_alloc_host
                0x0000000010016fba                mmcsd_free_host
 .text          0x0000000010016fe6      0x78a build\kernel\components\drivers\serial\serial.o
                0x0000000010017570                rt_hw_serial_register
                0x00000000100175da                rt_hw_serial_isr
 .text          0x0000000010017770      0x222 build\kernel\components\drivers\src\completion.o
                0x0000000010017770                rt_completion_init
                0x00000000100177b6                rt_completion_wait
                0x0000000010017904                rt_completion_done
 .text          0x0000000010017992      0x80c build\kernel\components\drivers\src\dataqueue.o
                0x0000000010017992                rt_data_queue_init
                0x0000000010017a28                rt_data_queue_push
                0x0000000010017c3e                rt_data_queue_peek
                0x0000000010017cec                rt_data_queue_reset
                0x0000000010017dde                rt_data_queue_deinit
                0x0000000010017e56                rt_data_queue_len
                0x0000000010017efa                rt_data_queue_pop
 .text          0x000000001001819e      0x6b8 build\kernel\components\drivers\src\ringbuffer.o
                0x000000001001819e                rt_ringbuffer_init
                0x0000000010018206                rt_ringbuffer_putchar_force
                0x00000000100182b6                rt_ringbuffer_data_len
                0x00000000100182ee                rt_ringbuffer_put
                0x00000000100183c6                rt_ringbuffer_put_force
                0x00000000100184fe                rt_ringbuffer_get
                0x00000000100185f2                rt_ringbuffer_peak
                0x000000001001867e                rt_ringbuffer_putchar
                0x00000000100186fc                rt_ringbuffer_getchar
                0x000000001001878a                rt_ringbuffer_reset
                0x00000000100187bc                rt_ringbuffer_create
                0x000000001001881e                rt_ringbuffer_destroy
 .text          0x0000000010018856      0x1cc build\kernel\components\finsh\finsh_node.o
                0x0000000010018856                finsh_node_init
                0x0000000010018878                finsh_node_allocate
                0x00000000100188aa                finsh_node_new_id
                0x0000000010018918                finsh_node_new_char
                0x0000000010018942                finsh_node_new_int
                0x000000001001896a                finsh_node_new_long
                0x0000000010018992                finsh_node_new_string
                0x00000000100189fa                finsh_node_new_ptr
 .text          0x0000000010018a22      0x8d0 build\kernel\components\finsh\finsh_parser.o
                0x000000001001923a                finsh_parser_run
                0x00000000100192d8                finsh_parser_init
 .text          0x00000000100192f2     0x10ae build\kernel\components\finsh\cmd.o
                0x000000001001933e                hello
                0x00000000100193ca                version
                0x00000000100193de                list
                0x00000000100195a4                list_timer
                0x00000000100196c2                list_thread
                0x0000000010019842                list_sem
                0x0000000010019972                list_event
                0x0000000010019a98                list_mutex
                0x0000000010019b82                list_mailbox
                0x0000000010019cc0                list_msgqueue
                0x0000000010019df8                list_memheap
                0x0000000010019ed8                list_mempool
                0x000000001001a00a                list_device
                0x000000001001a112                list_prefix
 .text          0x000000001001a3a0      0x118 build\kernel\components\finsh\finsh_vm.o
                0x000000001001a3a0                finsh_vm_run
                0x000000001001a406                finsh_syscall_append
                0x000000001001a44e                finsh_syscall_lookup
 .text          0x000000001001a4b8      0x96a build\kernel\components\finsh\msh_file.o
                0x000000001001a4b8                cmd_ls
                0x000000001001a4da                cmd_pwd
                0x000000001001a68c                cmd_rm
                0x000000001001a7de                cmd_mkfs
                0x000000001001a84a                cmd_mount
                0x000000001001a920                cmd_umount
                0x000000001001a982                cmd_cp
                0x000000001001a9c0                cmd_mv
                0x000000001001aac0                cmd_cat
                0x000000001001ab1a                cmd_cd
                0x000000001001ab64                cmd_mkdir
                0x000000001001aba2                cmd_df
                0x000000001001ac04                cmd_echo
                0x000000001001ac88                msh_exec_script
 .text          0x000000001001ae22      0x202 build\kernel\components\finsh\finsh_var.o
                0x000000001001ae22                finsh_var_init
                0x000000001001ae44                finsh_var_insert
                0x000000001001aece                finsh_var_delete
                0x000000001001af26                finsh_var_lookup
                0x000000001001af68                finsh_sysvar_append
                0x000000001001afba                finsh_sysvar_lookup
 .text          0x000000001001b024      0xab4 build\kernel\components\finsh\shell.o
                0x000000001001b066                finsh_set_prompt
                0x000000001001b0b4                finsh_get_prompt
                0x000000001001b1aa                finsh_get_prompt_mode
                0x000000001001b1e8                finsh_set_prompt_mode
                0x000000001001b236                finsh_system_init
                0x000000001001b302                finsh_set_device
                0x000000001001b3e0                finsh_get_device
                0x000000001001b41c                finsh_set_echo
                0x000000001001b468                finsh_get_echo
                0x000000001001b4a4                finsh_run_line
                0x000000001001b576                finsh_thread_entry
                0x000000001001bab4                finsh_system_function_init
                0x000000001001bac6                finsh_system_var_init
 .text          0x000000001001bad8      0x5c8 build\kernel\components\finsh\msh.o
                0x000000001001baf2                msh_help
                0x000000001001bb80                cmd_ps
                0x000000001001bb90                cmd_free
                0x000000001001bba0                msh_is_used
                0x000000001001bbaa                msh_exec
                0x000000001001bd9a                msh_auto_complete_path
                0x000000001001bf7e                msh_auto_complete
 .text          0x000000001001c0a0      0xf28 build\kernel\components\finsh\finsh_compiler.o
                0x000000001001cf38                finsh_compiler_run
 .text          0x000000001001cfc8      0x20e build\kernel\components\finsh\finsh_heap.o
                0x000000001001cfec                finsh_heap_init
                0x000000001001d030                finsh_heap_free
                0x000000001001d0ea                finsh_heap_allocate
 .text          0x000000001001d1d6      0x83c build\kernel\components\finsh\finsh_ops.o
                0x000000001001d1d6                OP_no_op
                0x000000001001d1d8                OP_add_byte
                0x000000001001d1f8                OP_add_word
                0x000000001001d218                OP_add_dword
                0x000000001001d238                OP_sub_byte
                0x000000001001d258                OP_sub_word
                0x000000001001d278                OP_sub_dword
                0x000000001001d298                OP_div_byte
                0x000000001001d2ba                OP_div_word
                0x000000001001d2dc                OP_div_dword
                0x000000001001d2fe                OP_mod_byte
                0x000000001001d320                OP_mod_word
                0x000000001001d342                OP_mod_dword
                0x000000001001d364                OP_mul_byte
                0x000000001001d386                OP_mul_word
                0x000000001001d3a8                OP_mul_dword
                0x000000001001d3ca                OP_and_byte
                0x000000001001d3ea                OP_and_word
                0x000000001001d40a                OP_and_dword
                0x000000001001d42a                OP_or_byte
                0x000000001001d44a                OP_or_word
                0x000000001001d46a                OP_or_dword
                0x000000001001d48a                OP_xor_byte
                0x000000001001d4aa                OP_xor_word
                0x000000001001d4ca                OP_xor_dword
                0x000000001001d4ea                OP_bw_byte
                0x000000001001d500                OP_bw_word
                0x000000001001d516                OP_bw_dword
                0x000000001001d52c                OP_shl_byte
                0x000000001001d54e                OP_shl_word
                0x000000001001d570                OP_shl_dword
                0x000000001001d592                OP_shr_byte
                0x000000001001d5b4                OP_shr_word
                0x000000001001d5d6                OP_shr_dword
                0x000000001001d5f8                OP_ld_byte
                0x000000001001d622                OP_ld_word
                0x000000001001d654                OP_ld_dword
                0x000000001001d694                OP_ld_value_byte
                0x000000001001d6da                OP_ld_value_byte_stack
                0x000000001001d6f0                OP_ld_value_word
                0x000000001001d736                OP_ld_value_word_stack
                0x000000001001d74c                OP_ld_value_dword
                0x000000001001d78e                OP_ld_value_dword_stack
                0x000000001001d7a2                OP_st_byte
                0x000000001001d7c0                OP_st_word
                0x000000001001d7dc                OP_st_dword
                0x000000001001d7f6                OP_pop
                0x000000001001d806                OP_call
 .text          0x000000001001da12       0x34 build\kernel\components\finsh\finsh_error.o
                0x000000001001da12                finsh_error_init
                0x000000001001da1e                finsh_error_set
                0x000000001001da2a                finsh_errno
                0x000000001001da34                finsh_error_string
 .text          0x000000001001da46      0x61a build\kernel\components\finsh\finsh_token.o
                0x000000001001dab8                finsh_token_init
                0x000000001001dae0                finsh_token_get_token
                0x000000001001daf2                token_get_string
                0x000000001001db84                finsh_token_token
 .text          0x000000001001e060       0x5e build\kernel\components\finsh\finsh_init.o
                0x000000001001e060                finsh_init
                0x000000001001e080                finsh_stack_bottom
                0x000000001001e08a                finsh_flush
                0x000000001001e0a2                finsh_reset
 .text          0x000000001001e0be      0x4cc build\kernel\components\libc\compilers\common\time.o
                0x000000001001e100                gmtime_r
                0x000000001001e1c0                gmtime
                0x000000001001e1ca                localtime_r
                0x000000001001e1dc                localtime
                0x000000001001e1e6                asctime_r
                0x000000001001e298                asctime
                0x000000001001e2a2                ctime_r
                0x000000001001e2ba                ctime
                0x000000001001e2c6                time
                0x000000001001e33c                clock
                0x000000001001e344                stime
                0x000000001001e3a0                timegm
                0x000000001001e53c                mktime
                0x000000001001e53e                gettimeofday
                0x000000001001e570                settimeofday
 .text          0x000000001001e58a      0x1e0 libraries\hal_drivers\drv_gpio.o
                0x000000001001e750                rt_hw_pin_init
 .text          0x000000001001e76a      0x34c libraries\hal_drivers\drv_rtc.o
                0x000000001001e76a                get_weekday
                0x000000001001e78e                irtc_write
                0x000000001001e79e                irtc_read
                0x000000001001e7b6                irtc_time_write
                0x000000001001e82c                irtc_time_read
                0x000000001001e8fa                irtc_sfr_write
                0x000000001001e94c                irtc_sfr_read
                0x000000001001e996                hal_rtc_init
                0x000000001001ea10                rt_hw_rtc_init
 .text          0x000000001001eab6      0x2fe libraries\hal_drivers\drv_wdt.o
                0x000000001001eaba                rt_wdt_init
 .text          0x000000001001edb4      0x7ce libraries\hal_drivers\drv_sdio.o
                0x000000001001edd6                rthw_sdio_irq_update
                0x000000001001f324                sdio_host_create
                0x000000001001f4ea                rt_hw_sdio_init
                0x000000001001f576                ab32_mmcsd_change
 .text          0x000000001001f582      0x130 libraries\hal_drivers\drv_adc.o
 .text          0x000000001001f6b2      0x218 libraries\hal_drivers\drv_usart.o
                0x000000001001f83a                rt_hw_usart_init
 .text          0x000000001001f8ca      0x36e libraries\hal_drivers\drv_pwm.o
 .text          0x000000001001fc38      0x28a libraries\hal_drivers\drv_hwtimer.o
 .text          0x000000001001fec2       0x72 libcpu\cpu\cpuport.o
                0x000000001001fec2                rt_hw_stack_init
                0x000000001001fee0                rt_hw_cpu_shutdown
 .text          0x000000001001ff34      0x3d6 libraries\hal_libraries\bmsis\source\system_ab32vgx.o
                0x000000001001ff34                get_clksel_val
                0x000000001001ff44                get_cur_sysclk
                0x000000001001ff4e                get_sysclk_nhz
                0x000000001001ff72                get_sd_rate
                0x000000001001ff76                set_sd_baud
                0x000000001001ffd4                update_sd0baud
                0x0000000010020010                sysclk_update_baud
                0x000000001002004c                update_uart0baud_in_sysclk
                0x000000001002006a                set_sys_uart0baud
                0x0000000010020074                set_peripherals_clkdiv_safety
                0x00000000100200a2                set_peripherals_clkdiv
                0x0000000010020114                set_sysclk
 .text.hal_adc_enable
                0x000000001002030a       0x14 libraries\hal_libraries\ab32vg1_hal\libhal.a(ab32vg1_hal_adc.o)
                0x000000001002030a                hal_adc_enable
 .text.hal_adc_start
                0x000000001002031e        0x6 libraries\hal_libraries\ab32vg1_hal\libhal.a(ab32vg1_hal_adc.o)
                0x000000001002031e                hal_adc_start
 .text.hal_adc_poll_for_conversion
                0x0000000010020324       0x34 libraries\hal_libraries\ab32vg1_hal\libhal.a(ab32vg1_hal_adc.o)
                0x0000000010020324                hal_adc_poll_for_conversion
 .text          0x0000000010020358      0x434 d:/program_files/programming/rt-threadstudio/repo/extract/toolchain_support_packages/risc-v/risc-v-gcc/10.1.0/bin/../lib/gcc/riscv64-unknown-elf/10.1.0/rv32im/ilp32\libgcc.a(_udivdi3.o)
                0x0000000010020358                __udivdi3
 .text          0x000000001002078c      0x6e0 d:/program_files/programming/rt-threadstudio/repo/extract/toolchain_support_packages/risc-v/risc-v-gcc/10.1.0/bin/../lib/gcc/riscv64-unknown-elf/10.1.0/rv32im/ilp32\libgcc.a(divdf3.o)
                0x000000001002078c                __divdf3
 .text          0x0000000010020e6c      0x5c8 d:/program_files/programming/rt-threadstudio/repo/extract/toolchain_support_packages/risc-v/risc-v-gcc/10.1.0/bin/../lib/gcc/riscv64-unknown-elf/10.1.0/rv32im/ilp32\libgcc.a(muldf3.o)
                0x0000000010020e6c                __muldf3
 .text          0x0000000010021434       0x80 d:/program_files/programming/rt-threadstudio/repo/extract/toolchain_support_packages/risc-v/risc-v-gcc/10.1.0/bin/../lib/gcc/riscv64-unknown-elf/10.1.0/rv32im/ilp32\libgcc.a(fixdfsi.o)
                0x0000000010021434                __fixdfsi
 .text          0x00000000100214b4       0x80 d:/program_files/programming/rt-threadstudio/repo/extract/toolchain_support_packages/risc-v/risc-v-gcc/10.1.0/bin/../lib/gcc/riscv64-unknown-elf/10.1.0/rv32im/ilp32\libgcc.a(floatunsidf.o)
                0x00000000100214b4                __floatunsidf
 .text          0x0000000010021534      0x45c d:/program_files/programming/rt-threadstudio/repo/extract/toolchain_support_packages/risc-v/risc-v-gcc/10.1.0/bin/../lib/gcc/riscv64-unknown-elf/10.1.0/rv32im/ilp32\libgcc.a(addsf3.o)
                0x0000000010021534                __addsf3
 .text          0x0000000010021990      0x334 d:/program_files/programming/rt-threadstudio/repo/extract/toolchain_support_packages/risc-v/risc-v-gcc/10.1.0/bin/../lib/gcc/riscv64-unknown-elf/10.1.0/rv32im/ilp32\libgcc.a(divsf3.o)
                0x0000000010021990                __divsf3
 .text          0x0000000010021cc4       0x68 d:/program_files/programming/rt-threadstudio/repo/extract/toolchain_support_packages/risc-v/risc-v-gcc/10.1.0/bin/../lib/gcc/riscv64-unknown-elf/10.1.0/rv32im/ilp32\libgcc.a(eqsf2.o)
                0x0000000010021cc4                __eqsf2
                0x0000000010021cc4                __nesf2
 .text          0x0000000010021d2c       0xb4 d:/program_files/programming/rt-threadstudio/repo/extract/toolchain_support_packages/risc-v/risc-v-gcc/10.1.0/bin/../lib/gcc/riscv64-unknown-elf/10.1.0/rv32im/ilp32\libgcc.a(gesf2.o)
                0x0000000010021d2c                __gesf2
                0x0000000010021d2c                __gtsf2
 .text          0x0000000010021de0       0xb4 d:/program_files/programming/rt-threadstudio/repo/extract/toolchain_support_packages/risc-v/risc-v-gcc/10.1.0/bin/../lib/gcc/riscv64-unknown-elf/10.1.0/rv32im/ilp32\libgcc.a(lesf2.o)
                0x0000000010021de0                __ltsf2
                0x0000000010021de0                __lesf2