Archive member included to satisfy reference by file (symbol)

libraries\hal_libraries\ab32vg1_hal\libhal.a(cache.o)
                              build\board\board.o (load_cache)
libraries\hal_libraries\ab32vg1_hal\libhal.a(rom_fun.o)
                              build\kernel\src\kservice.o (memset)
libraries\hal_libraries\ab32vg1_hal\libhal.a(sys_err.o)
                              build\board\board.o (sys_error_hook)
d:/program_files/programming/rt-threadstudio/repo/extract/toolchain_support_packages/risc-v/risc-v-gcc/10.1.0/bin/../lib/gcc/riscv64-unknown-elf/10.1.0/rv32im/ilp32\libgcc.a(addsf3.o)
                              build\kernel\components\drivers\hwtimer\hwtimer.o (__addsf3)
d:/program_files/programming/rt-threadstudio/repo/extract/toolchain_support_packages/risc-v/risc-v-gcc/10.1.0/bin/../lib/gcc/riscv64-unknown-elf/10.1.0/rv32im/ilp32\libgcc.a(divsf3.o)
                              build\kernel\components\drivers\hwtimer\hwtimer.o (__divsf3)
d:/program_files/programming/rt-threadstudio/repo/extract/toolchain_support_packages/risc-v/risc-v-gcc/10.1.0/bin/../lib/gcc/riscv64-unknown-elf/10.1.0/rv32im/ilp32\libgcc.a(eqsf2.o)
                              build\kernel\components\drivers\hwtimer\hwtimer.o (__eqsf2)
d:/program_files/programming/rt-threadstudio/repo/extract/toolchain_support_packages/risc-v/risc-v-gcc/10.1.0/bin/../lib/gcc/riscv64-unknown-elf/10.1.0/rv32im/ilp32\libgcc.a(gesf2.o)
                              build\kernel\components\drivers\hwtimer\hwtimer.o (__gesf2)
d:/program_files/programming/rt-threadstudio/repo/extract/toolchain_support_packages/risc-v/risc-v-gcc/10.1.0/bin/../lib/gcc/riscv64-unknown-elf/10.1.0/rv32im/ilp32\libgcc.a(lesf2.o)
                              build\kernel\components\drivers\hwtimer\hwtimer.o (__ltsf2)
d:/program_files/programming/rt-threadstudio/repo/extract/toolchain_support_packages/risc-v/risc-v-gcc/10.1.0/bin/../lib/gcc/riscv64-unknown-elf/10.1.0/rv32im/ilp32\libgcc.a(mulsf3.o)
                              build\kernel\components\drivers\hwtimer\hwtimer.o (__mulsf3)
d:/program_files/programming/rt-threadstudio/repo/extract/toolchain_support_packages/risc-v/risc-v-gcc/10.1.0/bin/../lib/gcc/riscv64-unknown-elf/10.1.0/rv32im/ilp32\libgcc.a(subsf3.o)
                              build\kernel\components\drivers\hwtimer\hwtimer.o (__subsf3)
d:/program_files/programming/rt-threadstudio/repo/extract/toolchain_support_packages/risc-v/risc-v-gcc/10.1.0/bin/../lib/gcc/riscv64-unknown-elf/10.1.0/rv32im/ilp32\libgcc.a(fixsfsi.o)
                              build\kernel\components\drivers\hwtimer\hwtimer.o (__fixsfsi)
d:/program_files/programming/rt-threadstudio/repo/extract/toolchain_support_packages/risc-v/risc-v-gcc/10.1.0/bin/../lib/gcc/riscv64-unknown-elf/10.1.0/rv32im/ilp32\libgcc.a(fixunssfsi.o)
                              build\kernel\components\drivers\hwtimer\hwtimer.o (__fixunssfsi)
d:/program_files/programming/rt-threadstudio/repo/extract/toolchain_support_packages/risc-v/risc-v-gcc/10.1.0/bin/../lib/gcc/riscv64-unknown-elf/10.1.0/rv32im/ilp32\libgcc.a(floatsisf.o)
                              build\kernel\components\drivers\hwtimer\hwtimer.o (__floatsisf)
d:/program_files/programming/rt-threadstudio/repo/extract/toolchain_support_packages/risc-v/risc-v-gcc/10.1.0/bin/../lib/gcc/riscv64-unknown-elf/10.1.0/rv32im/ilp32\libgcc.a(floatunsisf.o)
                              build\kernel\components\drivers\hwtimer\hwtimer.o (__floatunsisf)
d:/program_files/programming/rt-threadstudio/repo/extract/toolchain_support_packages/risc-v/risc-v-gcc/10.1.0/bin/../lib/gcc/riscv64-unknown-elf/10.1.0/rv32im/ilp32\libgcc.a(save-restore.o)
                              libraries\hal_libraries\ab32vg1_hal\libhal.a(sys_err.o) (__riscv_save_0)
d:/program_files/programming/rt-threadstudio/repo/extract/toolchain_support_packages/risc-v/risc-v-gcc/10.1.0/bin/../lib/gcc/riscv64-unknown-elf/10.1.0/rv32im/ilp32\libgcc.a(_clzsi2.o)
                              d:/program_files/programming/rt-threadstudio/repo/extract/toolchain_support_packages/risc-v/risc-v-gcc/10.1.0/bin/../lib/gcc/riscv64-unknown-elf/10.1.0/rv32im/ilp32\libgcc.a(addsf3.o) (__clzsi2)
d:/program_files/programming/rt-threadstudio/repo/extract/toolchain_support_packages/risc-v/risc-v-gcc/10.1.0/bin/../lib/gcc/riscv64-unknown-elf/10.1.0/rv32im/ilp32\libgcc.a(_clz.o)
                              d:/program_files/programming/rt-threadstudio/repo/extract/toolchain_support_packages/risc-v/risc-v-gcc/10.1.0/bin/../lib/gcc/riscv64-unknown-elf/10.1.0/rv32im/ilp32\libgcc.a(_clzsi2.o) (__clz_tab)
d:/program_files/programming/rt-threadstudio/repo/extract/toolchain_support_packages/risc-v/risc-v-gcc/10.1.0/bin/../lib/gcc/riscv64-unknown-elf/10.1.0/../../../../riscv64-unknown-elf/lib/rv32im/ilp32\libc.a(lib_a-atoi.o)
                              build\kernel\components\drivers\misc\adc.o (atoi)
[...]
Memory Configuration

Name             Origin             Length             Attributes
init             0x0000000010000000 0x0000000000000200
flash            0x0000000010000200 0x0000000000100000 xr
comm             0x0000000000014000 0x0000000000014c00 xr
data             0x0000000000011000 0x0000000000002000
stack            0x0000000000013000 0x0000000000001000
heap             0x0000000000028c00 0x0000000000007400
ram1             0x0000000000050000 0x0000000000007a00 xr
*default*        0x0000000000000000 0xffffffffffffffff

Linker script and memory map

LOAD build\applications\mnt.o
LOAD build\applications\main.o
LOAD build\board\ports\audio\drv_sound.o
LOAD build\board\board.o
LOAD build\board\ab32vg1_hal_msp.o
LOAD build\kernel\src\clock.o
LOAD build\kernel\src\thread.o
LOAD build\kernel\src\memheap.o
LOAD build\kernel\src\object.o
LOAD build\kernel\src\idle.o
LOAD build\kernel\src\kservice.o
LOAD build\kernel\src\ipc.o
LOAD build\kernel\src\timer.o
LOAD build\kernel\src\components.o
LOAD build\kernel\src\irq.o
LOAD build\kernel\src\device.o
LOAD build\kernel\src\scheduler.o
LOAD build\kernel\src\mempool.o
LOAD build\kernel\src\mem.o
LOAD build\kernel\components\dfs\src\dfs_posix.o
LOAD build\kernel\components\dfs\src\dfs_fs.o
LOAD build\kernel\components\dfs\src\dfs.o
LOAD build\kernel\components\dfs\src\dfs_file.o
LOAD build\kernel\components\dfs\filesystems\devfs\devfs.o
LOAD build\kernel\components\dfs\filesystems\elmfat\dfs_elm.o
LOAD build\kernel\components\dfs\filesystems\elmfat\ffunicode.o
LOAD build\kernel\components\dfs\filesystems\elmfat\ff.o
LOAD build\kernel\components\drivers\audio\audio_pipe.o
LOAD build\kernel\components\drivers\audio\audio.o
LOAD build\kernel\components\drivers\hwtimer\hwtimer.o
LOAD build\kernel\components\drivers\misc\adc.o
LOAD build\kernel\components\drivers\misc\pin.o
LOAD build\kernel\components\drivers\rtc\rtc.o
LOAD build\kernel\components\drivers\sdio\mmc.o
LOAD build\kernel\components\drivers\sdio\sd.o
LOAD build\kernel\components\drivers\sdio\block_dev.o
LOAD build\kernel\components\drivers\sdio\sdio.o
LOAD build\kernel\components\drivers\sdio\mmcsd_core.o
LOAD build\kernel\components\drivers\serial\serial.o
LOAD build\kernel\components\drivers\src\pipe.o
LOAD build\kernel\components\drivers\src\completion.o
LOAD build\kernel\components\drivers\src\waitqueue.o
LOAD build\kernel\components\drivers\src\workqueue.o
LOAD build\kernel\components\drivers\src\ringblk_buf.o
LOAD build\kernel\components\drivers\src\ringbuffer.o
LOAD build\kernel\components\drivers\src\dataqueue.o
LOAD build\kernel\components\drivers\watchdog\watchdog.o
LOAD build\kernel\components\finsh\finsh_vm.o
LOAD build\kernel\components\finsh\msh.o
LOAD build\kernel\components\finsh\finsh_parser.o
LOAD build\kernel\components\finsh\cmd.o
LOAD build\kernel\components\finsh\finsh_node.o
LOAD build\kernel\components\finsh\msh_file.o
LOAD build\kernel\components\finsh\shell.o
LOAD build\kernel\components\finsh\finsh_var.o
LOAD build\kernel\components\finsh\finsh_compiler.o
LOAD build\kernel\components\finsh\finsh_heap.o
LOAD build\kernel\components\finsh\finsh_ops.o
LOAD build\kernel\components\finsh\finsh_error.o
LOAD build\kernel\components\finsh\finsh_token.o
LOAD build\kernel\components\finsh\finsh_init.o
LOAD build\kernel\components\libc\compilers\common\time.o
LOAD build\kernel\components\libc\compilers\newlib\minilib.o
LOAD libraries\hal_drivers\drv_gpio.o
LOAD libraries\hal_drivers\drv_usart.o
LOAD libraries\hal_drivers\drv_wdt.o
LOAD libraries\hal_drivers\drv_sdio.o
LOAD libraries\hal_drivers\drv_adc.o
LOAD libraries\hal_drivers\drv_rtc.o
LOAD libraries\hal_drivers\drv_hwtimer.o
LOAD libcpu\cpu\cpuport.o
LOAD libcpu\cpu\context_gcc.o
LOAD libcpu\cpu\interrupt.o
LOAD libraries\hal_libraries\ab32vg1_hal\source\ab32vg1_hal_rcu.o
LOAD libraries\hal_libraries\ab32vg1_hal\source\ab32vg1_hal.o
LOAD libraries\hal_libraries\ab32vg1_hal\source\ab32vg1_hal_uart.o
LOAD libraries\hal_libraries\ab32vg1_hal\source\ab32vg1_hal_sd.o
LOAD libraries\hal_libraries\ab32vg1_hal\source\ab32vg1_hal_gpio.o
LOAD libraries\hal_libraries\ab32vg1_hal\source\ab32vg1_hal_dac.o
LOAD libraries\hal_libraries\bmsis\source\system_ab32vgx.o
LOAD libraries\hal_libraries\bmsis\source\startup.o
LOAD libraries\hal_libraries\ab32vg1_hal\libhal.a
LOAD d:/program_files/programming/rt-threadstudio/repo/extract/toolchain_support_packages/risc-v/risc-v-gcc/10.1.0/bin/../lib/gcc/riscv64-unknown-elf/10.1.0/rv32im/ilp32\libgcc.a
START GROUP
LOAD d:/program_files/programming/rt-threadstudio/repo/extract/toolchain_support_packages/risc-v/risc-v-gcc/10.1.0/bin/../lib/gcc/riscv64-unknown-elf/10.1.0/../../../../riscv64-unknown-elf/lib/rv32im/ilp32\libc.a
LOAD d:/program_files/programming/rt-threadstudio/repo/extract/toolchain_support_packages/risc-v/risc-v-gcc/10.1.0/bin/../lib/gcc/riscv64-unknown-elf/10.1.0/../../../../riscv64-unknown-elf/lib/rv32im/ilp32\libgloss.a
END GROUP
LOAD d:/program_files/programming/rt-threadstudio/repo/extract/toolchain_support_packages/risc-v/risc-v-gcc/10.1.0/bin/../lib/gcc/riscv64-unknown-elf/10.1.0/rv32im/ilp32\libgcc.a
                0x0000000000100000                __max_flash_size = 0x100000
                0x0000000000002000                __data_ram_size = 0x2000
                0x0000000000001000                __stack_ram_size = 0x1000
                0x0000000000014c00                __comm_ram_size = 0x14c00
                0x0000000000007400                __heap_ram_size = 0x7400
                0x0000000010000000                __base = 0x10000000
                0x0000000000011000                __data_vma = 0x11000
                0x0000000000013000                __stack_vma = (__data_vma + __data_ram_size)
                0x0000000000014000                __comm_vma = (__stack_vma + __stack_ram_size)
                0x0000000000028c00                __heap_vma = (__comm_vma + __comm_ram_size)
                0x0000000000050000                __ram1_vma = 0x50000

.init           0x0000000010000000       0xaa
 *(.reset)
 .reset         0x0000000010000000       0xaa libraries\hal_libraries\bmsis\source\startup.o
                0x0000000010000000                _start

.ram1           0x0000000000050000     0x696a load address 0x0000000010000200
                0x0000000000050000                . = ALIGN (0x4)
                0x0000000000050000                __rt_init_start = .
 *(SORT_BY_NAME(.rti_fn*))
 .rti_fn.0      0x0000000000050000        0x4 build\kernel\src\components.o
                0x0000000000050000                __rt_init_rti_start
 .rti_fn.0.end  0x0000000000050004        0x4 build\kernel\src\components.o
                0x0000000000050004                __rt_init_rti_board_start
 .rti_fn.1      0x0000000000050008        0x4 libraries\hal_drivers\drv_wdt.o
                0x0000000000050008                __rt_init_rt_wdt_init
 .rti_fn.1.end  0x000000000005000c        0x4 build\kernel\src\components.o
                0x000000000005000c                __rt_init_rti_board_end
 .rti_fn.2      0x0000000000050010        0x4 build\kernel\components\dfs\src\dfs.o
                0x0000000000050010                __rt_init_dfs_init
 .rti_fn.2      0x0000000000050014        0x4 build\kernel\components\drivers\sdio\mmcsd_core.o
                0x0000000000050014                __rt_init_rt_mmcsd_core_init
 .rti_fn.3      0x0000000000050018        0x4 build\board\ports\audio\drv_sound.o
                0x0000000000050018                __rt_init_rt_hw_sound_init
 .rti_fn.3      0x000000000005001c        0x4 libraries\hal_drivers\drv_sdio.o
                0x000000000005001c                __rt_init_rt_hw_sdio_init
 .rti_fn.3      0x0000000000050020        0x4 libraries\hal_drivers\drv_rtc.o
                0x0000000000050020                __rt_init_rt_hw_rtc_init
 .rti_fn.4      0x0000000000050024        0x4 build\kernel\components\dfs\filesystems\elmfat\dfs_elm.o
                0x0000000000050024                __rt_init_elm_init
 .rti_fn.6      0x0000000000050028        0x4 build\applications\mnt.o
                0x0000000000050028                __rt_init_ab32_sdcard_mount
 .rti_fn.6      0x000000000005002c        0x4 build\kernel\components\finsh\shell.o
                0x000000000005002c                __rt_init_finsh_system_init
 .rti_fn.6.end  0x0000000000050030        0x4 build\kernel\src\components.o
                0x0000000000050030                __rt_init_rti_end
                0x0000000000050034                __rt_init_end = .
                0x0000000000050034                . = ALIGN (0x4)
                [!provide]                        PROVIDE (__ctors_start__ = .)
 *(SORT_BY_NAME(.init_array.*))
 *(.init_array)
                [!provide]                        PROVIDE (__ctors_end__ = .)
                0x0000000000050034                . = ALIGN (0x4)
 *components*drivers*audio**.o(.text*)
 .text          0x0000000000050034      0x440 build\kernel\components\drivers\audio\audio_pipe.o
                0x0000000000050348                rt_audio_pipe_init
                0x00000000000503e2                rt_audio_pipe_detach
                0x00000000000503e6                rt_audio_pipe_create
                0x000000000005044c                rt_audio_pipe_destroy
 .text          0x0000000000050474      0x888 build\kernel\components\drivers\audio\audio.o
                0x0000000000050a00                rt_audio_register
                0x0000000000050a7a                rt_audio_samplerate_to_speed
                0x0000000000050b48                rt_audio_tx_complete
                0x0000000000050cc8                rt_audio_rx_done
 *components*drivers*hwtimer**.o(.text*)
 *components*drivers*misc*pin.o(.text*)
 .text          0x0000000000050cfc      0x3aa build\kernel\components\drivers\misc\pin.o
                0x0000000000050d42                rt_pin_mode
                0x0000000000050d94                rt_pin_write
                0x0000000000050de6                rt_pin_read
                0x0000000000050e2c                rt_pin_get
                0x0000000000050f46                rt_device_pin_register
                0x0000000000050f7e                rt_pin_attach_irq
                0x0000000000050ff0                rt_pin_detach_irq
                0x0000000000051044                rt_pin_irq_enable
 *components*drivers*rtc**.o(.text*)
 .text          0x00000000000510a6      0x29c build\kernel\components\drivers\rtc\rtc.o
                0x00000000000510a6                set_date
                0x000000000005111e                set_time
                0x0000000000051190                list_date
 *components*drivers*serial**.o(.text*)
 .text          0x0000000000051342      0x744 build\kernel\components\drivers\serial\serial.o
                0x00000000000518a8                rt_hw_serial_register
                0x000000000005190a                rt_hw_serial_isr
 *components*drivers*watchdog**.o(.text*)
 .text          0x0000000000051a86      0x126 build\kernel\components\drivers\watchdog\watchdog.o
                0x0000000000051b4a                rt_hw_watchdog_register
                0x0000000000051bac                . = ALIGN (0x4)
 *fill*         0x0000000000051bac        0x0 
 *src*ipc.o(.text* .rodata*)
 .text          0x0000000000051bac     0x221c build\kernel\src\ipc.o
                0x0000000000051c4e                rt_ipc_get_highest_priority
                0x0000000000051c70                rt_sem_init
                0x0000000000051ce6                rt_sem_detach
                0x0000000000051d62                rt_sem_create
                0x0000000000051df8                rt_sem_delete
                0x0000000000051eb6                rt_sem_take
                0x0000000000052012                rt_sem_trytake
                0x0000000000052016                rt_sem_release
                0x00000000000520be                rt_sem_control
                0x000000000005213c                rt_mutex_init
                0x0000000000052196                rt_mutex_detach
                0x0000000000052212                rt_mutex_create
                0x000000000005228c                rt_mutex_delete
                0x000000000005234a                rt_mutex_take
                0x00000000000524f8                rt_mutex_release
                0x00000000000526bc                rt_mutex_control
                0x000000000005270c                rt_event_init
                0x000000000005275e                rt_event_detach
                0x00000000000527dc                rt_event_create
                0x000000000005284e                rt_event_delete
                0x000000000005290e                rt_event_send
                0x0000000000052a0a                rt_event_recv
                0x0000000000052bf4                rt_event_control
                0x0000000000052c6e                rt_mb_init
                0x0000000000052ce0                rt_mb_detach
                0x0000000000052d66                rt_mb_create
                0x0000000000052e10                rt_mb_delete
                0x0000000000052ee2                rt_mb_send_wait
                0x00000000000530d8                rt_mb_send
                0x00000000000530dc                rt_mb_urgent
                0x00000000000531a0                rt_mb_recv
                0x00000000000533b8                rt_mb_control
                0x000000000005343e                rt_mq_init
                0x00000000000534ee                rt_mq_detach
                0x0000000000053574                rt_mq_create
                0x0000000000053664                rt_mq_delete
                0x000000000005373e                rt_mq_send_wait
                0x000000000005398e                rt_mq_send
                0x0000000000053992                rt_mq_urgent
                0x0000000000053ab6                rt_mq_recv
                0x0000000000053d28                rt_mq_control
 .rodata.str1.4
                0x0000000000053dc8      0x44a build\kernel\src\ipc.o
                                        0x476 (size before relaxing)
 *fill*         0x0000000000054212        0x2 
 .rodata        0x0000000000054214      0x242 build\kernel\src\ipc.o
 *src*irq.o(.text* .rodata*)
 .text          0x0000000000054456       0x98 build\kernel\src\irq.o
                0x0000000000054456                rt_interrupt_enter_sethook
                0x0000000000054460                rt_interrupt_leave_sethook
                0x000000000005446a                rt_interrupt_enter
                0x000000000005449c                rt_interrupt_leave
                0x00000000000544ce                rt_interrupt_get_nest
 *src*object.o(.text* .rodata*)
 .text          0x00000000000544ee      0x438 build\kernel\src\object.o
                0x00000000000544ee                rt_object_attach_sethook
                0x00000000000544f8                rt_object_detach_sethook
                0x0000000000054502                rt_object_trytake_sethook
                0x000000000005450c                rt_object_take_sethook
                0x0000000000054516                rt_object_put_sethook
                0x0000000000054520                rt_object_get_information
                0x0000000000054548                rt_object_get_length
                0x000000000005457c                rt_object_get_pointers
                0x00000000000545d0                rt_object_init
                0x0000000000054694                rt_object_detach
                0x00000000000546e6                rt_object_allocate
                0x00000000000547b2                rt_object_delete
                0x000000000005482e                rt_object_is_systemobject
                0x000000000005485e                rt_object_get_type
                0x0000000000054890                rt_object_find
 *fill*         0x0000000000054926        0x2 
 .rodata.str1.4
                0x0000000000054928       0x8d build\kernel\src\object.o
                                         0x91 (size before relaxing)
 *fill*         0x00000000000549b5        0x3 
 .rodata        0x00000000000549b8       0x8b build\kernel\src\object.o
 *src*thread.o(.text* .rodata*)
 *fill*         0x0000000000054a43        0x1 
 .text          0x0000000000054a44      0x8da build\kernel\src\thread.o
                0x0000000000054a6a                rt_thread_exit
                0x0000000000054b94                rt_thread_timeout
                0x0000000000054c22                rt_thread_suspend_sethook
                0x0000000000054c2c                rt_thread_resume_sethook
                0x0000000000054c36                rt_thread_inited_sethook
                0x0000000000054c40                rt_thread_init
                0x0000000000054cc6                rt_thread_self
                0x0000000000054cd0                rt_thread_detach
                0x0000000000054d6c                rt_thread_create
                0x0000000000054dcc                rt_thread_delete
                0x0000000000054e80                rt_thread_yield
                0x0000000000054eb8                rt_thread_suspend
                0x0000000000054f84                rt_thread_sleep
                0x0000000000055018                rt_thread_delay
                0x000000000005501a                rt_thread_mdelay
                0x0000000000055028                rt_thread_delay_until
                0x00000000000550fe                rt_thread_resume
                0x000000000005519a                rt_thread_startup
                0x0000000000055232                rt_thread_control
                0x0000000000055318                rt_thread_find
 *fill*         0x000000000005531e        0x2 
 .rodata.str1.4
                0x0000000000055320      0x19f build\kernel\src\thread.o
 *fill*         0x00000000000554bf        0x1 
 .rodata        0x00000000000554c0       0xd2 build\kernel\src\thread.o
 *src*timer.o(.text* .rodata*)
 .text          0x0000000000055592      0x74c build\kernel\src\timer.o
                0x00000000000555a4                rt_timer_enter_sethook
                0x00000000000555ae                rt_timer_exit_sethook
                0x00000000000555b8                rt_timer_init
                0x0000000000055628                rt_timer_detach
                0x00000000000556bc                rt_timer_create
                0x0000000000055704                rt_timer_delete
                0x0000000000055798                rt_timer_start
                0x00000000000558d2                rt_timer_stop
                0x0000000000055958                rt_timer_control
                0x0000000000055a0a                rt_timer_check
                0x0000000000055af6                rt_timer_next_timeout_tick
                0x0000000000055b20                rt_soft_timer_check
                0x0000000000055c82                rt_system_timer_init
                0x0000000000055c90                rt_system_timer_thread_init
 *fill*         0x0000000000055cde        0x2 
 .rodata.str1.4
                0x0000000000055ce0       0xde build\kernel\src\timer.o
 *fill*         0x0000000000055dbe        0x2 
 .rodata        0x0000000000055dc0       0x75 build\kernel\src\timer.o
 *src*mempool.o(.text* .rodata*)
 *fill*         0x0000000000055e35        0x1 
 .text          0x0000000000055e36      0x572 build\kernel\src\mempool.o
                0x0000000000055e36                rt_mp_alloc_sethook
                0x0000000000055e40                rt_mp_free_sethook
                0x0000000000055e4a                rt_mp_init
                0x0000000000055f36                rt_mp_detach
                0x0000000000055fde                rt_mp_create
                0x00000000000560da                rt_mp_delete
                0x00000000000561ca                rt_mp_alloc
                0x000000000005632e                rt_mp_free
 .rodata.str1.4
                0x00000000000563a8      0x121 build\kernel\src\mempool.o
                                        0x14d (size before relaxing)
 *fill*         0x00000000000564c9        0x3 
 .rodata        0x00000000000564cc       0x48 build\kernel\src\mempool.o
 *src*scheduler.o(.text* .rodata*)
 .text          0x0000000000056514      0x338 build\kernel\src\scheduler.o
                0x0000000000056514                rt_scheduler_sethook
                0x000000000005651e                rt_system_scheduler_init
                0x0000000000056556                rt_schedule_insert_thread
                0x00000000000565da                rt_schedule_remove_thread
                0x0000000000056646                rt_system_scheduler_start
                0x000000000005668a                rt_schedule
                0x00000000000567d4                rt_enter_critical
                0x00000000000567f6                rt_exit_critical
                0x0000000000056842                rt_critical_level
 *fill*         0x000000000005684c        0x0 
 .rodata.str1.4
                0x000000000005684c       0x51 build\kernel\src\scheduler.o
                                         0x65 (size before relaxing)
 *fill*         0x000000000005689d        0x3 
 .rodata        0x00000000000568a0       0x36 build\kernel\src\scheduler.o
 *src*clock.o(.text* .rodata*)
 .text          0x00000000000568d6       0x94 build\kernel\src\clock.o
                0x00000000000568d6                rt_tick_get
                0x00000000000568e0                rt_tick_set
                0x00000000000568fe                rt_tick_increase
                0x0000000000056938                rt_tick_from_millisecond
                0x0000000000056960                rt_tick_get_millisecond

.comm           0x0000000000014000     0x31b0 load address 0x0000000010006b6a
                0x0000000000014000                . = ALIGN (0x4)
 *(.vector)
 .vector        0x0000000000014000       0xf4 libraries\hal_libraries\bmsis\source\startup.o
                0x00000000000140dc                cpu_irq_comm
 .vector        0x00000000000140f4       0x3a libraries\hal_libraries\ab32vg1_hal\libhal.a(cache.o)
                0x00000000000140f4                load_cache
 *(.irq*)
 .irq.timer     0x000000000001412e       0x1c build\board\board.o
                0x000000000001412e                timer0_isr
 .irq.cache     0x000000000001414a       0x88 build\board\board.o
                0x000000000001414a                cache_init
                0x000000000001417c                os_spiflash_lock
                0x00000000000141a8                os_spiflash_unlock
 .irq.err       0x00000000000141d2        0xa build\board\board.o
                0x00000000000141d2                exception_isr
 .irq.usart     0x00000000000141dc      0x174 libraries\hal_drivers\drv_usart.o
                0x000000000001422c                uart_irq_process
 .irq.sdio      0x0000000000014350       0x44 libraries\hal_drivers\drv_sdio.o
                0x0000000000014350                rthw_sdio_irq_process
                0x000000000001437a                sdio_isr
 .irq.err       0x0000000000014394       0x30 libraries\hal_libraries\ab32vg1_hal\libhal.a(sys_err.o)
                0x0000000000014394                sys_error_hook
 *fill*         0x00000000000143c4        0x0 
 .irq.err.str   0x00000000000143c4       0x12 libraries\hal_libraries\ab32vg1_hal\libhal.a(sys_err.o)
 *applications**.o(.text .rodata)
 .text          0x00000000000143d6       0xe0 build\applications\mnt.o
                0x00000000000143d6                sd_mount
                0x0000000000014460                ab32_sdcard_mount
 *libcpu*cpu*context_gcc.o(.text .rodata)
 .text          0x00000000000144b6      0x19c libcpu\cpu\context_gcc.o
                0x00000000000144b6                rt_hw_interrupt_disable
                0x00000000000144c4                rt_hw_interrupt_enable
                0x00000000000144d6                rt_hw_context_switch_to
                0x000000000001450a                rt_hw_context_switch
                0x000000000001452a                rt_switch_to_thread
                0x0000000000014550                rt_hw_context_switch_interrupt
                0x0000000000014576                rt_soft_isr
                0x000000000001457e                low_prio_irq
 *libcpu*cpu*interrupt.o(.text .rodata)
 .text          0x0000000000014652       0xf2 libcpu\cpu\interrupt.o
                0x0000000000014652                set_cpu_irq_comm
                0x000000000001465c                cpu_irq_comm_do
                0x00000000000146a8                rt_hw_irq_enable
                0x00000000000146c0                rt_hw_irq_disable
                0x00000000000146dc                rt_hw_interrupt_init
                0x00000000000146de                rt_hw_interrupt_install
 *hal_libraries*ab32vg1_hal**.o(.text .rodata)
 .text          0x0000000000014744       0x70 libraries\hal_libraries\ab32vg1_hal\source\ab32vg1_hal_rcu.o
                0x0000000000014744                hal_rcu_periph_clk_enable
                0x0000000000014778                hal_rcu_periph_clk_disable
 .text          0x00000000000147b4       0x54 libraries\hal_libraries\ab32vg1_hal\source\ab32vg1_hal.o
                0x00000000000147b4                hal_set_tick_hook
                0x00000000000147be                hal_set_ticks
                0x00000000000147e0                hal_udelay
 .text          0x0000000000014808       0xd4 libraries\hal_libraries\ab32vg1_hal\source\ab32vg1_hal_uart.o
                0x0000000000014808                hal_uart_setbaud
                0x0000000000014826                hal_uart_deinit
                0x000000000001482c                HAL_UART_MspInit
                0x000000000001482e                hal_uart_control
                0x0000000000014846                hal_uart_write
                0x000000000001484a                hal_uart_read
                0x0000000000014852                hal_uart_getflag
                0x0000000000014858                hal_uart_clrflag
                0x0000000000014860                uart_config_all
                0x00000000000148b8                hal_uart_init
 .text          0x00000000000148dc      0x13e libraries\hal_libraries\ab32vg1_hal\source\ab32vg1_hal_gpio.o
                0x00000000000148dc                gpio_afinit
                0x000000000001490c                hal_gpio_init
                0x00000000000149ea                hal_gpio_read
                0x00000000000149f4                hal_gpio_write
                0x0000000000014a0c                hal_gpio_toggle
 *save-restore.o(.text .rodata)
 *fill*         0x0000000000014a1a        0x2 
 .text          0x0000000000014a1c       0xbc d:/program_files/programming/rt-threadstudio/repo/extract/toolchain_support_packages/risc-v/risc-v-gcc/10.1.0/bin/../lib/gcc/riscv64-unknown-elf/10.1.0/rv32im/ilp32\libgcc.a(save-restore.o)
                0x0000000000014a1c                __riscv_save_12
                0x0000000000014a2c                __riscv_save_9
                0x0000000000014a2c                __riscv_save_11
                0x0000000000014a2c                __riscv_save_10
                0x0000000000014a2c                __riscv_save_8
                0x0000000000014a48                __riscv_save_4
                0x0000000000014a48                __riscv_save_6
                0x0000000000014a48                __riscv_save_5
                0x0000000000014a48                __riscv_save_7
                0x0000000000014a78                __riscv_save_3
                0x0000000000014a78                __riscv_save_2
                0x0000000000014a78                __riscv_save_1
                0x0000000000014a78                __riscv_save_0
                0x0000000000014a90                __riscv_restore_12
                0x0000000000014a98                __riscv_restore_11
                0x0000000000014a98                __riscv_restore_9
                0x0000000000014a98                __riscv_restore_10
                0x0000000000014a98                __riscv_restore_8
                0x0000000000014aac                __riscv_restore_5
                0x0000000000014aac                __riscv_restore_7
                0x0000000000014aac                __riscv_restore_6
                0x0000000000014aac                __riscv_restore_4
                0x0000000000014ac0                __riscv_restore_3
                0x0000000000014ac0                __riscv_restore_0
                0x0000000000014ac0                __riscv_restore_2
                0x0000000000014ac0                __riscv_restore_1
 *(.text.unlikely)
 *(.text.startup)
 .text.startup  0x0000000000014ad8       0x4a build\applications\main.o
                0x0000000000014ad8                main
 *src*kservice.o(.text* .rodata*)
 .text          0x0000000000014b22      0xb3c build\kernel\src\kservice.o
                0x0000000000014cc0                rt_get_errno
                0x0000000000014ce2                rt_set_errno
                0x0000000000014d0a                _rt_errno
                0x0000000000014d2e                rt_memset
                0x0000000000014db2                rt_memcpy
                0x0000000000014e60                rt_memmove
                0x0000000000014eaa                rt_memcmp
                0x0000000000014ed2                rt_strcasecmp
                0x0000000000014f06                rt_strncpy
                0x0000000000014f34                rt_strncmp
                0x0000000000014f64                rt_strcmp
                0x0000000000014f7e                rt_strnlen
                0x0000000000014f96                rt_strlen
                0x0000000000014fa8                rt_strstr
                0x0000000000014ff6                rt_strdup
                0x0000000000015024                rt_vsnprintf
                0x00000000000153d4                rt_snprintf
                0x00000000000153ee                rt_vsprintf
                0x00000000000153f6                rt_sprintf
                0x0000000000015412                rt_console_get_device
                0x000000000001541c                rt_console_set_device
                0x0000000000015464                rt_hw_console_output
                0x0000000000015466                rt_kputs
                0x00000000000154be                rt_kprintf
                0x0000000000015538                rt_show_version
                0x0000000000015576                rt_malloc_align
                0x00000000000155b6                rt_free_align
                0x00000000000155c2                __rt_ffs
                0x000000000001561a                rt_assert_set_hook
                0x0000000000015624                rt_assert_handler
 *fill*         0x000000000001565e        0x2 
 .rodata.str1.4
                0x0000000000015660       0xc7 build\kernel\src\kservice.o
 *fill*         0x0000000000015727        0x1 
 .rodata        0x0000000000015728      0x180 build\kernel\src\kservice.o
                0x00000000000157a8                __lowest_bit_bitmap
 *src*device.o(.text* .rodata*)
 .text          0x00000000000158a8      0x570 build\kernel\src\device.o
                0x00000000000158a8                rt_device_unregister
                0x0000000000015918                rt_device_find
                0x000000000001591e                rt_device_register
                0x0000000000015962                rt_device_create
                0x0000000000015998                rt_device_destroy
                0x0000000000015a0e                rt_device_init
                0x0000000000015a70                rt_device_open
                0x0000000000015b66                rt_device_close
                0x0000000000015be0                rt_device_read
                0x0000000000015c68                rt_device_write
                0x0000000000015cf4                rt_device_control
                0x0000000000015d68                rt_device_set_rx_indicate
                0x0000000000015dc0                rt_device_set_tx_complete
 *fill*         0x0000000000015e18        0x0 
 .rodata.str1.4
                0x0000000000015e18       0xf4 build\kernel\src\device.o
 .rodata        0x0000000000015f0c       0xc6 build\kernel\src\device.o
 *hal_drivers**.o(.rodata)
 *fill*         0x0000000000015fd2        0x2 
 .rodata        0x0000000000015fd4       0x38 libraries\hal_drivers\drv_gpio.o
 .rodata        0x000000000001600c       0x81 libraries\hal_drivers\drv_usart.o
 *fill*         0x000000000001608d        0x3 
 .rodata        0x0000000000016090       0x20 libraries\hal_drivers\drv_wdt.o
 .rodata        0x00000000000160b0       0x24 libraries\hal_drivers\drv_sdio.o
 .rodata        0x00000000000160d4       0x28 libraries\hal_drivers\drv_rtc.o
 *audio*drv_sound.o(.rodata)
 .rodata        0x00000000000160fc       0x66 build\board\ports\audio\drv_sound.o
 *libcpu**.o(.rodata)
 *fill*         0x0000000000016162        0x2 
 .rodata        0x0000000000016164       0x13 libcpu\cpu\cpuport.o
 *system_ab32vgx.o(.rodata)
 *fill*         0x0000000000016177        0x1 
 .rodata        0x0000000000016178       0x46 libraries\hal_libraries\bmsis\source\system_ab32vgx.o
                0x0000000000016178                sysclk_sel_tbl
                0x0000000000016184                sysclk_index
 EXCLUDE_FILE(*drv_wdt.o *drv_sdio.o *msh_file.o *cmd.o *drivers*sdio**.o *components.o *dfs**.o *src*memheap.o *src*mem.o *cp-demangle.o *cp-demangle.o *lib_a**.o) *(.rodata.str1.4)
 *fill*         0x00000000000161be        0x2 
 .rodata.str1.4
                0x00000000000161c0       0x74 build\applications\mnt.o
                                         0x78 (size before relaxing)
 .rodata.str1.4
                0x0000000000016234       0x16 build\applications\main.o
 *fill*         0x000000000001624a        0x2 
 .rodata.str1.4
                0x000000000001624c       0x23 build\board\ports\audio\drv_sound.o
 *fill*         0x000000000001626f        0x1 
 .rodata.str1.4
                0x0000000000016270       0x24 build\board\board.o
 .rodata.str1.4
                0x0000000000016294       0x30 build\kernel\src\idle.o
                                         0x34 (size before relaxing)
 .rodata.str1.4
                0x00000000000162c4       0x64 build\kernel\components\drivers\audio\audio_pipe.o
                                         0x90 (size before relaxing)
 .rodata.str1.4
                0x0000000000016328       0x77 build\kernel\components\drivers\audio\audio.o
                                         0x9d (size before relaxing)
 *fill*         0x000000000001639f        0x1 
 .rodata.str1.4
                0x00000000000163a0      0x1f9 build\kernel\components\drivers\misc\adc.o
 *fill*         0x0000000000016599        0x3 
 .rodata.str1.4
                0x000000000001659c       0x37 build\kernel\components\drivers\misc\pin.o
 *fill*         0x00000000000165d3        0x1 
 .rodata.str1.4
                0x00000000000165d4      0x137 build\kernel\components\drivers\rtc\rtc.o
 *fill*         0x000000000001670b        0x1 
 .rodata.str1.4
                0x000000000001670c       0xbb build\kernel\components\drivers\serial\serial.o
                                         0xce (size before relaxing)
 *fill*         0x00000000000167c7        0x1 
 .rodata.str1.4
                0x00000000000167c8       0x47 build\kernel\components\drivers\src\completion.o
                                         0x72 (size before relaxing)
 *fill*         0x000000000001680f        0x1 
 .rodata.str1.4
                0x0000000000016810       0x19 build\kernel\components\drivers\src\ringbuffer.o
 *fill*         0x0000000000016829        0x3 
 .rodata.str1.4
                0x000000000001682c       0x58 build\kernel\components\drivers\src\dataqueue.o
                                         0x90 (size before relaxing)
 .rodata.str1.4
                0x0000000000016884       0x33 build\kernel\components\drivers\watchdog\watchdog.o
                                         0x43 (size before relaxing)
 *fill*         0x00000000000168b7        0x1 
 .rodata.str1.4
                0x00000000000168b8       0x6c build\kernel\components\finsh\msh.o
                                         0x78 (size before relaxing)
 .rodata.str1.4
                0x0000000000016924       0xbb build\kernel\components\finsh\shell.o
                                         0xc3 (size before relaxing)
 *fill*         0x00000000000169df        0x1 
 .rodata.str1.4
                0x00000000000169e0       0xf2 build\kernel\components\finsh\finsh_error.o
 *fill*         0x0000000000016ad2        0x2 
 .rodata.str1.4
                0x0000000000016ad4       0x35 build\kernel\components\finsh\finsh_token.o
                                         0x3d (size before relaxing)
 .rodata.str1.4
                0x0000000000016b09        0x4 build\kernel\components\libc\compilers\common\time.o
 *fill*         0x0000000000016b09        0x3 
 .rodata.str1.4
                0x0000000000016b0c        0x4 libraries\hal_drivers\drv_gpio.o
 .rodata.str1.4
                0x0000000000016b10       0x32 libraries\hal_drivers\drv_usart.o
                                         0x76 (size before relaxing)
 *fill*         0x0000000000016b42        0x2 
 .rodata.str1.4
                0x0000000000016b44       0x2a libraries\hal_drivers\drv_rtc.o
                                         0x42 (size before relaxing)
 *fill*         0x0000000000016b6e        0x2 
 .rodata.str1.4
                0x0000000000016b70        0xd libcpu\cpu\cpuport.o
                                         0x12 (size before relaxing)
 EXCLUDE_FILE(*unwind*.o *lib_a**.o) *(.srodata)
 *fill*         0x0000000000016b7d        0x3 
 .srodata       0x0000000000016b80        0x8 build\kernel\src\mem.o
 .srodata       0x0000000000016b88        0x7 build\kernel\components\dfs\src\dfs.o
 *(.rela*)
 .rela.text     0x0000000000016b8f        0x0 build\applications\mnt.o
 .rela.text.startup
                0x0000000000016b8f        0x0 build\applications\mnt.o
 .rela.reset    0x0000000000016b8f        0x0 build\applications\mnt.o
 .rela.vector   0x0000000000016b8f        0x0 build\applications\mnt.o
 *(.data*)
 *fill*         0x0000000000016b8f        0x1 
 .data          0x0000000000016b90       0x1c build\board\ports\audio\drv_sound.o
 .data          0x0000000000016bac       0xa0 build\kernel\src\object.o
 .data          0x0000000000016c4c      0x100 build\kernel\components\dfs\src\dfs.o
                0x0000000000016c4c                working_directory
 .data          0x0000000000016d4c       0x10 libraries\hal_drivers\drv_usart.o
 *fill*         0x0000000000016d5c        0x4 
 .data          0x0000000000016d60      0x428 d:/program_files/programming/rt-threadstudio/repo/extract/toolchain_support_packages/risc-v/risc-v-gcc/10.1.0/bin/../lib/gcc/riscv64-unknown-elf/10.1.0/../../../../riscv64-unknown-elf/lib/rv32im/ilp32\libc.a(lib_a-impure.o)
 *(.sdata*)
 .sdata         0x0000000000017188        0x1 build\kernel\src\timer.o
 *fill*         0x0000000000017189        0x3 
 .sdata         0x000000000001718c        0x8 build\kernel\components\drivers\sdio\block_dev.o
 .sdata         0x0000000000017194       0x10 build\kernel\components\drivers\sdio\sdio.o
 .sdata         0x00000000000171a4        0x4 build\kernel\components\finsh\msh.o
 .sdata         0x00000000000171a8        0x1 libraries\hal_drivers\drv_sdio.o
 *fill*         0x00000000000171a9        0x3 
 .sdata         0x00000000000171ac        0x4 d:/program_files/programming/rt-threadstudio/repo/extract/toolchain_support_packages/risc-v/risc-v-gcc/10.1.0/bin/../lib/gcc/riscv64-unknown-elf/10.1.0/../../../../riscv64-unknown-elf/lib/rv32im/ilp32\libc.a(lib_a-impure.o)
                0x00000000000171ac                _impure_ptr

.bss            0x0000000000011000     0x18f4
                0x0000000000011000                __bss_start = .
 *(COMMON)
 *(.bss)
 .bss           0x0000000000011000       0x50 build\board\ports\audio\drv_sound.o
 .bss           0x0000000000011050       0xa4 build\board\board.o
 *fill*         0x00000000000110f4        0x4 
 .bss           0x00000000000110f8      0x290 build\kernel\src\idle.o
 .bss           0x0000000000011388       0x80 build\kernel\src\kservice.o
 .bss           0x0000000000011408      0x180 build\kernel\src\timer.o
 .bss           0x0000000000011588      0x100 build\kernel\src\scheduler.o
                0x0000000000011588                rt_thread_priority_table
 .bss           0x0000000000011688       0x20 build\kernel\src\mem.o
 .bss           0x00000000000116a8       0x44 build\kernel\components\dfs\src\dfs.o
                0x00000000000116a8                filesystem_table
 .bss           0x00000000000116ec      0x128 build\kernel\components\dfs\src\dfs_file.o
 .bss           0x0000000000011814       0x34 build\kernel\components\drivers\misc\pin.o
 .bss           0x0000000000011848      0x500 build\kernel\components\drivers\sdio\mmcsd_core.o
 .bss           0x0000000000011d48      0x180 build\kernel\components\finsh\finsh_vm.o
                0x0000000000011d48                finsh_vm_stack
                0x0000000000011e48                text_segment
 .bss           0x0000000000011ec8      0x140 build\kernel\components\finsh\finsh_node.o
                0x0000000000011ec8                global_node_table
 .bss           0x0000000000012008       0x81 build\kernel\components\finsh\shell.o
 *fill*         0x0000000000012089        0x3 
 .bss           0x000000000001208c       0xc0 build\kernel\components\finsh\finsh_var.o
                0x000000000001208c                global_variable
 *fill*         0x000000000001214c        0x4 
 .bss           0x0000000000012150       0x80 build\kernel\components\finsh\finsh_heap.o
                0x0000000000012150                finsh_heap
 .bss           0x00000000000121d0       0x61 build\kernel\components\libc\compilers\common\time.o
 *fill*         0x0000000000012231        0x3 
 .bss           0x0000000000012234       0xb0 libraries\hal_drivers\drv_usart.o
 .bss           0x00000000000122e4       0x34 libraries\hal_drivers\drv_wdt.o
 *fill*         0x0000000000012318        0x8 
 .bss           0x0000000000012320      0x400 libraries\hal_drivers\drv_sdio.o
 .bss           0x0000000000012720       0x30 libraries\hal_drivers\drv_rtc.o
 .bss           0x0000000000012750       0x5c libcpu\cpu\interrupt.o
                0x0000000000012750                tbl_irq_vector
 .bss           0x00000000000127ac        0xc libraries\hal_libraries\bmsis\source\system_ab32vgx.o
                0x00000000000127ac                sys
 *(.sbss)
 .sbss          0x00000000000127b8        0x4 build\kernel\src\clock.o
 .sbss          0x00000000000127bc        0xc build\kernel\src\thread.o
 .sbss          0x00000000000127c8       0x14 build\kernel\src\object.o
                0x00000000000127c8                rt_object_put_hook
                0x00000000000127cc                rt_object_take_hook
                0x00000000000127d0                rt_object_trytake_hook
 .sbss          0x00000000000127dc        0xc build\kernel\src\kservice.o
                0x00000000000127dc                rt_assert_hook
 .sbss          0x00000000000127e8       0x1c build\kernel\src\timer.o
 .sbss          0x0000000000012804        0xc build\kernel\src\irq.o
                0x0000000000012804                rt_interrupt_nest
 .sbss          0x0000000000012810       0x1c build\kernel\src\scheduler.o
                0x0000000000012814                rt_thread_defunct
                0x000000000001281c                rt_current_priority
                0x0000000000012820                rt_current_thread
                0x0000000000012828                rt_thread_ready_priority_group
 .sbss          0x000000000001282c        0x8 build\kernel\src\mempool.o
 .sbss          0x0000000000012834       0x20 build\kernel\src\mem.o
 .sbss          0x0000000000012854       0x14 build\kernel\components\dfs\src\dfs.o
                0x0000000000012860                filesystem_operation_table
 .sbss          0x0000000000012868        0x8 build\kernel\components\dfs\filesystems\elmfat\dfs_elm.o
 .sbss          0x0000000000012870        0xc build\kernel\components\dfs\filesystems\elmfat\ff.o
 .sbss          0x000000000001287c        0x4 build\kernel\components\drivers\misc\adc.o
 .sbss          0x0000000000012880        0x4 build\kernel\components\drivers\serial\serial.o
 .sbss          0x0000000000012884        0xc build\kernel\components\finsh\finsh_vm.o
                0x0000000000012884                global_syscall_list
                0x0000000000012888                finsh_pc
                0x000000000001288c                finsh_sp
 .sbss          0x0000000000012890        0x4 build\kernel\components\finsh\cmd.o
 .sbss          0x0000000000012894       0x18 build\kernel\components\finsh\shell.o
                0x0000000000012898                shell
                0x000000000001289c                _sysvar_table_end
                0x00000000000128a0                _sysvar_table_begin
                0x00000000000128a4                _syscall_table_end
                0x00000000000128a8                _syscall_table_begin
 .sbss          0x00000000000128ac        0x4 build\kernel\components\finsh\finsh_var.o
                0x00000000000128ac                global_sysvar_list
 .sbss          0x00000000000128b0        0x8 build\kernel\components\finsh\finsh_compiler.o
                0x00000000000128b0                finsh_compile_pc
                0x00000000000128b4                finsh_compile_sp
 .sbss          0x00000000000128b8        0x8 build\kernel\components\finsh\finsh_heap.o
 .sbss          0x00000000000128c0        0x1 build\kernel\components\finsh\finsh_error.o
                0x00000000000128c0                global_errno
 *fill*         0x00000000000128c1        0x3 
 .sbss          0x00000000000128c4        0x4 build\kernel\components\libc\compilers\common\time.o
 .sbss          0x00000000000128c8        0x8 libraries\hal_drivers\drv_wdt.o
 .sbss          0x00000000000128d0        0x4 libraries\hal_drivers\drv_sdio.o
 .sbss          0x00000000000128d4       0x10 libcpu\cpu\cpuport.o
                0x00000000000128d4                rt_cur_thread_sp
                0x00000000000128d8                rt_thread_switch_interrupt_flag
                0x00000000000128dc                rt_interrupt_to_thread
                0x00000000000128e0                rt_interrupt_from_thread
 .sbss          0x00000000000128e4        0x8 libcpu\cpu\interrupt.o
                0x00000000000128e4                cpu_irq_comm_hook
                0x00000000000128e8                irq_mask
 .sbss          0x00000000000128ec        0x8 libraries\hal_libraries\ab32vg1_hal\source\ab32vg1_hal.o
 *(.buf*)
                0x00000000000128f4                __bss_end = .
                0x00000000000018f4                __bss_size = (__bss_end - __bss_start)

.stack          0x0000000000013000     0x1000
                0x0000000000013000                __irq_stack_start = .
                0x0000000000001000                . = __stack_ram_size
 *fill*         0x0000000000013000     0x1000 
                0x0000000000014000                __irq_stack = .
                0x0000000000001000                __irq_stack_size = (__irq_stack - __irq_stack_start)

.heap           0x0000000000028c00     0x7400
                0x0000000000028c00                __heap_start = .
                0x0000000000007400                . = __heap_ram_size
 *fill*         0x0000000000028c00     0x7400 
                0x0000000000030000                __heap_end = .

.flash          0x0000000010009d1c    0x188e4
                0x0000000010009d1c                . = ALIGN (0x4)
                0x0000000010009d1c                __fsymtab_start = .
 *(FSymTab)
 FSymTab        0x0000000010009d1c        0xc build\kernel\src\memheap.o
                0x0000000010009d1c                __fsym___cmd_memheaptrace
 FSymTab        0x0000000010009d28        0xc build\kernel\src\mem.o
                0x0000000010009d28                __fsym_list_mem
 FSymTab        0x0000000010009d34       0x18 build\kernel\components\dfs\src\dfs_posix.o
                0x0000000010009d34                __fsym_cd
                0x0000000010009d40                __fsym_mkdir
 FSymTab        0x0000000010009d4c       0x18 build\kernel\components\dfs\src\dfs_fs.o
                0x0000000010009d4c                __fsym_df
                0x0000000010009d58                __fsym_mkfs
 FSymTab        0x0000000010009d64        0xc build\kernel\components\dfs\src\dfs.o
                0x0000000010009d64                __fsym___cmd_list_fd
 FSymTab        0x0000000010009d70       0x30 build\kernel\components\dfs\src\dfs_file.o
                0x0000000010009d70                __fsym_copy
                0x0000000010009d7c                __fsym_cat
                0x0000000010009d88                __fsym_rm
                0x0000000010009d94                __fsym_ls
 FSymTab        0x0000000010009da0        0xc build\kernel\components\drivers\misc\adc.o
                0x0000000010009da0                __fsym___cmd_adc
 FSymTab        0x0000000010009dac       0x30 build\kernel\components\drivers\misc\pin.o
                0x0000000010009dac                __fsym_pinGet
                0x0000000010009db8                __fsym_pinRead
                0x0000000010009dc4                __fsym_pinWrite
                0x0000000010009dd0                __fsym_pinMode
 FSymTab        0x0000000010009ddc       0x3c build\kernel\components\drivers\rtc\rtc.o
                0x0000000010009ddc                __fsym___cmd_date
                0x0000000010009de8                __fsym___cmd_list_date
                0x0000000010009df4                __fsym_set_time
                0x0000000010009e00                __fsym_set_date
                0x0000000010009e0c                __fsym_list_date
 FSymTab        0x0000000010009e18       0x3c build\kernel\components\finsh\msh.o
                0x0000000010009e18                __fsym___cmd_free
                0x0000000010009e24                __fsym___cmd_ps
                0x0000000010009e30                __fsym___cmd_help
                0x0000000010009e3c                __fsym_msh
                0x0000000010009e48                __fsym___cmd_exit
 FSymTab        0x0000000010009e54      0x138 build\kernel\components\finsh\cmd.o
                0x0000000010009e54                __fsym_list
                0x0000000010009e60                __fsym___cmd_list_device
                0x0000000010009e6c                __fsym_list_device
                0x0000000010009e78                __fsym___cmd_list_timer
                0x0000000010009e84                __fsym_list_timer
                0x0000000010009e90                __fsym___cmd_list_mempool
                0x0000000010009e9c                __fsym_list_mempool
                0x0000000010009ea8                __fsym___cmd_list_memheap
                0x0000000010009eb4                __fsym_list_memheap
                0x0000000010009ec0                __fsym___cmd_list_msgqueue
                0x0000000010009ecc                __fsym_list_msgqueue
                0x0000000010009ed8                __fsym___cmd_list_mailbox
                0x0000000010009ee4                __fsym_list_mailbox
                0x0000000010009ef0                __fsym___cmd_list_mutex
                0x0000000010009efc                __fsym_list_mutex
                0x0000000010009f08                __fsym___cmd_list_event
                0x0000000010009f14                __fsym_list_event
                0x0000000010009f20                __fsym___cmd_list_sem
                0x0000000010009f2c                __fsym_list_sem
                0x0000000010009f38                __fsym___cmd_list_thread
                0x0000000010009f44                __fsym_list_thread
                0x0000000010009f50                __fsym___cmd_version
                0x0000000010009f5c                __fsym_version
                0x0000000010009f68                __fsym___cmd_clear
                0x0000000010009f74                __fsym_clear
                0x0000000010009f80                __fsym_hello
 FSymTab        0x0000000010009f8c       0x9c build\kernel\components\finsh\msh_file.o
                0x0000000010009f8c                __fsym___cmd_echo
                0x0000000010009f98                __fsym___cmd_df
                0x0000000010009fa4                __fsym___cmd_umount
                0x0000000010009fb0                __fsym___cmd_mount
                0x0000000010009fbc                __fsym___cmd_mkfs
                0x0000000010009fc8                __fsym___cmd_mkdir
                0x0000000010009fd4                __fsym___cmd_pwd
                0x0000000010009fe0                __fsym___cmd_cd
                0x0000000010009fec                __fsym___cmd_rm
                0x0000000010009ff8                __fsym___cmd_cat
                0x000000001000a004                __fsym___cmd_mv
                0x000000001000a010                __fsym___cmd_cp
                0x000000001000a01c                __fsym___cmd_ls
                0x000000001000a028                __fsymtab_end = .
                0x000000001000a028                . = ALIGN (0x4)
                0x000000001000a028                __vsymtab_start = .
 *(VSymTab)
 VSymTab        0x000000001000a028       0x10 build\kernel\components\finsh\cmd.o
                0x000000001000a028                __vsym_dummy
                0x000000001000a038                __vsymtab_end = .
                0x000000001000a038                . = ALIGN (0x4)
 *(.text*)
 .text          0x000000001000a038      0x63c build\board\ports\audio\drv_sound.o
                0x000000001000a038                sound_transmit
                0x000000001000a15e                audio_isr
                0x000000001000a288                adpll_init
                0x000000001000a336                dac_start
                0x000000001000a3f8                saia_frequency_set
                0x000000001000a452                saia_channels_set
                0x000000001000a4f0                saia_volume_set
                0x000000001000a5c0                saia_volume_get
 .text          0x000000001000a674      0x1b6 build\board\board.o
                0x000000001000a674                timer0_cfg
                0x000000001000a688                hal_printf
                0x000000001000a714                timer0_init
                0x000000001000a73c                hal_mdelay
                0x000000001000a744                rt_hw_systick_init
                0x000000001000a7e6                rt_hw_board_init
 .text          0x000000001000a82a       0xd0 build\board\ab32vg1_hal_msp.o
                0x000000001000a82a                hal_uart_mspinit
                0x000000001000a8aa                hal_sd_mspinit
                0x000000001000a8f8                hal_pwm_mspinit
 .text          0x000000001000a8fa      0x886 build\kernel\src\memheap.o
                0x000000001000a8fa                rt_memheap_init
                0x000000001000a9d8                rt_memheap_detach
                0x000000001000aa72                rt_memheap_alloc
                0x000000001000abe8                rt_memheap_free
                0x000000001000ad54                rt_memheap_realloc
                0x000000001000afaa                rt_memheap_dump
                0x000000001000b110                memheaptrace
 .text          0x000000001000b180      0x1d4 build\kernel\src\idle.o
                0x000000001000b180                rt_thread_idle_sethook
                0x000000001000b1c8                rt_thread_idle_delhook
                0x000000001000b214                rt_thread_idle_excute
                0x000000001000b2ee                rt_thread_idle_init
                0x000000001000b34a                rt_thread_idle_gethandler
 .text          0x000000001000b354      0x128 build\kernel\src\components.o
                0x000000001000b364                rt_components_board_init
                0x000000001000b392                rt_components_init
                0x000000001000b3c0                main_thread_entry
                0x000000001000b3d2                rt_application_init
                0x000000001000b42a                rtthread_startup
                0x000000001000b46e                entry
 .text          0x000000001000b47c      0x844 build\kernel\src\mem.o
                0x000000001000b47c                list_mem
                0x000000001000b5bc                rt_malloc_sethook
                0x000000001000b5c6                rt_free_sethook
                0x000000001000b5d0                rt_system_heap_init
                0x000000001000b6e6                rt_malloc
                0x000000001000b912                rt_calloc
                0x000000001000b93c                rt_free
                0x000000001000bb20                rt_realloc
                0x000000001000bc9a                rt_memory_info
 .text          0x000000001000bcc0      0x700 build\kernel\components\dfs\src\dfs_posix.o
                0x000000001000bcc0                mkdir
                0x000000001000bd34                open
                0x000000001000bda0                close
                0x000000001000bde4                read
                0x000000001000be2e                write
                0x000000001000be78                lseek
                0x000000001000beec                rename
                0x000000001000bf0c                unlink
                0x000000001000bf2c                stat
                0x000000001000bf4c                fstat
                0x000000001000bf9c                fsync
                0x000000001000bfd2                fcntl
                0x000000001000c024                ioctl
                0x000000001000c040                ftruncate
                0x000000001000c092                statfs
                0x000000001000c0b2                rmdir
                0x000000001000c0b4                opendir
                0x000000001000c140                readdir
                0x000000001000c1d0                telldir
                0x000000001000c20e                seekdir
                0x000000001000c256                rewinddir
                0x000000001000c29c                closedir
                0x000000001000c2ec                chdir
                0x000000001000c380                access
                0x000000001000c390                getcwd
 .text          0x000000001000c3c0      0x790 build\kernel\components\dfs\src\dfs_fs.o
                0x000000001000c3c0                dfs_register
                0x000000001000c46c                dfs_filesystem_lookup
                0x000000001000c534                dfs_filesystem_get_mounted_path
                0x000000001000c57a                dfs_filesystem_get_partition
                0x000000001000c6a2                dfs_mount
                0x000000001000c890                dfs_unmount
                0x000000001000c934                dfs_mkfs
                0x000000001000ca54                mkfs
                0x000000001000ca56                dfs_statfs
                0x000000001000ca76                df
 .text          0x000000001000cb50      0x6e4 build\kernel\components\dfs\src\dfs.o
                0x000000001000cb50                list_fd
                0x000000001000ccae                dfs_init
                0x000000001000cd6e                dfs_lock
                0x000000001000cdc0                dfs_unlock
                0x000000001000cdd0                fd_new
                0x000000001000ceda                fd_get
                0x000000001000cf36                fd_put
                0x000000001000cfa6                dfs_subdir
                0x000000001000cfec                dfs_normalize_path
                0x000000001000d176                fd_is_open
                0x000000001000d22a                dfs_fdtable_get
 .text          0x000000001000d234      0x9b8 build\kernel\components\dfs\src\dfs_file.o
                0x000000001000d234                dfs_file_open
                0x000000001000d312                dfs_file_close
                0x000000001000d348                dfs_file_ioctl
                0x000000001000d38e                dfs_file_read
                0x000000001000d3c4                cat
                0x000000001000d450                dfs_file_getdents
                0x000000001000d46e                dfs_file_unlink
                0x000000001000d4ee                rm
                0x000000001000d516                dfs_file_write
                0x000000001000d600                dfs_file_flush
                0x000000001000d614                dfs_file_lseek
                0x000000001000d642                dfs_file_stat
                0x000000001000d758                ls
                0x000000001000da0c                copy
                0x000000001000db12                dfs_file_rename
                0x000000001000dbae                dfs_file_ftruncate
 .text          0x000000001000dbec      0x420 build\kernel\components\dfs\filesystems\devfs\devfs.o
                0x000000001000dbec                dfs_device_fs_mount
                0x000000001000dbf4                dfs_device_fs_ioctl
                0x000000001000dc5a                dfs_device_fs_read
                0x000000001000dcd2                dfs_device_fs_write
                0x000000001000dd4a                dfs_device_fs_close
                0x000000001000dde2                dfs_device_fs_stat
                0x000000001000de54                dfs_device_fs_open
                0x000000001000df4a                dfs_device_fs_getdents
                0x000000001000dff4                devfs_init
 .text          0x000000001000e00c      0xce8 build\kernel\components\dfs\filesystems\elmfat\dfs_elm.o
                0x000000001000e046                dfs_elm_mount
                0x000000001000e16c                dfs_elm_unmount
                0x000000001000e202                dfs_elm_mkfs
                0x000000001000e34e                dfs_elm_statfs
                0x000000001000e3f0                dfs_elm_open
                0x000000001000e524                dfs_elm_close
                0x000000001000e5a0                dfs_elm_ioctl
                0x000000001000e606                dfs_elm_read
                0x000000001000e676                dfs_elm_write
                0x000000001000e6ea                dfs_elm_flush
                0x000000001000e71e                dfs_elm_lseek
                0x000000001000e7bc                dfs_elm_getdents
                0x000000001000e8d6                dfs_elm_unlink
                0x000000001000e93c                dfs_elm_rename
                0x000000001000e9ac                dfs_elm_stat
                0x000000001000eaaa                elm_init
                0x000000001000eac2                disk_initialize
                0x000000001000eac6                disk_status
                0x000000001000eaca                disk_read
                0x000000001000eb00                disk_write
                0x000000001000eb36                disk_ioctl
                0x000000001000ec14                get_fattime
                0x000000001000ec74                ff_cre_syncobj
                0x000000001000ecb0                ff_del_syncobj
                0x000000001000ecca                ff_req_grant
                0x000000001000ece4                ff_rel_grant
                0x000000001000ecec                ff_memalloc
                0x000000001000ecf0                ff_memfree
 .text          0x000000001000ecf4      0x11e build\kernel\components\dfs\filesystems\elmfat\ffunicode.o
                0x000000001000ecf4                ff_uni2oem
                0x000000001000ed40                ff_oem2uni
                0x000000001000ed6e                ff_wtoupper
 .text          0x000000001000ee12     0x31e8 build\kernel\components\dfs\filesystems\elmfat\ff.o
                0x0000000010010660                f_mount
                0x00000000100106f6                f_open
                0x000000001001092c                f_read
                0x0000000010010b10                f_write
                0x0000000010010d38                f_sync
                0x0000000010010e02                f_close
                0x0000000010010e36                f_lseek
                0x00000000100110da                f_opendir
                0x0000000010011188                f_closedir
                0x00000000100111b4                f_readdir
                0x0000000010011242                f_seekdir
                0x000000001001128e                f_stat
                0x0000000010011306                f_getfree
                0x000000001001141e                f_truncate
                0x0000000010011500                f_unlink
                0x00000000100115d8                f_mkdir
                0x000000001001172c                f_rename
                0x0000000010011882                f_mkfs
                0x0000000010011fda                elm_get_vol
 .text          0x0000000010011ffa      0x3dc build\kernel\components\drivers\misc\adc.o
                0x0000000010012062                rt_hw_adc_register
                0x00000000100120ce                rt_adc_read
                0x0000000010012110                rt_adc_enable
                0x000000001001215c                rt_adc_disable
 .text          0x00000000100123d6      0x8cc build\kernel\components\drivers\sdio\mmc.o
                0x000000001001250e                mmc_send_op_cond
                0x000000001001259c                init_mmc
 .text          0x0000000010012ca2      0xa54 build\kernel\components\drivers\sdio\sd.o
                0x0000000010012d46                mmcsd_send_app_cmd
                0x0000000010012dca                mmcsd_app_set_bus_width
                0x0000000010012e12                mmcsd_send_app_op_cond
                0x0000000010012ea8                mmcsd_send_if_cond
                0x0000000010012efc                mmcsd_get_card_addr
                0x0000000010012f40                mmcsd_get_scr
                0x0000000010013018                init_sd
 .text          0x00000000100136f6      0x768 build\kernel\components\drivers\sdio\block_dev.o
                0x0000000010013a50                mmcsd_num_wr_blocks
                0x0000000010013b56                rt_mmcsd_blk_probe
                0x0000000010013de2                rt_mmcsd_blk_remove
                0x0000000010013e5a                rt_mmcsd_blk_init
 .text          0x0000000010013e5e     0x14b0 build\kernel\components\drivers\sdio\sdio.o
                0x0000000010013eee                sdio_io_send_op_cond
                0x0000000010013f90                sdio_io_rw_direct
                0x00000000100140ba                sdio_io_rw_extended
                0x0000000010014280                sdio_io_rw_extended_block
                0x00000000100143c4                sdio_io_readb
                0x00000000100146fe                sdio_io_writeb
                0x000000001001471e                sdio_io_readw
                0x000000001001474a                sdio_io_writew
                0x0000000010014760                sdio_io_readl
                0x000000001001478a                sdio_io_writel
                0x00000000100147a0                sdio_io_read_multi_fifo_b
                0x00000000100147ac                sdio_io_write_multi_fifo_b
                0x00000000100147b8                sdio_io_read_multi_incr_b
                0x00000000100147c4                sdio_io_write_multi_incr_b
                0x00000000100147d0                sdio_free_cis
                0x000000001001480c                init_sdio
                0x0000000010014ddc                sdio_attach_irq
                0x0000000010014eee                sdio_detach_irq
                0x0000000010014fe2                sdio_irq_wakeup
                0x0000000010015014                sdio_enable_func
                0x00000000100150e4                sdio_disable_func
                0x0000000010015168                sdio_set_drvdata
                0x000000001001516c                sdio_get_drvdata
                0x0000000010015170                sdio_set_block_size
                0x00000000100151e0                sdio_register_driver
                0x0000000010015266                sdio_unregister_driver
                0x000000001001530c                rt_sdio_init
 .text          0x000000001001530e      0xa30 build\kernel\components\drivers\sdio\mmcsd_core.o
                0x0000000010015332                rt_mmcsd_core_init
                0x000000001001540a                mmcsd_host_lock
                0x0000000010015418                mmcsd_host_unlock
                0x0000000010015424                mmcsd_req_complete
                0x0000000010015430                mmcsd_send_request
                0x0000000010015496                mmcsd_send_cmd
                0x0000000010015526                mmcsd_go_idle
                0x000000001001559a                mmcsd_detect
                0x0000000010015740                mmcsd_spi_read_ocr
                0x000000001001578c                mmcsd_all_get_cid
                0x00000000100157da                mmcsd_get_cid
                0x0000000010015914                mmcsd_get_csd
                0x0000000010015a48                mmcsd_select_card
                0x0000000010015a4e                mmcsd_deselect_cards
                0x0000000010015a54                mmcsd_spi_use_crc
                0x0000000010015a94                mmcsd_set_chip_select
                0x0000000010015a9a                mmcsd_set_clock
                0x0000000010015aea                mmcsd_set_bus_mode
                0x0000000010015af0                mmcsd_set_bus_width
                0x0000000010015af6                mmcsd_set_data_timeout
                0x0000000010015bbe                mmcsd_select_voltage
                0x0000000010015c36                mmcsd_wait_cd_changed
                0x0000000010015c62                mmcsd_change
                0x0000000010015c74                mmcsd_alloc_host
                0x0000000010015d12                mmcsd_free_host
 .text          0x0000000010015d3e      0x222 build\kernel\components\drivers\src\completion.o
                0x0000000010015d3e                rt_completion_init
                0x0000000010015d84                rt_completion_wait
                0x0000000010015ed2                rt_completion_done
 .text          0x0000000010015f60      0x6b8 build\kernel\components\drivers\src\ringbuffer.o
                0x0000000010015f60                rt_ringbuffer_init
                0x0000000010015fc8                rt_ringbuffer_putchar_force
                0x0000000010016078                rt_ringbuffer_data_len
                0x00000000100160b0                rt_ringbuffer_put
                0x0000000010016188                rt_ringbuffer_put_force
                0x00000000100162c0                rt_ringbuffer_get
                0x00000000100163b4                rt_ringbuffer_peak
                0x0000000010016440                rt_ringbuffer_putchar
                0x00000000100164be                rt_ringbuffer_getchar
                0x000000001001654c                rt_ringbuffer_reset
                0x000000001001657e                rt_ringbuffer_create
                0x00000000100165e0                rt_ringbuffer_destroy
 .text          0x0000000010016618      0x80c build\kernel\components\drivers\src\dataqueue.o
                0x0000000010016618                rt_data_queue_init
                0x00000000100166ae                rt_data_queue_push
                0x00000000100168c4                rt_data_queue_peek
                0x0000000010016972                rt_data_queue_reset
                0x0000000010016a64                rt_data_queue_deinit
                0x0000000010016adc                rt_data_queue_len
                0x0000000010016b80                rt_data_queue_pop
 .text          0x0000000010016e24      0x118 build\kernel\components\finsh\finsh_vm.o
                0x0000000010016e24                finsh_vm_run
                0x0000000010016e8a                finsh_syscall_append
                0x0000000010016ed2                finsh_syscall_lookup
 .text          0x0000000010016f3c      0x5c8 build\kernel\components\finsh\msh.o
                0x0000000010016f56                msh_help
                0x0000000010016fe4                cmd_ps
                0x0000000010016ff4                cmd_free
                0x0000000010017004                msh_is_used
                0x000000001001700e                msh_exec
                0x00000000100171fe                msh_auto_complete_path
                0x00000000100173e2                msh_auto_complete
 .text          0x0000000010017504      0x8d0 build\kernel\components\finsh\finsh_parser.o
                0x0000000010017d1c                finsh_parser_run
                0x0000000010017dba                finsh_parser_init
 .text          0x0000000010017dd4     0x10ae build\kernel\components\finsh\cmd.o
                0x0000000010017e20                hello
                0x0000000010017eac                version
                0x0000000010017ec0                list
                0x0000000010018086                list_timer
                0x00000000100181a4                list_thread
                0x0000000010018324                list_sem
                0x0000000010018454                list_event
                0x000000001001857a                list_mutex
                0x0000000010018664                list_mailbox
                0x00000000100187a2                list_msgqueue
                0x00000000100188da                list_memheap
                0x00000000100189ba                list_mempool
                0x0000000010018aec                list_device
                0x0000000010018bf4                list_prefix
 .text          0x0000000010018e82      0x1cc build\kernel\components\finsh\finsh_node.o
                0x0000000010018e82                finsh_node_init
                0x0000000010018ea4                finsh_node_allocate
                0x0000000010018ed6                finsh_node_new_id
                0x0000000010018f44                finsh_node_new_char
                0x0000000010018f6e                finsh_node_new_int
                0x0000000010018f96                finsh_node_new_long
                0x0000000010018fbe                finsh_node_new_string
                0x0000000010019026                finsh_node_new_ptr
 .text          0x000000001001904e      0x96a build\kernel\components\finsh\msh_file.o
                0x000000001001904e                cmd_ls
                0x0000000010019070                cmd_pwd
                0x0000000010019222                cmd_rm
                0x0000000010019374                cmd_mkfs
                0x00000000100193e0                cmd_mount
                0x00000000100194b6                cmd_umount
                0x0000000010019518                cmd_cp
                0x0000000010019556                cmd_mv
                0x0000000010019656                cmd_cat
                0x00000000100196b0                cmd_cd
                0x00000000100196fa                cmd_mkdir
                0x0000000010019738                cmd_df
                0x000000001001979a                cmd_echo
                0x000000001001981e                msh_exec_script
 .text          0x00000000100199b8      0xaba build\kernel\components\finsh\shell.o
                0x00000000100199fa                finsh_set_prompt
                0x0000000010019a48                finsh_get_prompt
                0x0000000010019b3e                finsh_get_prompt_mode
                0x0000000010019b7c                finsh_set_prompt_mode
                0x0000000010019bca                finsh_system_init
                0x0000000010019c96                finsh_set_device
                0x0000000010019d74                finsh_get_device
                0x0000000010019db0                finsh_set_echo
                0x0000000010019dfc                finsh_get_echo
                0x0000000010019e38                finsh_run_line
                0x0000000010019f0a                finsh_thread_entry
                0x000000001001a44e                finsh_system_function_init
                0x000000001001a460                finsh_system_var_init
 .text          0x000000001001a472      0x202 build\kernel\components\finsh\finsh_var.o
                0x000000001001a472                finsh_var_init
                0x000000001001a494                finsh_var_insert
                0x000000001001a51e                finsh_var_delete
                0x000000001001a576                finsh_var_lookup
                0x000000001001a5b8                finsh_sysvar_append
                0x000000001001a60a                finsh_sysvar_lookup
 .text          0x000000001001a674      0xf28 build\kernel\components\finsh\finsh_compiler.o
                0x000000001001b50c                finsh_compiler_run
 .text          0x000000001001b59c      0x20e build\kernel\components\finsh\finsh_heap.o
                0x000000001001b5c0                finsh_heap_init
                0x000000001001b604                finsh_heap_free
                0x000000001001b6be                finsh_heap_allocate
 .text          0x000000001001b7aa      0x83c build\kernel\components\finsh\finsh_ops.o
                0x000000001001b7aa                OP_no_op
                0x000000001001b7ac                OP_add_byte
                0x000000001001b7cc                OP_add_word
                0x000000001001b7ec                OP_add_dword
                0x000000001001b80c                OP_sub_byte
                0x000000001001b82c                OP_sub_word
                0x000000001001b84c                OP_sub_dword
                0x000000001001b86c                OP_div_byte
                0x000000001001b88e                OP_div_word
                0x000000001001b8b0                OP_div_dword
                0x000000001001b8d2                OP_mod_byte
                0x000000001001b8f4                OP_mod_word
                0x000000001001b916                OP_mod_dword
                0x000000001001b938                OP_mul_byte
                0x000000001001b95a                OP_mul_word
                0x000000001001b97c                OP_mul_dword
                0x000000001001b99e                OP_and_byte
                0x000000001001b9be                OP_and_word
                0x000000001001b9de                OP_and_dword
                0x000000001001b9fe                OP_or_byte
                0x000000001001ba1e                OP_or_word
                0x000000001001ba3e                OP_or_dword
                0x000000001001ba5e                OP_xor_byte
                0x000000001001ba7e                OP_xor_word
                0x000000001001ba9e                OP_xor_dword
                0x000000001001babe                OP_bw_byte
                0x000000001001bad4                OP_bw_word
                0x000000001001baea                OP_bw_dword
                0x000000001001bb00                OP_shl_byte
                0x000000001001bb22                OP_shl_word
                0x000000001001bb44                OP_shl_dword
                0x000000001001bb66                OP_shr_byte
                0x000000001001bb88                OP_shr_word
                0x000000001001bbaa                OP_shr_dword
                0x000000001001bbcc                OP_ld_byte
                0x000000001001bbf6                OP_ld_word
                0x000000001001bc28                OP_ld_dword
                0x000000001001bc68                OP_ld_value_byte
                0x000000001001bcae                OP_ld_value_byte_stack
                0x000000001001bcc4                OP_ld_value_word
                0x000000001001bd0a                OP_ld_value_word_stack
                0x000000001001bd20                OP_ld_value_dword
                0x000000001001bd62                OP_ld_value_dword_stack
                0x000000001001bd76                OP_st_byte
                0x000000001001bd94                OP_st_word
                0x000000001001bdb0                OP_st_dword
                0x000000001001bdca                OP_pop
                0x000000001001bdda                OP_call
 .text          0x000000001001bfe6       0x34 build\kernel\components\finsh\finsh_error.o
                0x000000001001bfe6                finsh_error_init
                0x000000001001bff2                finsh_error_set
                0x000000001001bffe                finsh_errno
                0x000000001001c008                finsh_error_string
 .text          0x000000001001c01a      0x61a build\kernel\components\finsh\finsh_token.o
                0x000000001001c08c                finsh_token_init
                0x000000001001c0b4                finsh_token_get_token
                0x000000001001c0c6                token_get_string
                0x000000001001c158                finsh_token_token
 .text          0x000000001001c634       0x5e build\kernel\components\finsh\finsh_init.o
                0x000000001001c634                finsh_init
                0x000000001001c654                finsh_stack_bottom
                0x000000001001c65e                finsh_flush
                0x000000001001c676                finsh_reset
 .text          0x000000001001c692      0x4cc build\kernel\components\libc\compilers\common\time.o
                0x000000001001c6d4                gmtime_r
                0x000000001001c794                gmtime
                0x000000001001c79e                localtime_r
                0x000000001001c7b0                localtime
                0x000000001001c7ba                asctime_r
                0x000000001001c86c                asctime
                0x000000001001c876                ctime_r
                0x000000001001c88e                ctime
                0x000000001001c89a                time
                0x000000001001c910                clock
                0x000000001001c918                stime
                0x000000001001c974                timegm
                0x000000001001cb10                mktime
                0x000000001001cb12                gettimeofday
                0x000000001001cb44                settimeofday
 .text          0x000000001001cb5e      0x1e0 libraries\hal_drivers\drv_gpio.o
                0x000000001001cd24                rt_hw_pin_init
 .text          0x000000001001cd3e      0x26c libraries\hal_drivers\drv_usart.o
                0x000000001001cec2                rt_hw_usart_init
 .text          0x000000001001cfaa      0x2fe libraries\hal_drivers\drv_wdt.o
                0x000000001001cfae                rt_wdt_init
 .text          0x000000001001d2a8      0x7cc libraries\hal_drivers\drv_sdio.o
                0x000000001001d2ca                rthw_sdio_irq_update
                0x000000001001d816                sdio_host_create
                0x000000001001d9dc                rt_hw_sdio_init
                0x000000001001da68                ab32_mmcsd_change
 .text          0x000000001001da74      0x322 libraries\hal_drivers\drv_rtc.o
                0x000000001001da74                get_weekday
                0x000000001001da98                irtc_write
                0x000000001001daa8                irtc_read
                0x000000001001dac0                irtc_time_write
                0x000000001001db36                irtc_time_read
                0x000000001001dc04                irtc_sfr_write
                0x000000001001dc56                irtc_sfr_read
                0x000000001001dca0                hal_rtc_init
                0x000000001001dd0e                rt_hw_rtc_init
 .text          0x000000001001dd96       0x72 libcpu\cpu\cpuport.o
                0x000000001001dd96                rt_hw_stack_init
                0x000000001001ddb4                rt_hw_cpu_shutdown
 .text          0x000000001001de08      0x3d6 libraries\hal_libraries\bmsis\source\system_ab32vgx.o
                0x000000001001de08                get_clksel_val
                0x000000001001de18                get_cur_sysclk
                0x000000001001de22                get_sysclk_nhz
                0x000000001001de46                get_sd_rate
                0x000000001001de4a                set_sd_baud
                0x000000001001dea8                update_sd0baud
                0x000000001001dee4                sysclk_update_baud
                0x000000001001df20                update_uart0baud_in_sysclk
                0x000000001001df3e                set_sys_uart0baud
                0x000000001001df48                set_peripherals_clkdiv_safety
                0x000000001001df76                set_peripherals_clkdiv
                0x000000001001dfe8                set_sysclk
 *fill*         0x000000001001e1de        0x2 
 .text          0x000000001001e1e0       0x18 d:/program_files/programming/rt-threadstudio/repo/extract/toolchain_support_packages/risc-v/risc-v-gcc/10.1.0/bin/../lib/gcc/riscv64-unknown-elf/10.1.0/../../../../riscv64-unknown-elf/lib/rv32im/ilp32\libc.a(lib_a-atoi.o)
                0x000000001001e1e0                atoi
                0x000000001001e1ec                _atoi_r
 .text          0x000000001001e1f8        0xc d:/program_files/programming/rt-threadstudio/repo/extract/toolchain_support_packages/risc-v/risc-v-gcc/10.1.0/bin/../lib/gcc/riscv64-unknown-elf/10.1.0/../../../../riscv64-unknown-elf/lib/rv32im/ilp32\libc.a(lib_a-errno.o)
                0x000000001001e1f8                __errno
 .text          0x000000001001e204       0x58 d:/program_files/programming/rt-threadstudio/repo/extract/toolchain_support_packages/risc-v/risc-v-gcc/10.1.0/bin/../lib/gcc/riscv64-unknown-elf/10.1.0/../../../../riscv64-unknown-elf/lib/rv32im/ilp32\libc.a(lib_a-strrchr.o)
                0x000000001001e204                strrchr
 .text          0x000000001001e25c      0x28c d:/program_files/programming/rt-threadstudio/repo/extract/toolchain_support_packages/risc-v/risc-v-gcc/10.1.0/bin/../lib/gcc/riscv64-unknown-elf/10.1.0/../../../../riscv64-unknown-elf/lib/rv32im/ilp32\libc.a(lib_a-strtol.o)
                0x000000001001e410                _strtol_r
                0x000000001001e448                strtol_l
                0x000000001001e498                strtol
 .text          0x000000001001e4e8      0x140 d:/program_files/programming/rt-threadstudio/repo/extract/toolchain_support_packages/risc-v/risc-v-gcc/10.1.0/bin/../lib/gcc/riscv64-unknown-elf/10.1.0/../../../../riscv64-unknown-elf/lib/rv32im/ilp32\libc.a(lib_a-strchr.o)
                0x000000001001e4e8                strchr
 *(.rodata*)
 .rodata.str1.4
                0x000000001001e628      0x1b9 build\kernel\src\memheap.o
                                        0x1bd (size before relaxing)
 *fill*         0x000000001001e7e1        0x3 
 .rodata        0x000000001001e7e4       0x6c build\kernel\src\memheap.o
 .rodata.name   0x000000001001e850       0x33 build\kernel\src\memheap.o
                0x000000001001e850                __fsym___cmd_memheaptrace_desc
                0x000000001001e870                __fsym___cmd_memheaptrace_name
 *fill*         0x000000001001e883        0x1 
 .rodata        0x000000001001e884       0x16 build\kernel\src\idle.o
 *fill*         0x000000001001e89a        0x2 
 .rodata.str1.4
                0x000000001001e89c       0x17 build\kernel\src\components.o
 *fill*         0x000000001001e8b3        0x1 
 .rodata        0x000000001001e8b4       0x14 build\kernel\src\components.o
 .rodata.str1.4
                0x000000001001e8c8      0x2c9 build\kernel\src\mem.o
                                        0x2d1 (size before relaxing)
 *fill*         0x000000001001eb91        0x3 
 .rodata        0x000000001001eb94       0x37 build\kernel\src\mem.o
 *fill*         0x000000001001ebcb        0x1 
 .rodata.name   0x000000001001ebcc       0x29 build\kernel\src\mem.o
                0x000000001001ebcc                __fsym_list_mem_desc
                0x000000001001ebec                __fsym_list_mem_name
 .rodata.str1.4
                0x000000001001ebf5      0x2c9 build\kernel\components\dfs\src\dfs_posix.o
                                          0x4 (size before relaxing)
 *fill*         0x000000001001ebf5        0x3 
 .rodata.name   0x000000001001ebf8       0x42 build\kernel\components\dfs\src\dfs_posix.o
                0x000000001001ebf8                __fsym_cd_desc
                0x000000001001ec1c                __fsym_cd_name
                0x000000001001ec20                __fsym_mkdir_desc
                0x000000001001ec34                __fsym_mkdir_name
 *fill*         0x000000001001ec3a        0x2 
 .rodata.str1.4
                0x000000001001ec3c      0x1b2 build\kernel\components\dfs\src\dfs_fs.o
                                        0x1b6 (size before relaxing)
 *fill*         0x000000001001edee        0x2 
 .rodata        0x000000001001edf0       0x35 build\kernel\components\dfs\src\dfs_fs.o
 *fill*         0x000000001001ee25        0x3 
 .rodata.name   0x000000001001ee28       0x2d build\kernel\components\dfs\src\dfs_fs.o
                0x000000001001ee28                __fsym_df_desc
                0x000000001001ee38                __fsym_df_name
                0x000000001001ee3c                __fsym_mkfs_desc
                0x000000001001ee50                __fsym_mkfs_name
 *fill*         0x000000001001ee55        0x3 
 .rodata.str1.4
                0x000000001001ee58      0x116 build\kernel\components\dfs\src\dfs.o
                                        0x136 (size before relaxing)
 *fill*         0x000000001001ef6e        0x2 
 .rodata        0x000000001001ef70       0x1f build\kernel\components\dfs\src\dfs.o
 *fill*         0x000000001001ef8f        0x1 
 .rodata.name   0x000000001001ef90       0x26 build\kernel\components\dfs\src\dfs.o
                0x000000001001ef90                __fsym___cmd_list_fd_desc
                0x000000001001efa8                __fsym___cmd_list_fd_name
 *fill*         0x000000001001efb6        0x2 
 .rodata.str1.4
                0x000000001001efb8      0x1b0 build\kernel\components\dfs\src\dfs_file.o
                                        0x1cc (size before relaxing)
 .rodata.name   0x000000001001f168       0x67 build\kernel\components\dfs\src\dfs_file.o
                0x000000001001f168                __fsym_copy_desc
                0x000000001001f17c                __fsym_copy_name
                0x000000001001f184                __fsym_cat_desc
                0x000000001001f190                __fsym_cat_name
                0x000000001001f194                __fsym_rm_desc
                0x000000001001f1b0                __fsym_rm_name
                0x000000001001f1b4                __fsym_ls_desc
                0x000000001001f1cc                __fsym_ls_name
 *fill*         0x000000001001f1cf        0x1 
 .rodata.str1.4
                0x000000001001f1d0       0x53 build\kernel\components\dfs\filesystems\devfs\devfs.o
                                         0x5a (size before relaxing)
 *fill*         0x000000001001f223        0x1 
 .rodata        0x000000001001f224       0xc8 build\kernel\components\dfs\filesystems\devfs\devfs.o
 .rodata.str1.4
                0x000000001001f2ec       0xf4 build\kernel\components\dfs\filesystems\elmfat\dfs_elm.o
                                         0xf8 (size before relaxing)
 .rodata        0x000000001001f3e0       0xf0 build\kernel\components\dfs\filesystems\elmfat\dfs_elm.o
 .rodata        0x000000001001f4d0      0x3d4 build\kernel\components\dfs\filesystems\elmfat\ffunicode.o
 .rodata.str1.4
                0x000000001001f8a4       0x54 build\kernel\components\dfs\filesystems\elmfat\ff.o
 .rodata        0x000000001001f8f8       0xbe build\kernel\components\dfs\filesystems\elmfat\ff.o
 *fill*         0x000000001001f9b6        0x2 
 .rodata        0x000000001001f9b8       0x7c build\kernel\components\drivers\audio\audio_pipe.o
 .rodata        0x000000001001fa34       0xb1 build\kernel\components\drivers\audio\audio.o
 *fill*         0x000000001001fae5        0x3 
 .rodata        0x000000001001fae8       0x57 build\kernel\components\drivers\misc\adc.o
 *fill*         0x000000001001fb3f        0x1 
 .rodata.name   0x000000001001fb40       0x1a build\kernel\components\drivers\misc\adc.o
                0x000000001001fb40                __fsym___cmd_adc_desc
                0x000000001001fb50                __fsym___cmd_adc_name
 *fill*         0x000000001001fb5a        0x2 
 .rodata        0x000000001001fb5c       0xae build\kernel\components\drivers\misc\pin.o
 *fill*         0x000000001001fc0a        0x2 
 .rodata.name   0x000000001001fc0c       0x9c build\kernel\components\drivers\misc\pin.o
                0x000000001001fc0c                __fsym_pinGet_desc
                0x000000001001fc30                __fsym_pinGet_name
                0x000000001001fc38                __fsym_pinRead_desc
                0x000000001001fc58                __fsym_pinRead_name
                0x000000001001fc60                __fsym_pinWrite_desc
                0x000000001001fc7c                __fsym_pinWrite_name
                0x000000001001fc88                __fsym_pinMode_desc
                0x000000001001fca0                __fsym_pinMode_name
 .rodata.name   0x000000001001fca8      0x136 build\kernel\components\drivers\rtc\rtc.o
                0x000000001001fca8                __fsym___cmd_date_desc
                0x000000001001fcf0                __fsym___cmd_date_name
                0x000000001001fcfc                __fsym___cmd_list_date_desc
                0x000000001001fd20                __fsym___cmd_list_date_name
                0x000000001001fd30                __fsym_set_time_desc
                0x000000001001fd64                __fsym_set_time_name
                0x000000001001fd70                __fsym_set_date_desc