Archive member included to satisfy reference by file (symbol)

d:/program_files/programming/rt-threadstudio/repo/extract/toolchain_support_packages/risc-v/risc-v-gcc/10.1.0/bin/../lib/gcc/riscv64-unknown-elf/10.1.0/../../../../riscv64-unknown-elf/lib/rv32im/ilp32\libc.a(lib_a-atoi.o)
                              build\kernel\components\drivers\misc\adc.o (atoi)
d:/program_files/programming/rt-threadstudio/repo/extract/toolchain_support_packages/risc-v/risc-v-gcc/10.1.0/bin/../lib/gcc/riscv64-unknown-elf/10.1.0/../../../../riscv64-unknown-elf/lib/rv32im/ilp32\libc.a(lib_a-fclose.o)
                              build\kernel\components\libc\compilers\newlib\stdio.o (fclose)
d:/program_files/programming/rt-threadstudio/repo/extract/toolchain_support_packages/risc-v/risc-v-gcc/10.1.0/bin/../lib/gcc/riscv64-unknown-elf/10.1.0/../../../../riscv64-unknown-elf/lib/rv32im/ilp32\libc.a(lib_a-fflush.o)
                              d:/program_files/programming/rt-threadstudio/repo/extract/toolchain_support_packages/risc-v/risc-v-gcc/10.1.0/bin/../lib/gcc/riscv64-unknown-elf/10.1.0/../../../../riscv64-unknown-elf/lib/rv32im/ilp32\libc.a(lib_a-fclose.o) (__sflush_r)
d:/program_files/programming/rt-threadstudio/repo/extract/toolchain_support_packages/risc-v/risc-v-gcc/10.1.0/bin/../lib/gcc/riscv64-unknown-elf/10.1.0/../../../../riscv64-unknown-elf/lib/rv32im/ilp32\libc.a(lib_a-fileno.o)
                              build\kernel\components\libc\compilers\newlib\stdio.o (fileno)
d:/program_files/programming/rt-threadstudio/repo/extract/toolchain_support_packages/risc-v/risc-v-gcc/10.1.0/bin/../lib/gcc/riscv64-unknown-elf/10.1.0/../../../../riscv64-unknown-elf/lib/rv32im/ilp32\libc.a(lib_a-findfp.o)
                              d:/program_files/programming/rt-threadstudio/repo/extract/toolchain_support_packages/risc-v/risc-v-gcc/10.1.0/bin/../lib/gcc/riscv64-unknown-elf/10.1.0/../../../../riscv64-unknown-elf/lib/rv32im/ilp32\libc.a(lib_a-fclose.o) (__sinit)
d:/program_files/programming/rt-threadstudio/repo/extract/toolchain_support_packages/risc-v/risc-v-gcc/10.1.0/bin/../lib/gcc/riscv64-unknown-elf/10.1.0/../../../../riscv64-unknown-elf/lib/rv32im/ilp32\libc.a(lib_a-fopen.o)
                              build\kernel\components\libc\compilers\newlib\stdio.o (fopen)
d:/program_files/programming/rt-threadstudio/repo/extract/toolchain_support_packages/risc-v/risc-v-gcc/10.1.0/bin/../lib/gcc/riscv64-unknown-elf/10.1.0/../../../../riscv64-unknown-elf/lib/rv32im/ilp32\libc.a(lib_a-fseek.o)
                              d:/program_files/programming/rt-threadstudio/repo/extract/toolchain_support_packages/risc-v/risc-v-gcc/10.1.0/bin/../lib/gcc/riscv64-unknown-elf/10.1.0/../../../../riscv64-unknown-elf/lib/rv32im/ilp32\libc.a(lib_a-fopen.o) (_fseek_r)
d:/program_files/programming/rt-threadstudio/repo/extract/toolchain_support_packages/risc-v/risc-v-gcc/10.1.0/bin/../lib/gcc/riscv64-unknown-elf/10.1.0/../../../../riscv64-unknown-elf/lib/rv32im/ilp32\libc.a(lib_a-fseeko.o)
                              d:/program_files/programming/rt-threadstudio/repo/extract/toolchain_support_packages/risc-v/risc-v-gcc/10.1.0/bin/../lib/gcc/riscv64-unknown-elf/10.1.0/../../../../riscv64-unknown-elf/lib/rv32im/ilp32\libc.a(lib_a-fseek.o) (_fseeko_r)
d:/program_files/programming/rt-threadstudio/repo/extract/toolchain_support_packages/risc-v/risc-v-gcc/10.1.0/bin/../lib/gcc/riscv64-unknown-elf/10.1.0/../../../../riscv64-unknown-elf/lib/rv32im/ilp32\libc.a(lib_a-ftello.o)
                              d:/program_files/programming/rt-threadstudio/repo/extract/toolchain_support_packages/risc-v/risc-v-gcc/10.1.0/bin/../lib/gcc/riscv64-unknown-elf/10.1.0/../../../../riscv64-unknown-elf/lib/rv32im/ilp32\libc.a(lib_a-fseeko.o) (_ftello_r)
d:/program_files/programming/rt-threadstudio/repo/extract/toolchain_support_packages/risc-v/risc-v-gcc/10.1.0/bin/../lib/gcc/riscv64-unknown-elf/10.1.0/../../../../riscv64-unknown-elf/lib/rv32im/ilp32\libc.a(lib_a-fwalk.o)
                              d:/program_files/programming/rt-threadstudio/repo/extract/toolchain_support_packages/risc-v/risc-v-gcc/10.1.0/bin/../lib/gcc/riscv64-unknown-elf/10.1.0/../../../../riscv64-unknown-elf/lib/rv32im/ilp32\libc.a(lib_a-findfp.o) (_fwalk)
d:/program_files/programming/rt-threadstudio/repo/extract/toolchain_support_packages/risc-v/risc-v-gcc/10.1.0/bin/../lib/gcc/riscv64-unknown-elf/10.1.0/../../../../riscv64-unknown-elf/lib/rv32im/ilp32\libc.a(lib_a-impure.o)
                              build\kernel\components\libc\compilers\newlib\stdio.o (_global_impure_ptr)
d:/program_files/programming/rt-threadstudio/repo/extract/toolchain_support_packages/risc-v/risc-v-gcc/10.1.0/bin/../lib/gcc/riscv64-unknown-elf/10.1.0/../../../../riscv64-unknown-elf/lib/rv32im/ilp32\libc.a(lib_a-makebuf.o)
[...]
Memory Configuration

Name             Origin             Length             Attributes
init             0x0000000010000000 0x0000000000000200
flash            0x0000000010000200 0x0000000000100000 xr
comm             0x0000000000014000 0x000000000000a800 xr
data             0x0000000000011000 0x0000000000002000
stack            0x0000000000013000 0x0000000000001000
heap             0x000000000001e800 0x0000000000011800
ram1             0x0000000000050000 0x0000000000007a00 xr
*default*        0x0000000000000000 0xffffffffffffffff

Linker script and memory map

LOAD build\applications\main.o
LOAD build\applications\mnt.o
LOAD build\board\ports\audio\drv_sound.o
LOAD build\board\board.o
LOAD build\board\ab32vg1_hal_msp.o
LOAD build\kernel\src\kservice.o
LOAD build\kernel\src\ipc.o
LOAD build\kernel\src\thread.o
LOAD build\kernel\src\device.o
LOAD build\kernel\src\idle.o
LOAD build\kernel\src\clock.o
LOAD build\kernel\src\scheduler.o
LOAD build\kernel\src\mempool.o
LOAD build\kernel\src\timer.o
LOAD build\kernel\src\memheap.o
LOAD build\kernel\src\mem.o
LOAD build\kernel\src\object.o
LOAD build\kernel\src\components.o
LOAD build\kernel\src\irq.o
LOAD build\kernel\components\dfs\src\dfs_posix.o
LOAD build\kernel\components\dfs\src\dfs_fs.o
LOAD build\kernel\components\dfs\src\dfs.o
LOAD build\kernel\components\dfs\src\dfs_file.o
LOAD build\kernel\components\dfs\filesystems\devfs\devfs.o
LOAD build\kernel\components\dfs\filesystems\elmfat\ffunicode.o
LOAD build\kernel\components\dfs\filesystems\elmfat\dfs_elm.o
LOAD build\kernel\components\dfs\filesystems\elmfat\ff.o
LOAD build\kernel\components\drivers\audio\audio.o
LOAD build\kernel\components\drivers\audio\audio_pipe.o
LOAD build\kernel\components\drivers\hwtimer\hwtimer.o
LOAD build\kernel\components\drivers\i2c\i2c_core.o
LOAD build\kernel\components\drivers\i2c\i2c_dev.o
LOAD build\kernel\components\drivers\i2c\i2c-bit-ops.o
LOAD build\kernel\components\drivers\misc\adc.o
LOAD build\kernel\components\drivers\misc\rt_drv_pwm.o
LOAD build\kernel\components\drivers\misc\pin.o
LOAD build\kernel\components\drivers\rtc\rtc.o
LOAD build\kernel\components\drivers\sdio\mmc.o
LOAD build\kernel\components\drivers\sdio\sd.o
LOAD build\kernel\components\drivers\sdio\block_dev.o
LOAD build\kernel\components\drivers\sdio\sdio.o
LOAD build\kernel\components\drivers\sdio\mmcsd_core.o
LOAD build\kernel\components\drivers\serial\serial.o
LOAD build\kernel\components\drivers\src\ringblk_buf.o
LOAD build\kernel\components\drivers\src\completion.o
LOAD build\kernel\components\drivers\src\workqueue.o
LOAD build\kernel\components\drivers\src\pipe.o
LOAD build\kernel\components\drivers\src\ringbuffer.o
LOAD build\kernel\components\drivers\src\dataqueue.o
LOAD build\kernel\components\drivers\src\waitqueue.o
LOAD build\kernel\components\drivers\watchdog\watchdog.o
LOAD build\kernel\components\finsh\finsh_node.o
LOAD build\kernel\components\finsh\finsh_parser.o
LOAD build\kernel\components\finsh\cmd.o
LOAD build\kernel\components\finsh\msh.o
LOAD build\kernel\components\finsh\finsh_vm.o
LOAD build\kernel\components\finsh\msh_file.o
LOAD build\kernel\components\finsh\shell.o
LOAD build\kernel\components\finsh\finsh_var.o
LOAD build\kernel\components\finsh\finsh_compiler.o
LOAD build\kernel\components\finsh\finsh_heap.o
LOAD build\kernel\components\finsh\finsh_ops.o
LOAD build\kernel\components\finsh\finsh_error.o
LOAD build\kernel\components\finsh\finsh_token.o
LOAD build\kernel\components\finsh\finsh_init.o
LOAD build\kernel\components\libc\compilers\common\stdlib.o
LOAD build\kernel\components\libc\compilers\common\time.o
LOAD build\kernel\components\libc\compilers\newlib\stdio.o
LOAD build\kernel\components\libc\compilers\newlib\syscalls.o
LOAD build\kernel\components\libc\compilers\newlib\libc.o
LOAD libraries\hal_drivers\drv_gpio.o
LOAD libraries\hal_drivers\drv_rtc.o
LOAD libraries\hal_drivers\drv_soft_i2c.o
LOAD libraries\hal_drivers\drv_wdt.o
LOAD libraries\hal_drivers\drv_sdio.o
LOAD libraries\hal_drivers\drv_adc.o
LOAD libraries\hal_drivers\drv_irrx.o
LOAD libraries\hal_drivers\drv_usart.o
LOAD libraries\hal_drivers\drv_pwm.o
LOAD libraries\hal_drivers\drv_hwtimer.o
LOAD libcpu\cpu\context_gcc.o
LOAD libcpu\cpu\cpuport.o
LOAD libcpu\cpu\interrupt.o
LOAD libraries\hal_libraries\ab32vg1_hal\source\ab32vg1_hal_dac.o
LOAD libraries\hal_libraries\ab32vg1_hal\source\ab32vg1_hal_rcu.o
LOAD libraries\hal_libraries\ab32vg1_hal\source\ab32vg1_hal_sd.o
LOAD libraries\hal_libraries\ab32vg1_hal\source\ab32vg1_hal_uart.o
LOAD libraries\hal_libraries\ab32vg1_hal\source\ab32vg1_hal_gpio.o
LOAD libraries\hal_libraries\ab32vg1_hal\source\ab32vg1_hal.o
LOAD libraries\hal_libraries\bmsis\source\startup.o
LOAD libraries\hal_libraries\bmsis\source\system_ab32vgx.o
LOAD d:/program_files/programming/rt-threadstudio/repo/extract/toolchain_support_packages/risc-v/risc-v-gcc/10.1.0/bin/../lib/gcc/riscv64-unknown-elf/10.1.0/../../../../riscv64-unknown-elf/lib/rv32im/ilp32\libc.a
LOAD d:/program_files/programming/rt-threadstudio/repo/extract/toolchain_support_packages/risc-v/risc-v-gcc/10.1.0/bin/../lib/gcc/riscv64-unknown-elf/10.1.0/../../../../riscv64-unknown-elf/lib/rv32im/ilp32\libm.a
LOAD libraries\hal_libraries\ab32vg1_hal\libhal.a
LOAD d:/program_files/programming/rt-threadstudio/repo/extract/toolchain_support_packages/risc-v/risc-v-gcc/10.1.0/bin/../lib/gcc/riscv64-unknown-elf/10.1.0/rv32im/ilp32\libgcc.a
START GROUP
LOAD d:/program_files/programming/rt-threadstudio/repo/extract/toolchain_support_packages/risc-v/risc-v-gcc/10.1.0/bin/../lib/gcc/riscv64-unknown-elf/10.1.0/../../../../riscv64-unknown-elf/lib/rv32im/ilp32\libc.a
LOAD d:/program_files/programming/rt-threadstudio/repo/extract/toolchain_support_packages/risc-v/risc-v-gcc/10.1.0/bin/../lib/gcc/riscv64-unknown-elf/10.1.0/../../../../riscv64-unknown-elf/lib/rv32im/ilp32\libgloss.a
END GROUP
LOAD d:/program_files/programming/rt-threadstudio/repo/extract/toolchain_support_packages/risc-v/risc-v-gcc/10.1.0/bin/../lib/gcc/riscv64-unknown-elf/10.1.0/rv32im/ilp32\libgcc.a
                0x0000000000100000                __max_flash_size = 0x100000
                0x0000000000002000                __data_ram_size = 0x2000
                0x0000000000001000                __stack_ram_size = 0x1000
                0x000000000000a800                __comm_ram_size = 0xa800
                0x0000000000011800                __heap_ram_size = 0x11800
                0x0000000010000000                __base = 0x10000000
                0x0000000000011000                __data_vma = 0x11000
                0x0000000000013000                __stack_vma = (__data_vma + __data_ram_size)
                0x0000000000014000                __comm_vma = (__stack_vma + __stack_ram_size)
                0x000000000001e800                __heap_vma = (__comm_vma + __comm_ram_size)
                0x0000000000050000                __ram1_vma = 0x50000

.init           0x0000000010000000       0xbe
 *(.reset)
 .reset         0x0000000010000000       0xbe libraries\hal_libraries\bmsis\source\startup.o
                0x0000000010000000                _start

.ram1           0x0000000000050000     0x6854 load address 0x0000000010000200
                0x0000000000050000                . = ALIGN (0x4)
                0x0000000000050000                __rt_init_start = .
 *(SORT_BY_NAME(.rti_fn*))
 .rti_fn.0      0x0000000000050000        0x4 build\kernel\src\components.o
                0x0000000000050000                __rt_init_rti_start
 .rti_fn.0.end  0x0000000000050004        0x4 build\kernel\src\components.o
                0x0000000000050004                __rt_init_rti_board_start
 .rti_fn.1      0x0000000000050008        0x4 libraries\hal_drivers\drv_soft_i2c.o
                0x0000000000050008                __rt_init_rt_hw_i2c_init
 .rti_fn.1      0x000000000005000c        0x4 libraries\hal_drivers\drv_wdt.o
                0x000000000005000c                __rt_init_rt_wdt_init
 .rti_fn.1      0x0000000000050010        0x4 libraries\hal_drivers\drv_adc.o
                0x0000000000050010                __rt_init_ab32_adc_init
 .rti_fn.1      0x0000000000050014        0x4 libraries\hal_drivers\drv_irrx.o
                0x0000000000050014                __rt_init_ab32_irrx_init
 .rti_fn.1      0x0000000000050018        0x4 libraries\hal_drivers\drv_hwtimer.o
                0x0000000000050018                __rt_init_ab32_hwtimer_init
 .rti_fn.1.end  0x000000000005001c        0x4 build\kernel\src\components.o
                0x000000000005001c                __rt_init_rti_board_end
 .rti_fn.2      0x0000000000050020        0x4 build\kernel\components\dfs\src\dfs.o
                0x0000000000050020                __rt_init_dfs_init
 .rti_fn.2      0x0000000000050024        0x4 build\kernel\components\drivers\sdio\mmcsd_core.o
                0x0000000000050024                __rt_init_rt_mmcsd_core_init
 .rti_fn.3      0x0000000000050028        0x4 build\board\ports\audio\drv_sound.o
                0x0000000000050028                __rt_init_rt_hw_sound_init
 .rti_fn.3      0x000000000005002c        0x4 libraries\hal_drivers\drv_rtc.o
                0x000000000005002c                __rt_init_rt_hw_rtc_init
 .rti_fn.3      0x0000000000050030        0x4 libraries\hal_drivers\drv_sdio.o
                0x0000000000050030                __rt_init_rt_hw_sdio_init
 .rti_fn.3      0x0000000000050034        0x4 libraries\hal_drivers\drv_pwm.o
                0x0000000000050034                __rt_init_ab32_pwm_init
 .rti_fn.4      0x0000000000050038        0x4 build\kernel\components\dfs\filesystems\elmfat\dfs_elm.o
                0x0000000000050038                __rt_init_elm_init
 .rti_fn.4      0x000000000005003c        0x4 build\kernel\components\drivers\i2c\i2c_core.o
                0x000000000005003c                __rt_init_rt_i2c_core_init
 .rti_fn.4      0x0000000000050040        0x4 build\kernel\components\libc\compilers\newlib\libc.o
                0x0000000000050040                __rt_init_libc_system_init
 .rti_fn.6      0x0000000000050044        0x4 build\applications\mnt.o
                0x0000000000050044                __rt_init_ab32_sdcard_mount
 .rti_fn.6      0x0000000000050048        0x4 build\kernel\components\finsh\shell.o
                0x0000000000050048                __rt_init_finsh_system_init
 .rti_fn.6.end  0x000000000005004c        0x4 build\kernel\src\components.o
                0x000000000005004c                __rt_init_rti_end
                0x0000000000050050                __rt_init_end = .
                0x0000000000050050                . = ALIGN (0x4)
                [!provide]                        PROVIDE (__ctors_start__ = .)
 *(SORT_BY_NAME(.init_array.*))
 *(.init_array*)
                [!provide]                        PROVIDE (__ctors_end__ = .)
                0x0000000000050050                . = ALIGN (0x4)
 *save-restore.o(.text* .rodata*)
 *libcpu*cpu*context_gcc.o(.text* .rodata*)
 .text          0x0000000000050050      0x19c libcpu\cpu\context_gcc.o
                0x0000000000050050                rt_hw_interrupt_disable
                0x000000000005005e                rt_hw_interrupt_enable
                0x0000000000050070                rt_hw_context_switch_to
                0x00000000000500a4                rt_hw_context_switch
                0x00000000000500c4                rt_switch_to_thread
                0x00000000000500ea                rt_hw_context_switch_interrupt
                0x0000000000050110                rt_soft_isr
                0x0000000000050118                low_prio_irq
 *libcpu*cpu*interrupt.o(.text* .rodata*)
 .text          0x00000000000501ec       0xe0 libcpu\cpu\interrupt.o
                0x00000000000501ec                set_cpu_irq_comm
                0x00000000000501f6                cpu_irq_comm_do
                0x0000000000050230                rt_hw_irq_enable
                0x0000000000050248                rt_hw_irq_disable
                0x0000000000050264                rt_hw_interrupt_init
                0x0000000000050266                rt_hw_interrupt_install
 *libcpu**.o(.rodata*)
 .rodata.str1.4
                0x00000000000502cc        0xd libcpu\cpu\cpuport.o
                                         0x12 (size before relaxing)
 *fill*         0x00000000000502d9        0x3 
 .rodata        0x00000000000502dc       0x13 libcpu\cpu\cpuport.o
 *components*drivers*misc*pin.o(.text*)
 *fill*         0x00000000000502ef        0x1 
 .text          0x00000000000502f0      0x30c build\kernel\components\drivers\misc\pin.o
                0x000000000005032c                rt_pin_mode
                0x0000000000050372                rt_pin_write
                0x00000000000503b8                rt_pin_read
                0x00000000000503f6                rt_pin_get
                0x00000000000504e2                rt_device_pin_register
                0x0000000000050518                rt_pin_attach_irq
                0x0000000000050570                rt_pin_detach_irq
                0x00000000000505b2                rt_pin_irq_enable
 *components*drivers*misc*adc.o(.text*)
 .text          0x00000000000505fc      0x35e build\kernel\components\drivers\misc\adc.o
                0x000000000005065a                rt_hw_adc_register
                0x00000000000506ae                rt_adc_read
                0x00000000000506e6                rt_adc_enable
                0x000000000005071c                rt_adc_disable
                0x000000000005095c                . = ALIGN (0x4)
 *fill*         0x000000000005095a        0x2 
 *src*ipc.o(.text* .rodata*)
 .text          0x000000000005095c     0x1f90 build\kernel\src\ipc.o
                0x00000000000509e2                rt_ipc_get_highest_priority
                0x0000000000050a04                rt_sem_init
                0x0000000000050a68                rt_sem_detach
                0x0000000000050ade                rt_sem_create
                0x0000000000050b62                rt_sem_delete
                0x0000000000050c16                rt_sem_take
                0x0000000000050d64                rt_sem_trytake
                0x0000000000050d68                rt_sem_release
                0x0000000000050e06                rt_sem_control
                0x0000000000050e76                rt_mutex_init
                0x0000000000050ec2                rt_mutex_detach
                0x0000000000050f38                rt_mutex_create
                0x0000000000050fa4                rt_mutex_delete
                0x0000000000051058                rt_mutex_take
                0x00000000000511f8                rt_mutex_release
                0x00000000000513ae                rt_mutex_control
                0x00000000000513f8                rt_event_init
                0x000000000005143c                rt_event_detach
                0x00000000000514b4                rt_event_create
                0x0000000000051518                rt_event_delete
                0x00000000000515ce                rt_event_send
                0x00000000000516b4                rt_event_recv
                0x0000000000051888                rt_event_control
                0x00000000000518f8                rt_mb_init
                0x0000000000051954                rt_mb_detach
                0x00000000000519d4                rt_mb_create
                0x0000000000051a6c                rt_mb_delete
                0x0000000000051b34                rt_mb_send_wait
                0x0000000000051cfc                rt_mb_send
                0x0000000000051d00                rt_mb_urgent
                0x0000000000051db6                rt_mb_recv
                0x0000000000051fa0                rt_mb_control
                0x000000000005201c                rt_mq_init
                0x00000000000520b2                rt_mq_detach
                0x0000000000052132                rt_mq_create
                0x000000000005220c                rt_mq_delete
                0x00000000000522dc                rt_mq_send_wait
                0x00000000000524fe                rt_mq_send
                0x0000000000052502                rt_mq_urgent
                0x0000000000052614                rt_mq_recv
                0x0000000000052856                rt_mq_control
 .rodata.str1.4
                0x00000000000528ec      0x472 build\kernel\src\ipc.o
                                        0x476 (size before relaxing)
 *fill*         0x0000000000052d5e        0x2 
 .rodata        0x0000000000052d60      0x242 build\kernel\src\ipc.o
 *src*irq.o(.text* .rodata*)
 .text          0x0000000000052fa2       0x9a build\kernel\src\irq.o
                0x0000000000052fa2                rt_interrupt_enter_sethook
                0x0000000000052fac                rt_interrupt_leave_sethook
                0x0000000000052fb6                rt_interrupt_enter
                0x0000000000052fec                rt_interrupt_leave
                0x0000000000053022                rt_interrupt_get_nest
 *src*object.o(.text* .rodata*)
 .text          0x000000000005303c      0x3c4 build\kernel\src\object.o
                0x000000000005303c                rt_object_attach_sethook
                0x0000000000053046                rt_object_detach_sethook
                0x0000000000053050                rt_object_trytake_sethook
                0x000000000005305a                rt_object_take_sethook
                0x0000000000053064                rt_object_put_sethook
                0x000000000005306e                rt_object_get_information
                0x0000000000053096                rt_object_get_length
                0x00000000000530c0                rt_object_get_pointers
                0x0000000000053102                rt_object_init
                0x00000000000531a6                rt_object_detach
                0x00000000000531f4                rt_object_allocate
                0x00000000000532ae                rt_object_delete
                0x0000000000053326                rt_object_is_systemobject
                0x0000000000053350                rt_object_get_type
                0x000000000005337c                rt_object_find
 *fill*         0x0000000000053400        0x0 
 .rodata.str1.4
                0x0000000000053400       0x65 build\kernel\src\object.o
                                         0x91 (size before relaxing)
 *fill*         0x0000000000053465        0x3 
 .rodata        0x0000000000053468       0x8b build\kernel\src\object.o
 *src*thread.o(.text* .rodata*)
 *fill*         0x00000000000534f3        0x1 
 .text          0x00000000000534f4      0x81c build\kernel\src\thread.o
                0x0000000000053512                rt_thread_exit
                0x0000000000053626                rt_thread_timeout
                0x00000000000536b0                rt_thread_suspend_sethook
                0x00000000000536ba                rt_thread_resume_sethook
                0x00000000000536c4                rt_thread_inited_sethook
                0x00000000000536ce                rt_thread_init
                0x0000000000053734                rt_thread_self
                0x000000000005373e                rt_thread_detach
                0x00000000000537d4                rt_thread_create
                0x000000000005381a                rt_thread_delete
                0x00000000000538c8                rt_thread_yield
                0x00000000000538fe                rt_thread_suspend
                0x00000000000539bc                rt_thread_sleep
                0x0000000000053a46                rt_thread_delay
                0x0000000000053a48                rt_thread_mdelay
                0x0000000000053a56                rt_thread_delay_until
                0x0000000000053b1e                rt_thread_resume
                0x0000000000053bb0                rt_thread_startup
                0x0000000000053c42                rt_thread_control
                0x0000000000053d0a                rt_thread_find
 *fill*         0x0000000000053d10        0x0 
 .rodata.str1.4
                0x0000000000053d10      0x19f build\kernel\src\thread.o
 *fill*         0x0000000000053eaf        0x1 
 .rodata        0x0000000000053eb0       0xd2 build\kernel\src\thread.o
 *src*timer.o(.text* .rodata*)
 .text          0x0000000000053f82      0x688 build\kernel\src\timer.o
                0x0000000000053f94                rt_timer_enter_sethook
                0x0000000000053f9e                rt_timer_exit_sethook
                0x0000000000053fa8                rt_timer_init
                0x0000000000053ffe                rt_timer_detach
                0x0000000000054088                rt_timer_create
                0x00000000000540be                rt_timer_delete
                0x0000000000054148                rt_timer_start
                0x0000000000054278                rt_timer_stop
                0x00000000000542f4                rt_timer_control
                0x0000000000054398                rt_timer_check
                0x000000000005445e                rt_timer_next_timeout_tick
                0x0000000000054482                rt_soft_timer_check
                0x00000000000545b2                rt_system_timer_init
                0x00000000000545c0                rt_system_timer_thread_init
 *fill*         0x000000000005460a        0x2 
 .rodata.str1.4
                0x000000000005460c       0xde build\kernel\src\timer.o
 *fill*         0x00000000000546ea        0x2 
 .rodata        0x00000000000546ec       0x75 build\kernel\src\timer.o
 *src*mempool.o(.text* .rodata*)
 *fill*         0x0000000000054761        0x1 
 .text          0x0000000000054762      0x4e2 build\kernel\src\mempool.o
                0x0000000000054762                rt_mp_alloc_sethook
                0x000000000005476c                rt_mp_free_sethook
                0x0000000000054776                rt_mp_init
                0x000000000005484c                rt_mp_detach
                0x00000000000548e2                rt_mp_create
                0x00000000000549cc                rt_mp_delete
                0x0000000000054aaa                rt_mp_alloc
                0x0000000000054be4                rt_mp_free
 .rodata.str1.4
                0x0000000000054c44      0x121 build\kernel\src\mempool.o
                                        0x14d (size before relaxing)
 *fill*         0x0000000000054d65        0x3 
 .rodata        0x0000000000054d68       0x48 build\kernel\src\mempool.o
 *src*scheduler.o(.text* .rodata*)
 .text          0x0000000000054db0      0x310 build\kernel\src\scheduler.o
                0x0000000000054db0                rt_scheduler_sethook
                0x0000000000054dba                rt_system_scheduler_init
                0x0000000000054df2                rt_schedule_insert_thread
                0x0000000000054e72                rt_schedule_remove_thread
                0x0000000000054eda                rt_system_scheduler_start
                0x0000000000054f1a                rt_schedule
                0x0000000000055050                rt_enter_critical
                0x0000000000055072                rt_exit_critical
                0x00000000000550b6                rt_critical_level
 *fill*         0x00000000000550c0        0x0 
 .rodata.str1.4
                0x00000000000550c0       0x51 build\kernel\src\scheduler.o
                                         0x65 (size before relaxing)
 *fill*         0x0000000000055111        0x3 
 .rodata        0x0000000000055114       0x36 build\kernel\src\scheduler.o
 *src*clock.o(.text* .rodata*)
 .text          0x000000000005514a       0x90 build\kernel\src\clock.o
                0x000000000005514a                rt_tick_get
                0x0000000000055154                rt_tick_set
                0x000000000005516e                rt_tick_increase
                0x00000000000551a8                rt_tick_from_millisecond
                0x00000000000551d0                rt_tick_get_millisecond
 *src*kservice.o(.text* .rodata*)
 .text          0x00000000000551da      0xad4 build\kernel\src\kservice.o
                0x0000000000055378                rt_get_errno
                0x0000000000055398                rt_set_errno
                0x00000000000553ba                _rt_errno
                0x00000000000553dc                rt_memset
                0x0000000000055460                rt_memcpy
                0x000000000005550e                rt_memmove
                0x0000000000055558                rt_memcmp
                0x0000000000055580                rt_strcasecmp
                0x00000000000555b4                rt_strncpy
                0x00000000000555e0                rt_strncmp
                0x0000000000055610                rt_strcmp
                0x000000000005562a                rt_strnlen
                0x0000000000055642                rt_strlen
                0x0000000000055654                rt_strstr
                0x000000000005568c                rt_strdup
                0x00000000000556b8                rt_vsnprintf
                0x0000000000055a3e                rt_snprintf
                0x0000000000055a58                rt_vsprintf
                0x0000000000055a60                rt_sprintf
                0x0000000000055a7c                rt_console_get_device
                0x0000000000055a86                rt_console_set_device
                0x0000000000055ac2                rt_kputs
                0x0000000000055b0e                rt_kprintf
                0x0000000000055b8e                rt_show_version
                0x0000000000055bcc                rt_malloc_align
                0x0000000000055c06                rt_free_align
                0x0000000000055c12                __rt_ffs
                0x0000000000055c6a                rt_assert_set_hook
                0x0000000000055c74                rt_assert_handler
 *fill*         0x0000000000055cae        0x2 
 .rodata.str1.4
                0x0000000000055cb0       0xc7 build\kernel\src\kservice.o
 *fill*         0x0000000000055d77        0x1 
 .rodata        0x0000000000055d78      0x180 build\kernel\src\kservice.o
                0x0000000000055df8                __lowest_bit_bitmap
 *src*device.o(.text* .rodata*)
 .text          0x0000000000055ef8      0x4ec build\kernel\src\device.o
                0x0000000000055ef8                rt_device_unregister
                0x0000000000055f68                rt_device_find
                0x0000000000055f6e                rt_device_register
                0x0000000000055fa4                rt_device_create
                0x0000000000055fd0                rt_device_destroy
                0x0000000000056048                rt_device_init
                0x00000000000560a4                rt_device_open
                0x0000000000056194                rt_device_close
                0x000000000005620c                rt_device_read
                0x000000000005627c                rt_device_write
                0x00000000000562ec                rt_device_control
                0x0000000000056348                rt_device_set_rx_indicate
                0x0000000000056396                rt_device_set_tx_complete
 *fill*         0x00000000000563e4        0x0 
 .rodata.str1.4
                0x00000000000563e4       0xf4 build\kernel\src\device.o
 .rodata        0x00000000000564d8       0xc6 build\kernel\src\device.o
 *src*idle.o(.text* .rodata*)
 .text          0x000000000005659e      0x17c build\kernel\src\idle.o
                0x000000000005659e                rt_thread_idle_sethook
                0x00000000000565d8                rt_thread_idle_delhook
                0x0000000000056616                rt_thread_idle_excute
                0x00000000000566c2                rt_thread_idle_init
                0x0000000000056710                rt_thread_idle_gethandler
 *fill*         0x000000000005671a        0x2 
 .rodata.str1.4
                0x000000000005671c        0x8 build\kernel\src\idle.o
                                         0x34 (size before relaxing)
 .rodata        0x0000000000056724       0x16 build\kernel\src\idle.o
 *src*components.o(.text* .rodata*)
 .text          0x000000000005673a       0xee build\kernel\src\components.o
                0x000000000005674a                rt_components_board_init
                0x000000000005676e                rt_components_init
                0x0000000000056792                main_thread_entry
                0x00000000000567a4                rt_application_init
                0x00000000000567ec                rtthread_startup
                0x000000000005681c                entry
 *fill*         0x0000000000056828        0x0 
 .rodata.str1.4
                0x0000000000056828       0x17 build\kernel\src\components.o
 *fill*         0x000000000005683f        0x1 
 .rodata        0x0000000000056840       0x14 build\kernel\src\components.o

.comm           0x0000000000014000     0x4d0e load address 0x0000000010006a54
                0x0000000000014000                . = ALIGN (0x4)
 *(.vector)
 .vector        0x0000000000014000       0xd2 libraries\hal_libraries\bmsis\source\startup.o
                0x00000000000140c2                cpu_irq_comm
 .vector        0x00000000000140d2       0x3a libraries\hal_libraries\ab32vg1_hal\libhal.a(s_cache.o)
                0x00000000000140d2                isr_cache
 .vector        0x000000000001410c       0x2c libraries\hal_libraries\ab32vg1_hal\libhal.a(platform.o)
                0x000000000001410c                put_be32
                0x0000000000014114                put_be16
                0x000000000001411e                get_be32
                0x0000000000014120                swap32
                0x0000000000014126                get_be16
                0x000000000001412a                swap16
                0x0000000000014130                bitset_cnt
                0x0000000000014136                dummy_func
                0x0000000000014136                dummy_dump
 .vector        0x0000000000014138      0x128 libraries\hal_libraries\ab32vg1_hal\libhal.a(save-restore.o)
                0x0000000000014138                __riscv_save_12
                0x0000000000014158                __riscv_save_11
                0x0000000000014174                __riscv_save_10
                0x0000000000014190                __riscv_save_9
                0x00000000000141aa                __riscv_save_8
                0x00000000000141c2                __riscv_save_7
                0x00000000000141d6                __riscv_save_6
                0x00000000000141e8                __riscv_save_5
                0x00000000000141f8                __riscv_save_4
                0x0000000000014206                __riscv_save_3
                0x0000000000014212                __riscv_save_2
                0x000000000001421c                __riscv_save_1
                0x0000000000014224                __riscv_save_0
                0x000000000001422a                __riscv_restore_12
                0x000000000001422e                __riscv_restore_11
                0x0000000000014232                __riscv_restore_10
                0x0000000000014236                __riscv_restore_9
                0x000000000001423a                __riscv_restore_8
                0x000000000001423e                __riscv_restore_7
                0x0000000000014242                __riscv_restore_6
                0x0000000000014246                __riscv_restore_5
                0x000000000001424a                __riscv_restore_4
                0x000000000001424e                __riscv_restore_3
                0x0000000000014252                __riscv_restore_2
                0x0000000000014256                __riscv_restore_1
                0x000000000001425a                __riscv_restore_0
                0x0000000000014260                _gp
 *(.irq.cache)
 .irq.cache     0x0000000000014260       0xc2 build\board\board.o
                0x0000000000014260                cache_init
                0x0000000000014296                os_spiflash_lock
                0x00000000000142ba                os_spiflash_unlock
                0x00000000000142dc                os_cache_lock
                0x0000000000014300                os_cache_unlock
 .irq.cache     0x0000000000014322      0x118 libraries\hal_libraries\ab32vg1_hal\libhal.a(cache.o)
                0x0000000000014322                load_bank
                0x0000000000014428                load_cache_execute
 .irq.cache     0x000000000001443a       0x9c libraries\hal_libraries\ab32vg1_hal\libhal.a(s_cache.o)
                0x000000000001449c                load_cache
 *(.irq*)
 .irq.audio     0x00000000000144d6       0x3c build\board\ports\audio\drv_sound.o
                0x00000000000144d6                audio_sem_post
 .irq.timer     0x0000000000014512       0x1a build\board\board.o
                0x0000000000014512                timer0_isr
 .irq.err       0x000000000001452c       0x2e build\board\board.o
                0x000000000001452c                exception_isr
 *fill*         0x000000000001455a        0x2 
 .irq.err.str   0x000000000001455c       0x17 build\board\board.o
 *fill*         0x0000000000014573        0x1 
 .irq.sdio      0x0000000000014574       0x42 libraries\hal_drivers\drv_sdio.o
                0x0000000000014574                rthw_sdio_irq_process
                0x000000000001459e                sdio_isr
 .irq.irrx      0x00000000000145b6       0x8a libraries\hal_drivers\drv_irrx.o
                0x0000000000014610                ab32_get_irkey
 .irq.usart     0x0000000000014640      0x150 libraries\hal_drivers\drv_usart.o
                0x000000000001468a                uart_irq_process
 .irq.timer     0x0000000000014790       0x5c libraries\hal_drivers\drv_hwtimer.o
                0x0000000000014790                timer1_isr
 .irq.debug     0x00000000000147ec       0xae libraries\hal_libraries\ab32vg1_hal\libhal.a(debug.o)
                0x00000000000147ec                os_get_interrupt_nest
                0x00000000000147f0                debug_dump_info
                0x000000000001486a                sys_error_hook
 *fill*         0x000000000001489a        0x2 
 .irq.debug.str
                0x000000000001489c       0x32 libraries\hal_libraries\ab32vg1_hal\libhal.a(debug.o)
                0x000000000001489c                debug_dump_err_str_1
 *components*src**.o(.text* .rodata*)
 .text          0x00000000000148ce      0x612 build\kernel\components\dfs\src\dfs_posix.o
                0x00000000000148ce                mkdir
                0x0000000000014930                open
                0x0000000000014998                close
                0x00000000000149ce                read
                0x0000000000014a0e                write
                0x0000000000014a4e                lseek
                0x0000000000014ab0                rename
                0x0000000000014aca                unlink
                0x0000000000014ae4                stat
                0x0000000000014afe                fstat
                0x0000000000014b44                fsync
                0x0000000000014b6c                fcntl
                0x0000000000014bba                ioctl
                0x0000000000014bd6                ftruncate
                0x0000000000014c1e                statfs
                0x0000000000014c38                rmdir
                0x0000000000014c3a                opendir
                0x0000000000014cb8                readdir
                0x0000000000014d2e                telldir
                0x0000000000014d5e                seekdir
                0x0000000000014d98                rewinddir
                0x0000000000014dcc                closedir
                0x0000000000014e0e                chdir
                0x0000000000014ea0                access
                0x0000000000014eb2                getcwd
 *fill*         0x0000000000014ee0        0x0 
 .rodata.str1.4
                0x0000000000014ee0        0x4 build\kernel\components\dfs\src\dfs_posix.o
 .rodata.name   0x0000000000014ee4       0x42 build\kernel\components\dfs\src\dfs_posix.o
                0x0000000000014ee4                __fsym_cd_desc
                0x0000000000014f08                __fsym_cd_name
                0x0000000000014f0c                __fsym_mkdir_desc
                0x0000000000014f20                __fsym_mkdir_name
 .text          0x0000000000014f26      0x692 build\kernel\components\dfs\src\dfs_fs.o
                0x0000000000014f26                dfs_register
                0x0000000000014fb0                dfs_filesystem_lookup
                0x000000000001504e                dfs_filesystem_get_mounted_path
                0x000000000001508a                dfs_filesystem_get_partition
                0x0000000000015190                dfs_mount
                0x0000000000015348                dfs_unmount
                0x00000000000153e6                dfs_mkfs
                0x00000000000154c2                mkfs
                0x00000000000154c4                dfs_statfs
                0x00000000000154e8                df
 .rodata.str1.4
                0x00000000000155b8      0x1b2 build\kernel\components\dfs\src\dfs_fs.o
                                        0x1b6 (size before relaxing)
 *fill*         0x000000000001576a        0x2 
 .rodata        0x000000000001576c       0x35 build\kernel\components\dfs\src\dfs_fs.o
 *fill*         0x00000000000157a1        0x3 
 .rodata.name   0x00000000000157a4       0x2d build\kernel\components\dfs\src\dfs_fs.o
                0x00000000000157a4                __fsym_df_desc
                0x00000000000157b4                __fsym_df_name
                0x00000000000157b8                __fsym_mkfs_desc
                0x00000000000157cc                __fsym_mkfs_name
 *fill*         0x00000000000157d1        0x1 
 .text          0x00000000000157d2      0x604 build\kernel\components\dfs\src\dfs.o
                0x00000000000157d2                list_fd
                0x00000000000158de                dfs_init
                0x0000000000015994                dfs_lock
                0x00000000000159cc                dfs_unlock
                0x00000000000159d8                fd_new
                0x0000000000015acc                fd_get
                0x0000000000015b1a                fd_put
                0x0000000000015b7e                dfs_subdir
                0x0000000000015bba                dfs_normalize_path
                0x0000000000015d2e                fd_is_open
                0x0000000000015dcc                dfs_fdtable_get
 *fill*         0x0000000000015dd6        0x2 
 .rodata.str1.4
                0x0000000000015dd8      0x11a build\kernel\components\dfs\src\dfs.o
                                        0x136 (size before relaxing)
 *fill*         0x0000000000015ef2        0x2 
 .rodata        0x0000000000015ef4       0x1f build\kernel\components\dfs\src\dfs.o
 *fill*         0x0000000000015f13        0x1 
 .rodata.name   0x0000000000015f14       0x26 build\kernel\components\dfs\src\dfs.o
                0x0000000000015f14                __fsym___cmd_list_fd_desc
                0x0000000000015f2c                __fsym___cmd_list_fd_name
 .text          0x0000000000015f3a      0x8cc build\kernel\components\dfs\src\dfs_file.o
                0x0000000000015f3a                dfs_file_open
                0x0000000000016018                dfs_file_close
                0x0000000000016048                dfs_file_ioctl
                0x000000000001608e                dfs_file_read
                0x00000000000160be                cat
                0x0000000000016138                dfs_file_getdents
                0x0000000000016158                dfs_file_unlink
                0x00000000000161d2                rm
                0x00000000000161f4                dfs_file_write
                0x00000000000162d0                dfs_file_flush
                0x00000000000162e4                dfs_file_lseek
                0x000000000001630c                dfs_file_stat
                0x0000000000016408                ls
                0x000000000001663c                copy
                0x000000000001673c                dfs_file_rename
                0x00000000000167ca                dfs_file_ftruncate
 *fill*         0x0000000000016806        0x2 
 .rodata.str1.4
                0x0000000000016808      0x1b4 build\kernel\components\dfs\src\dfs_file.o
                                        0x1cc (size before relaxing)
 .rodata.name   0x00000000000169bc       0x67 build\kernel\components\dfs\src\dfs_file.o
                0x00000000000169bc                __fsym_copy_desc
                0x00000000000169d0                __fsym_copy_name
                0x00000000000169d8                __fsym_cat_desc
                0x00000000000169e4                __fsym_cat_name
                0x00000000000169e8                __fsym_rm_desc
                0x0000000000016a04                __fsym_rm_name
                0x0000000000016a08                __fsym_ls_desc
                0x0000000000016a20                __fsym_ls_name
 *fill*         0x0000000000016a23        0x1 
 .text          0x0000000000016a24      0x188 build\kernel\components\drivers\src\completion.o
                0x0000000000016a24                rt_completion_init
                0x0000000000016a5a                rt_completion_wait
                0x0000000000016b56                rt_completion_done
 .rodata.str1.4
                0x0000000000016bac       0x6f build\kernel\components\drivers\src\completion.o
                                         0x72 (size before relaxing)
 *fill*         0x0000000000016c1b        0x1 
 .rodata        0x0000000000016c1c       0x3b build\kernel\components\drivers\src\completion.o
 *fill*         0x0000000000016c57        0x1 
 .text          0x0000000000016c58      0x60c build\kernel\components\drivers\src\ringbuffer.o
                0x0000000000016c58                rt_ringbuffer_init
                0x0000000000016caa                rt_ringbuffer_putchar_force
                0x0000000000016d4c                rt_ringbuffer_data_len
                0x0000000000016d84                rt_ringbuffer_put
                0x0000000000016e42                rt_ringbuffer_put_force
                0x0000000000016f5c                rt_ringbuffer_get
                0x0000000000017036                rt_ringbuffer_peak
                0x00000000000170b4                rt_ringbuffer_putchar
                0x0000000000017124                rt_ringbuffer_getchar
                0x00000000000171a4                rt_ringbuffer_reset
                0x00000000000171cc                rt_ringbuffer_create
                0x000000000001722c                rt_ringbuffer_destroy
 *fill*         0x0000000000017264        0x0 
 .rodata.str1.4
                0x0000000000017264       0x19 build\kernel\components\drivers\src\ringbuffer.o
 *fill*         0x000000000001727d        0x3 
 .rodata        0x0000000000017280       0xf6 build\kernel\components\drivers\src\ringbuffer.o
 .text          0x0000000000017376      0x664 build\kernel\components\drivers\src\dataqueue.o
                0x0000000000017376                rt_data_queue_init
                0x00000000000173f6                rt_data_queue_push
                0x0000000000017592                rt_data_queue_peek
                0x000000000001761e                rt_data_queue_reset
                0x00000000000176cc                rt_data_queue_deinit
                0x0000000000017732                rt_data_queue_len
                0x00000000000177bc                rt_data_queue_pop
 *fill*         0x00000000000179da        0x2 
 .rodata.str1.4
                0x00000000000179dc       0x58 build\kernel\components\drivers\src\dataqueue.o
                                         0x90 (size before relaxing)
 .rodata        0x0000000000017a34       0x8e build\kernel\components\drivers\src\dataqueue.o
 *ab32vg1_hal**.o(.text* .rodata*)
 .text          0x0000000000017ac2      0x120 build\board\ab32vg1_hal_msp.o
                0x0000000000017ac2                hal_uart_mspinit
                0x0000000000017b82                hal_sd_mspinit
                0x0000000000017bbe                hal_pwm_mspinit
 .text.hal_rcu_periph_clk_enable
                0x0000000000017be2       0x34 libraries\hal_libraries\ab32vg1_hal\source\ab32vg1_hal_rcu.o
                0x0000000000017be2                hal_rcu_periph_clk_enable
 .text.hal_uart_setbaud
                0x0000000000017c16       0x1e libraries\hal_libraries\ab32vg1_hal\source\ab32vg1_hal_uart.o
                0x0000000000017c16                hal_uart_setbaud
 .text.hal_uart_setparam
                0x0000000000017c34       0x52 libraries\hal_libraries\ab32vg1_hal\source\ab32vg1_hal_uart.o
                0x0000000000017c34                hal_uart_setparam
 .text.hal_uart_deinit
                0x0000000000017c86        0x6 libraries\hal_libraries\ab32vg1_hal\source\ab32vg1_hal_uart.o
                0x0000000000017c86                hal_uart_deinit
 .text.hal_uart_control
                0x0000000000017c8c       0x18 libraries\hal_libraries\ab32vg1_hal\source\ab32vg1_hal_uart.o
                0x0000000000017c8c                hal_uart_control
 .text.hal_uart_write
                0x0000000000017ca4        0x4 libraries\hal_libraries\ab32vg1_hal\source\ab32vg1_hal_uart.o
                0x0000000000017ca4                hal_uart_write
 .text.hal_uart_read
                0x0000000000017ca8        0x8 libraries\hal_libraries\ab32vg1_hal\source\ab32vg1_hal_uart.o
                0x0000000000017ca8                hal_uart_read
 .text.hal_uart_getflag
                0x0000000000017cb0        0x6 libraries\hal_libraries\ab32vg1_hal\source\ab32vg1_hal_uart.o
                0x0000000000017cb0                hal_uart_getflag
 .text.hal_uart_clrflag
                0x0000000000017cb6        0x8 libraries\hal_libraries\ab32vg1_hal\source\ab32vg1_hal_uart.o
                0x0000000000017cb6                hal_uart_clrflag
 .text.uart_config_all
                0x0000000000017cbe       0x72 libraries\hal_libraries\ab32vg1_hal\source\ab32vg1_hal_uart.o
                0x0000000000017cbe                uart_config_all
 .text.hal_uart_init
                0x0000000000017d30       0x1c libraries\hal_libraries\ab32vg1_hal\source\ab32vg1_hal_uart.o
                0x0000000000017d30                hal_uart_init
 .text.gpio_afinit
                0x0000000000017d4c       0x30 libraries\hal_libraries\ab32vg1_hal\source\ab32vg1_hal_gpio.o
                0x0000000000017d4c                gpio_afinit
 .text.hal_gpio_init
                0x0000000000017d7c       0xc6 libraries\hal_libraries\ab32vg1_hal\source\ab32vg1_hal_gpio.o
                0x0000000000017d7c                hal_gpio_init
 .text.hal_gpio_read
                0x0000000000017e42        0xa libraries\hal_libraries\ab32vg1_hal\source\ab32vg1_hal_gpio.o
                0x0000000000017e42                hal_gpio_read
 .text.hal_gpio_write
                0x0000000000017e4c       0x18 libraries\hal_libraries\ab32vg1_hal\source\ab32vg1_hal_gpio.o
                0x0000000000017e4c                hal_gpio_write
 .text.hal_set_tick_hook
                0x0000000000017e64        0xa libraries\hal_libraries\ab32vg1_hal\source\ab32vg1_hal.o
                0x0000000000017e64                hal_set_tick_hook
 .text.hal_set_ticks
                0x0000000000017e6e       0x20 libraries\hal_libraries\ab32vg1_hal\source\ab32vg1_hal.o
                0x0000000000017e6e                hal_set_ticks
 .text.hal_adc_enable
                0x0000000000017e8e       0x14 libraries\hal_libraries\ab32vg1_hal\libhal.a(ab32vg1_hal_adc.o)
                0x0000000000017e8e                hal_adc_enable
 .text.hal_adc_start
                0x0000000000017ea2        0x6 libraries\hal_libraries\ab32vg1_hal\libhal.a(ab32vg1_hal_adc.o)
                0x0000000000017ea2                hal_adc_start
 .text.hal_adc_poll_for_conversion
                0x0000000000017ea8       0x30 libraries\hal_libraries\ab32vg1_hal\libhal.a(ab32vg1_hal_adc.o)
                0x0000000000017ea8                hal_adc_poll_for_conversion
 *drv_gpio.o(.text* .rodata*)
 .text          0x0000000000017ed8      0x1b2 libraries\hal_drivers\drv_gpio.o
                0x0000000000018074                rt_hw_pin_init
 *fill*         0x000000000001808a        0x2 
 .rodata.str1.4
                0x000000000001808c        0x4 libraries\hal_drivers\drv_gpio.o
 .rodata        0x0000000000018090       0x38 libraries\hal_drivers\drv_gpio.o
 *drv_usart.o(.rodata)
 .rodata        0x00000000000180c8       0x81 libraries\hal_drivers\drv_usart.o
 *(.rela*)
 .rela.text.startup
                0x0000000000018149        0x0 build\applications\main.o
 .rela.text     0x0000000000018149        0x0 build\applications\main.o
 .rela.irq.err  0x0000000000018149        0x0 build\applications\main.o
 .rela.reset    0x0000000000018149        0x0 build\applications\main.o
 .rela.vector   0x0000000000018149        0x0 build\applications\main.o
 .rela.text.set_sysclk
                0x0000000000018149        0x0 build\applications\main.o
 .rela.irq.cache
                0x0000000000018149        0x0 build\applications\main.o
 .rela.com_text.cache
                0x0000000000018149        0x0 build\applications\main.o
 .rela.com_text.spiflash
                0x0000000000018149        0x0 build\applications\main.o
 .rela.irq.debug
                0x0000000000018149        0x0 build\applications\main.o
 *(.data*)
 *fill*         0x0000000000018149        0x3 
 .data          0x000000000001814c       0x1c build\board\ports\audio\drv_sound.o
 .data          0x0000000000018168       0xa0 build\kernel\src\object.o
 .data          0x0000000000018208      0x100 build\kernel\components\dfs\src\dfs.o
                0x0000000000018208                working_directory
 .data          0x0000000000018308       0x3c libraries\hal_drivers\drv_adc.o
 .data          0x0000000000018344        0xc libraries\hal_drivers\drv_usart.o
 .data          0x0000000000018350       0x48 libraries\hal_drivers\drv_pwm.o
 .data          0x0000000000018398       0x5c libraries\hal_drivers\drv_hwtimer.o
 *fill*         0x00000000000183f4        0x4 
 .data          0x00000000000183f8      0x428 d:/program_files/programming/rt-threadstudio/repo/extract/toolchain_support_packages/risc-v/risc-v-gcc/10.1.0/bin/../lib/gcc/riscv64-unknown-elf/10.1.0/../../../../riscv64-unknown-elf/lib/rv32im/ilp32\libc.a(lib_a-impure.o)
 .data          0x0000000000018820      0x16c d:/program_files/programming/rt-threadstudio/repo/extract/toolchain_support_packages/risc-v/risc-v-gcc/10.1.0/bin/../lib/gcc/riscv64-unknown-elf/10.1.0/../../../../riscv64-unknown-elf/lib/rv32im/ilp32\libc.a(lib_a-locale.o)
                0x0000000000018820                __global_locale
 *(.sdata*)
 .sdata         0x000000000001898c        0x1 build\kernel\src\timer.o
 *fill*         0x000000000001898d        0x3 
 .sdata         0x0000000000018990        0x8 build\kernel\components\drivers\sdio\block_dev.o
 .sdata         0x0000000000018998       0x10 build\kernel\components\drivers\sdio\sdio.o
 .sdata         0x00000000000189a8        0x4 build\kernel\components\finsh\msh.o
 .sdata         0x00000000000189ac        0x1 libraries\hal_drivers\drv_sdio.o
 *fill*         0x00000000000189ad        0x3 
 .sdata         0x00000000000189b0        0x4 libraries\hal_drivers\drv_pwm.o
 .sdata         0x00000000000189b4        0x4 d:/program_files/programming/rt-threadstudio/repo/extract/toolchain_support_packages/risc-v/risc-v-gcc/10.1.0/bin/../lib/gcc/riscv64-unknown-elf/10.1.0/../../../../riscv64-unknown-elf/lib/rv32im/ilp32\libc.a(lib_a-impure.o)
                0x00000000000189b4                _impure_ptr
 .sdata         0x00000000000189b8        0x4 d:/program_files/programming/rt-threadstudio/repo/extract/toolchain_support_packages/risc-v/risc-v-gcc/10.1.0/bin/../lib/gcc/riscv64-unknown-elf/10.1.0/../../../../riscv64-unknown-elf/lib/rv32im/ilp32\libc.a(lib_a-environ.o)
                0x00000000000189b8                environ
 .sdata         0x00000000000189bc        0x4 libraries\hal_libraries\ab32vg1_hal\libhal.a(cache.o)
                0x00000000000189bc                _cache_cb
 *(.com_text*)
 .com_text.cache
                0x00000000000189c0       0x5c libraries\hal_libraries\ab32vg1_hal\libhal.a(cache.o)
                0x00000000000189c0                os_cache_init
                0x00000000000189fe                os_cache_setfunc
 .com_text.spiflash
                0x0000000000018a1c      0x2f2 libraries\hal_libraries\ab32vg1_hal\libhal.a(spiflash.o)
                0x0000000000018ae2                spiflash_read
                0x0000000000018c50                os_spiflash_read
                0x0000000000018c82                os_spiflash_program
                0x0000000000018cde                os_spiflash_erase

.bss            0x0000000000011000     0x1990
                0x0000000000011000                __bss_start = .
 *(COMMON)
 COMMON         0x0000000000011000       0x2c libraries\hal_libraries\ab32vg1_hal\libhal.a(cache.o)
                0x0000000000011000                cache_cb
 COMMON         0x000000000001102c        0x4 libraries\hal_libraries\ab32vg1_hal\libhal.a(spiflash.o)
                0x000000000001102c                spi_dummy_byte
 *(.bss)
 .bss           0x0000000000011030       0x58 build\board\ports\audio\drv_sound.o
 .bss           0x0000000000011088       0xc8 build\board\board.o
 .bss           0x0000000000011150       0x80 build\kernel\src\kservice.o
 .bss           0x00000000000111d0      0x290 build\kernel\src\idle.o
 .bss           0x0000000000011460      0x100 build\kernel\src\scheduler.o
                0x0000000000011460                rt_thread_priority_table
 .bss           0x0000000000011560      0x180 build\kernel\src\timer.o
 .bss           0x00000000000116e0       0x20 build\kernel\src\mem.o
 .bss           0x0000000000011700       0x44 build\kernel\components\dfs\src\dfs.o
                0x0000000000011700                filesystem_table
 .bss           0x0000000000011744      0x128 build\kernel\components\dfs\src\dfs_file.o
 .bss           0x000000000001186c       0x34 build\kernel\components\drivers\misc\pin.o
 .bss           0x00000000000118a0      0x500 build\kernel\components\drivers\sdio\mmcsd_core.o
 .bss           0x0000000000011da0      0x140 build\kernel\components\finsh\finsh_node.o
                0x0000000000011da0                global_node_table
 .bss           0x0000000000011ee0      0x180 build\kernel\components\finsh\finsh_vm.o
                0x0000000000011ee0                finsh_vm_stack
                0x0000000000011fe0                text_segment
 .bss           0x0000000000012060       0x81 build\kernel\components\finsh\shell.o
 *fill*         0x00000000000120e1        0x3 
 .bss           0x00000000000120e4       0xc0 build\kernel\components\finsh\finsh_var.o
                0x00000000000120e4                global_variable
 *fill*         0x00000000000121a4        0x4 
 .bss           0x00000000000121a8       0x80 build\kernel\components\finsh\finsh_heap.o
                0x00000000000121a8                finsh_heap
 .bss           0x0000000000012228       0x61 build\kernel\components\libc\compilers\common\time.o
 *fill*         0x0000000000012289        0x3 
 .bss           0x000000000001228c       0x30 libraries\hal_drivers\drv_rtc.o
 .bss           0x00000000000122bc       0x88 libraries\hal_drivers\drv_soft_i2c.o
 .bss           0x0000000000012344       0x34 libraries\hal_drivers\drv_wdt.o
 *fill*         0x0000000000012378        0x8 
 .bss           0x0000000000012380      0x400 libraries\hal_drivers\drv_sdio.o
 .bss           0x0000000000012780       0x58 libraries\hal_drivers\drv_usart.o
 .bss           0x00000000000127d8       0x5c libcpu\cpu\interrupt.o
                0x00000000000127d8                tbl_irq_vector
 .bss           0x0000000000012834        0xc libraries\hal_libraries\bmsis\source\system_ab32vgx.o
                0x0000000000012834                sys
 *(.sbss)
 .sbss          0x0000000000012840        0xc build\kernel\src\kservice.o
                0x0000000000012840                rt_assert_hook
 .sbss          0x000000000001284c        0xc build\kernel\src\thread.o
 .sbss          0x0000000000012858        0x4 build\kernel\src\clock.o
 .sbss          0x000000000001285c       0x1c build\kernel\src\scheduler.o
                0x0000000000012860                rt_thread_defunct
                0x0000000000012868                rt_current_priority
                0x000000000001286c                rt_current_thread
                0x0000000000012874                rt_thread_ready_priority_group
 .sbss          0x0000000000012878        0x8 build\kernel\src\mempool.o
 .sbss          0x0000000000012880       0x1c build\kernel\src\timer.o
 .sbss          0x000000000001289c       0x20 build\kernel\src\mem.o
 .sbss          0x00000000000128bc       0x14 build\kernel\src\object.o
                0x00000000000128bc                rt_object_put_hook
                0x00000000000128c0                rt_object_take_hook
                0x00000000000128c4                rt_object_trytake_hook
 .sbss          0x00000000000128d0        0xc build\kernel\src\irq.o
                0x00000000000128d0                rt_interrupt_nest
 .sbss          0x00000000000128dc       0x14 build\kernel\components\dfs\src\dfs.o
                0x00000000000128e8                filesystem_operation_table
 .sbss          0x00000000000128f0        0x8 build\kernel\components\dfs\filesystems\elmfat\dfs_elm.o
 .sbss          0x00000000000128f8        0xc build\kernel\components\dfs\filesystems\elmfat\ff.o
 .sbss          0x0000000000012904        0x4 build\kernel\components\drivers\misc\adc.o
 .sbss          0x0000000000012908        0x4 build\kernel\components\drivers\serial\serial.o
 .sbss          0x000000000001290c        0x4 build\kernel\components\finsh\cmd.o
 .sbss          0x0000000000012910        0xc build\kernel\components\finsh\finsh_vm.o
                0x0000000000012910                global_syscall_list
                0x0000000000012914                finsh_pc
                0x0000000000012918                finsh_sp
 .sbss          0x000000000001291c       0x18 build\kernel\components\finsh\shell.o
                0x0000000000012920                shell
                0x0000000000012924                _sysvar_table_end
                0x0000000000012928                _sysvar_table_begin
                0x000000000001292c                _syscall_table_end
                0x0000000000012930                _syscall_table_begin
 .sbss          0x0000000000012934        0x4 build\kernel\components\finsh\finsh_var.o
                0x0000000000012934                global_sysvar_list
 .sbss          0x0000000000012938        0x8 build\kernel\components\finsh\finsh_compiler.o
                0x0000000000012938                finsh_compile_pc
                0x000000000001293c                finsh_compile_sp
 .sbss          0x0000000000012940        0x8 build\kernel\components\finsh\finsh_heap.o
 .sbss          0x0000000000012948        0x1 build\kernel\components\finsh\finsh_error.o
                0x0000000000012948                global_errno
 *fill*         0x0000000000012949        0x3 
 .sbss          0x000000000001294c        0x4 build\kernel\components\libc\compilers\common\time.o
 .sbss          0x0000000000012950        0x4 build\kernel\components\libc\compilers\newlib\stdio.o
 .sbss          0x0000000000012954        0x8 libraries\hal_drivers\drv_wdt.o
 .sbss          0x000000000001295c        0x4 libraries\hal_drivers\drv_sdio.o
 .sbss          0x0000000000012960        0x8 libraries\hal_drivers\drv_irrx.o
 .sbss          0x0000000000012968       0x10 libcpu\cpu\cpuport.o
                0x0000000000012968                rt_cur_thread_sp
                0x000000000001296c                rt_thread_switch_interrupt_flag
                0x0000000000012970                rt_interrupt_to_thread
                0x0000000000012974                rt_interrupt_from_thread
 .sbss          0x0000000000012978        0x8 libcpu\cpu\interrupt.o
                0x0000000000012978                cpu_irq_comm_hook
                0x000000000001297c                irq_mask
 .sbss          0x0000000000012980        0x8 libraries\hal_libraries\ab32vg1_hal\source\ab32vg1_hal.o
 .sbss          0x0000000000012988        0x4 d:/program_files/programming/rt-threadstudio/repo/extract/toolchain_support_packages/risc-v/risc-v-gcc/10.1.0/bin/../lib/gcc/riscv64-unknown-elf/10.1.0/../../../../riscv64-unknown-elf/lib/rv32im/ilp32\libc.a(lib_a-setenv_r.o)
 .sbss          0x000000000001298c        0x4 d:/program_files/programming/rt-threadstudio/repo/extract/toolchain_support_packages/risc-v/risc-v-gcc/10.1.0/bin/../lib/gcc/riscv64-unknown-elf/10.1.0/../../../../riscv64-unknown-elf/lib/rv32im/ilp32\libc.a(lib_a-environ.o)
 *(.buf*)
                0x0000000000012990                __bss_end = .
                0x0000000000001990                __bss_size = (__bss_end - __bss_start)

.stack          0x0000000000013000     0x1000
                0x0000000000013000                __irq_stack_start = .
                0x0000000000001000                . = __stack_ram_size
 *fill*         0x0000000000013000     0x1000 
                0x0000000000014000                __irq_stack = .
                0x0000000000001000                __irq_stack_size = (__irq_stack - __irq_stack_start)

.heap           0x000000000001e800    0x11800
                0x000000000001e800                __heap_start = .
                0x0000000000011800                . = __heap_ram_size
 *fill*         0x000000000001e800    0x11800 
                0x0000000000030000                __heap_end = .

.flash          0x000000001000b768    0x2bc98
                0x000000001000b768                . = ALIGN (0x4)
                0x000000001000b768                __fsymtab_start = .
 *(FSymTab)
 FSymTab        0x000000001000b768        0xc build\kernel\src\memheap.o
                0x000000001000b768                __fsym___cmd_memheaptrace
 FSymTab        0x000000001000b774        0xc build\kernel\src\mem.o
                0x000000001000b774                __fsym_list_mem
 FSymTab        0x000000001000b780       0x18 build\kernel\components\dfs\src\dfs_posix.o
                0x000000001000b780                __fsym_cd
                0x000000001000b78c                __fsym_mkdir
 FSymTab        0x000000001000b798       0x18 build\kernel\components\dfs\src\dfs_fs.o
                0x000000001000b798                __fsym_df
                0x000000001000b7a4                __fsym_mkfs
 FSymTab        0x000000001000b7b0        0xc build\kernel\components\dfs\src\dfs.o
                0x000000001000b7b0                __fsym___cmd_list_fd
 FSymTab        0x000000001000b7bc       0x30 build\kernel\components\dfs\src\dfs_file.o
                0x000000001000b7bc                __fsym_copy
                0x000000001000b7c8                __fsym_cat
                0x000000001000b7d4                __fsym_rm
                0x000000001000b7e0                __fsym_ls
 FSymTab        0x000000001000b7ec        0xc build\kernel\components\drivers\misc\adc.o
                0x000000001000b7ec                __fsym___cmd_adc
 FSymTab        0x000000001000b7f8       0x48 build\kernel\components\drivers\misc\rt_drv_pwm.o
                0x000000001000b7f8                __fsym___cmd_pwm_get
                0x000000001000b804                __fsym___cmd_pwm_set
                0x000000001000b810                __fsym___cmd_pwm_disable
                0x000000001000b81c                __fsym___cmd_pwm_enable
                0x000000001000b828                __fsym_pwm_set
                0x000000001000b834                __fsym_pwm_enable
 FSymTab        0x000000001000b840       0x30 build\kernel\components\drivers\misc\pin.o
                0x000000001000b840                __fsym_pinGet
                0x000000001000b84c                __fsym_pinRead
                0x000000001000b858                __fsym_pinWrite
                0x000000001000b864                __fsym_pinMode
 FSymTab        0x000000001000b870       0x3c build\kernel\components\drivers\rtc\rtc.o
                0x000000001000b870                __fsym___cmd_date
                0x000000001000b87c                __fsym___cmd_list_date
                0x000000001000b888                __fsym_set_time
                0x000000001000b894                __fsym_set_date
                0x000000001000b8a0                __fsym_list_date
 FSymTab        0x000000001000b8ac      0x138 build\kernel\components\finsh\cmd.o
                0x000000001000b8ac                __fsym_list
                0x000000001000b8b8                __fsym___cmd_list_device
                0x000000001000b8c4                __fsym_list_device
                0x000000001000b8d0                __fsym___cmd_list_timer
                0x000000001000b8dc                __fsym_list_timer
                0x000000001000b8e8                __fsym___cmd_list_mempool
                0x000000001000b8f4                __fsym_list_mempool
                0x000000001000b900                __fsym___cmd_list_memheap
                0x000000001000b90c                __fsym_list_memheap
                0x000000001000b918                __fsym___cmd_list_msgqueue
                0x000000001000b924                __fsym_list_msgqueue
                0x000000001000b930                __fsym___cmd_list_mailbox
                0x000000001000b93c                __fsym_list_mailbox
                0x000000001000b948                __fsym___cmd_list_mutex
                0x000000001000b954                __fsym_list_mutex
                0x000000001000b960                __fsym___cmd_list_event
                0x000000001000b96c                __fsym_list_event
                0x000000001000b978                __fsym___cmd_list_sem
                0x000000001000b984                __fsym_list_sem
                0x000000001000b990                __fsym___cmd_list_thread
                0x000000001000b99c                __fsym_list_thread
                0x000000001000b9a8                __fsym___cmd_version
                0x000000001000b9b4                __fsym_version
                0x000000001000b9c0                __fsym___cmd_clear
                0x000000001000b9cc                __fsym_clear
                0x000000001000b9d8                __fsym_hello
 FSymTab        0x000000001000b9e4       0x3c build\kernel\components\finsh\msh.o
                0x000000001000b9e4                __fsym___cmd_free
                0x000000001000b9f0                __fsym___cmd_ps
                0x000000001000b9fc                __fsym___cmd_help
                0x000000001000ba08                __fsym_msh
                0x000000001000ba14                __fsym___cmd_exit
 FSymTab        0x000000001000ba20       0x9c build\kernel\components\finsh\msh_file.o
                0x000000001000ba20                __fsym___cmd_echo
                0x000000001000ba2c                __fsym___cmd_df
                0x000000001000ba38                __fsym___cmd_umount
                0x000000001000ba44                __fsym___cmd_mount
                0x000000001000ba50                __fsym___cmd_mkfs
                0x000000001000ba5c                __fsym___cmd_mkdir
                0x000000001000ba68                __fsym___cmd_pwd
                0x000000001000ba74                __fsym___cmd_cd
                0x000000001000ba80                __fsym___cmd_rm
                0x000000001000ba8c                __fsym___cmd_cat
                0x000000001000ba98                __fsym___cmd_mv
                0x000000001000baa4                __fsym___cmd_cp
                0x000000001000bab0                __fsym___cmd_ls
                0x000000001000babc                __fsymtab_end = .
                0x000000001000babc                . = ALIGN (0x4)
                0x000000001000babc                __vsymtab_start = .
 *(VSymTab)
 VSymTab        0x000000001000babc       0x10 build\kernel\components\finsh\cmd.o
                0x000000001000babc                __vsym_dummy
                0x000000001000bacc                __vsymtab_end = .
                0x000000001000bacc                . = ALIGN (0x4)
 *(.text*)
 .text.startup  0x000000001000bacc       0x6a build\applications\main.o
                0x000000001000bacc                main
 .text          0x000000001000bb36       0xfc build\applications\mnt.o
                0x000000001000bb36                sd_mount
                0x000000001000bbc2                ab32_sdcard_mount
 .text          0x000000001000bc32      0x65e build\board\ports\audio\drv_sound.o
                0x000000001000be2e                adpll_init
                0x000000001000bee0                dac_start
                0x000000001000bfa2                audio_sem_pend
                0x000000001000bfb4                sound_transmit
                0x000000001000c016                saia_frequency_set
                0x000000001000c06a                saia_channels_set
                0x000000001000c0c6                saia_volume_set
                0x000000001000c1de                saia_volume_get
 .text          0x000000001000c290      0x1d6 build\board\board.o
                0x000000001000c290                timer0_cfg
                0x000000001000c2a4                hal_printf
                0x000000001000c330                timer0_init
                0x000000001000c358                hal_mdelay
                0x000000001000c360                rt_hw_systick_init
                0x000000001000c408                rt_hw_board_init
                0x000000001000c45c                rt_hw_us_delay
                0x000000001000c45e                rt_hw_console_output
 .text          0x000000001000c466      0x820 build\kernel\src\memheap.o
                0x000000001000c466                rt_memheap_init
                0x000000001000c53a                rt_memheap_detach
                0x000000001000c5d6                rt_memheap_alloc
                0x000000001000c742                rt_memheap_free
                0x000000001000c89c                rt_memheap_realloc
                0x000000001000cace                rt_memheap_dump
                0x000000001000cc1e                memheaptrace
 .text          0x000000001000cc86      0x802 build\kernel\src\mem.o
                0x000000001000cc86                list_mem
                0x000000001000cdc8                rt_malloc_sethook
                0x000000001000cdd2                rt_free_sethook
                0x000000001000cddc                rt_system_heap_init
                0x000000001000ced8                rt_malloc
                0x000000001000d0fa                rt_calloc
                0x000000001000d12a                rt_free
                0x000000001000d2fe                rt_realloc
                0x000000001000d462                rt_memory_info
 .text          0x000000001000d488      0x3ec build\kernel\components\dfs\filesystems\devfs\devfs.o
                0x000000001000d488                dfs_device_fs_mount
                0x000000001000d490                dfs_device_fs_ioctl
                0x000000001000d4f2                dfs_device_fs_read
                0x000000001000d560                dfs_device_fs_write
                0x000000001000d5ce                dfs_device_fs_close
                0x000000001000d662                dfs_device_fs_stat
                0x000000001000d6d6                dfs_device_fs_open
                0x000000001000d7be                dfs_device_fs_getdents
                0x000000001000d852                devfs_init
 .text          0x000000001000d874      0x11e build\kernel\components\dfs\filesystems\elmfat\ffunicode.o
                0x000000001000d874                ff_uni2oem
                0x000000001000d8c0                ff_oem2uni
                0x000000001000d8ee                ff_wtoupper
 .text          0x000000001000d992      0xbae build\kernel\components\dfs\filesystems\elmfat\dfs_elm.o
                0x000000001000d9cc                dfs_elm_mount
                0x000000001000dad6                dfs_elm_unmount
                0x000000001000db60                dfs_elm_mkfs
                0x000000001000dc90                dfs_elm_statfs
                0x000000001000dd30                dfs_elm_open
                0x000000001000de54                dfs_elm_close
                0x000000001000ded0                dfs_elm_ioctl
                0x000000001000df32                dfs_elm_read
                0x000000001000df92                dfs_elm_write
                0x000000001000dff6                dfs_elm_flush
                0x000000001000e02e                dfs_elm_lseek
                0x000000001000e0c0                dfs_elm_getdents
                0x000000001000e190                dfs_elm_unlink
                0x000000001000e1f2                dfs_elm_rename
                0x000000001000e258                dfs_elm_stat
                0x000000001000e334                elm_init
                0x000000001000e356                disk_initialize
                0x000000001000e35a                disk_status
                0x000000001000e35e                disk_read
                0x000000001000e396                disk_write
                0x000000001000e3ce                disk_ioctl
                0x000000001000e4aa                get_fattime
                0x000000001000e4ae                ff_cre_syncobj
                0x000000001000e4f0                ff_del_syncobj
                0x000000001000e510                ff_req_grant
                0x000000001000e530                ff_rel_grant
                0x000000001000e538                ff_memalloc
                0x000000001000e53c                ff_memfree
 .text          0x000000001000e540     0x2f90 build\kernel\components\dfs\filesystems\elmfat\ff.o
                0x000000001000fc32                f_mount
                0x000000001000fcbe                f_open
                0x000000001000feda                f_read
                0x0000000010010098                f_write
                0x000000001001029a                f_sync
                0x0000000010010362                f_close
                0x0000000010010398                f_lseek
                0x000000001001061e                f_opendir
                0x00000000100106ca                f_closedir
                0x00000000100106f8                f_readdir
                0x0000000010010780                f_seekdir
                0x00000000100107c2                f_stat
                0x0000000010010838                f_getfree
                0x000000001001093a                f_truncate
                0x0000000010010a1a                f_unlink
                0x0000000010010aec                f_mkdir
                0x0000000010010c2e                f_rename
                0x0000000010010d7e                f_mkfs
                0x00000000100114b0                elm_get_vol
 .text          0x00000000100114d0      0x85a build\kernel\components\drivers\audio\audio.o
                0x0000000010011a4c                rt_audio_register
                0x0000000010011abc                rt_audio_samplerate_to_speed
                0x0000000010011b8a                rt_audio_tx_complete
                0x0000000010011cfc                rt_audio_rx_done
 .text          0x0000000010011d2a      0x45c build\kernel\components\drivers\audio\audio_pipe.o
                0x000000001001207a                rt_audio_pipe_init
                0x0000000010012114                rt_audio_pipe_detach
                0x000000001001211c                rt_audio_pipe_create
                0x0000000010012162                rt_audio_pipe_destroy
 .text          0x0000000010012186      0x462 build\kernel\components\drivers\hwtimer\hwtimer.o
                0x00000000100124ea                rt_device_hwtimer_isr
                0x000000001001254c                rt_device_hwtimer_register
 .text          0x00000000100125e8      0x1de build\kernel\components\drivers\i2c\i2c_core.o
                0x00000000100125e8                rt_i2c_core_init
                0x00000000100125ec                rt_i2c_bus_device_register
                0x000000001001265c                rt_i2c_bus_device_find
                0x00000000100126b8                rt_i2c_transfer
                0x0000000010012736                rt_i2c_master_send
                0x0000000010012768                rt_i2c_master_recv
 .text          0x00000000100127c6      0x1bc build\kernel\components\drivers\i2c\i2c_dev.o
                0x0000000010012930                rt_i2c_bus_device_device_init
 .text          0x0000000010012982      0x4a8 build\kernel\components\drivers\i2c\i2c-bit-ops.o
                0x0000000010012e1c                rt_i2c_bit_add_bus
 .text          0x0000000010012e2a      0x3a6 build\kernel\components\drivers\misc\rt_drv_pwm.o
                0x0000000010012ebe                rt_pwm_enable
                0x0000000010012efc                rt_pwm_set
                0x0000000010012ff4                rt_device_pwm_register
                0x000000001001303a                rt_pwm_disable
                0x00000000100130d0                rt_pwm_get
 .text          0x00000000100131d0      0x268 build\kernel\components\drivers\rtc\rtc.o
                0x00000000100131d0                set_date
                0x000000001001324e                set_time
                0x00000000100132c6                list_date
 .text          0x0000000010013438      0x892 build\kernel\components\drivers\sdio\mmc.o
                0x0000000010013566                mmc_send_op_cond
                0x00000000100135ee                init_mmc
 .text          0x0000000010013cca      0xa18 build\kernel\components\drivers\sdio\sd.o
                0x0000000010013d6c                mmcsd_send_app_cmd
                0x0000000010013de2                mmcsd_app_set_bus_width
                0x0000000010013e2c                mmcsd_send_app_op_cond
                0x0000000010013ebc                mmcsd_send_if_cond
                0x0000000010013f16                mmcsd_get_card_addr
                0x0000000010013f5c                mmcsd_get_scr
                0x000000001001402e                init_sd
 .text          0x00000000100146e2      0x6fe build\kernel\components\drivers\sdio\block_dev.o
                0x00000000100149f4                mmcsd_num_wr_blocks
                0x0000000010014af8                rt_mmcsd_blk_probe
                0x0000000010014d6a                rt_mmcsd_blk_remove
                0x0000000010014ddc                rt_mmcsd_blk_init
 .text          0x0000000010014de0     0x1418 build\kernel\components\drivers\sdio\sdio.o
                0x0000000010014e66                sdio_io_send_op_cond
                0x0000000010014f02                sdio_io_rw_direct
                0x000000001001501a                sdio_io_rw_extended
                0x00000000100151be                sdio_io_rw_extended_block
                0x00000000100152e8                sdio_io_readb
                0x00000000100155fc                sdio_io_writeb
                0x0000000010015626                sdio_io_readw
                0x0000000010015658                sdio_io_writew
                0x0000000010015678                sdio_io_readl
                0x00000000100156a8                sdio_io_writel
                0x00000000100156c8                sdio_io_read_multi_fifo_b
                0x00000000100156d4                sdio_io_write_multi_fifo_b
                0x00000000100156e0                sdio_io_read_multi_incr_b
                0x00000000100156ec                sdio_io_write_multi_incr_b
                0x00000000100156f8                sdio_free_cis
                0x000000001001572e                init_sdio
                0x0000000010015ce4                sdio_attach_irq
                0x0000000010015dec                sdio_detach_irq
                0x0000000010015ede                sdio_irq_wakeup
                0x0000000010015f0c                sdio_enable_func
                0x0000000010015fd6                sdio_disable_func
                0x000000001001605c                sdio_set_drvdata
                0x0000000010016060                sdio_get_drvdata
                0x0000000010016064                sdio_set_block_size
                0x00000000100160ce                sdio_register_driver
                0x0000000010016156                sdio_unregister_driver
                0x00000000100161f6                rt_sdio_init
 .text          0x00000000100161f8      0xa22 build\kernel\components\drivers\sdio\mmcsd_core.o
                0x000000001001621c                rt_mmcsd_core_init
                0x00000000100162fa                mmcsd_host_lock
                0x0000000010016308                mmcsd_host_unlock
                0x0000000010016314                mmcsd_req_complete
                0x0000000010016320                mmcsd_send_request
                0x0000000010016380                mmcsd_send_cmd
                0x0000000010016410                mmcsd_go_idle
                0x0000000010016486                mmcsd_detect
                0x0000000010016624                mmcsd_spi_read_ocr
                0x000000001001666e                mmcsd_all_get_cid
                0x00000000100166be                mmcsd_get_cid
                0x00000000100167ee                mmcsd_get_csd
                0x0000000010016918                mmcsd_select_card
                0x000000001001691e                mmcsd_deselect_cards
                0x0000000010016924                mmcsd_spi_use_crc
                0x0000000010016966                mmcsd_set_chip_select
                0x000000001001696c                mmcsd_set_clock
                0x00000000100169bc                mmcsd_set_bus_mode
                0x00000000100169c2                mmcsd_set_bus_width
                0x00000000100169c8                mmcsd_set_data_timeout
                0x0000000010016a90                mmcsd_select_voltage
                0x0000000010016b02                mmcsd_wait_cd_changed
                0x0000000010016b38                mmcsd_change
                0x0000000010016b4a                mmcsd_alloc_host
                0x0000000010016bea                mmcsd_free_host
 .text          0x0000000010016c1a      0x700 build\kernel\components\drivers\serial\serial.o
                0x0000000010017166                rt_hw_serial_register
                0x00000000100171c8                rt_hw_serial_isr
 .text          0x000000001001731a      0x130 build\kernel\components\drivers\watchdog\watchdog.o
                0x00000000100173e8                rt_hw_watchdog_register
 .text          0x000000001001744a      0x1aa build\kernel\components\finsh\finsh_node.o
                0x000000001001744a                finsh_node_init
                0x000000001001746e                finsh_node_allocate
                0x00000000100174a0                finsh_node_new_id
                0x0000000010017508                finsh_node_new_char
                0x0000000010017530                finsh_node_new_int
                0x0000000010017556                finsh_node_new_long
                0x000000001001757c                finsh_node_new_string
                0x00000000100175ce                finsh_node_new_ptr
 .text          0x00000000100175f4      0x7ea build\kernel\components\finsh\finsh_parser.o
                0x0000000010017d36                finsh_parser_run
                0x0000000010017dc2                finsh_parser_init
 .text          0x0000000010017dde      0xf5e build\kernel\components\finsh\cmd.o
                0x0000000010017e2a                hello
                0x0000000010017eb8                version
                0x0000000010017ed2                list
                0x000000001001807a                list_timer
                0x0000000010018182                list_thread
                0x00000000100182dc                list_sem
                0x00000000100183f2                list_event
                0x00000000100184fe                list_mutex
                0x00000000100185d8                list_mailbox
                0x00000000100186fc                list_msgqueue
                0x0000000010018818                list_memheap
                0x00000000100188ea                list_mempool
                0x0000000010018a02                list_device
                0x0000000010018af0                list_prefix
 .text          0x0000000010018d3c      0x54c build\kernel\components\finsh\msh.o
                0x0000000010018d56                msh_help
                0x0000000010018dd2                cmd_ps
                0x0000000010018de8                cmd_free
                0x0000000010018dfe                msh_is_used
                0x0000000010018e08                msh_exec
                0x0000000010018fda                msh_auto_complete_path
                0x00000000100191a2                msh_auto_complete
 .text          0x0000000010019288       0xf6 build\kernel\components\finsh\finsh_vm.o
                0x0000000010019288                finsh_vm_run
                0x00000000100192e4                finsh_syscall_append
                0x0000000010019326                finsh_syscall_lookup
 .text          0x000000001001937e      0x948 build\kernel\components\finsh\msh_file.o
                0x000000001001937e                cmd_ls
                0x00000000100193aa                cmd_pwd
                0x0000000010019518                cmd_rm
                0x000000001001964c                cmd_mkfs
                0x00000000100196ba                cmd_mount
                0x0000000010019792                cmd_umount
                0x00000000100197fa                cmd_cp
                0x0000000010019842                cmd_mv
                0x0000000010019954                cmd_cat
                0x00000000100199ac                cmd_cd
                0x00000000100199fc                cmd_mkdir
                0x0000000010019a44                cmd_df
                0x0000000010019aa4                cmd_echo
                0x0000000010019b32                msh_exec_script
 .text          0x0000000010019cc6      0xa56 build\kernel\components\finsh\shell.o
                0x0000000010019d0a                finsh_set_prompt
                0x0000000010019d4e                finsh_get_prompt
                0x0000000010019e3e                finsh_get_prompt_mode
                0x0000000010019e7e                finsh_set_prompt_mode
                0x0000000010019eca                finsh_system_init
                0x0000000010019f94                finsh_set_device
                0x000000001001a056                finsh_get_device
                0x000000001001a094                finsh_set_echo
                0x000000001001a0de                finsh_get_echo
                0x000000001001a11c                finsh_run_line
                0x000000001001a1f2                finsh_thread_entry
                0x000000001001a6f8                finsh_system_function_init
                0x000000001001a70a                finsh_system_var_init
 .text          0x000000001001a71c      0x1aa build\kernel\components\finsh\finsh_var.o
                0x000000001001a71c                finsh_var_init
                0x000000001001a740                finsh_var_insert
                0x000000001001a7a8                finsh_var_delete
                0x000000001001a7ee                finsh_var_lookup
                0x000000001001a826                finsh_sysvar_append
                0x000000001001a86e                finsh_sysvar_lookup
 .text          0x000000001001a8c6      0xef0 build\kernel\components\finsh\finsh_compiler.o
                0x000000001001b738                finsh_compiler_run
 .text          0x000000001001b7b6      0x1fc build\kernel\components\finsh\finsh_heap.o
                0x000000001001b7da                finsh_heap_init
                0x000000001001b81c                finsh_heap_free
                0x000000001001b8d4                finsh_heap_allocate
 .text          0x000000001001b9b2      0x842 build\kernel\components\finsh\finsh_ops.o
                0x000000001001b9b2                OP_no_op
                0x000000001001b9b4                OP_add_byte
                0x000000001001b9d4                OP_add_word
                0x000000001001b9f4                OP_add_dword
                0x000000001001ba14                OP_sub_byte
                0x000000001001ba34                OP_sub_word
                0x000000001001ba54                OP_sub_dword
                0x000000001001ba74                OP_div_byte
                0x000000001001ba96                OP_div_word
                0x000000001001bab8                OP_div_dword
                0x000000001001bada                OP_mod_byte
                0x000000001001bafc                OP_mod_word
                0x000000001001bb1e                OP_mod_dword
                0x000000001001bb40                OP_mul_byte
                0x000000001001bb62                OP_mul_word
                0x000000001001bb84                OP_mul_dword
                0x000000001001bba6                OP_and_byte
                0x000000001001bbc6                OP_and_word
                0x000000001001bbe6                OP_and_dword
                0x000000001001bc06                OP_or_byte
                0x000000001001bc26                OP_or_word
                0x000000001001bc46                OP_or_dword
                0x000000001001bc66                OP_xor_byte
                0x000000001001bc86                OP_xor_word
                0x000000001001bca6                OP_xor_dword
                0x000000001001bcc6                OP_bw_byte
                0x000000001001bcdc                OP_bw_word
                0x000000001001bcf2                OP_bw_dword
                0x000000001001bd08                OP_shl_byte
                0x000000001001bd2a                OP_shl_word
                0x000000001001bd4c                OP_shl_dword
                0x000000001001bd6e                OP_shr_byte
                0x000000001001bd90                OP_shr_word
                0x000000001001bdb2                OP_shr_dword
                0x000000001001bdd4                OP_ld_byte
                0x000000001001bdfe                OP_ld_word
                0x000000001001be30                OP_ld_dword
                0x000000001001be70                OP_ld_value_byte
                0x000000001001beb6                OP_ld_value_byte_stack
                0x000000001001becc                OP_ld_value_word
                0x000000001001bf12                OP_ld_value_word_stack
                0x000000001001bf28                OP_ld_value_dword
                0x000000001001bf6a                OP_ld_value_dword_stack
                0x000000001001bf7e                OP_st_byte
                0x000000001001bf9c                OP_st_word
                0x000000001001bfb8                OP_st_dword
                0x000000001001bfd2                OP_pop
                0x000000001001bfe2                OP_call
 .text          0x000000001001c1f4       0x34 build\kernel\components\finsh\finsh_error.o
                0x000000001001c1f4                finsh_error_init
                0x000000001001c200                finsh_error_set
                0x000000001001c20c                finsh_errno
                0x000000001001c216                finsh_error_string
 .text          0x000000001001c228      0x5ca build\kernel\components\finsh\finsh_token.o
                0x000000001001c28c                finsh_token_init
                0x000000001001c2ae                finsh_token_get_token
                0x000000001001c2bc                token_get_string
                0x000000001001c340                finsh_token_token
 .text          0x000000001001c7f2       0x70 build\kernel\components\finsh\finsh_init.o
                0x000000001001c7f2                finsh_init
                0x000000001001c818                finsh_stack_bottom
                0x000000001001c822                finsh_flush
                0x000000001001c840                finsh_reset
 .text          0x000000001001c862       0x48 build\kernel\components\libc\compilers\common\stdlib.o
                0x000000001001c862                __rt_libc_exit
                0x000000001001c8a6                __rt_libc_system
 .text          0x000000001001c8aa      0x4b4 build\kernel\components\libc\compilers\common\time.o
                0x000000001001c8ec                gmtime_r
                0x000000001001c9a6                gmtime
                0x000000001001c9b0                localtime_r
                0x000000001001c9cc                localtime
                0x000000001001c9d6                asctime_r
                0x000000001001ca7e                asctime
                0x000000001001ca88                ctime_r
                0x000000001001caa6                ctime
                0x000000001001caba                time
                0x000000001001cb30                clock
                0x000000001001cb38                stime
                0x000000001001cb94                timegm
                0x000000001001cd0a                mktime
                0x000000001001cd0c                gettimeofday
                0x000000001001cd3e                settimeofday
 .text          0x000000001001cd5e       0xc4 build\kernel\components\libc\compilers\newlib\stdio.o
                0x000000001001cd5e                libc_stdio_set_console
                0x000000001001ce0e                libc_stdio_get_console
 .text          0x000000001001ce22      0x148 build\kernel\components\libc\compilers\newlib\syscalls.o
                0x000000001001ce22                __errno
                0x000000001001ce2a                _getpid_r