Archive member included to satisfy reference by file (symbol)

libraries\hal_libraries\ab32vg1_hal\libhal.a(ab32vg1_hal_adc.o)
                              libraries\hal_drivers\drv_adc.o (hal_adc_enable)
libraries\hal_libraries\ab32vg1_hal\libhal.a(cache.o)
                              build\board\board.o (load_cache)
libraries\hal_libraries\ab32vg1_hal\libhal.a(rom_fun.o)
                              build\board\board.o (my_printf)
libraries\hal_libraries\ab32vg1_hal\libhal.a(save-restore.o)
                              build\kernel\src\ipc.o (__riscv_save_12)
libraries\hal_libraries\ab32vg1_hal\libhal.a(sys_err.o)
                              build\board\board.o (sys_error_hook)
d:/program_files/programming/rt-threadstudio/repo/extract/toolchain_support_packages/risc-v/risc-v-gcc/10.1.0/bin/../lib/gcc/riscv64-unknown-elf/10.1.0/rv32im/ilp32\libgcc.a(_divdi3.o)
                              libraries\hal_drivers\drv_pwm.o (__divdi3)
d:/program_files/programming/rt-threadstudio/repo/extract/toolchain_support_packages/risc-v/risc-v-gcc/10.1.0/bin/../lib/gcc/riscv64-unknown-elf/10.1.0/rv32im/ilp32\libgcc.a(_udivdi3.o)
                              libraries\hal_drivers\drv_pwm.o (__udivdi3)
d:/program_files/programming/rt-threadstudio/repo/extract/toolchain_support_packages/risc-v/risc-v-gcc/10.1.0/bin/../lib/gcc/riscv64-unknown-elf/10.1.0/rv32im/ilp32\libgcc.a(divdf3.o)
                              build\kernel\components\drivers\misc\rt_drv_pwm.o (__divdf3)
d:/program_files/programming/rt-threadstudio/repo/extract/toolchain_support_packages/risc-v/risc-v-gcc/10.1.0/bin/../lib/gcc/riscv64-unknown-elf/10.1.0/rv32im/ilp32\libgcc.a(muldf3.o)
                              build\kernel\components\drivers\misc\rt_drv_pwm.o (__muldf3)
d:/program_files/programming/rt-threadstudio/repo/extract/toolchain_support_packages/risc-v/risc-v-gcc/10.1.0/bin/../lib/gcc/riscv64-unknown-elf/10.1.0/rv32im/ilp32\libgcc.a(fixdfsi.o)
                              build\kernel\components\drivers\misc\rt_drv_pwm.o (__fixdfsi)
d:/program_files/programming/rt-threadstudio/repo/extract/toolchain_support_packages/risc-v/risc-v-gcc/10.1.0/bin/../lib/gcc/riscv64-unknown-elf/10.1.0/rv32im/ilp32\libgcc.a(floatunsidf.o)
                              build\kernel\components\drivers\misc\rt_drv_pwm.o (__floatunsidf)
d:/program_files/programming/rt-threadstudio/repo/extract/toolchain_support_packages/risc-v/risc-v-gcc/10.1.0/bin/../lib/gcc/riscv64-unknown-elf/10.1.0/rv32im/ilp32\libgcc.a(addsf3.o)
                              build\kernel\components\drivers\hwtimer\hwtimer.o (__addsf3)
d:/program_files/programming/rt-threadstudio/repo/extract/toolchain_support_packages/risc-v/risc-v-gcc/10.1.0/bin/../lib/gcc/riscv64-unknown-elf/10.1.0/rv32im/ilp32\libgcc.a(divsf3.o)
                              build\kernel\components\drivers\hwtimer\hwtimer.o (__divsf3)
d:/program_files/programming/rt-threadstudio/repo/extract/toolchain_support_packages/risc-v/risc-v-gcc/10.1.0/bin/../lib/gcc/riscv64-unknown-elf/10.1.0/rv32im/ilp32\libgcc.a(eqsf2.o)
                              build\kernel\components\drivers\hwtimer\hwtimer.o (__eqsf2)
d:/program_files/programming/rt-threadstudio/repo/extract/toolchain_support_packages/risc-v/risc-v-gcc/10.1.0/bin/../lib/gcc/riscv64-unknown-elf/10.1.0/rv32im/ilp32\libgcc.a(gesf2.o)
                              build\kernel\components\drivers\hwtimer\hwtimer.o (__gesf2)
d:/program_files/programming/rt-threadstudio/repo/extract/toolchain_support_packages/risc-v/risc-v-gcc/10.1.0/bin/../lib/gcc/riscv64-unknown-elf/10.1.0/rv32im/ilp32\libgcc.a(lesf2.o)
                              build\kernel\components\drivers\hwtimer\hwtimer.o (__ltsf2)
d:/program_files/programming/rt-threadstudio/repo/extract/toolchain_support_packages/risc-v/risc-v-gcc/10.1.0/bin/../lib/gcc/riscv64-unknown-elf/10.1.0/rv32im/ilp32\libgcc.a(mulsf3.o)
                              build\kernel\components\drivers\hwtimer\hwtimer.o (__mulsf3)
d:/program_files/programming/rt-threadstudio/repo/extract/toolchain_support_packages/risc-v/risc-v-gcc/10.1.0/bin/../lib/gcc/riscv64-unknown-elf/10.1.0/rv32im/ilp32\libgcc.a(subsf3.o)
                              build\kernel\components\drivers\hwtimer\hwtimer.o (__subsf3)
d:/program_files/programming/rt-threadstudio/repo/extract/toolchain_support_packages/risc-v/risc-v-gcc/10.1.0/bin/../lib/gcc/riscv64-unknown-elf/10.1.0/rv32im/ilp32\libgcc.a(fixsfsi.o)
                              build\kernel\components\drivers\hwtimer\hwtimer.o (__fixsfsi)
d:/program_files/programming/rt-threadstudio/repo/extract/toolchain_support_packages/risc-v/risc-v-gcc/10.1.0/bin/../lib/gcc/riscv64-unknown-elf/10.1.0/rv32im/ilp32\libgcc.a(fixunssfsi.o)
                              build\kernel\components\drivers\hwtimer\hwtimer.o (__fixunssfsi)
d:/program_files/programming/rt-threadstudio/repo/extract/toolchain_support_packages/risc-v/risc-v-gcc/10.1.0/bin/../lib/gcc/riscv64-unknown-elf/10.1.0/rv32im/ilp32\libgcc.a(floatsisf.o)
[...]
Memory Configuration

Name             Origin             Length             Attributes
init             0x0000000010000000 0x0000000000000200
flash            0x0000000010000200 0x0000000000100000 xr
comm             0x0000000000014000 0x0000000000014c00 xr
data             0x0000000000011000 0x0000000000002000
stack            0x0000000000013000 0x0000000000001000
heap             0x0000000000028c00 0x0000000000007400
ram1             0x0000000000050000 0x0000000000007a00 xr
*default*        0x0000000000000000 0xffffffffffffffff

Linker script and memory map

LOAD build\applications\main.o
LOAD build\applications\mnt.o
LOAD build\board\ports\audio\drv_sound.o
LOAD build\board\board.o
LOAD build\board\ab32vg1_hal_msp.o
LOAD build\kernel\src\memheap.o
LOAD build\kernel\src\object.o
LOAD build\kernel\src\scheduler.o
LOAD build\kernel\src\components.o
LOAD build\kernel\src\timer.o
LOAD build\kernel\src\idle.o
LOAD build\kernel\src\kservice.o
LOAD build\kernel\src\ipc.o
LOAD build\kernel\src\mempool.o
LOAD build\kernel\src\thread.o
LOAD build\kernel\src\device.o
LOAD build\kernel\src\irq.o
LOAD build\kernel\src\mem.o
LOAD build\kernel\src\clock.o
LOAD build\kernel\components\dfs\src\dfs_posix.o
LOAD build\kernel\components\dfs\src\dfs_fs.o
LOAD build\kernel\components\dfs\src\dfs.o
LOAD build\kernel\components\dfs\src\dfs_file.o
LOAD build\kernel\components\dfs\filesystems\devfs\devfs.o
LOAD build\kernel\components\dfs\filesystems\elmfat\ffunicode.o
LOAD build\kernel\components\dfs\filesystems\elmfat\ff.o
LOAD build\kernel\components\dfs\filesystems\elmfat\dfs_elm.o
LOAD build\kernel\components\drivers\audio\audio.o
LOAD build\kernel\components\drivers\audio\audio_pipe.o
LOAD build\kernel\components\drivers\hwtimer\hwtimer.o
LOAD build\kernel\components\drivers\i2c\i2c_core.o
LOAD build\kernel\components\drivers\i2c\i2c_dev.o
LOAD build\kernel\components\drivers\i2c\i2c-bit-ops.o
LOAD build\kernel\components\drivers\misc\adc.o
LOAD build\kernel\components\drivers\misc\rt_drv_pwm.o
LOAD build\kernel\components\drivers\misc\pin.o
LOAD build\kernel\components\drivers\rtc\rtc.o
LOAD build\kernel\components\drivers\rtc\alarm.o
LOAD build\kernel\components\drivers\sdio\mmc.o
LOAD build\kernel\components\drivers\sdio\sd.o
LOAD build\kernel\components\drivers\sdio\block_dev.o
LOAD build\kernel\components\drivers\sdio\sdio.o
LOAD build\kernel\components\drivers\sdio\mmcsd_core.o
LOAD build\kernel\components\drivers\serial\serial.o
LOAD build\kernel\components\drivers\src\waitqueue.o
LOAD build\kernel\components\drivers\src\ringbuffer.o
LOAD build\kernel\components\drivers\src\ringblk_buf.o
LOAD build\kernel\components\drivers\src\dataqueue.o
LOAD build\kernel\components\drivers\src\pipe.o
LOAD build\kernel\components\drivers\src\completion.o
LOAD build\kernel\components\drivers\src\workqueue.o
LOAD build\kernel\components\drivers\watchdog\watchdog.o
LOAD build\kernel\components\finsh\finsh_node.o
LOAD build\kernel\components\finsh\finsh_parser.o
LOAD build\kernel\components\finsh\msh.o
LOAD build\kernel\components\finsh\finsh_vm.o
LOAD build\kernel\components\finsh\msh_file.o
LOAD build\kernel\components\finsh\shell.o
LOAD build\kernel\components\finsh\finsh_var.o
LOAD build\kernel\components\finsh\finsh_compiler.o
LOAD build\kernel\components\finsh\finsh_ops.o
LOAD build\kernel\components\finsh\finsh_heap.o
LOAD build\kernel\components\finsh\finsh_error.o
LOAD build\kernel\components\finsh\cmd.o
LOAD build\kernel\components\finsh\finsh_token.o
LOAD build\kernel\components\finsh\finsh_init.o
LOAD build\kernel\components\libc\compilers\common\time.o
LOAD build\kernel\components\libc\compilers\newlib\minilib.o
LOAD libraries\hal_drivers\drv_gpio.o
LOAD libraries\hal_drivers\drv_rtc.o
LOAD libraries\hal_drivers\drv_soft_i2c.o
LOAD libraries\hal_drivers\drv_wdt.o
LOAD libraries\hal_drivers\drv_sdio.o
LOAD libraries\hal_drivers\drv_adc.o
LOAD libraries\hal_drivers\drv_usart.o
LOAD libraries\hal_drivers\drv_pwm.o
LOAD libraries\hal_drivers\drv_hwtimer.o
LOAD libcpu\cpu\cpuport.o
LOAD libcpu\cpu\interrupt.o
LOAD libcpu\cpu\context_gcc.o
LOAD libraries\hal_libraries\ab32vg1_hal\source\ab32vg1_hal_rcu.o
LOAD libraries\hal_libraries\ab32vg1_hal\source\ab32vg1_hal_gpio.o
LOAD libraries\hal_libraries\ab32vg1_hal\source\ab32vg1_hal_sd.o
LOAD libraries\hal_libraries\ab32vg1_hal\source\ab32vg1_hal_dac.o
LOAD libraries\hal_libraries\ab32vg1_hal\source\ab32vg1_hal.o
LOAD libraries\hal_libraries\ab32vg1_hal\source\ab32vg1_hal_uart.o
LOAD libraries\hal_libraries\bmsis\source\startup.o
LOAD libraries\hal_libraries\bmsis\source\system_ab32vgx.o
LOAD libraries\hal_libraries\ab32vg1_hal\libhal.a
LOAD d:/program_files/programming/rt-threadstudio/repo/extract/toolchain_support_packages/risc-v/risc-v-gcc/10.1.0/bin/../lib/gcc/riscv64-unknown-elf/10.1.0/rv32im/ilp32\libgcc.a
START GROUP
LOAD d:/program_files/programming/rt-threadstudio/repo/extract/toolchain_support_packages/risc-v/risc-v-gcc/10.1.0/bin/../lib/gcc/riscv64-unknown-elf/10.1.0/../../../../riscv64-unknown-elf/lib/rv32im/ilp32\libc.a
LOAD d:/program_files/programming/rt-threadstudio/repo/extract/toolchain_support_packages/risc-v/risc-v-gcc/10.1.0/bin/../lib/gcc/riscv64-unknown-elf/10.1.0/../../../../riscv64-unknown-elf/lib/rv32im/ilp32\libgloss.a
END GROUP
LOAD d:/program_files/programming/rt-threadstudio/repo/extract/toolchain_support_packages/risc-v/risc-v-gcc/10.1.0/bin/../lib/gcc/riscv64-unknown-elf/10.1.0/rv32im/ilp32\libgcc.a
                0x0000000000100000                __max_flash_size = 0x100000
                0x0000000000002000                __data_ram_size = 0x2000
                0x0000000000001000                __stack_ram_size = 0x1000
                0x0000000000014c00                __comm_ram_size = 0x14c00
                0x0000000000007400                __heap_ram_size = 0x7400
                0x0000000010000000                __base = 0x10000000
                0x0000000000011000                __data_vma = 0x11000
                0x0000000000013000                __stack_vma = (__data_vma + __data_ram_size)
                0x0000000000014000                __comm_vma = (__stack_vma + __stack_ram_size)
                0x0000000000028c00                __heap_vma = (__comm_vma + __comm_ram_size)
                0x0000000000050000                __ram1_vma = 0x50000

.init           0x0000000010000000       0xae
 *(.reset)
 .reset         0x0000000010000000       0xae libraries\hal_libraries\bmsis\source\startup.o
                0x0000000010000000                _start

.ram1           0x0000000000050000     0x65e0 load address 0x0000000010000200
                0x0000000000050000                . = ALIGN (0x4)
                0x0000000000050000                __rt_init_start = .
 *(SORT_BY_NAME(.rti_fn*))
 .rti_fn.0      0x0000000000050000        0x4 build\kernel\src\components.o
                0x0000000000050000                __rt_init_rti_start
 .rti_fn.0.end  0x0000000000050004        0x4 build\kernel\src\components.o
                0x0000000000050004                __rt_init_rti_board_start
 .rti_fn.1      0x0000000000050008        0x4 libraries\hal_drivers\drv_soft_i2c.o
                0x0000000000050008                __rt_init_rt_hw_i2c_init
 .rti_fn.1      0x000000000005000c        0x4 libraries\hal_drivers\drv_wdt.o
                0x000000000005000c                __rt_init_rt_wdt_init
 .rti_fn.1      0x0000000000050010        0x4 libraries\hal_drivers\drv_adc.o
                0x0000000000050010                __rt_init_ab32_adc_init
 .rti_fn.1      0x0000000000050014        0x4 libraries\hal_drivers\drv_hwtimer.o
                0x0000000000050014                __rt_init_ab32_hwtimer_init
 .rti_fn.1.end  0x0000000000050018        0x4 build\kernel\src\components.o
                0x0000000000050018                __rt_init_rti_board_end
 .rti_fn.2      0x000000000005001c        0x4 build\kernel\components\dfs\src\dfs.o
                0x000000000005001c                __rt_init_dfs_init
 .rti_fn.2      0x0000000000050020        0x4 build\kernel\components\drivers\rtc\alarm.o
                0x0000000000050020                __rt_init_rt_alarm_system_init
 .rti_fn.2      0x0000000000050024        0x4 build\kernel\components\drivers\sdio\mmcsd_core.o
                0x0000000000050024                __rt_init_rt_mmcsd_core_init
 .rti_fn.3      0x0000000000050028        0x4 build\board\ports\audio\drv_sound.o
                0x0000000000050028                __rt_init_rt_hw_sound_init
 .rti_fn.3      0x000000000005002c        0x4 libraries\hal_drivers\drv_rtc.o
                0x000000000005002c                __rt_init_rt_hw_rtc_init
 .rti_fn.3      0x0000000000050030        0x4 libraries\hal_drivers\drv_sdio.o
                0x0000000000050030                __rt_init_rt_hw_sdio_init
 .rti_fn.3      0x0000000000050034        0x4 libraries\hal_drivers\drv_pwm.o
                0x0000000000050034                __rt_init_ab32_pwm_init
 .rti_fn.4      0x0000000000050038        0x4 build\kernel\components\dfs\filesystems\elmfat\dfs_elm.o
                0x0000000000050038                __rt_init_elm_init
 .rti_fn.4      0x000000000005003c        0x4 build\kernel\components\drivers\i2c\i2c_core.o
                0x000000000005003c                __rt_init_rt_i2c_core_init
 .rti_fn.6      0x0000000000050040        0x4 build\applications\mnt.o
                0x0000000000050040                __rt_init_ab32_sdcard_mount
 .rti_fn.6      0x0000000000050044        0x4 build\kernel\components\finsh\shell.o
                0x0000000000050044                __rt_init_finsh_system_init
 .rti_fn.6.end  0x0000000000050048        0x4 build\kernel\src\components.o
                0x0000000000050048                __rt_init_rti_end
                0x000000000005004c                __rt_init_end = .
                0x000000000005004c                . = ALIGN (0x4)
                [!provide]                        PROVIDE (__ctors_start__ = .)
 *(SORT_BY_NAME(.init_array.*))
 *(.init_array)
                [!provide]                        PROVIDE (__ctors_end__ = .)
                0x000000000005004c                . = ALIGN (0x4)
 *save-restore.o(.text* .rodata*)
 .text          0x000000000005004c      0x128 libraries\hal_libraries\ab32vg1_hal\libhal.a(save-restore.o)
                0x000000000005004c                __riscv_save_12
                0x000000000005006c                __riscv_save_11
                0x0000000000050088                __riscv_save_10
                0x00000000000500a4                __riscv_save_9
                0x00000000000500be                __riscv_save_8
                0x00000000000500d6                __riscv_save_7
                0x00000000000500ea                __riscv_save_6
                0x00000000000500fc                __riscv_save_5
                0x000000000005010c                __riscv_save_4
                0x000000000005011a                __riscv_save_3
                0x0000000000050126                __riscv_save_2
                0x0000000000050130                __riscv_save_1
                0x0000000000050138                __riscv_save_0
                0x000000000005013e                __riscv_restore_12
                0x0000000000050142                __riscv_restore_11
                0x0000000000050146                __riscv_restore_10
                0x000000000005014a                __riscv_restore_9
                0x000000000005014e                __riscv_restore_8
                0x0000000000050152                __riscv_restore_7
                0x0000000000050156                __riscv_restore_6
                0x000000000005015a                __riscv_restore_5
                0x000000000005015e                __riscv_restore_4
                0x0000000000050162                __riscv_restore_3
                0x0000000000050166                __riscv_restore_2
                0x000000000005016a                __riscv_restore_1
                0x000000000005016e                __riscv_restore_0
                0x0000000000050174                _gp
 *libcpu*cpu*context_gcc.o(.text* .rodata*)
 .text          0x0000000000050174      0x19c libcpu\cpu\context_gcc.o
                0x0000000000050174                rt_hw_interrupt_disable
                0x0000000000050182                rt_hw_interrupt_enable
                0x0000000000050194                rt_hw_context_switch_to
                0x00000000000501c8                rt_hw_context_switch
                0x00000000000501e8                rt_switch_to_thread
                0x000000000005020e                rt_hw_context_switch_interrupt
                0x0000000000050234                rt_soft_isr
                0x000000000005023c                low_prio_irq
 *libcpu*cpu*interrupt.o(.text* .rodata*)
 .text          0x0000000000050310       0xde libcpu\cpu\interrupt.o
                0x0000000000050310                set_cpu_irq_comm
                0x000000000005031a                cpu_irq_comm_do
                0x0000000000050352                rt_hw_irq_enable
                0x000000000005036a                rt_hw_irq_disable
                0x0000000000050386                rt_hw_interrupt_init
                0x0000000000050388                rt_hw_interrupt_install
 *libcpu**.o(.rodata*)
 *fill*         0x00000000000503ee        0x2 
 .rodata.str1.4
                0x00000000000503f0        0xd libcpu\cpu\cpuport.o
                                         0x12 (size before relaxing)
 *fill*         0x00000000000503fd        0x3 
 .rodata        0x0000000000050400       0x13 libcpu\cpu\cpuport.o
 *components*drivers*misc*pin.o(.text*)
 *fill*         0x0000000000050413        0x1 
 .text          0x0000000000050414      0x2f6 build\kernel\components\drivers\misc\pin.o
                0x000000000005044e                rt_pin_mode
                0x0000000000050492                rt_pin_write
                0x00000000000504d6                rt_pin_read
                0x0000000000050512                rt_pin_get
                0x00000000000505f8                rt_device_pin_register
                0x000000000005062c                rt_pin_attach_irq
                0x0000000000050682                rt_pin_detach_irq
                0x00000000000506c2                rt_pin_irq_enable
                0x000000000005070c                . = ALIGN (0x4)
 *fill*         0x000000000005070a        0x2 
 *src*ipc.o(.text* .rodata*)
 .text          0x000000000005070c     0x1f80 build\kernel\src\ipc.o
                0x000000000005078a                rt_ipc_get_highest_priority
                0x00000000000507ac                rt_sem_init
                0x000000000005080e                rt_sem_detach
                0x0000000000050882                rt_sem_create
                0x0000000000050902                rt_sem_delete
                0x00000000000509b6                rt_sem_take
                0x0000000000050b04                rt_sem_trytake
                0x0000000000050b08                rt_sem_release
                0x0000000000050ba6                rt_sem_control
                0x0000000000050c16                rt_mutex_init
                0x0000000000050c62                rt_mutex_detach
                0x0000000000050cd8                rt_mutex_create
                0x0000000000050d44                rt_mutex_delete
                0x0000000000050df8                rt_mutex_take
                0x0000000000050f98                rt_mutex_release
                0x000000000005114e                rt_mutex_control
                0x0000000000051198                rt_event_init
                0x00000000000511dc                rt_event_detach
                0x0000000000051254                rt_event_create
                0x00000000000512b8                rt_event_delete
                0x000000000005136e                rt_event_send
                0x0000000000051454                rt_event_recv
                0x0000000000051628                rt_event_control
                0x0000000000051698                rt_mb_init
                0x00000000000516f4                rt_mb_detach
                0x0000000000051774                rt_mb_create
                0x000000000005180c                rt_mb_delete
                0x00000000000518d4                rt_mb_send_wait
                0x0000000000051a9c                rt_mb_send
                0x0000000000051aa0                rt_mb_urgent
                0x0000000000051b56                rt_mb_recv
                0x0000000000051d40                rt_mb_control
                0x0000000000051dbc                rt_mq_init
                0x0000000000051e52                rt_mq_detach
                0x0000000000051ed2                rt_mq_create
                0x0000000000051fac                rt_mq_delete
                0x000000000005207c                rt_mq_send_wait
                0x000000000005229e                rt_mq_send
                0x00000000000522a2                rt_mq_urgent
                0x00000000000523b4                rt_mq_recv
                0x00000000000525f6                rt_mq_control
 .rodata.str1.4
                0x000000000005268c      0x44a build\kernel\src\ipc.o
                                        0x476 (size before relaxing)
 *fill*         0x0000000000052ad6        0x2 
 .rodata        0x0000000000052ad8      0x242 build\kernel\src\ipc.o
 *src*irq.o(.text* .rodata*)
 .text          0x0000000000052d1a       0x9a build\kernel\src\irq.o
                0x0000000000052d1a                rt_interrupt_enter_sethook
                0x0000000000052d24                rt_interrupt_leave_sethook
                0x0000000000052d2e                rt_interrupt_enter
                0x0000000000052d64                rt_interrupt_leave
                0x0000000000052d9a                rt_interrupt_get_nest
 *src*object.o(.text* .rodata*)
 .text          0x0000000000052db4      0x3c4 build\kernel\src\object.o
                0x0000000000052db4                rt_object_attach_sethook
                0x0000000000052dbe                rt_object_detach_sethook
                0x0000000000052dc8                rt_object_trytake_sethook
                0x0000000000052dd2                rt_object_take_sethook
                0x0000000000052ddc                rt_object_put_sethook
                0x0000000000052de6                rt_object_get_information
                0x0000000000052e0e                rt_object_get_length
                0x0000000000052e38                rt_object_get_pointers
                0x0000000000052e7a                rt_object_init
                0x0000000000052f1e                rt_object_detach
                0x0000000000052f6c                rt_object_allocate
                0x0000000000053026                rt_object_delete
                0x000000000005309e                rt_object_is_systemobject
                0x00000000000530c8                rt_object_get_type
                0x00000000000530f4                rt_object_find
 *fill*         0x0000000000053178        0x0 
 .rodata.str1.4
                0x0000000000053178       0x8d build\kernel\src\object.o
                                         0x91 (size before relaxing)
 *fill*         0x0000000000053205        0x3 
 .rodata        0x0000000000053208       0x8b build\kernel\src\object.o
 *src*thread.o(.text* .rodata*)
 *fill*         0x0000000000053293        0x1 
 .text          0x0000000000053294      0x81c build\kernel\src\thread.o
                0x00000000000532b2                rt_thread_exit
                0x00000000000533c6                rt_thread_timeout
                0x0000000000053450                rt_thread_suspend_sethook
                0x000000000005345a                rt_thread_resume_sethook
                0x0000000000053464                rt_thread_inited_sethook
                0x000000000005346e                rt_thread_init
                0x00000000000534d4                rt_thread_self
                0x00000000000534de                rt_thread_detach
                0x0000000000053574                rt_thread_create
                0x00000000000535ba                rt_thread_delete
                0x0000000000053668                rt_thread_yield
                0x000000000005369e                rt_thread_suspend
                0x000000000005375c                rt_thread_sleep
                0x00000000000537e6                rt_thread_delay
                0x00000000000537e8                rt_thread_mdelay
                0x00000000000537f6                rt_thread_delay_until
                0x00000000000538be                rt_thread_resume
                0x0000000000053950                rt_thread_startup
                0x00000000000539e2                rt_thread_control
                0x0000000000053aaa                rt_thread_find
 *fill*         0x0000000000053ab0        0x0 
 .rodata.str1.4
                0x0000000000053ab0      0x18b build\kernel\src\thread.o
                                        0x19f (size before relaxing)
 *fill*         0x0000000000053c3b        0x1 
 .rodata        0x0000000000053c3c       0xd2 build\kernel\src\thread.o
 *src*timer.o(.text* .rodata*)
 .text          0x0000000000053d0e      0x688 build\kernel\src\timer.o
                0x0000000000053d20                rt_timer_enter_sethook
                0x0000000000053d2a                rt_timer_exit_sethook
                0x0000000000053d34                rt_timer_init
                0x0000000000053d8a                rt_timer_detach
                0x0000000000053e14                rt_timer_create
                0x0000000000053e4a                rt_timer_delete
                0x0000000000053ed4                rt_timer_start
                0x0000000000054004                rt_timer_stop
                0x0000000000054080                rt_timer_control
                0x0000000000054124                rt_timer_check
                0x00000000000541ea                rt_timer_next_timeout_tick
                0x000000000005420e                rt_soft_timer_check
                0x000000000005433e                rt_system_timer_init
                0x000000000005434c                rt_system_timer_thread_init
 *fill*         0x0000000000054396        0x2 
 .rodata.str1.4
                0x0000000000054398       0xde build\kernel\src\timer.o
 *fill*         0x0000000000054476        0x2 
 .rodata        0x0000000000054478       0x75 build\kernel\src\timer.o
 *src*mempool.o(.text* .rodata*)
 *fill*         0x00000000000544ed        0x1 
 .text          0x00000000000544ee      0x4e2 build\kernel\src\mempool.o
                0x00000000000544ee                rt_mp_alloc_sethook
                0x00000000000544f8                rt_mp_free_sethook
                0x0000000000054502                rt_mp_init
                0x00000000000545d8                rt_mp_detach
                0x000000000005466e                rt_mp_create
                0x0000000000054758                rt_mp_delete
                0x0000000000054836                rt_mp_alloc
                0x0000000000054970                rt_mp_free
 .rodata.str1.4
                0x00000000000549d0      0x121 build\kernel\src\mempool.o
                                        0x14d (size before relaxing)
 *fill*         0x0000000000054af1        0x3 
 .rodata        0x0000000000054af4       0x48 build\kernel\src\mempool.o
 *src*scheduler.o(.text* .rodata*)
 .text          0x0000000000054b3c      0x310 build\kernel\src\scheduler.o
                0x0000000000054b3c                rt_scheduler_sethook
                0x0000000000054b46                rt_system_scheduler_init
                0x0000000000054b7e                rt_schedule_insert_thread
                0x0000000000054bfe                rt_schedule_remove_thread
                0x0000000000054c66                rt_system_scheduler_start
                0x0000000000054ca6                rt_schedule
                0x0000000000054ddc                rt_enter_critical
                0x0000000000054dfe                rt_exit_critical
                0x0000000000054e42                rt_critical_level
 *fill*         0x0000000000054e4c        0x0 
 .rodata.str1.4
                0x0000000000054e4c       0x65 build\kernel\src\scheduler.o
 *fill*         0x0000000000054eb1        0x3 
 .rodata        0x0000000000054eb4       0x36 build\kernel\src\scheduler.o
 *src*clock.o(.text* .rodata*)
 .text          0x0000000000054eea       0x90 build\kernel\src\clock.o
                0x0000000000054eea                rt_tick_get
                0x0000000000054ef4                rt_tick_set
                0x0000000000054f0e                rt_tick_increase
                0x0000000000054f48                rt_tick_from_millisecond
                0x0000000000054f70                rt_tick_get_millisecond
 *src*kservice.o(.text* .rodata*)
 .text          0x0000000000054f7a      0xac4 build\kernel\src\kservice.o
                0x0000000000055118                rt_get_errno
                0x0000000000055138                rt_set_errno
                0x000000000005515a                _rt_errno
                0x000000000005517c                rt_memset
                0x0000000000055200                rt_memcpy
                0x00000000000552ae                rt_memmove
                0x00000000000552f8                rt_memcmp
                0x0000000000055320                rt_strcasecmp
                0x0000000000055354                rt_strncpy
                0x000000000005537c                rt_strncmp
                0x00000000000553ac                rt_strcmp
                0x00000000000553c6                rt_strnlen
                0x00000000000553de                rt_strlen
                0x00000000000553f0                rt_strstr
                0x0000000000055428                rt_strdup
                0x0000000000055454                rt_vsnprintf
                0x00000000000557da                rt_snprintf
                0x00000000000557f4                rt_vsprintf
                0x00000000000557fc                rt_sprintf
                0x0000000000055818                rt_console_get_device
                0x0000000000055822                rt_console_set_device
                0x000000000005585c                rt_hw_console_output
                0x000000000005585e                rt_kputs
                0x00000000000558a4                rt_kprintf
                0x000000000005591e                rt_show_version
                0x000000000005595c                rt_malloc_align
                0x0000000000055996                rt_free_align
                0x00000000000559a2                __rt_ffs
                0x00000000000559fa                rt_assert_set_hook
                0x0000000000055a04                rt_assert_handler
 *fill*         0x0000000000055a3e        0x2 
 .rodata.str1.4
                0x0000000000055a40       0xc7 build\kernel\src\kservice.o
 *fill*         0x0000000000055b07        0x1 
 .rodata        0x0000000000055b08      0x180 build\kernel\src\kservice.o
                0x0000000000055b88                __lowest_bit_bitmap
 *src*device.o(.text* .rodata*)
 .text          0x0000000000055c88      0x4ec build\kernel\src\device.o
                0x0000000000055c88                rt_device_unregister
                0x0000000000055cf8                rt_device_find
                0x0000000000055cfe                rt_device_register
                0x0000000000055d34                rt_device_create
                0x0000000000055d60                rt_device_destroy
                0x0000000000055dd8                rt_device_init
                0x0000000000055e34                rt_device_open
                0x0000000000055f24                rt_device_close
                0x0000000000055f9c                rt_device_read
                0x000000000005600c                rt_device_write
                0x000000000005607c                rt_device_control
                0x00000000000560d8                rt_device_set_rx_indicate
                0x0000000000056126                rt_device_set_tx_complete
 *fill*         0x0000000000056174        0x0 
 .rodata.str1.4
                0x0000000000056174       0xf4 build\kernel\src\device.o
 .rodata        0x0000000000056268       0xc6 build\kernel\src\device.o
 *src*idle.o(.text* .rodata*)
 .text          0x000000000005632e      0x17c build\kernel\src\idle.o
                0x000000000005632e                rt_thread_idle_sethook
                0x0000000000056368                rt_thread_idle_delhook
                0x00000000000563a6                rt_thread_idle_excute
                0x0000000000056452                rt_thread_idle_init
                0x00000000000564a0                rt_thread_idle_gethandler
 *fill*         0x00000000000564aa        0x2 
 .rodata.str1.4
                0x00000000000564ac        0x8 build\kernel\src\idle.o
                                         0x34 (size before relaxing)
 .rodata        0x00000000000564b4       0x16 build\kernel\src\idle.o
 *src*components.o(.text* .rodata*)
 .text          0x00000000000564ca       0xea build\kernel\src\components.o
                0x00000000000564da                rt_components_board_init
                0x00000000000564fe                rt_components_init
                0x0000000000056522                main_thread_entry
                0x0000000000056530                rt_application_init
                0x0000000000056578                rtthread_startup
                0x00000000000565a8                entry
 *fill*         0x00000000000565b4        0x0 
 .rodata.str1.4
                0x00000000000565b4       0x17 build\kernel\src\components.o
 *fill*         0x00000000000565cb        0x1 
 .rodata        0x00000000000565cc       0x14 build\kernel\src\components.o

.comm           0x0000000000014000     0x20f4 load address 0x00000000100067e0
                0x0000000000014000                . = ALIGN (0x4)
 *(.vector)
 .vector        0x0000000000014000       0xf4 libraries\hal_libraries\bmsis\source\startup.o
                0x00000000000140dc                cpu_irq_comm
 .vector        0x00000000000140f4       0x3a libraries\hal_libraries\ab32vg1_hal\libhal.a(cache.o)
                0x00000000000140f4                load_cache
 *(.irq*)
 .irq.audio     0x000000000001412e       0x3e build\board\ports\audio\drv_sound.o
                0x000000000001412e                audio_sem_post
 .irq.timer     0x000000000001416c       0x1c build\board\board.o
                0x000000000001416c                timer0_isr
 .irq.cache     0x0000000000014188       0x7c build\board\board.o
                0x0000000000014188                cache_init
                0x00000000000141ba                os_spiflash_lock
                0x00000000000141e0                os_spiflash_unlock
 .irq.err       0x0000000000014204       0x1c build\board\board.o
                0x0000000000014204                exception_isr
 .irq.err.str   0x0000000000014220       0x10 build\board\board.o
 .irq.rtc       0x0000000000014230       0x26 libraries\hal_drivers\drv_rtc.o
 .irq.sdio      0x0000000000014256       0x44 libraries\hal_drivers\drv_sdio.o
                0x0000000000014256                rthw_sdio_irq_process
                0x0000000000014280                sdio_isr
 .irq.usart     0x000000000001429a      0x14e libraries\hal_drivers\drv_usart.o
                0x00000000000142e0                uart_irq_process
 .irq.timer     0x00000000000143e8       0x5e libraries\hal_drivers\drv_hwtimer.o
                0x00000000000143e8                timer1_isr
 .irq.err       0x0000000000014446       0x32 libraries\hal_libraries\ab32vg1_hal\libhal.a(sys_err.o)
                0x0000000000014446                sys_error_hook
 *fill*         0x0000000000014478        0x0 
 .irq.err.str   0x0000000000014478       0x12 libraries\hal_libraries\ab32vg1_hal\libhal.a(sys_err.o)
 *hal_libraries*ab32vg1_hal**.o(.text .rodata)
 .text          0x000000000001448a       0x70 libraries\hal_libraries\ab32vg1_hal\source\ab32vg1_hal_rcu.o
                0x000000000001448a                hal_rcu_periph_clk_enable
                0x00000000000144be                hal_rcu_periph_clk_disable
 .text          0x00000000000144fa      0x124 libraries\hal_libraries\ab32vg1_hal\source\ab32vg1_hal_gpio.o
                0x00000000000144fa                gpio_afinit
                0x000000000001452a                hal_gpio_init
                0x00000000000145ee                hal_gpio_read
                0x00000000000145f8                hal_gpio_write
                0x0000000000014610                hal_gpio_toggle
 .text          0x000000000001461e       0x54 libraries\hal_libraries\ab32vg1_hal\source\ab32vg1_hal.o
                0x000000000001461e                hal_set_tick_hook
                0x0000000000014628                hal_set_ticks
                0x000000000001464a                hal_udelay
 .text          0x0000000000014672      0x134 libraries\hal_libraries\ab32vg1_hal\source\ab32vg1_hal_uart.o
                0x0000000000014672                hal_uart_setbaud
                0x0000000000014690                hal_uart_setparam
                0x00000000000146e2                hal_uart_deinit
                0x00000000000146e8                HAL_UART_MspInit
                0x00000000000146ea                hal_uart_control
                0x0000000000014702                hal_uart_write
                0x0000000000014706                hal_uart_read
                0x000000000001470e                hal_uart_getflag
                0x0000000000014714                hal_uart_clrflag
                0x000000000001471c                uart_config_all
                0x0000000000014788                hal_uart_init
 *(.text.unlikely)
 *(.text.startup)
 .text.startup  0x00000000000147a6       0x46 build\applications\main.o
                0x00000000000147a6                main
 *hal_drivers**.o(.rodata)
 *fill*         0x00000000000147ec        0x0 
 .rodata        0x00000000000147ec       0x38 libraries\hal_drivers\drv_gpio.o
 .rodata        0x0000000000014824       0x2c libraries\hal_drivers\drv_rtc.o
 .rodata        0x0000000000014850       0x2f libraries\hal_drivers\drv_soft_i2c.o
 *fill*         0x000000000001487f        0x1 
 .rodata        0x0000000000014880       0x20 libraries\hal_drivers\drv_wdt.o
 .rodata        0x00000000000148a0       0x24 libraries\hal_drivers\drv_sdio.o
 .rodata        0x00000000000148c4       0x45 libraries\hal_drivers\drv_adc.o
 *fill*         0x0000000000014909        0x3 
 .rodata        0x000000000001490c       0x81 libraries\hal_drivers\drv_usart.o
 *fill*         0x000000000001498d        0x3 
 .rodata        0x0000000000014990       0x18 libraries\hal_drivers\drv_pwm.o
 .rodata        0x00000000000149a8       0x68 libraries\hal_drivers\drv_hwtimer.o
 *audio*drv_sound.o(.rodata)
 .rodata        0x0000000000014a10       0x66 build\board\ports\audio\drv_sound.o
 *system_ab32vgx.o(.rodata)
 *fill*         0x0000000000014a76        0x2 
 .rodata        0x0000000000014a78       0x46 libraries\hal_libraries\bmsis\source\system_ab32vgx.o
                0x0000000000014a78                sysclk_sel_tbl
                0x0000000000014a84                sysclk_index
 EXCLUDE_FILE(*drv_wdt.o *drv_sdio.o *msh_file.o *cmd.o *drivers*sdio**.o *components.o *dfs**.o *src*memheap.o *src*mem.o *cp-demangle.o *cp-demangle.o *lib_a**.o) *(.rodata.str1.4)
 *fill*         0x0000000000014abe        0x2 
 .rodata.str1.4
                0x0000000000014ac0       0x16 build\applications\main.o
 *fill*         0x0000000000014ad6        0x2 
 .rodata.str1.4
                0x0000000000014ad8       0x74 build\applications\mnt.o
                                         0x78 (size before relaxing)
 .rodata.str1.4
                0x0000000000014b4c       0x2f build\board\ports\audio\drv_sound.o
 *fill*         0x0000000000014b7b        0x1 
 .rodata.str1.4
                0x0000000000014b7c       0x24 build\board\board.o
 .rodata.str1.4
                0x0000000000014ba0       0x87 build\kernel\components\drivers\audio\audio.o
                                         0x9d (size before relaxing)
 *fill*         0x0000000000014c27        0x1 
 .rodata.str1.4
                0x0000000000014c28       0x8c build\kernel\components\drivers\audio\audio_pipe.o
                                         0x90 (size before relaxing)
 .rodata.str1.4
                0x0000000000014cb4       0x43 build\kernel\components\drivers\hwtimer\hwtimer.o
 *fill*         0x0000000000014cf7        0x1 
 .rodata.str1.4
                0x0000000000014cf8       0x87 build\kernel\components\drivers\i2c\i2c_core.o
                                         0x8b (size before relaxing)
 *fill*         0x0000000000014d7f        0x1 
 .rodata.str1.4
                0x0000000000014d80       0x12 build\kernel\components\drivers\i2c\i2c_dev.o
                                         0x22 (size before relaxing)
 *fill*         0x0000000000014d92        0x2 
 .rodata.str1.4
                0x0000000000014d94       0xa1 build\kernel\components\drivers\i2c\i2c-bit-ops.o
                                         0xb1 (size before relaxing)
 *fill*         0x0000000000014e35        0x3 
 .rodata.str1.4
                0x0000000000014e38      0x1f9 build\kernel\components\drivers\misc\adc.o
 *fill*         0x0000000000015031        0x3 
 .rodata.str1.4
                0x0000000000015034      0x1ab build\kernel\components\drivers\misc\rt_drv_pwm.o
 *fill*         0x00000000000151df        0x1 
 .rodata.str1.4
                0x00000000000151e0       0x37 build\kernel\components\drivers\misc\pin.o
 *fill*         0x0000000000015217        0x1 
 .rodata.str1.4
                0x0000000000015218      0x137 build\kernel\components\drivers\rtc\rtc.o
 *fill*         0x000000000001534f        0x1 
 .rodata.str1.4
                0x0000000000015350       0xfa build\kernel\components\drivers\rtc\alarm.o
                                         0xfe (size before relaxing)
 *fill*         0x000000000001544a        0x2 
 .rodata.str1.4
                0x000000000001544c       0xbb build\kernel\components\drivers\serial\serial.o
                                         0xce (size before relaxing)
 *fill*         0x0000000000015507        0x1 
 .rodata.str1.4
                0x0000000000015508       0x19 build\kernel\components\drivers\src\ringbuffer.o
 *fill*         0x0000000000015521        0x3 
 .rodata.str1.4
                0x0000000000015524       0x58 build\kernel\components\drivers\src\dataqueue.o
                                         0x90 (size before relaxing)
 .rodata.str1.4
                0x000000000001557c       0x47 build\kernel\components\drivers\src\completion.o
                                         0x72 (size before relaxing)
 *fill*         0x00000000000155c3        0x1 
 .rodata.str1.4
                0x00000000000155c4       0x33 build\kernel\components\drivers\watchdog\watchdog.o
                                         0x43 (size before relaxing)
 *fill*         0x00000000000155f7        0x1 
 .rodata.str1.4
                0x00000000000155f8       0x6c build\kernel\components\finsh\msh.o
                                         0x78 (size before relaxing)
 .rodata.str1.4
                0x0000000000015664       0xbb build\kernel\components\finsh\shell.o
                                         0xc3 (size before relaxing)
 *fill*         0x000000000001571f        0x1 
 .rodata.str1.4
                0x0000000000015720       0xf2 build\kernel\components\finsh\finsh_error.o
 *fill*         0x0000000000015812        0x2 
 .rodata.str1.4
                0x0000000000015814       0x35 build\kernel\components\finsh\finsh_token.o
                                         0x3d (size before relaxing)
 .rodata.str1.4
                0x0000000000015849        0x4 build\kernel\components\libc\compilers\common\time.o
 *fill*         0x0000000000015849        0x3 
 .rodata.str1.4
                0x000000000001584c        0x4 libraries\hal_drivers\drv_gpio.o
 .rodata.str1.4
                0x0000000000015850       0x34 libraries\hal_drivers\drv_rtc.o
                                         0x4c (size before relaxing)
 .rodata.str1.4
                0x0000000000015884       0x19 libraries\hal_drivers\drv_soft_i2c.o
 *fill*         0x000000000001589d        0x3 
 .rodata.str1.4
                0x00000000000158a0       0x51 libraries\hal_drivers\drv_adc.o
                                         0x55 (size before relaxing)
 *fill*         0x00000000000158f1        0x3 
 .rodata.str1.4
                0x00000000000158f4       0x17 libraries\hal_drivers\drv_usart.o
                                         0x6e (size before relaxing)
 *fill*         0x000000000001590b        0x1 
 .rodata.str1.4
                0x000000000001590c       0x52 libraries\hal_drivers\drv_pwm.o
                                         0x6a (size before relaxing)
 *fill*         0x000000000001595e        0x2 
 .rodata.str1.4
                0x0000000000015960       0x73 libraries\hal_drivers\drv_hwtimer.o
                                         0xaf (size before relaxing)
 EXCLUDE_FILE(*unwind*.o *lib_a**.o) *(.srodata)
 *fill*         0x00000000000159d3        0x1 
 .srodata       0x00000000000159d4        0x8 build\kernel\src\mem.o
 .srodata       0x00000000000159dc        0x7 build\kernel\components\dfs\src\dfs.o
 *fill*         0x00000000000159e3        0x1 
 .srodata       0x00000000000159e4        0x8 libraries\hal_drivers\drv_soft_i2c.o
 .srodata       0x00000000000159ec        0x8 libraries\hal_drivers\drv_adc.o
 *(.rela*)
 .rela.text.startup
                0x00000000000159f4        0x0 build\applications\main.o
 .rela.text     0x00000000000159f4        0x0 build\applications\main.o
 .rela.reset    0x00000000000159f4        0x0 build\applications\main.o
 .rela.vector   0x00000000000159f4        0x0 build\applications\main.o
 *(.data*)
 .data          0x00000000000159f4       0x1c build\board\ports\audio\drv_sound.o
 .data          0x0000000000015a10       0xa0 build\kernel\src\object.o
 .data          0x0000000000015ab0      0x100 build\kernel\components\dfs\src\dfs.o
                0x0000000000015ab0                working_directory
 .data          0x0000000000015bb0       0x3c libraries\hal_drivers\drv_adc.o
 .data          0x0000000000015bec        0xc libraries\hal_drivers\drv_usart.o
 .data          0x0000000000015bf8       0x48 libraries\hal_drivers\drv_pwm.o
 .data          0x0000000000015c40       0x5c libraries\hal_drivers\drv_hwtimer.o
 *fill*         0x0000000000015c9c        0x4 
 .data          0x0000000000015ca0      0x428 d:/program_files/programming/rt-threadstudio/repo/extract/toolchain_support_packages/risc-v/risc-v-gcc/10.1.0/bin/../lib/gcc/riscv64-unknown-elf/10.1.0/../../../../riscv64-unknown-elf/lib/rv32im/ilp32\libc.a(lib_a-impure.o)
 *(.sdata*)
 .sdata         0x00000000000160c8        0x1 build\kernel\src\timer.o
 *fill*         0x00000000000160c9        0x3 
 .sdata         0x00000000000160cc        0x8 build\kernel\components\drivers\sdio\block_dev.o
 .sdata         0x00000000000160d4       0x10 build\kernel\components\drivers\sdio\sdio.o
 .sdata         0x00000000000160e4        0x4 build\kernel\components\finsh\msh.o
 .sdata         0x00000000000160e8        0x1 libraries\hal_drivers\drv_sdio.o
 *fill*         0x00000000000160e9        0x3 
 .sdata         0x00000000000160ec        0x4 libraries\hal_drivers\drv_pwm.o
 .sdata         0x00000000000160f0        0x4 d:/program_files/programming/rt-threadstudio/repo/extract/toolchain_support_packages/risc-v/risc-v-gcc/10.1.0/bin/../lib/gcc/riscv64-unknown-elf/10.1.0/../../../../riscv64-unknown-elf/lib/rv32im/ilp32\libc.a(lib_a-impure.o)
                0x00000000000160f0                _impure_ptr

.bss            0x0000000000011000     0x197c
                0x0000000000011000                __bss_start = .
 *(COMMON)
 *(.bss)
 .bss           0x0000000000011000       0x58 build\board\ports\audio\drv_sound.o
 .bss           0x0000000000011058       0xa4 build\board\board.o
 .bss           0x00000000000110fc      0x100 build\kernel\src\scheduler.o
                0x00000000000110fc                rt_thread_priority_table
 *fill*         0x00000000000111fc        0x4 
 .bss           0x0000000000011200      0x180 build\kernel\src\timer.o
 .bss           0x0000000000011380      0x290 build\kernel\src\idle.o
 .bss           0x0000000000011610       0x80 build\kernel\src\kservice.o
 .bss           0x0000000000011690       0x20 build\kernel\src\mem.o
 .bss           0x00000000000116b0       0x44 build\kernel\components\dfs\src\dfs.o
                0x00000000000116b0                filesystem_table
 .bss           0x00000000000116f4      0x128 build\kernel\components\dfs\src\dfs_file.o
 .bss           0x000000000001181c       0x34 build\kernel\components\drivers\misc\pin.o
 .bss           0x0000000000011850       0x50 build\kernel\components\drivers\rtc\alarm.o
 .bss           0x00000000000118a0      0x500 build\kernel\components\drivers\sdio\mmcsd_core.o
 .bss           0x0000000000011da0      0x140 build\kernel\components\finsh\finsh_node.o
                0x0000000000011da0                global_node_table
 .bss           0x0000000000011ee0      0x180 build\kernel\components\finsh\finsh_vm.o
                0x0000000000011ee0                finsh_vm_stack
                0x0000000000011fe0                text_segment
 .bss           0x0000000000012060       0x81 build\kernel\components\finsh\shell.o
 *fill*         0x00000000000120e1        0x3 
 .bss           0x00000000000120e4       0xc0 build\kernel\components\finsh\finsh_var.o
                0x00000000000120e4                global_variable
 *fill*         0x00000000000121a4        0x4 
 .bss           0x00000000000121a8       0x80 build\kernel\components\finsh\finsh_heap.o
                0x00000000000121a8                finsh_heap
 .bss           0x0000000000012228       0x61 build\kernel\components\libc\compilers\common\time.o
 *fill*         0x0000000000012289        0x3 
 .bss           0x000000000001228c       0x30 libraries\hal_drivers\drv_rtc.o
 .bss           0x00000000000122bc       0x88 libraries\hal_drivers\drv_soft_i2c.o
 .bss           0x0000000000012344       0x34 libraries\hal_drivers\drv_wdt.o
 *fill*         0x0000000000012378        0x8 
 .bss           0x0000000000012380      0x400 libraries\hal_drivers\drv_sdio.o
 .bss           0x0000000000012780       0x58 libraries\hal_drivers\drv_usart.o
 .bss           0x00000000000127d8       0x5c libcpu\cpu\interrupt.o
                0x00000000000127d8                tbl_irq_vector
 .bss           0x0000000000012834        0xc libraries\hal_libraries\bmsis\source\system_ab32vgx.o
                0x0000000000012834                sys
 *(.sbss)
 .sbss          0x0000000000012840       0x14 build\kernel\src\object.o
                0x0000000000012840                rt_object_put_hook
                0x0000000000012844                rt_object_take_hook
                0x0000000000012848                rt_object_trytake_hook
 .sbss          0x0000000000012854       0x1c build\kernel\src\scheduler.o
                0x0000000000012858                rt_thread_defunct
                0x0000000000012860                rt_current_priority
                0x0000000000012864                rt_current_thread
                0x000000000001286c                rt_thread_ready_priority_group
 .sbss          0x0000000000012870       0x1c build\kernel\src\timer.o
 .sbss          0x000000000001288c        0xc build\kernel\src\kservice.o
                0x000000000001288c                rt_assert_hook
 .sbss          0x0000000000012898        0x8 build\kernel\src\mempool.o
 .sbss          0x00000000000128a0        0xc build\kernel\src\thread.o
 .sbss          0x00000000000128ac        0xc build\kernel\src\irq.o
                0x00000000000128ac                rt_interrupt_nest
 .sbss          0x00000000000128b8       0x20 build\kernel\src\mem.o
 .sbss          0x00000000000128d8        0x4 build\kernel\src\clock.o
 .sbss          0x00000000000128dc       0x14 build\kernel\components\dfs\src\dfs.o
                0x00000000000128e8                filesystem_operation_table
 .sbss          0x00000000000128f0        0xc build\kernel\components\dfs\filesystems\elmfat\ff.o
 .sbss          0x00000000000128fc        0x8 build\kernel\components\dfs\filesystems\elmfat\dfs_elm.o
 .sbss          0x0000000000012904        0x4 build\kernel\components\drivers\misc\adc.o
 .sbss          0x0000000000012908        0x4 build\kernel\components\drivers\serial\serial.o
 .sbss          0x000000000001290c        0xc build\kernel\components\finsh\finsh_vm.o
                0x000000000001290c                global_syscall_list
                0x0000000000012910                finsh_pc
                0x0000000000012914                finsh_sp
 .sbss          0x0000000000012918       0x18 build\kernel\components\finsh\shell.o
                0x000000000001291c                shell
                0x0000000000012920                _sysvar_table_end
                0x0000000000012924                _sysvar_table_begin
                0x0000000000012928                _syscall_table_end
                0x000000000001292c                _syscall_table_begin
 .sbss          0x0000000000012930        0x4 build\kernel\components\finsh\finsh_var.o
                0x0000000000012930                global_sysvar_list
 .sbss          0x0000000000012934        0x8 build\kernel\components\finsh\finsh_compiler.o
                0x0000000000012934                finsh_compile_pc
                0x0000000000012938                finsh_compile_sp
 .sbss          0x000000000001293c        0x8 build\kernel\components\finsh\finsh_heap.o
 .sbss          0x0000000000012944        0x1 build\kernel\components\finsh\finsh_error.o
                0x0000000000012944                global_errno
 *fill*         0x0000000000012945        0x3 
 .sbss          0x0000000000012948        0x4 build\kernel\components\finsh\cmd.o
 .sbss          0x000000000001294c        0x4 build\kernel\components\libc\compilers\common\time.o
 .sbss          0x0000000000012950        0x8 libraries\hal_drivers\drv_wdt.o
 .sbss          0x0000000000012958        0x4 libraries\hal_drivers\drv_sdio.o
 .sbss          0x000000000001295c       0x10 libcpu\cpu\cpuport.o
                0x000000000001295c                rt_cur_thread_sp
                0x0000000000012960                rt_thread_switch_interrupt_flag
                0x0000000000012964                rt_interrupt_to_thread
                0x0000000000012968                rt_interrupt_from_thread
 .sbss          0x000000000001296c        0x8 libcpu\cpu\interrupt.o
                0x000000000001296c                cpu_irq_comm_hook
                0x0000000000012970                irq_mask
 .sbss          0x0000000000012974        0x8 libraries\hal_libraries\ab32vg1_hal\source\ab32vg1_hal.o
 *(.buf*)
                0x000000000001297c                __bss_end = .
                0x000000000000197c                __bss_size = (__bss_end - __bss_start)

.stack          0x0000000000013000     0x1000
                0x0000000000013000                __irq_stack_start = .
                0x0000000000001000                . = __stack_ram_size
 *fill*         0x0000000000013000     0x1000 
                0x0000000000014000                __irq_stack = .
                0x0000000000001000                __irq_stack_size = (__irq_stack - __irq_stack_start)

.heap           0x0000000000028c00     0x7400
                0x0000000000028c00                __heap_start = .
                0x0000000000007400                . = __heap_ram_size
 *fill*         0x0000000000028c00     0x7400 
                0x0000000000030000                __heap_end = .

.flash          0x00000000100088d8    0x1db28
                0x00000000100088d8                . = ALIGN (0x4)
                0x00000000100088d8                __fsymtab_start = .
 *(FSymTab)
 FSymTab        0x00000000100088d8        0xc build\kernel\src\memheap.o
                0x00000000100088d8                __fsym___cmd_memheaptrace
 FSymTab        0x00000000100088e4        0xc build\kernel\src\mem.o
                0x00000000100088e4                __fsym_list_mem
 FSymTab        0x00000000100088f0       0x18 build\kernel\components\dfs\src\dfs_posix.o
                0x00000000100088f0                __fsym_cd
                0x00000000100088fc                __fsym_mkdir
 FSymTab        0x0000000010008908       0x18 build\kernel\components\dfs\src\dfs_fs.o
                0x0000000010008908                __fsym_df
                0x0000000010008914                __fsym_mkfs
 FSymTab        0x0000000010008920        0xc build\kernel\components\dfs\src\dfs.o
                0x0000000010008920                __fsym___cmd_list_fd
 FSymTab        0x000000001000892c       0x30 build\kernel\components\dfs\src\dfs_file.o
                0x000000001000892c                __fsym_copy
                0x0000000010008938                __fsym_cat
                0x0000000010008944                __fsym_rm
                0x0000000010008950                __fsym_ls
 FSymTab        0x000000001000895c        0xc build\kernel\components\drivers\misc\adc.o
                0x000000001000895c                __fsym___cmd_adc
 FSymTab        0x0000000010008968       0x48 build\kernel\components\drivers\misc\rt_drv_pwm.o
                0x0000000010008968                __fsym___cmd_pwm_get
                0x0000000010008974                __fsym___cmd_pwm_set
                0x0000000010008980                __fsym___cmd_pwm_disable
                0x000000001000898c                __fsym___cmd_pwm_enable
                0x0000000010008998                __fsym_pwm_set
                0x00000000100089a4                __fsym_pwm_enable
 FSymTab        0x00000000100089b0       0x30 build\kernel\components\drivers\misc\pin.o
                0x00000000100089b0                __fsym_pinGet
                0x00000000100089bc                __fsym_pinRead
                0x00000000100089c8                __fsym_pinWrite
                0x00000000100089d4                __fsym_pinMode
 FSymTab        0x00000000100089e0       0x3c build\kernel\components\drivers\rtc\rtc.o
                0x00000000100089e0                __fsym___cmd_date
                0x00000000100089ec                __fsym___cmd_list_date
                0x00000000100089f8                __fsym_set_time
                0x0000000010008a04                __fsym_set_date
                0x0000000010008a10                __fsym_list_date
 FSymTab        0x0000000010008a1c        0xc build\kernel\components\drivers\rtc\alarm.o
                0x0000000010008a1c                __fsym___cmd_alarm_dump
 FSymTab        0x0000000010008a28       0x3c build\kernel\components\finsh\msh.o
                0x0000000010008a28                __fsym___cmd_free
                0x0000000010008a34                __fsym___cmd_ps
                0x0000000010008a40                __fsym___cmd_help
                0x0000000010008a4c                __fsym_msh
                0x0000000010008a58                __fsym___cmd_exit
 FSymTab        0x0000000010008a64       0x9c build\kernel\components\finsh\msh_file.o
                0x0000000010008a64                __fsym___cmd_echo
                0x0000000010008a70                __fsym___cmd_df
                0x0000000010008a7c                __fsym___cmd_umount
                0x0000000010008a88                __fsym___cmd_mount
                0x0000000010008a94                __fsym___cmd_mkfs
                0x0000000010008aa0                __fsym___cmd_mkdir
                0x0000000010008aac                __fsym___cmd_pwd
                0x0000000010008ab8                __fsym___cmd_cd
                0x0000000010008ac4                __fsym___cmd_rm
                0x0000000010008ad0                __fsym___cmd_cat
                0x0000000010008adc                __fsym___cmd_mv
                0x0000000010008ae8                __fsym___cmd_cp
                0x0000000010008af4                __fsym___cmd_ls
 FSymTab        0x0000000010008b00      0x138 build\kernel\components\finsh\cmd.o
                0x0000000010008b00                __fsym_list
                0x0000000010008b0c                __fsym___cmd_list_device
                0x0000000010008b18                __fsym_list_device
                0x0000000010008b24                __fsym___cmd_list_timer
                0x0000000010008b30                __fsym_list_timer
                0x0000000010008b3c                __fsym___cmd_list_mempool
                0x0000000010008b48                __fsym_list_mempool
                0x0000000010008b54                __fsym___cmd_list_memheap
                0x0000000010008b60                __fsym_list_memheap
                0x0000000010008b6c                __fsym___cmd_list_msgqueue
                0x0000000010008b78                __fsym_list_msgqueue
                0x0000000010008b84                __fsym___cmd_list_mailbox
                0x0000000010008b90                __fsym_list_mailbox
                0x0000000010008b9c                __fsym___cmd_list_mutex
                0x0000000010008ba8                __fsym_list_mutex
                0x0000000010008bb4                __fsym___cmd_list_event
                0x0000000010008bc0                __fsym_list_event
                0x0000000010008bcc                __fsym___cmd_list_sem
                0x0000000010008bd8                __fsym_list_sem
                0x0000000010008be4                __fsym___cmd_list_thread
                0x0000000010008bf0                __fsym_list_thread
                0x0000000010008bfc                __fsym___cmd_version
                0x0000000010008c08                __fsym_version
                0x0000000010008c14                __fsym___cmd_clear
                0x0000000010008c20                __fsym_clear
                0x0000000010008c2c                __fsym_hello
                0x0000000010008c38                __fsymtab_end = .
                0x0000000010008c38                . = ALIGN (0x4)
                0x0000000010008c38                __vsymtab_start = .
 *(VSymTab)
 VSymTab        0x0000000010008c38       0x10 build\kernel\components\finsh\cmd.o
                0x0000000010008c38                __vsym_dummy
                0x0000000010008c48                __vsymtab_end = .
                0x0000000010008c48                . = ALIGN (0x4)
 *(.text*)
 .text          0x0000000010008c48       0xf8 build\applications\mnt.o
                0x0000000010008c48                sd_mount
                0x0000000010008cd0                ab32_sdcard_mount
 .text          0x0000000010008d40      0x66c build\board\ports\audio\drv_sound.o
                0x0000000010008f4a                adpll_init
                0x0000000010008ffc                dac_start
                0x00000000100090be                audio_sem_pend
                0x00000000100090d0                sound_transmit
                0x0000000010009132                saia_frequency_set
                0x000000001000918c                saia_channels_set
                0x000000001000922c                saia_volume_set
                0x00000000100092fa                saia_volume_get
 .text          0x00000000100093ac      0x1ca build\board\board.o
                0x00000000100093ac                timer0_cfg
                0x00000000100093c0                hal_printf
                0x000000001000944c                timer0_init
                0x0000000010009474                hal_mdelay
                0x000000001000947c                rt_hw_systick_init
                0x0000000010009524                rt_hw_board_init
                0x0000000010009574                rt_hw_us_delay
 .text          0x0000000010009576      0x15c build\board\ab32vg1_hal_msp.o
                0x0000000010009576                hal_uart_mspinit
                0x0000000010009650                hal_sd_mspinit
                0x00000000100096a0                hal_pwm_mspinit
 .text          0x00000000100096d2      0x820 build\kernel\src\memheap.o
                0x00000000100096d2                rt_memheap_init
                0x00000000100097a6                rt_memheap_detach
                0x0000000010009842                rt_memheap_alloc
                0x00000000100099ae                rt_memheap_free
                0x0000000010009b08                rt_memheap_realloc
                0x0000000010009d3a                rt_memheap_dump
                0x0000000010009e8a                memheaptrace
 .text          0x0000000010009ef2      0x802 build\kernel\src\mem.o
                0x0000000010009ef2                list_mem
                0x000000001000a034                rt_malloc_sethook
                0x000000001000a03e                rt_free_sethook
                0x000000001000a048                rt_system_heap_init
                0x000000001000a144                rt_malloc
                0x000000001000a366                rt_calloc
                0x000000001000a396                rt_free
                0x000000001000a56a                rt_realloc
                0x000000001000a6ce                rt_memory_info
 .text          0x000000001000a6f4      0x70a build\kernel\components\dfs\src\dfs_posix.o
                0x000000001000a6f4                mkdir
                0x000000001000a766                open
                0x000000001000a7d2                close
                0x000000001000a814                read
                0x000000001000a860                write
                0x000000001000a8ac                lseek
                0x000000001000a91a                rename
                0x000000001000a940                unlink
                0x000000001000a966                stat
                0x000000001000a98c                fstat
                0x000000001000a9de                fsync
                0x000000001000aa12                fcntl
                0x000000001000aa64                ioctl
                0x000000001000aa80                ftruncate
                0x000000001000aad4                statfs
                0x000000001000aafa                rmdir
                0x000000001000aafc                opendir
                0x000000001000ab82                readdir
                0x000000001000ac08                telldir
                0x000000001000ac44                seekdir
                0x000000001000ac8a                rewinddir
                0x000000001000acca                closedir
                0x000000001000ad14                chdir
                0x000000001000adae                access
                0x000000001000adc8                getcwd
 .text          0x000000001000adfe      0x740 build\kernel\components\dfs\src\dfs_fs.o
                0x000000001000adfe                dfs_register
                0x000000001000aea4                dfs_filesystem_lookup
                0x000000001000af4e                dfs_filesystem_get_mounted_path
                0x000000001000af92                dfs_filesystem_get_partition
                0x000000001000b0b4                dfs_mount
                0x000000001000b284                dfs_unmount
                0x000000001000b324                dfs_mkfs
                0x000000001000b430                mkfs
                0x000000001000b432                dfs_statfs
                0x000000001000b45e                df
 .text          0x000000001000b53e      0x684 build\kernel\components\dfs\src\dfs.o
                0x000000001000b53e                list_fd
                0x000000001000b67a                dfs_init
                0x000000001000b73c                dfs_lock
                0x000000001000b784                dfs_unlock
                0x000000001000b794                fd_new
                0x000000001000b894                fd_get
                0x000000001000b8ea                fd_put
                0x000000001000b956                dfs_subdir
                0x000000001000b99a                dfs_normalize_path
                0x000000001000bb1a                fd_is_open
                0x000000001000bbb8                dfs_fdtable_get
 .text          0x000000001000bbc2      0x936 build\kernel\components\dfs\src\dfs_file.o
                0x000000001000bbc2                dfs_file_open
                0x000000001000bc96                dfs_file_close
                0x000000001000bcca                dfs_file_ioctl
                0x000000001000bd10                dfs_file_read
                0x000000001000bd48                cat
                0x000000001000bdd6                dfs_file_getdents
                0x000000001000bdf6                dfs_file_unlink
                0x000000001000be70                rm
                0x000000001000be9e                dfs_file_write
                0x000000001000bf7e                dfs_file_flush
                0x000000001000bf92                dfs_file_lseek
                0x000000001000bfc2                dfs_file_stat
                0x000000001000c0ce                ls
                0x000000001000c322                copy
                0x000000001000c426                dfs_file_rename
                0x000000001000c4b4                dfs_file_ftruncate
 .text          0x000000001000c4f8      0x3ea build\kernel\components\dfs\filesystems\devfs\devfs.o
                0x000000001000c4f8                dfs_device_fs_mount
                0x000000001000c500                dfs_device_fs_ioctl
                0x000000001000c562                dfs_device_fs_read
                0x000000001000c5d0                dfs_device_fs_write
                0x000000001000c63e                dfs_device_fs_close
                0x000000001000c6d4                dfs_device_fs_stat
                0x000000001000c748                dfs_device_fs_open
                0x000000001000c830                dfs_device_fs_getdents
                0x000000001000c8c4                devfs_init
 .text          0x000000001000c8e2      0x11e build\kernel\components\dfs\filesystems\elmfat\ffunicode.o
                0x000000001000c8e2                ff_uni2oem
                0x000000001000c92e                ff_oem2uni
                0x000000001000c95c                ff_wtoupper
 .text          0x000000001000ca00     0x2f96 build\kernel\components\dfs\filesystems\elmfat\ff.o
                0x000000001000e0f8                f_mount
                0x000000001000e184                f_open
                0x000000001000e3a0                f_read
                0x000000001000e55e                f_write
                0x000000001000e760                f_sync
                0x000000001000e828                f_close
                0x000000001000e85e                f_lseek
                0x000000001000eae4                f_opendir
                0x000000001000eb90                f_closedir
                0x000000001000ebbe                f_readdir
                0x000000001000ec46                f_seekdir
                0x000000001000ec88                f_stat
                0x000000001000ecfe                f_getfree
                0x000000001000ee00                f_truncate
                0x000000001000eee0                f_unlink
                0x000000001000efb2                f_mkdir
                0x000000001000f0f4                f_rename
                0x000000001000f244                f_mkfs
                0x000000001000f976                elm_get_vol
 .text          0x000000001000f996      0xc10 build\kernel\components\dfs\filesystems\elmfat\dfs_elm.o
                0x000000001000f9d0                dfs_elm_mount
                0x000000001000fada                dfs_elm_unmount
                0x000000001000fb64                dfs_elm_mkfs
                0x000000001000fc94                dfs_elm_statfs
                0x000000001000fd34                dfs_elm_open
                0x000000001000fe58                dfs_elm_close
                0x000000001000fed4                dfs_elm_ioctl
                0x000000001000ff36                dfs_elm_read
                0x000000001000ff96                dfs_elm_write
                0x000000001000fffa                dfs_elm_flush
                0x0000000010010032                dfs_elm_lseek
                0x00000000100100c4                dfs_elm_getdents
                0x0000000010010194                dfs_elm_unlink
                0x00000000100101f6                dfs_elm_rename
                0x000000001001025c                dfs_elm_stat
                0x0000000010010338                elm_init
                0x0000000010010356                disk_initialize
                0x000000001001035a                disk_status
                0x000000001001035e                disk_read
                0x0000000010010396                disk_write
                0x00000000100103ce                disk_ioctl
                0x00000000100104aa                get_fattime
                0x0000000010010514                ff_cre_syncobj
                0x0000000010010556                ff_del_syncobj
                0x0000000010010576                ff_req_grant
                0x0000000010010596                ff_rel_grant
                0x000000001001059e                ff_memalloc
                0x00000000100105a2                ff_memfree
 .text          0x00000000100105a6      0x84e build\kernel\components\drivers\audio\audio.o
                0x0000000010010b1a                rt_audio_register
                0x0000000010010b8a                rt_audio_samplerate_to_speed
                0x0000000010010c58                rt_audio_tx_complete
                0x0000000010010dc6                rt_audio_rx_done
 .text          0x0000000010010df4      0x43c build\kernel\components\drivers\audio\audio_pipe.o
                0x0000000010011128                rt_audio_pipe_init
                0x00000000100111be                rt_audio_pipe_detach
                0x00000000100111c6                rt_audio_pipe_create
                0x000000001001120c                rt_audio_pipe_destroy
 .text          0x0000000010011230      0x466 build\kernel\components\drivers\hwtimer\hwtimer.o
                0x0000000010011598                rt_device_hwtimer_isr
                0x00000000100115fa                rt_device_hwtimer_register
 .text          0x0000000010011696      0x1de build\kernel\components\drivers\i2c\i2c_core.o
                0x0000000010011696                rt_i2c_core_init
                0x000000001001169a                rt_i2c_bus_device_register
                0x000000001001170a                rt_i2c_bus_device_find
                0x0000000010011766                rt_i2c_transfer
                0x00000000100117e4                rt_i2c_master_send
                0x0000000010011816                rt_i2c_master_recv
 .text          0x0000000010011874      0x1bc build\kernel\components\drivers\i2c\i2c_dev.o
                0x00000000100119de                rt_i2c_bus_device_device_init
 .text          0x0000000010011a30      0x4a8 build\kernel\components\drivers\i2c\i2c-bit-ops.o
                0x0000000010011eca                rt_i2c_bit_add_bus
 .text          0x0000000010011ed8      0x3d2 build\kernel\components\drivers\misc\adc.o
                0x0000000010011f46                rt_hw_adc_register
                0x0000000010011faa                rt_adc_read
                0x0000000010011fee                rt_adc_enable
                0x0000000010012030                rt_adc_disable
 .text          0x00000000100122aa      0x3c2 build\kernel\components\drivers\misc\rt_drv_pwm.o
                0x000000001001233e                rt_pwm_enable
                0x000000001001237c                rt_pwm_set
                0x0000000010012484                rt_device_pwm_register
                0x00000000100124ce                rt_pwm_disable
                0x0000000010012568                rt_pwm_get
 .text          0x000000001001266c      0x280 build\kernel\components\drivers\rtc\rtc.o
                0x000000001001266c                set_date
                0x00000000100126ea                set_time
                0x0000000010012762                list_date
 .text          0x00000000100128ec      0x8f6 build\kernel\components\drivers\rtc\alarm.o
                0x0000000010012b68                rt_alarm_dump
                0x0000000010012c38                rt_alarm_system_init
                0x0000000010012f1c                rt_alarm_update
                0x0000000010012f2e                rt_alarm_start
                0x0000000010012fdc                rt_alarm_stop
                0x0000000010013046                rt_alarm_control
                0x00000000100130f2                rt_alarm_delete
                0x0000000010013162                rt_alarm_create
 .text          0x00000000100131e2      0x896 build\kernel\components\drivers\sdio\mmc.o
                0x0000000010013310                mmc_send_op_cond
                0x0000000010013398                init_mmc
 .text          0x0000000010013a78      0xa1c build\kernel\components\drivers\sdio\sd.o
                0x0000000010013b1e                mmcsd_send_app_cmd
                0x0000000010013b94                mmcsd_app_set_bus_width
                0x0000000010013bde                mmcsd_send_app_op_cond
                0x0000000010013c6e                mmcsd_send_if_cond
                0x0000000010013cc8                mmcsd_get_card_addr
                0x0000000010013d0e                mmcsd_get_scr
                0x0000000010013de0                init_sd
 .text          0x0000000010014494      0x6f2 build\kernel\components\drivers\sdio\block_dev.o
                0x00000000100147a6                mmcsd_num_wr_blocks
                0x00000000100148aa                rt_mmcsd_blk_probe
                0x0000000010014b18                rt_mmcsd_blk_remove
                0x0000000010014b82                rt_mmcsd_blk_init
 .text          0x0000000010014b86     0x1418 build\kernel\components\drivers\sdio\sdio.o
                0x0000000010014c0c                sdio_io_send_op_cond
                0x0000000010014ca8                sdio_io_rw_direct
                0x0000000010014dc0                sdio_io_rw_extended
                0x0000000010014f64                sdio_io_rw_extended_block
                0x000000001001508e                sdio_io_readb
                0x00000000100153a2                sdio_io_writeb
                0x00000000100153cc                sdio_io_readw
                0x00000000100153fe                sdio_io_writew
                0x000000001001541e                sdio_io_readl
                0x000000001001544e                sdio_io_writel
                0x000000001001546e                sdio_io_read_multi_fifo_b
                0x000000001001547a                sdio_io_write_multi_fifo_b
                0x0000000010015486                sdio_io_read_multi_incr_b
                0x0000000010015492                sdio_io_write_multi_incr_b
                0x000000001001549e                sdio_free_cis
                0x00000000100154d4                init_sdio
                0x0000000010015a8a                sdio_attach_irq
                0x0000000010015b92                sdio_detach_irq
                0x0000000010015c84                sdio_irq_wakeup
                0x0000000010015cb2                sdio_enable_func
                0x0000000010015d7c                sdio_disable_func
                0x0000000010015e02                sdio_set_drvdata
                0x0000000010015e06                sdio_get_drvdata
                0x0000000010015e0a                sdio_set_block_size
                0x0000000010015e74                sdio_register_driver
                0x0000000010015efc                sdio_unregister_driver
                0x0000000010015f9c                rt_sdio_init
 .text          0x0000000010015f9e      0xa22 build\kernel\components\drivers\sdio\mmcsd_core.o
                0x0000000010015fc2                rt_mmcsd_core_init
                0x00000000100160a0                mmcsd_host_lock
                0x00000000100160ae                mmcsd_host_unlock
                0x00000000100160ba                mmcsd_req_complete
                0x00000000100160c6                mmcsd_send_request
                0x0000000010016126                mmcsd_send_cmd
                0x00000000100161b6                mmcsd_go_idle
                0x000000001001622c                mmcsd_detect
                0x00000000100163ca                mmcsd_spi_read_ocr
                0x0000000010016414                mmcsd_all_get_cid
                0x0000000010016464                mmcsd_get_cid
                0x0000000010016594                mmcsd_get_csd
                0x00000000100166be                mmcsd_select_card
                0x00000000100166c4                mmcsd_deselect_cards
                0x00000000100166ca                mmcsd_spi_use_crc
                0x000000001001670c                mmcsd_set_chip_select
                0x0000000010016712                mmcsd_set_clock
                0x0000000010016762                mmcsd_set_bus_mode
                0x0000000010016768                mmcsd_set_bus_width
                0x000000001001676e                mmcsd_set_data_timeout
                0x0000000010016836                mmcsd_select_voltage
                0x00000000100168a8                mmcsd_wait_cd_changed
                0x00000000100168de                mmcsd_change
                0x00000000100168f0                mmcsd_alloc_host
                0x0000000010016990                mmcsd_free_host
 .text          0x00000000100169c0      0x6f4 build\kernel\components\drivers\serial\serial.o
                0x0000000010016f04                rt_hw_serial_register
                0x0000000010016f66                rt_hw_serial_isr
 .text          0x00000000100170b4      0x680 build\kernel\components\drivers\src\ringbuffer.o
                0x00000000100170b4                rt_ringbuffer_init
                0x0000000010017116                rt_ringbuffer_putchar_force
                0x00000000100171c4                rt_ringbuffer_data_len
                0x00000000100171fc                rt_ringbuffer_put
                0x00000000100172c6                rt_ringbuffer_put_force
                0x00000000100173ec                rt_ringbuffer_get
                0x00000000100174d2                rt_ringbuffer_peak
                0x000000001001755c                rt_ringbuffer_putchar
                0x00000000100175d8                rt_ringbuffer_getchar
                0x0000000010017664                rt_ringbuffer_reset
                0x0000000010017698                rt_ringbuffer_create
                0x00000000100176f8                rt_ringbuffer_destroy
 .text          0x0000000010017734      0x7a4 build\kernel\components\drivers\src\dataqueue.o
                0x0000000010017734                rt_data_queue_init
                0x00000000100177c0                rt_data_queue_push
                0x00000000100179b0                rt_data_queue_peek
                0x0000000010017a54                rt_data_queue_reset
                0x0000000010017b3e                rt_data_queue_deinit
                0x0000000010017bb8                rt_data_queue_len
                0x0000000010017c5a                rt_data_queue_pop
 .text          0x0000000010017ed8      0x204 build\kernel\components\drivers\src\completion.o
                0x0000000010017ed8                rt_completion_init
                0x0000000010017f22                rt_completion_wait
                0x0000000010018066                rt_completion_done
 .text          0x00000000100180dc      0x130 build\kernel\components\drivers\watchdog\watchdog.o
                0x00000000100181aa                rt_hw_watchdog_register
 .text          0x000000001001820c      0x1be build\kernel\components\finsh\finsh_node.o
                0x000000001001820c                finsh_node_init
                0x0000000010018234                finsh_node_allocate
                0x0000000010018266                finsh_node_new_id
                0x00000000100182ce                finsh_node_new_char
                0x00000000100182f6                finsh_node_new_int
                0x000000001001831c                finsh_node_new_long
                0x0000000010018342                finsh_node_new_string
                0x00000000100183a4                finsh_node_new_ptr
 .text          0x00000000100183ca      0x7f2 build\kernel\components\finsh\finsh_parser.o
                0x0000000010018b10                finsh_parser_run
                0x0000000010018b9c                finsh_parser_init
 .text          0x0000000010018bbc      0x564 build\kernel\components\finsh\msh.o
                0x0000000010018bd6                msh_help
                0x0000000010018c56                cmd_ps
                0x0000000010018c6c                cmd_free
                0x0000000010018c82                msh_is_used
                0x0000000010018c8c                msh_exec
                0x0000000010018e6a                msh_auto_complete_path
                0x000000001001902a                msh_auto_complete
 .text          0x0000000010019120      0x102 build\kernel\components\finsh\finsh_vm.o
                0x0000000010019120                finsh_vm_run
                0x000000001001917c                finsh_syscall_append
                0x00000000100191be                finsh_syscall_lookup
 .text          0x0000000010019222      0x8e8 build\kernel\components\finsh\msh_file.o
                0x0000000010019222                cmd_ls
                0x000000001001924a                cmd_pwd
                0x00000000100193a4                cmd_rm
                0x00000000100194d0                cmd_mkfs
                0x000000001001953e                cmd_mount
                0x0000000010019612                cmd_umount
                0x0000000010019676                cmd_cp
                0x00000000100196ba                cmd_mv
                0x00000000100197b4                cmd_cat
                0x0000000010019808                cmd_cd
                0x0000000010019854                cmd_mkdir
                0x0000000010019898                cmd_df
                0x00000000100198fc                cmd_echo
                0x0000000010019982                msh_exec_script
 .text          0x0000000010019b0a      0xa96 build\kernel\components\finsh\shell.o
                0x0000000010019b4e                finsh_set_prompt
                0x0000000010019b9a                finsh_get_prompt
                0x0000000010019c92                finsh_get_prompt_mode
                0x0000000010019cd2                finsh_set_prompt_mode
                0x0000000010019d1e                finsh_system_init
                0x0000000010019de8                finsh_set_device
                0x0000000010019eae                finsh_get_device
                0x0000000010019eec                finsh_set_echo
                0x0000000010019f36                finsh_get_echo
                0x0000000010019f74                finsh_run_line
                0x000000001001a04a                finsh_thread_entry
                0x000000001001a57c                finsh_system_function_init
                0x000000001001a58e                finsh_system_var_init
 .text          0x000000001001a5a0      0x1ce build\kernel\components\finsh\finsh_var.o
                0x000000001001a5a0                finsh_var_init
                0x000000001001a5c8                finsh_var_insert
                0x000000001001a638                finsh_var_delete
                0x000000001001a686                finsh_var_lookup
                0x000000001001a6c2                finsh_sysvar_append
                0x000000001001a70a                finsh_sysvar_lookup
 .text          0x000000001001a76e      0xef8 build\kernel\components\finsh\finsh_compiler.o
                0x000000001001b5e0                finsh_compiler_run
 .text          0x000000001001b666      0x842 build\kernel\components\finsh\finsh_ops.o
                0x000000001001b666                OP_no_op
                0x000000001001b668                OP_add_byte
                0x000000001001b688                OP_add_word
                0x000000001001b6a8                OP_add_dword
                0x000000001001b6c8                OP_sub_byte
                0x000000001001b6e8                OP_sub_word
                0x000000001001b708                OP_sub_dword
                0x000000001001b728                OP_div_byte
                0x000000001001b74a                OP_div_word
                0x000000001001b76c                OP_div_dword
                0x000000001001b78e                OP_mod_byte
                0x000000001001b7b0                OP_mod_word
                0x000000001001b7d2                OP_mod_dword
                0x000000001001b7f4                OP_mul_byte
                0x000000001001b816                OP_mul_word
                0x000000001001b838                OP_mul_dword
                0x000000001001b85a                OP_and_byte
                0x000000001001b87a                OP_and_word
                0x000000001001b89a                OP_and_dword
                0x000000001001b8ba                OP_or_byte
                0x000000001001b8da                OP_or_word
                0x000000001001b8fa                OP_or_dword
                0x000000001001b91a                OP_xor_byte
                0x000000001001b93a                OP_xor_word
                0x000000001001b95a                OP_xor_dword
                0x000000001001b97a                OP_bw_byte
                0x000000001001b990                OP_bw_word
                0x000000001001b9a6                OP_bw_dword
                0x000000001001b9bc                OP_shl_byte
                0x000000001001b9de                OP_shl_word
                0x000000001001ba00                OP_shl_dword
                0x000000001001ba22                OP_shr_byte
                0x000000001001ba44                OP_shr_word
                0x000000001001ba66                OP_shr_dword
                0x000000001001ba88                OP_ld_byte
                0x000000001001bab2                OP_ld_word
                0x000000001001bae4                OP_ld_dword
                0x000000001001bb24                OP_ld_value_byte
                0x000000001001bb6a                OP_ld_value_byte_stack
                0x000000001001bb80                OP_ld_value_word
                0x000000001001bbc6                OP_ld_value_word_stack
                0x000000001001bbdc                OP_ld_value_dword
                0x000000001001bc1e                OP_ld_value_dword_stack
                0x000000001001bc32                OP_st_byte
                0x000000001001bc50                OP_st_word
                0x000000001001bc6c                OP_st_dword
                0x000000001001bc86                OP_pop
                0x000000001001bc96                OP_call
 .text          0x000000001001bea8      0x204 build\kernel\components\finsh\finsh_heap.o
                0x000000001001becc                finsh_heap_init
                0x000000001001bf12                finsh_heap_free
                0x000000001001bfca                finsh_heap_allocate
 .text          0x000000001001c0ac       0x34 build\kernel\components\finsh\finsh_error.o
                0x000000001001c0ac                finsh_error_init
                0x000000001001c0b8                finsh_error_set
                0x000000001001c0c4                finsh_errno
                0x000000001001c0ce                finsh_error_string
 .text          0x000000001001c0e0      0xf72 build\kernel\components\finsh\cmd.o
                0x000000001001c12c                hello
                0x000000001001c1ba                version
                0x000000001001c1d4                list
                0x000000001001c380                list_timer
                0x000000001001c488                list_thread
                0x000000001001c5e2                list_sem
                0x000000001001c6f8                list_event
                0x000000001001c804                list_mutex
                0x000000001001c8de                list_mailbox
                0x000000001001ca02                list_msgqueue
                0x000000001001cb1e                list_memheap
                0x000000001001cbf0                list_mempool
                0x000000001001cd08                list_device
                0x000000001001cdf6                list_prefix
 .text          0x000000001001d052      0x5e2 build\kernel\components\finsh\finsh_token.o
                0x000000001001d0ba                finsh_token_init
                0x000000001001d0e0                finsh_token_get_token
                0x000000001001d0f2                token_get_string
                0x000000001001d176                finsh_token_token
 .text          0x000000001001d634       0x70 build\kernel\components\finsh\finsh_init.o
                0x000000001001d634                finsh_init
                0x000000001001d65a                finsh_stack_bottom
                0x000000001001d664                finsh_flush
                0x000000001001d682                finsh_reset
 .text          0x000000001001d6a4      0x4bc build\kernel\components\libc\compilers\common\time.o
                0x000000001001d6e6                gmtime_r
                0x000000001001d7a0                gmtime
                0x000000001001d7aa                localtime_r
                0x000000001001d7c6                localtime
                0x000000001001d7d0                asctime_r
                0x000000001001d878                asctime
                0x000000001001d882                ctime_r
                0x000000001001d8a0                ctime
                0x000000001001d8b4                time
                0x000000001001d92c                clock
                0x000000001001d934                stime
                0x000000001001d992                timegm
                0x000000001001db08                mktime
                0x000000001001db0a                gettimeofday
                0x000000001001db3e                settimeofday
 .text          0x000000001001db60      0x1e6 libraries\hal_drivers\drv_gpio.o
                0x000000001001dd2c                rt_hw_pin_init
 .text          0x000000001001dd46      0x338 libraries\hal_drivers\drv_rtc.o
                0x000000001001dd46                get_weekday
                0x000000001001dd70                irtc_write
                0x000000001001dd80                irtc_read
                0x000000001001dd98                irtc_time_write
                0x000000001001de04                irtc_time_read
                0x000000001001dece                irtc_sfr_write
                0x000000001001df16                irtc_sfr_read
                0x000000001001df5a                hal_rtc_init
                0x000000001001dfd6                rt_hw_rtc_init
 .text          0x000000001001e07e      0x20e libraries\hal_drivers\drv_soft_i2c.o
                0x000000001001e1a0                rt_hw_i2c_init
 .text          0x000000001001e28c      0x302 libraries\hal_drivers\drv_wdt.o
                0x000000001001e290                rt_wdt_init
 .text          0x000000001001e58e      0x7aa libraries\hal_drivers\drv_sdio.o
                0x000000001001e5b0                rthw_sdio_irq_update
                0x000000001001eada                sdio_host_create
                0x000000001001ec9a                rt_hw_sdio_init
                0x000000001001ed2c                ab32_mmcsd_change
 .text          0x000000001001ed38      0x12e libraries\hal_drivers\drv_adc.o
 .text          0x000000001001ee66      0x214 libraries\hal_drivers\drv_usart.o
                0x000000001001efe8                rt_hw_usart_init
 .text          0x000000001001f07a      0x35a libraries\hal_drivers\drv_pwm.o
 .text          0x000000001001f3d4      0x272 libraries\hal_drivers\drv_hwtimer.o
 .text          0x000000001001f646       0x6c libcpu\cpu\cpuport.o
                0x000000001001f646                rt_hw_stack_init
                0x000000001001f664                rt_hw_cpu_shutdown
 .text          0x000000001001f6b2      0x3b4 libraries\hal_libraries\bmsis\source\system_ab32vgx.o
                0x000000001001f6b2                get_clksel_val
                0x000000001001f6c2                get_cur_sysclk
                0x000000001001f6cc                get_sysclk_nhz
                0x000000001001f6f0                get_sd_rate
                0x000000001001f6f4                set_sd_baud
                0x000000001001f752                update_sd0baud
                0x000000001001f78e                sysclk_update_baud
                0x000000001001f7ca                update_uart0baud_in_sysclk
                0x000000001001f7e8                set_sys_uart0baud
                0x000000001001f7f2                set_peripherals_clkdiv_safety
                0x000000001001f820                set_peripherals_clkdiv
                0x000000001001f892                set_sysclk
 .text.hal_adc_enable
                0x000000001001fa66       0x14 libraries\hal_libraries\ab32vg1_hal\libhal.a(ab32vg1_hal_adc.o)
                0x000000001001fa66                hal_adc_enable
 .text.hal_adc_start
                0x000000001001fa7a        0x6 libraries\hal_libraries\ab32vg1_hal\libhal.a(ab32vg1_hal_adc.o)
                0x000000001001fa7a                hal_adc_start
 .text.hal_adc_poll_for_conversion
                0x000000001001fa80       0x34 libraries\hal_libraries\ab32vg1_hal\libhal.a(ab32vg1_hal_adc.o)
                0x000000001001fa80                hal_adc_poll_for_conversion
 *fill*         0x000000001001fab4        0x0 
 .text          0x000000001001fab4      0x434 d:/program_files/programming/rt-threadstudio/repo/extract/toolchain_support_packages/risc-v/risc-v-gcc/10.1.0/bin/../lib/gcc/riscv64-unknown-elf/10.1.0/rv32im/ilp32\libgcc.a(_udivdi3.o)
                0x000000001001fab4                __udivdi3