Archive member included to satisfy reference by file (symbol)

libraries\hal_libraries\ab32vg1_hal\libhal.a(ab32vg1_hal_adc.o)
                              libraries\hal_drivers\drv_adc.o (hal_adc_enable)
libraries\hal_libraries\ab32vg1_hal\libhal.a(cache.o)
                              build\board\board.o (load_cache)
libraries\hal_libraries\ab32vg1_hal\libhal.a(rom_fun.o)
                              build\board\board.o (my_printf)
libraries\hal_libraries\ab32vg1_hal\libhal.a(save-restore.o)
                              build\kernel\src\ipc.o (__riscv_save_12)
libraries\hal_libraries\ab32vg1_hal\libhal.a(sys_err.o)
                              build\board\board.o (sys_error_hook)
d:/program_files/programming/rt-threadstudio/repo/extract/toolchain_support_packages/risc-v/risc-v-gcc/10.1.0/bin/../lib/gcc/riscv64-unknown-elf/10.1.0/rv32im/ilp32\libgcc.a(_divdi3.o)
                              libraries\hal_drivers\drv_pwm.o (__divdi3)
d:/program_files/programming/rt-threadstudio/repo/extract/toolchain_support_packages/risc-v/risc-v-gcc/10.1.0/bin/../lib/gcc/riscv64-unknown-elf/10.1.0/rv32im/ilp32\libgcc.a(_udivdi3.o)
                              libraries\hal_drivers\drv_pwm.o (__udivdi3)
d:/program_files/programming/rt-threadstudio/repo/extract/toolchain_support_packages/risc-v/risc-v-gcc/10.1.0/bin/../lib/gcc/riscv64-unknown-elf/10.1.0/rv32im/ilp32\libgcc.a(divdf3.o)
                              build\kernel\components\drivers\misc\rt_drv_pwm.o (__divdf3)
d:/program_files/programming/rt-threadstudio/repo/extract/toolchain_support_packages/risc-v/risc-v-gcc/10.1.0/bin/../lib/gcc/riscv64-unknown-elf/10.1.0/rv32im/ilp32\libgcc.a(muldf3.o)
                              build\kernel\components\drivers\misc\rt_drv_pwm.o (__muldf3)
d:/program_files/programming/rt-threadstudio/repo/extract/toolchain_support_packages/risc-v/risc-v-gcc/10.1.0/bin/../lib/gcc/riscv64-unknown-elf/10.1.0/rv32im/ilp32\libgcc.a(fixdfsi.o)
                              build\kernel\components\drivers\misc\rt_drv_pwm.o (__fixdfsi)
d:/program_files/programming/rt-threadstudio/repo/extract/toolchain_support_packages/risc-v/risc-v-gcc/10.1.0/bin/../lib/gcc/riscv64-unknown-elf/10.1.0/rv32im/ilp32\libgcc.a(floatunsidf.o)
                              build\kernel\components\drivers\misc\rt_drv_pwm.o (__floatunsidf)
d:/program_files/programming/rt-threadstudio/repo/extract/toolchain_support_packages/risc-v/risc-v-gcc/10.1.0/bin/../lib/gcc/riscv64-unknown-elf/10.1.0/rv32im/ilp32\libgcc.a(addsf3.o)
                              build\kernel\components\drivers\hwtimer\hwtimer.o (__addsf3)
d:/program_files/programming/rt-threadstudio/repo/extract/toolchain_support_packages/risc-v/risc-v-gcc/10.1.0/bin/../lib/gcc/riscv64-unknown-elf/10.1.0/rv32im/ilp32\libgcc.a(divsf3.o)
                              build\kernel\components\drivers\hwtimer\hwtimer.o (__divsf3)
d:/program_files/programming/rt-threadstudio/repo/extract/toolchain_support_packages/risc-v/risc-v-gcc/10.1.0/bin/../lib/gcc/riscv64-unknown-elf/10.1.0/rv32im/ilp32\libgcc.a(eqsf2.o)
                              build\kernel\components\drivers\hwtimer\hwtimer.o (__eqsf2)
d:/program_files/programming/rt-threadstudio/repo/extract/toolchain_support_packages/risc-v/risc-v-gcc/10.1.0/bin/../lib/gcc/riscv64-unknown-elf/10.1.0/rv32im/ilp32\libgcc.a(gesf2.o)
                              build\kernel\components\drivers\hwtimer\hwtimer.o (__gesf2)
d:/program_files/programming/rt-threadstudio/repo/extract/toolchain_support_packages/risc-v/risc-v-gcc/10.1.0/bin/../lib/gcc/riscv64-unknown-elf/10.1.0/rv32im/ilp32\libgcc.a(lesf2.o)
                              build\kernel\components\drivers\hwtimer\hwtimer.o (__ltsf2)
d:/program_files/programming/rt-threadstudio/repo/extract/toolchain_support_packages/risc-v/risc-v-gcc/10.1.0/bin/../lib/gcc/riscv64-unknown-elf/10.1.0/rv32im/ilp32\libgcc.a(mulsf3.o)
                              build\kernel\components\drivers\hwtimer\hwtimer.o (__mulsf3)
d:/program_files/programming/rt-threadstudio/repo/extract/toolchain_support_packages/risc-v/risc-v-gcc/10.1.0/bin/../lib/gcc/riscv64-unknown-elf/10.1.0/rv32im/ilp32\libgcc.a(subsf3.o)
                              build\kernel\components\drivers\hwtimer\hwtimer.o (__subsf3)
d:/program_files/programming/rt-threadstudio/repo/extract/toolchain_support_packages/risc-v/risc-v-gcc/10.1.0/bin/../lib/gcc/riscv64-unknown-elf/10.1.0/rv32im/ilp32\libgcc.a(fixsfsi.o)
                              build\kernel\components\drivers\hwtimer\hwtimer.o (__fixsfsi)
d:/program_files/programming/rt-threadstudio/repo/extract/toolchain_support_packages/risc-v/risc-v-gcc/10.1.0/bin/../lib/gcc/riscv64-unknown-elf/10.1.0/rv32im/ilp32\libgcc.a(fixunssfsi.o)
                              build\kernel\components\drivers\hwtimer\hwtimer.o (__fixunssfsi)
d:/program_files/programming/rt-threadstudio/repo/extract/toolchain_support_packages/risc-v/risc-v-gcc/10.1.0/bin/../lib/gcc/riscv64-unknown-elf/10.1.0/rv32im/ilp32\libgcc.a(floatsisf.o)
[...]
Memory Configuration

Name             Origin             Length             Attributes
init             0x0000000010000000 0x0000000000000200
flash            0x0000000010000200 0x0000000000100000 xr
comm             0x0000000000014000 0x0000000000014c00 xr
data             0x0000000000011000 0x0000000000002000
stack            0x0000000000013000 0x0000000000001000
heap             0x0000000000028c00 0x0000000000007400
ram1             0x0000000000050000 0x0000000000007a00 xr
*default*        0x0000000000000000 0xffffffffffffffff

Linker script and memory map

LOAD build\applications\main.o
LOAD build\applications\mnt.o
LOAD build\board\ports\audio\drv_sound.o
LOAD build\board\board.o
LOAD build\board\ab32vg1_hal_msp.o
LOAD build\kernel\src\irq.o
LOAD build\kernel\src\mempool.o
LOAD build\kernel\src\scheduler.o
LOAD build\kernel\src\device.o
LOAD build\kernel\src\components.o
LOAD build\kernel\src\idle.o
LOAD build\kernel\src\object.o
LOAD build\kernel\src\memheap.o
LOAD build\kernel\src\kservice.o
LOAD build\kernel\src\timer.o
LOAD build\kernel\src\mem.o
LOAD build\kernel\src\clock.o
LOAD build\kernel\src\thread.o
LOAD build\kernel\src\ipc.o
LOAD build\kernel\components\dfs\src\dfs_posix.o
LOAD build\kernel\components\dfs\src\dfs_fs.o
LOAD build\kernel\components\dfs\src\dfs.o
LOAD build\kernel\components\dfs\src\dfs_file.o
LOAD build\kernel\components\dfs\filesystems\devfs\devfs.o
LOAD build\kernel\components\dfs\filesystems\elmfat\ff.o
LOAD build\kernel\components\dfs\filesystems\elmfat\dfs_elm.o
LOAD build\kernel\components\dfs\filesystems\elmfat\ffunicode.o
LOAD build\kernel\components\drivers\audio\audio_pipe.o
LOAD build\kernel\components\drivers\audio\audio.o
LOAD build\kernel\components\drivers\hwtimer\hwtimer.o
LOAD build\kernel\components\drivers\i2c\i2c_core.o
LOAD build\kernel\components\drivers\i2c\i2c_dev.o
LOAD build\kernel\components\drivers\i2c\i2c-bit-ops.o
LOAD build\kernel\components\drivers\misc\adc.o
LOAD build\kernel\components\drivers\misc\rt_drv_pwm.o
LOAD build\kernel\components\drivers\misc\pin.o
LOAD build\kernel\components\drivers\rtc\rtc.o
LOAD build\kernel\components\drivers\rtc\alarm.o
LOAD build\kernel\components\drivers\sdio\mmc.o
LOAD build\kernel\components\drivers\sdio\sd.o
LOAD build\kernel\components\drivers\sdio\block_dev.o
LOAD build\kernel\components\drivers\sdio\sdio.o
LOAD build\kernel\components\drivers\sdio\mmcsd_core.o
LOAD build\kernel\components\drivers\serial\serial.o
LOAD build\kernel\components\drivers\src\dataqueue.o
LOAD build\kernel\components\drivers\src\ringbuffer.o
LOAD build\kernel\components\drivers\src\ringblk_buf.o
LOAD build\kernel\components\drivers\src\workqueue.o
LOAD build\kernel\components\drivers\src\pipe.o
LOAD build\kernel\components\drivers\src\waitqueue.o
LOAD build\kernel\components\drivers\src\completion.o
LOAD build\kernel\components\drivers\watchdog\watchdog.o
LOAD build\kernel\components\finsh\finsh_node.o
LOAD build\kernel\components\finsh\finsh_parser.o
LOAD build\kernel\components\finsh\cmd.o
LOAD build\kernel\components\finsh\finsh_vm.o
LOAD build\kernel\components\finsh\msh_file.o
LOAD build\kernel\components\finsh\shell.o
LOAD build\kernel\components\finsh\finsh_var.o
LOAD build\kernel\components\finsh\finsh_compiler.o
LOAD build\kernel\components\finsh\finsh_init.o
LOAD build\kernel\components\finsh\finsh_heap.o
LOAD build\kernel\components\finsh\finsh_ops.o
LOAD build\kernel\components\finsh\finsh_error.o
LOAD build\kernel\components\finsh\finsh_token.o
LOAD build\kernel\components\finsh\msh.o
LOAD build\kernel\components\libc\compilers\common\time.o
LOAD build\kernel\components\libc\compilers\newlib\minilib.o
LOAD libraries\hal_drivers\drv_gpio.o
LOAD libraries\hal_drivers\drv_rtc.o
LOAD libraries\hal_drivers\drv_soft_i2c.o
LOAD libraries\hal_drivers\drv_wdt.o
LOAD libraries\hal_drivers\drv_sdio.o
LOAD libraries\hal_drivers\drv_adc.o
LOAD libraries\hal_drivers\drv_usart.o
LOAD libraries\hal_drivers\drv_pwm.o
LOAD libraries\hal_drivers\drv_hwtimer.o
LOAD libcpu\cpu\cpuport.o
LOAD libcpu\cpu\context_gcc.o
LOAD libcpu\cpu\interrupt.o
LOAD libraries\hal_libraries\ab32vg1_hal\source\ab32vg1_hal.o
LOAD libraries\hal_libraries\ab32vg1_hal\source\ab32vg1_hal_gpio.o
LOAD libraries\hal_libraries\ab32vg1_hal\source\ab32vg1_hal_uart.o
LOAD libraries\hal_libraries\ab32vg1_hal\source\ab32vg1_hal_sd.o
LOAD libraries\hal_libraries\ab32vg1_hal\source\ab32vg1_hal_dac.o
LOAD libraries\hal_libraries\ab32vg1_hal\source\ab32vg1_hal_rcu.o
LOAD libraries\hal_libraries\bmsis\source\system_ab32vgx.o
LOAD libraries\hal_libraries\bmsis\source\startup.o
LOAD libraries\hal_libraries\ab32vg1_hal\libhal.a
LOAD d:/program_files/programming/rt-threadstudio/repo/extract/toolchain_support_packages/risc-v/risc-v-gcc/10.1.0/bin/../lib/gcc/riscv64-unknown-elf/10.1.0/rv32im/ilp32\libgcc.a
START GROUP
LOAD d:/program_files/programming/rt-threadstudio/repo/extract/toolchain_support_packages/risc-v/risc-v-gcc/10.1.0/bin/../lib/gcc/riscv64-unknown-elf/10.1.0/../../../../riscv64-unknown-elf/lib/rv32im/ilp32\libc.a
LOAD d:/program_files/programming/rt-threadstudio/repo/extract/toolchain_support_packages/risc-v/risc-v-gcc/10.1.0/bin/../lib/gcc/riscv64-unknown-elf/10.1.0/../../../../riscv64-unknown-elf/lib/rv32im/ilp32\libgloss.a
END GROUP
LOAD d:/program_files/programming/rt-threadstudio/repo/extract/toolchain_support_packages/risc-v/risc-v-gcc/10.1.0/bin/../lib/gcc/riscv64-unknown-elf/10.1.0/rv32im/ilp32\libgcc.a
                0x0000000000100000                __max_flash_size = 0x100000
                0x0000000000002000                __data_ram_size = 0x2000
                0x0000000000001000                __stack_ram_size = 0x1000
                0x0000000000014c00                __comm_ram_size = 0x14c00
                0x0000000000007400                __heap_ram_size = 0x7400
                0x0000000010000000                __base = 0x10000000
                0x0000000000011000                __data_vma = 0x11000
                0x0000000000013000                __stack_vma = (__data_vma + __data_ram_size)
                0x0000000000014000                __comm_vma = (__stack_vma + __stack_ram_size)
                0x0000000000028c00                __heap_vma = (__comm_vma + __comm_ram_size)
                0x0000000000050000                __ram1_vma = 0x50000

.init           0x0000000010000000       0xae
 *(.reset)
 .reset         0x0000000010000000       0xae libraries\hal_libraries\bmsis\source\startup.o
                0x0000000010000000                _start

.ram1           0x0000000000050000     0x5d90 load address 0x0000000010000200
                0x0000000000050000                . = ALIGN (0x4)
                0x0000000000050000                __rt_init_start = .
 *(SORT_BY_NAME(.rti_fn*))
 .rti_fn.0      0x0000000000050000        0x4 build\kernel\src\components.o
                0x0000000000050000                __rt_init_rti_start
 .rti_fn.0.end  0x0000000000050004        0x4 build\kernel\src\components.o
                0x0000000000050004                __rt_init_rti_board_start
 .rti_fn.1      0x0000000000050008        0x4 libraries\hal_drivers\drv_soft_i2c.o
                0x0000000000050008                __rt_init_rt_hw_i2c_init
 .rti_fn.1      0x000000000005000c        0x4 libraries\hal_drivers\drv_wdt.o
                0x000000000005000c                __rt_init_rt_wdt_init
 .rti_fn.1      0x0000000000050010        0x4 libraries\hal_drivers\drv_adc.o
                0x0000000000050010                __rt_init_ab32_adc_init
 .rti_fn.1      0x0000000000050014        0x4 libraries\hal_drivers\drv_hwtimer.o
                0x0000000000050014                __rt_init_ab32_hwtimer_init
 .rti_fn.1.end  0x0000000000050018        0x4 build\kernel\src\components.o
                0x0000000000050018                __rt_init_rti_board_end
 .rti_fn.2      0x000000000005001c        0x4 build\kernel\components\dfs\src\dfs.o
                0x000000000005001c                __rt_init_dfs_init
 .rti_fn.2      0x0000000000050020        0x4 build\kernel\components\drivers\rtc\alarm.o
                0x0000000000050020                __rt_init_rt_alarm_system_init
 .rti_fn.2      0x0000000000050024        0x4 build\kernel\components\drivers\sdio\mmcsd_core.o
                0x0000000000050024                __rt_init_rt_mmcsd_core_init
 .rti_fn.3      0x0000000000050028        0x4 build\board\ports\audio\drv_sound.o
                0x0000000000050028                __rt_init_rt_hw_sound_init
 .rti_fn.3      0x000000000005002c        0x4 libraries\hal_drivers\drv_rtc.o
                0x000000000005002c                __rt_init_rt_hw_rtc_init
 .rti_fn.3      0x0000000000050030        0x4 libraries\hal_drivers\drv_sdio.o
                0x0000000000050030                __rt_init_rt_hw_sdio_init
 .rti_fn.3      0x0000000000050034        0x4 libraries\hal_drivers\drv_pwm.o
                0x0000000000050034                __rt_init_ab32_pwm_init
 .rti_fn.4      0x0000000000050038        0x4 build\kernel\components\dfs\filesystems\elmfat\dfs_elm.o
                0x0000000000050038                __rt_init_elm_init
 .rti_fn.4      0x000000000005003c        0x4 build\kernel\components\drivers\i2c\i2c_core.o
                0x000000000005003c                __rt_init_rt_i2c_core_init
 .rti_fn.6      0x0000000000050040        0x4 build\applications\mnt.o
                0x0000000000050040                __rt_init_ab32_sdcard_mount
 .rti_fn.6      0x0000000000050044        0x4 build\kernel\components\finsh\shell.o
                0x0000000000050044                __rt_init_finsh_system_init
 .rti_fn.6.end  0x0000000000050048        0x4 build\kernel\src\components.o
                0x0000000000050048                __rt_init_rti_end
                0x000000000005004c                __rt_init_end = .
                0x000000000005004c                . = ALIGN (0x4)
                [!provide]                        PROVIDE (__ctors_start__ = .)
 *(SORT_BY_NAME(.init_array.*))
 *(.init_array)
                [!provide]                        PROVIDE (__ctors_end__ = .)
                0x000000000005004c                . = ALIGN (0x4)
 *components*drivers*hwtimer**.o(.text*)
 .text          0x000000000005004c      0x4a6 build\kernel\components\drivers\hwtimer\hwtimer.o
                0x0000000000050418                rt_device_hwtimer_isr
                0x000000000005046e                rt_device_hwtimer_register
 *components*drivers*misc*pin.o(.text*)
 .text          0x00000000000504f2      0x30c build\kernel\components\drivers\misc\pin.o
                0x000000000005052e                rt_pin_mode
                0x0000000000050574                rt_pin_write
                0x00000000000505ba                rt_pin_read
                0x00000000000505f8                rt_pin_get
                0x00000000000506e4                rt_device_pin_register
                0x000000000005071a                rt_pin_attach_irq
                0x0000000000050772                rt_pin_detach_irq
                0x00000000000507b4                rt_pin_irq_enable
                0x0000000000050800                . = ALIGN (0x4)
 *fill*         0x00000000000507fe        0x2 
 *src*ipc.o(.text* .rodata*)
 .text          0x0000000000050800     0x1f90 build\kernel\src\ipc.o
                0x0000000000050886                rt_ipc_get_highest_priority
                0x00000000000508a8                rt_sem_init
                0x000000000005090c                rt_sem_detach
                0x0000000000050982                rt_sem_create
                0x0000000000050a06                rt_sem_delete
                0x0000000000050aba                rt_sem_take
                0x0000000000050c08                rt_sem_trytake
                0x0000000000050c0c                rt_sem_release
                0x0000000000050caa                rt_sem_control
                0x0000000000050d1a                rt_mutex_init
                0x0000000000050d66                rt_mutex_detach
                0x0000000000050ddc                rt_mutex_create
                0x0000000000050e48                rt_mutex_delete
                0x0000000000050efc                rt_mutex_take
                0x000000000005109c                rt_mutex_release
                0x0000000000051252                rt_mutex_control
                0x000000000005129c                rt_event_init
                0x00000000000512e0                rt_event_detach
                0x0000000000051358                rt_event_create
                0x00000000000513bc                rt_event_delete
                0x0000000000051472                rt_event_send
                0x0000000000051558                rt_event_recv
                0x000000000005172c                rt_event_control
                0x000000000005179c                rt_mb_init
                0x00000000000517f8                rt_mb_detach
                0x0000000000051878                rt_mb_create
                0x0000000000051910                rt_mb_delete
                0x00000000000519d8                rt_mb_send_wait
                0x0000000000051ba0                rt_mb_send
                0x0000000000051ba4                rt_mb_urgent
                0x0000000000051c5a                rt_mb_recv
                0x0000000000051e44                rt_mb_control
                0x0000000000051ec0                rt_mq_init
                0x0000000000051f56                rt_mq_detach
                0x0000000000051fd6                rt_mq_create
                0x00000000000520b0                rt_mq_delete
                0x0000000000052180                rt_mq_send_wait
                0x00000000000523a2                rt_mq_send
                0x00000000000523a6                rt_mq_urgent
                0x00000000000524b8                rt_mq_recv
                0x00000000000526fa                rt_mq_control
 .rodata.str1.4
                0x0000000000052790      0x44a build\kernel\src\ipc.o
                                        0x476 (size before relaxing)
 *fill*         0x0000000000052bda        0x2 
 .rodata        0x0000000000052bdc      0x242 build\kernel\src\ipc.o
 *src*irq.o(.text* .rodata*)
 .text          0x0000000000052e1e       0x9a build\kernel\src\irq.o
                0x0000000000052e1e                rt_interrupt_enter_sethook
                0x0000000000052e28                rt_interrupt_leave_sethook
                0x0000000000052e32                rt_interrupt_enter
                0x0000000000052e68                rt_interrupt_leave
                0x0000000000052e9e                rt_interrupt_get_nest
 *src*object.o(.text* .rodata*)
 .text          0x0000000000052eb8      0x3c4 build\kernel\src\object.o
                0x0000000000052eb8                rt_object_attach_sethook
                0x0000000000052ec2                rt_object_detach_sethook
                0x0000000000052ecc                rt_object_trytake_sethook
                0x0000000000052ed6                rt_object_take_sethook
                0x0000000000052ee0                rt_object_put_sethook
                0x0000000000052eea                rt_object_get_information
                0x0000000000052f12                rt_object_get_length
                0x0000000000052f3c                rt_object_get_pointers
                0x0000000000052f7e                rt_object_init
                0x0000000000053022                rt_object_detach
                0x0000000000053070                rt_object_allocate
                0x000000000005312a                rt_object_delete
                0x00000000000531a2                rt_object_is_systemobject
                0x00000000000531cc                rt_object_get_type
                0x00000000000531f8                rt_object_find
 *fill*         0x000000000005327c        0x0 
 .rodata.str1.4
                0x000000000005327c       0x65 build\kernel\src\object.o
                                         0x91 (size before relaxing)
 *fill*         0x00000000000532e1        0x3 
 .rodata        0x00000000000532e4       0x8b build\kernel\src\object.o
 *src*thread.o(.text* .rodata*)
 *fill*         0x000000000005336f        0x1 
 .text          0x0000000000053370      0x81c build\kernel\src\thread.o
                0x000000000005338e                rt_thread_exit
                0x00000000000534a2                rt_thread_timeout
                0x000000000005352c                rt_thread_suspend_sethook
                0x0000000000053536                rt_thread_resume_sethook
                0x0000000000053540                rt_thread_inited_sethook
                0x000000000005354a                rt_thread_init
                0x00000000000535b0                rt_thread_self
                0x00000000000535ba                rt_thread_detach
                0x0000000000053650                rt_thread_create
                0x0000000000053696                rt_thread_delete
                0x0000000000053744                rt_thread_yield
                0x000000000005377a                rt_thread_suspend
                0x0000000000053838                rt_thread_sleep
                0x00000000000538c2                rt_thread_delay
                0x00000000000538c4                rt_thread_mdelay
                0x00000000000538d2                rt_thread_delay_until
                0x000000000005399a                rt_thread_resume
                0x0000000000053a2c                rt_thread_startup
                0x0000000000053abe                rt_thread_control
                0x0000000000053b86                rt_thread_find
 *fill*         0x0000000000053b8c        0x0 
 .rodata.str1.4
                0x0000000000053b8c      0x18b build\kernel\src\thread.o
                                        0x19f (size before relaxing)
 *fill*         0x0000000000053d17        0x1 
 .rodata        0x0000000000053d18       0xd2 build\kernel\src\thread.o
 *src*timer.o(.text* .rodata*)
 .text          0x0000000000053dea      0x688 build\kernel\src\timer.o
                0x0000000000053dfc                rt_timer_enter_sethook
                0x0000000000053e06                rt_timer_exit_sethook
                0x0000000000053e10                rt_timer_init
                0x0000000000053e66                rt_timer_detach
                0x0000000000053ef0                rt_timer_create
                0x0000000000053f26                rt_timer_delete
                0x0000000000053fb0                rt_timer_start
                0x00000000000540e0                rt_timer_stop
                0x000000000005415c                rt_timer_control
                0x0000000000054200                rt_timer_check
                0x00000000000542c6                rt_timer_next_timeout_tick
                0x00000000000542ea                rt_soft_timer_check
                0x000000000005441a                rt_system_timer_init
                0x0000000000054428                rt_system_timer_thread_init
 *fill*         0x0000000000054472        0x2 
 .rodata.str1.4
                0x0000000000054474       0xde build\kernel\src\timer.o
 *fill*         0x0000000000054552        0x2 
 .rodata        0x0000000000054554       0x75 build\kernel\src\timer.o
 *src*mempool.o(.text* .rodata*)
 *fill*         0x00000000000545c9        0x1 
 .text          0x00000000000545ca      0x4e2 build\kernel\src\mempool.o
                0x00000000000545ca                rt_mp_alloc_sethook
                0x00000000000545d4                rt_mp_free_sethook
                0x00000000000545de                rt_mp_init
                0x00000000000546b4                rt_mp_detach
                0x000000000005474a                rt_mp_create
                0x0000000000054834                rt_mp_delete
                0x0000000000054912                rt_mp_alloc
                0x0000000000054a4c                rt_mp_free
 .rodata.str1.4
                0x0000000000054aac      0x149 build\kernel\src\mempool.o
                                        0x14d (size before relaxing)
 *fill*         0x0000000000054bf5        0x3 
 .rodata        0x0000000000054bf8       0x48 build\kernel\src\mempool.o
 *src*scheduler.o(.text* .rodata*)
 .text          0x0000000000054c40      0x310 build\kernel\src\scheduler.o
                0x0000000000054c40                rt_scheduler_sethook
                0x0000000000054c4a                rt_system_scheduler_init
                0x0000000000054c82                rt_schedule_insert_thread
                0x0000000000054d02                rt_schedule_remove_thread
                0x0000000000054d6a                rt_system_scheduler_start
                0x0000000000054daa                rt_schedule
                0x0000000000054ee0                rt_enter_critical
                0x0000000000054f02                rt_exit_critical
                0x0000000000054f46                rt_critical_level
 *fill*         0x0000000000054f50        0x0 
 .rodata.str1.4
                0x0000000000054f50       0x65 build\kernel\src\scheduler.o
 *fill*         0x0000000000054fb5        0x3 
 .rodata        0x0000000000054fb8       0x36 build\kernel\src\scheduler.o
 *src*clock.o(.text* .rodata*)
 .text          0x0000000000054fee       0x90 build\kernel\src\clock.o
                0x0000000000054fee                rt_tick_get
                0x0000000000054ff8                rt_tick_set
                0x0000000000055012                rt_tick_increase
                0x000000000005504c                rt_tick_from_millisecond
                0x0000000000055074                rt_tick_get_millisecond
 *src*kservice.o(.text* .rodata*)
 .text          0x000000000005507e      0xac8 build\kernel\src\kservice.o
                0x000000000005521c                rt_get_errno
                0x000000000005523c                rt_set_errno
                0x000000000005525e                _rt_errno
                0x0000000000055280                rt_memset
                0x0000000000055304                rt_memcpy
                0x00000000000553b2                rt_memmove
                0x00000000000553fc                rt_memcmp
                0x0000000000055424                rt_strcasecmp
                0x0000000000055458                rt_strncpy
                0x0000000000055480                rt_strncmp
                0x00000000000554b0                rt_strcmp
                0x00000000000554ca                rt_strnlen
                0x00000000000554e2                rt_strlen
                0x00000000000554f4                rt_strstr
                0x000000000005552c                rt_strdup
                0x0000000000055558                rt_vsnprintf
                0x00000000000558de                rt_snprintf
                0x00000000000558f8                rt_vsprintf
                0x0000000000055900                rt_sprintf
                0x000000000005591c                rt_console_get_device
                0x0000000000055926                rt_console_set_device
                0x0000000000055964                rt_hw_console_output
                0x0000000000055966                rt_kputs
                0x00000000000559ac                rt_kprintf
                0x0000000000055a26                rt_show_version
                0x0000000000055a64                rt_malloc_align
                0x0000000000055a9e                rt_free_align
                0x0000000000055aaa                __rt_ffs
                0x0000000000055b02                rt_assert_set_hook
                0x0000000000055b0c                rt_assert_handler
 *fill*         0x0000000000055b46        0x2 
 .rodata.str1.4
                0x0000000000055b48       0xc7 build\kernel\src\kservice.o
 *fill*         0x0000000000055c0f        0x1 
 .rodata        0x0000000000055c10      0x180 build\kernel\src\kservice.o
                0x0000000000055c90                __lowest_bit_bitmap

.comm           0x0000000000014000     0x2d9c load address 0x0000000010005f90
                0x0000000000014000                . = ALIGN (0x4)
 *(.vector)
 .vector        0x0000000000014000       0xf4 libraries\hal_libraries\bmsis\source\startup.o
                0x00000000000140dc                cpu_irq_comm
 .vector        0x00000000000140f4       0x3a libraries\hal_libraries\ab32vg1_hal\libhal.a(cache.o)
                0x00000000000140f4                load_cache
 *(.irq*)
 .irq.audio     0x000000000001412e       0x3e build\board\ports\audio\drv_sound.o
                0x000000000001412e                audio_sem_post
 .irq.timer     0x000000000001416c       0x1c build\board\board.o
                0x000000000001416c                timer0_isr
 .irq.cache     0x0000000000014188       0x7c build\board\board.o
                0x0000000000014188                cache_init
                0x00000000000141ba                os_spiflash_lock
                0x00000000000141e0                os_spiflash_unlock
 .irq.err       0x0000000000014204       0x1c build\board\board.o
                0x0000000000014204                exception_isr
 .irq.err.str   0x0000000000014220       0x10 build\board\board.o
 .irq.rtc       0x0000000000014230       0x26 libraries\hal_drivers\drv_rtc.o
 .irq.sdio      0x0000000000014256       0x44 libraries\hal_drivers\drv_sdio.o
                0x0000000000014256                rthw_sdio_irq_process
                0x0000000000014280                sdio_isr
 .irq.usart     0x000000000001429a      0x146 libraries\hal_drivers\drv_usart.o
                0x00000000000142e0                uart_irq_process
 .irq.timer     0x00000000000143e0       0x22 libraries\hal_drivers\drv_hwtimer.o
                0x00000000000143e0                timer1_isr
 .irq.err       0x0000000000014402       0x30 libraries\hal_libraries\ab32vg1_hal\libhal.a(sys_err.o)
                0x0000000000014402                sys_error_hook
 *fill*         0x0000000000014432        0x2 
 .irq.err.str   0x0000000000014434       0x12 libraries\hal_libraries\ab32vg1_hal\libhal.a(sys_err.o)
 *libcpu*cpu*context_gcc.o(.text .rodata)
 .text          0x0000000000014446      0x19c libcpu\cpu\context_gcc.o
                0x0000000000014446                rt_hw_interrupt_disable
                0x0000000000014454                rt_hw_interrupt_enable
                0x0000000000014466                rt_hw_context_switch_to
                0x000000000001449a                rt_hw_context_switch
                0x00000000000144ba                rt_switch_to_thread
                0x00000000000144e0                rt_hw_context_switch_interrupt
                0x0000000000014506                rt_soft_isr
                0x000000000001450e                low_prio_irq
 *libcpu*cpu*interrupt.o(.text .rodata)
 .text          0x00000000000145e2       0xde libcpu\cpu\interrupt.o
                0x00000000000145e2                set_cpu_irq_comm
                0x00000000000145ec                cpu_irq_comm_do
                0x0000000000014624                rt_hw_irq_enable
                0x000000000001463c                rt_hw_irq_disable
                0x0000000000014658                rt_hw_interrupt_init
                0x000000000001465a                rt_hw_interrupt_install
 *hal_libraries*ab32vg1_hal**.o(.text .rodata)
 .text          0x00000000000146c0       0x54 libraries\hal_libraries\ab32vg1_hal\source\ab32vg1_hal.o
                0x00000000000146c0                hal_set_tick_hook
                0x00000000000146ca                hal_set_ticks
                0x00000000000146ec                hal_udelay
 .text          0x0000000000014714      0x122 libraries\hal_libraries\ab32vg1_hal\source\ab32vg1_hal_gpio.o
                0x0000000000014714                gpio_afinit
                0x0000000000014744                hal_gpio_init
                0x0000000000014806                hal_gpio_read
                0x0000000000014810                hal_gpio_write
                0x0000000000014828                hal_gpio_toggle
 .text          0x0000000000014836      0x130 libraries\hal_libraries\ab32vg1_hal\source\ab32vg1_hal_uart.o
                0x0000000000014836                hal_uart_setbaud
                0x0000000000014854                hal_uart_setparam
                0x00000000000148a6                hal_uart_deinit
                0x00000000000148ac                HAL_UART_MspInit
                0x00000000000148ae                hal_uart_control
                0x00000000000148c6                hal_uart_write
                0x00000000000148ca                hal_uart_read
                0x00000000000148d2                hal_uart_getflag
                0x00000000000148d8                hal_uart_clrflag
                0x00000000000148e0                uart_config_all
                0x000000000001494a                hal_uart_init
 .text          0x0000000000014966       0x70 libraries\hal_libraries\ab32vg1_hal\source\ab32vg1_hal_rcu.o
                0x0000000000014966                hal_rcu_periph_clk_enable
                0x000000000001499a                hal_rcu_periph_clk_disable
 *save-restore.o(.text* .rodata*)
 .text          0x00000000000149d6      0x128 libraries\hal_libraries\ab32vg1_hal\libhal.a(save-restore.o)
                0x00000000000149d6                __riscv_save_12
                0x00000000000149f6                __riscv_save_11
                0x0000000000014a12                __riscv_save_10
                0x0000000000014a2e                __riscv_save_9
                0x0000000000014a48                __riscv_save_8
                0x0000000000014a60                __riscv_save_7
                0x0000000000014a74                __riscv_save_6
                0x0000000000014a86                __riscv_save_5
                0x0000000000014a96                __riscv_save_4
                0x0000000000014aa4                __riscv_save_3
                0x0000000000014ab0                __riscv_save_2
                0x0000000000014aba                __riscv_save_1
                0x0000000000014ac2                __riscv_save_0
                0x0000000000014ac8                __riscv_restore_12
                0x0000000000014acc                __riscv_restore_11
                0x0000000000014ad0                __riscv_restore_10
                0x0000000000014ad4                __riscv_restore_9
                0x0000000000014ad8                __riscv_restore_8
                0x0000000000014adc                __riscv_restore_7
                0x0000000000014ae0                __riscv_restore_6
                0x0000000000014ae4                __riscv_restore_5
                0x0000000000014ae8                __riscv_restore_4
                0x0000000000014aec                __riscv_restore_3
                0x0000000000014af0                __riscv_restore_2
                0x0000000000014af4                __riscv_restore_1
                0x0000000000014af8                __riscv_restore_0
                0x0000000000014afe                _gp
 *(.text.unlikely)
 *(.text.startup)
 .text.startup  0x0000000000014afe       0x46 build\applications\main.o
                0x0000000000014afe                main
 *src*device.o(.text* .rodata*)
 .text          0x0000000000014b44      0x4d4 build\kernel\src\device.o
                0x0000000000014b44                rt_device_unregister
                0x0000000000014bb2                rt_device_find
                0x0000000000014bb8                rt_device_register
                0x0000000000014bec                rt_device_create
                0x0000000000014c16                rt_device_destroy
                0x0000000000014c8c                rt_device_init
                0x0000000000014ce6                rt_device_open
                0x0000000000014dd4                rt_device_close
                0x0000000000014e4a                rt_device_read
                0x0000000000014eb8                rt_device_write
                0x0000000000014f26                rt_device_control
                0x0000000000014f80                rt_device_set_rx_indicate
                0x0000000000014fcc                rt_device_set_tx_complete
 .rodata.str1.4
                0x0000000000015018       0xf4 build\kernel\src\device.o
 .rodata        0x000000000001510c       0xc6 build\kernel\src\device.o
 *src*idle.o(.text* .rodata*)
 .text          0x00000000000151d2      0x17c build\kernel\src\idle.o
                0x00000000000151d2                rt_thread_idle_sethook
                0x000000000001520c                rt_thread_idle_delhook
                0x000000000001524a                rt_thread_idle_excute
                0x00000000000152f6                rt_thread_idle_init
                0x0000000000015344                rt_thread_idle_gethandler
 *fill*         0x000000000001534e        0x2 
 .rodata.str1.4
                0x0000000000015350       0x30 build\kernel\src\idle.o
                                         0x34 (size before relaxing)
 .rodata        0x0000000000015380       0x16 build\kernel\src\idle.o
 *src*components.o(.text* .rodata*)
 .text          0x0000000000015396       0xe8 build\kernel\src\components.o
                0x00000000000153a6                rt_components_board_init
                0x00000000000153ca                rt_components_init
                0x00000000000153ee                main_thread_entry
                0x00000000000153fc                rt_application_init
                0x0000000000015444                rtthread_startup
                0x0000000000015472                entry
 *fill*         0x000000000001547e        0x2 
 .rodata.str1.4
                0x0000000000015480       0x17 build\kernel\src\components.o
 *fill*         0x0000000000015497        0x1 
 .rodata        0x0000000000015498       0x14 build\kernel\src\components.o
 *hal_drivers**.o(.rodata)
 .rodata        0x00000000000154ac       0x38 libraries\hal_drivers\drv_gpio.o
 .rodata        0x00000000000154e4       0x28 libraries\hal_drivers\drv_rtc.o
 .rodata        0x000000000001550c       0x2f libraries\hal_drivers\drv_soft_i2c.o
 *fill*         0x000000000001553b        0x1 
 .rodata        0x000000000001553c       0x20 libraries\hal_drivers\drv_wdt.o
 .rodata        0x000000000001555c       0x24 libraries\hal_drivers\drv_sdio.o
 .rodata        0x0000000000015580       0x45 libraries\hal_drivers\drv_adc.o
 *fill*         0x00000000000155c5        0x3 
 .rodata        0x00000000000155c8       0x81 libraries\hal_drivers\drv_usart.o
 *fill*         0x0000000000015649        0x3 
 .rodata        0x000000000001564c       0x18 libraries\hal_drivers\drv_pwm.o
 .rodata        0x0000000000015664       0x68 libraries\hal_drivers\drv_hwtimer.o
 *audio*drv_sound.o(.rodata)
 .rodata        0x00000000000156cc       0x66 build\board\ports\audio\drv_sound.o
 *libcpu**.o(.rodata)
 *fill*         0x0000000000015732        0x2 
 .rodata        0x0000000000015734       0x13 libcpu\cpu\cpuport.o
 *system_ab32vgx.o(.rodata)
 *fill*         0x0000000000015747        0x1 
 .rodata        0x0000000000015748       0x46 libraries\hal_libraries\bmsis\source\system_ab32vgx.o
                0x0000000000015748                sysclk_sel_tbl
                0x0000000000015754                sysclk_index
 EXCLUDE_FILE(*drv_wdt.o *drv_sdio.o *msh_file.o *cmd.o *drivers*sdio**.o *components.o *dfs**.o *src*memheap.o *src*mem.o *cp-demangle.o *cp-demangle.o *lib_a**.o) *(.rodata.str1.4)
 *fill*         0x000000000001578e        0x2 
 .rodata.str1.4
                0x0000000000015790       0x16 build\applications\main.o
 *fill*         0x00000000000157a6        0x2 
 .rodata.str1.4
                0x00000000000157a8       0x74 build\applications\mnt.o
                                         0x78 (size before relaxing)
 .rodata.str1.4
                0x000000000001581c       0x2f build\board\ports\audio\drv_sound.o
 *fill*         0x000000000001584b        0x1 
 .rodata.str1.4
                0x000000000001584c       0x24 build\board\board.o
 .rodata.str1.4
                0x0000000000015870       0x64 build\kernel\components\drivers\audio\audio_pipe.o
                                         0x90 (size before relaxing)
 .rodata.str1.4
                0x00000000000158d4       0x77 build\kernel\components\drivers\audio\audio.o
                                         0x9d (size before relaxing)
 *fill*         0x000000000001594b        0x1 
 .rodata.str1.4
                0x000000000001594c       0x43 build\kernel\components\drivers\hwtimer\hwtimer.o
 *fill*         0x000000000001598f        0x1 
 .rodata.str1.4
                0x0000000000015990       0x87 build\kernel\components\drivers\i2c\i2c_core.o
                                         0x8b (size before relaxing)
 *fill*         0x0000000000015a17        0x1 
 .rodata.str1.4
                0x0000000000015a18       0x12 build\kernel\components\drivers\i2c\i2c_dev.o
                                         0x22 (size before relaxing)
 *fill*         0x0000000000015a2a        0x2 
 .rodata.str1.4
                0x0000000000015a2c       0xa1 build\kernel\components\drivers\i2c\i2c-bit-ops.o
                                         0xb1 (size before relaxing)
 *fill*         0x0000000000015acd        0x3 
 .rodata.str1.4
                0x0000000000015ad0      0x1f9 build\kernel\components\drivers\misc\adc.o
 *fill*         0x0000000000015cc9        0x3 
 .rodata.str1.4
                0x0000000000015ccc      0x1ab build\kernel\components\drivers\misc\rt_drv_pwm.o
 *fill*         0x0000000000015e77        0x1 
 .rodata.str1.4
                0x0000000000015e78       0x37 build\kernel\components\drivers\misc\pin.o
 *fill*         0x0000000000015eaf        0x1 
 .rodata.str1.4
                0x0000000000015eb0      0x137 build\kernel\components\drivers\rtc\rtc.o
 *fill*         0x0000000000015fe7        0x1 
 .rodata.str1.4
                0x0000000000015fe8       0xfa build\kernel\components\drivers\rtc\alarm.o
                                         0xfe (size before relaxing)
 *fill*         0x00000000000160e2        0x2 
 .rodata.str1.4
                0x00000000000160e4       0xbb build\kernel\components\drivers\serial\serial.o
                                         0xce (size before relaxing)
 *fill*         0x000000000001619f        0x1 
 .rodata.str1.4
                0x00000000000161a0       0x64 build\kernel\components\drivers\src\dataqueue.o
                                         0x90 (size before relaxing)
 .rodata.str1.4
                0x0000000000016204        0xe build\kernel\components\drivers\src\ringbuffer.o
                                         0x19 (size before relaxing)
 *fill*         0x0000000000016212        0x2 
 .rodata.str1.4
                0x0000000000016214       0x47 build\kernel\components\drivers\src\completion.o
                                         0x72 (size before relaxing)
 *fill*         0x000000000001625b        0x1 
 .rodata.str1.4
                0x000000000001625c       0x33 build\kernel\components\drivers\watchdog\watchdog.o
                                         0x43 (size before relaxing)
 *fill*         0x000000000001628f        0x1 
 .rodata.str1.4
                0x0000000000016290       0xbb build\kernel\components\finsh\shell.o
                                         0xc3 (size before relaxing)
 *fill*         0x000000000001634b        0x1 
 .rodata.str1.4
                0x000000000001634c       0xf2 build\kernel\components\finsh\finsh_error.o
 *fill*         0x000000000001643e        0x2 
 .rodata.str1.4
                0x0000000000016440       0x35 build\kernel\components\finsh\finsh_token.o
                                         0x3d (size before relaxing)
 *fill*         0x0000000000016475        0x3 
 .rodata.str1.4
                0x0000000000016478       0x6c build\kernel\components\finsh\msh.o
                                         0x78 (size before relaxing)
 .rodata.str1.4
                0x00000000000164e4        0x4 build\kernel\components\libc\compilers\common\time.o
 .rodata.str1.4
                0x00000000000164e4        0x4 libraries\hal_drivers\drv_gpio.o
 .rodata.str1.4
                0x00000000000164e8       0x34 libraries\hal_drivers\drv_rtc.o
                                         0x4c (size before relaxing)
 .rodata.str1.4
                0x000000000001651c       0x19 libraries\hal_drivers\drv_soft_i2c.o
 *fill*         0x0000000000016535        0x3 
 .rodata.str1.4
                0x0000000000016538       0x51 libraries\hal_drivers\drv_adc.o
                                         0x55 (size before relaxing)
 *fill*         0x0000000000016589        0x3 
 .rodata.str1.4
                0x000000000001658c       0x17 libraries\hal_drivers\drv_usart.o
                                         0x6e (size before relaxing)
 *fill*         0x00000000000165a3        0x1 
 .rodata.str1.4
                0x00000000000165a4       0x52 libraries\hal_drivers\drv_pwm.o
                                         0x6a (size before relaxing)
 *fill*         0x00000000000165f6        0x2 
 .rodata.str1.4
                0x00000000000165f8       0x73 libraries\hal_drivers\drv_hwtimer.o
                                         0xaf (size before relaxing)
 *fill*         0x000000000001666b        0x1 
 .rodata.str1.4
                0x000000000001666c        0xd libcpu\cpu\cpuport.o
                                         0x12 (size before relaxing)
 EXCLUDE_FILE(*unwind*.o *lib_a**.o) *(.srodata)
 *fill*         0x0000000000016679        0x3 
 .srodata       0x000000000001667c        0x8 build\kernel\src\mem.o
 .srodata       0x0000000000016684        0x7 build\kernel\components\dfs\src\dfs.o
 *fill*         0x000000000001668b        0x1 
 .srodata       0x000000000001668c        0x8 libraries\hal_drivers\drv_soft_i2c.o
 .srodata       0x0000000000016694        0x8 libraries\hal_drivers\drv_adc.o
 *(.rela*)
 .rela.text.startup
                0x000000000001669c        0x0 build\applications\main.o
 .rela.text     0x000000000001669c        0x0 build\applications\main.o
 .rela.reset    0x000000000001669c        0x0 build\applications\main.o
 .rela.vector   0x000000000001669c        0x0 build\applications\main.o
 *(.data*)
 .data          0x000000000001669c       0x1c build\board\ports\audio\drv_sound.o
 .data          0x00000000000166b8       0xa0 build\kernel\src\object.o
 .data          0x0000000000016758      0x100 build\kernel\components\dfs\src\dfs.o
                0x0000000000016758                working_directory
 .data          0x0000000000016858       0x3c libraries\hal_drivers\drv_adc.o
 .data          0x0000000000016894        0xc libraries\hal_drivers\drv_usart.o
 .data          0x00000000000168a0       0x48 libraries\hal_drivers\drv_pwm.o
 .data          0x00000000000168e8       0x5c libraries\hal_drivers\drv_hwtimer.o
 *fill*         0x0000000000016944        0x4 
 .data          0x0000000000016948      0x428 d:/program_files/programming/rt-threadstudio/repo/extract/toolchain_support_packages/risc-v/risc-v-gcc/10.1.0/bin/../lib/gcc/riscv64-unknown-elf/10.1.0/../../../../riscv64-unknown-elf/lib/rv32im/ilp32\libc.a(lib_a-impure.o)
 *(.sdata*)
 .sdata         0x0000000000016d70        0x1 build\kernel\src\timer.o
 *fill*         0x0000000000016d71        0x3 
 .sdata         0x0000000000016d74        0x8 build\kernel\components\drivers\sdio\block_dev.o
 .sdata         0x0000000000016d7c       0x10 build\kernel\components\drivers\sdio\sdio.o
 .sdata         0x0000000000016d8c        0x4 build\kernel\components\finsh\msh.o
 .sdata         0x0000000000016d90        0x1 libraries\hal_drivers\drv_sdio.o
 *fill*         0x0000000000016d91        0x3 
 .sdata         0x0000000000016d94        0x4 libraries\hal_drivers\drv_pwm.o
 .sdata         0x0000000000016d98        0x4 d:/program_files/programming/rt-threadstudio/repo/extract/toolchain_support_packages/risc-v/risc-v-gcc/10.1.0/bin/../lib/gcc/riscv64-unknown-elf/10.1.0/../../../../riscv64-unknown-elf/lib/rv32im/ilp32\libc.a(lib_a-impure.o)
                0x0000000000016d98                _impure_ptr

.bss            0x0000000000011000     0x197c
                0x0000000000011000                __bss_start = .
 *(COMMON)
 *(.bss)
 .bss           0x0000000000011000       0x58 build\board\ports\audio\drv_sound.o
 .bss           0x0000000000011058       0xa4 build\board\board.o
 .bss           0x00000000000110fc      0x100 build\kernel\src\scheduler.o
                0x00000000000110fc                rt_thread_priority_table
 *fill*         0x00000000000111fc        0x4 
 .bss           0x0000000000011200      0x290 build\kernel\src\idle.o
 .bss           0x0000000000011490       0x80 build\kernel\src\kservice.o
 .bss           0x0000000000011510      0x180 build\kernel\src\timer.o
 .bss           0x0000000000011690       0x20 build\kernel\src\mem.o
 .bss           0x00000000000116b0       0x44 build\kernel\components\dfs\src\dfs.o
                0x00000000000116b0                filesystem_table
 .bss           0x00000000000116f4      0x128 build\kernel\components\dfs\src\dfs_file.o
 .bss           0x000000000001181c       0x34 build\kernel\components\drivers\misc\pin.o
 .bss           0x0000000000011850       0x50 build\kernel\components\drivers\rtc\alarm.o
 .bss           0x00000000000118a0      0x500 build\kernel\components\drivers\sdio\mmcsd_core.o
 .bss           0x0000000000011da0      0x140 build\kernel\components\finsh\finsh_node.o
                0x0000000000011da0                global_node_table
 .bss           0x0000000000011ee0      0x180 build\kernel\components\finsh\finsh_vm.o
                0x0000000000011ee0                finsh_vm_stack
                0x0000000000011fe0                text_segment
 .bss           0x0000000000012060       0x81 build\kernel\components\finsh\shell.o
 *fill*         0x00000000000120e1        0x3 
 .bss           0x00000000000120e4       0xc0 build\kernel\components\finsh\finsh_var.o
                0x00000000000120e4                global_variable
 *fill*         0x00000000000121a4        0x4 
 .bss           0x00000000000121a8       0x80 build\kernel\components\finsh\finsh_heap.o
                0x00000000000121a8                finsh_heap
 .bss           0x0000000000012228       0x61 build\kernel\components\libc\compilers\common\time.o
 *fill*         0x0000000000012289        0x3 
 .bss           0x000000000001228c       0x30 libraries\hal_drivers\drv_rtc.o
 .bss           0x00000000000122bc       0x88 libraries\hal_drivers\drv_soft_i2c.o
 .bss           0x0000000000012344       0x34 libraries\hal_drivers\drv_wdt.o
 *fill*         0x0000000000012378        0x8 
 .bss           0x0000000000012380      0x400 libraries\hal_drivers\drv_sdio.o
 .bss           0x0000000000012780       0x58 libraries\hal_drivers\drv_usart.o
 .bss           0x00000000000127d8       0x5c libcpu\cpu\interrupt.o
                0x00000000000127d8                tbl_irq_vector
 .bss           0x0000000000012834        0xc libraries\hal_libraries\bmsis\source\system_ab32vgx.o
                0x0000000000012834                sys
 *(.sbss)
 .sbss          0x0000000000012840        0xc build\kernel\src\irq.o
                0x0000000000012840                rt_interrupt_nest
 .sbss          0x000000000001284c        0x8 build\kernel\src\mempool.o
 .sbss          0x0000000000012854       0x1c build\kernel\src\scheduler.o
                0x0000000000012858                rt_thread_defunct
                0x0000000000012860                rt_current_priority
                0x0000000000012864                rt_current_thread
                0x000000000001286c                rt_thread_ready_priority_group
 .sbss          0x0000000000012870       0x14 build\kernel\src\object.o
                0x0000000000012870                rt_object_put_hook
                0x0000000000012874                rt_object_take_hook
                0x0000000000012878                rt_object_trytake_hook
 .sbss          0x0000000000012884        0xc build\kernel\src\kservice.o
                0x0000000000012884                rt_assert_hook
 .sbss          0x0000000000012890       0x1c build\kernel\src\timer.o
 .sbss          0x00000000000128ac       0x20 build\kernel\src\mem.o
 .sbss          0x00000000000128cc        0x4 build\kernel\src\clock.o
 .sbss          0x00000000000128d0        0xc build\kernel\src\thread.o
 .sbss          0x00000000000128dc       0x14 build\kernel\components\dfs\src\dfs.o
                0x00000000000128e8                filesystem_operation_table
 .sbss          0x00000000000128f0        0xc build\kernel\components\dfs\filesystems\elmfat\ff.o
 .sbss          0x00000000000128fc        0x8 build\kernel\components\dfs\filesystems\elmfat\dfs_elm.o
 .sbss          0x0000000000012904        0x4 build\kernel\components\drivers\misc\adc.o
 .sbss          0x0000000000012908        0x4 build\kernel\components\drivers\serial\serial.o
 .sbss          0x000000000001290c        0x4 build\kernel\components\finsh\cmd.o
 .sbss          0x0000000000012910        0xc build\kernel\components\finsh\finsh_vm.o
                0x0000000000012910                global_syscall_list
                0x0000000000012914                finsh_pc
                0x0000000000012918                finsh_sp
 .sbss          0x000000000001291c       0x18 build\kernel\components\finsh\shell.o
                0x0000000000012920                shell
                0x0000000000012924                _sysvar_table_end
                0x0000000000012928                _sysvar_table_begin
                0x000000000001292c                _syscall_table_end
                0x0000000000012930                _syscall_table_begin
 .sbss          0x0000000000012934        0x4 build\kernel\components\finsh\finsh_var.o
                0x0000000000012934                global_sysvar_list
 .sbss          0x0000000000012938        0x8 build\kernel\components\finsh\finsh_compiler.o
                0x0000000000012938                finsh_compile_pc
                0x000000000001293c                finsh_compile_sp
 .sbss          0x0000000000012940        0x8 build\kernel\components\finsh\finsh_heap.o
 .sbss          0x0000000000012948        0x1 build\kernel\components\finsh\finsh_error.o
                0x0000000000012948                global_errno
 *fill*         0x0000000000012949        0x3 
 .sbss          0x000000000001294c        0x4 build\kernel\components\libc\compilers\common\time.o
 .sbss          0x0000000000012950        0x8 libraries\hal_drivers\drv_wdt.o
 .sbss          0x0000000000012958        0x4 libraries\hal_drivers\drv_sdio.o
 .sbss          0x000000000001295c       0x10 libcpu\cpu\cpuport.o
                0x000000000001295c                rt_cur_thread_sp
                0x0000000000012960                rt_thread_switch_interrupt_flag
                0x0000000000012964                rt_interrupt_to_thread
                0x0000000000012968                rt_interrupt_from_thread
 .sbss          0x000000000001296c        0x8 libcpu\cpu\interrupt.o
                0x000000000001296c                cpu_irq_comm_hook
                0x0000000000012970                irq_mask
 .sbss          0x0000000000012974        0x8 libraries\hal_libraries\ab32vg1_hal\source\ab32vg1_hal.o
 *(.buf*)
                0x000000000001297c                __bss_end = .
                0x000000000000197c                __bss_size = (__bss_end - __bss_start)

.stack          0x0000000000013000     0x1000
                0x0000000000013000                __irq_stack_start = .
                0x0000000000001000                . = __stack_ram_size
 *fill*         0x0000000000013000     0x1000 
                0x0000000000014000                __irq_stack = .
                0x0000000000001000                __irq_stack_size = (__irq_stack - __irq_stack_start)

.heap           0x0000000000028c00     0x7400
                0x0000000000028c00                __heap_start = .
                0x0000000000007400                . = __heap_ram_size
 *fill*         0x0000000000028c00     0x7400 
                0x0000000000030000                __heap_end = .

.flash          0x0000000010008d30    0x1d6d0
                0x0000000010008d30                . = ALIGN (0x4)
                0x0000000010008d30                __fsymtab_start = .
 *(FSymTab)
 FSymTab        0x0000000010008d30        0xc build\kernel\src\memheap.o
                0x0000000010008d30                __fsym___cmd_memheaptrace
 FSymTab        0x0000000010008d3c        0xc build\kernel\src\mem.o
                0x0000000010008d3c                __fsym_list_mem
 FSymTab        0x0000000010008d48       0x18 build\kernel\components\dfs\src\dfs_posix.o
                0x0000000010008d48                __fsym_cd
                0x0000000010008d54                __fsym_mkdir
 FSymTab        0x0000000010008d60       0x18 build\kernel\components\dfs\src\dfs_fs.o
                0x0000000010008d60                __fsym_df
                0x0000000010008d6c                __fsym_mkfs
 FSymTab        0x0000000010008d78        0xc build\kernel\components\dfs\src\dfs.o
                0x0000000010008d78                __fsym___cmd_list_fd
 FSymTab        0x0000000010008d84       0x30 build\kernel\components\dfs\src\dfs_file.o
                0x0000000010008d84                __fsym_copy
                0x0000000010008d90                __fsym_cat
                0x0000000010008d9c                __fsym_rm
                0x0000000010008da8                __fsym_ls
 FSymTab        0x0000000010008db4        0xc build\kernel\components\drivers\misc\adc.o
                0x0000000010008db4                __fsym___cmd_adc
 FSymTab        0x0000000010008dc0       0x48 build\kernel\components\drivers\misc\rt_drv_pwm.o
                0x0000000010008dc0                __fsym___cmd_pwm_get
                0x0000000010008dcc                __fsym___cmd_pwm_set
                0x0000000010008dd8                __fsym___cmd_pwm_disable
                0x0000000010008de4                __fsym___cmd_pwm_enable
                0x0000000010008df0                __fsym_pwm_set
                0x0000000010008dfc                __fsym_pwm_enable
 FSymTab        0x0000000010008e08       0x30 build\kernel\components\drivers\misc\pin.o
                0x0000000010008e08                __fsym_pinGet
                0x0000000010008e14                __fsym_pinRead
                0x0000000010008e20                __fsym_pinWrite
                0x0000000010008e2c                __fsym_pinMode
 FSymTab        0x0000000010008e38       0x3c build\kernel\components\drivers\rtc\rtc.o
                0x0000000010008e38                __fsym___cmd_date
                0x0000000010008e44                __fsym___cmd_list_date
                0x0000000010008e50                __fsym_set_time
                0x0000000010008e5c                __fsym_set_date
                0x0000000010008e68                __fsym_list_date
 FSymTab        0x0000000010008e74        0xc build\kernel\components\drivers\rtc\alarm.o
                0x0000000010008e74                __fsym___cmd_alarm_dump
 FSymTab        0x0000000010008e80      0x138 build\kernel\components\finsh\cmd.o
                0x0000000010008e80                __fsym_list
                0x0000000010008e8c                __fsym___cmd_list_device
                0x0000000010008e98                __fsym_list_device
                0x0000000010008ea4                __fsym___cmd_list_timer
                0x0000000010008eb0                __fsym_list_timer
                0x0000000010008ebc                __fsym___cmd_list_mempool
                0x0000000010008ec8                __fsym_list_mempool
                0x0000000010008ed4                __fsym___cmd_list_memheap
                0x0000000010008ee0                __fsym_list_memheap
                0x0000000010008eec                __fsym___cmd_list_msgqueue
                0x0000000010008ef8                __fsym_list_msgqueue
                0x0000000010008f04                __fsym___cmd_list_mailbox
                0x0000000010008f10                __fsym_list_mailbox
                0x0000000010008f1c                __fsym___cmd_list_mutex
                0x0000000010008f28                __fsym_list_mutex
                0x0000000010008f34                __fsym___cmd_list_event
                0x0000000010008f40                __fsym_list_event
                0x0000000010008f4c                __fsym___cmd_list_sem
                0x0000000010008f58                __fsym_list_sem
                0x0000000010008f64                __fsym___cmd_list_thread
                0x0000000010008f70                __fsym_list_thread
                0x0000000010008f7c                __fsym___cmd_version
                0x0000000010008f88                __fsym_version
                0x0000000010008f94                __fsym___cmd_clear
                0x0000000010008fa0                __fsym_clear
                0x0000000010008fac                __fsym_hello
 FSymTab        0x0000000010008fb8       0x9c build\kernel\components\finsh\msh_file.o
                0x0000000010008fb8                __fsym___cmd_echo
                0x0000000010008fc4                __fsym___cmd_df
                0x0000000010008fd0                __fsym___cmd_umount
                0x0000000010008fdc                __fsym___cmd_mount
                0x0000000010008fe8                __fsym___cmd_mkfs
                0x0000000010008ff4                __fsym___cmd_mkdir
                0x0000000010009000                __fsym___cmd_pwd
                0x000000001000900c                __fsym___cmd_cd
                0x0000000010009018                __fsym___cmd_rm
                0x0000000010009024                __fsym___cmd_cat
                0x0000000010009030                __fsym___cmd_mv
                0x000000001000903c                __fsym___cmd_cp
                0x0000000010009048                __fsym___cmd_ls
 FSymTab        0x0000000010009054       0x3c build\kernel\components\finsh\msh.o
                0x0000000010009054                __fsym___cmd_free
                0x0000000010009060                __fsym___cmd_ps
                0x000000001000906c                __fsym___cmd_help
                0x0000000010009078                __fsym_msh
                0x0000000010009084                __fsym___cmd_exit
                0x0000000010009090                __fsymtab_end = .
                0x0000000010009090                . = ALIGN (0x4)
                0x0000000010009090                __vsymtab_start = .
 *(VSymTab)
 VSymTab        0x0000000010009090       0x10 build\kernel\components\finsh\cmd.o
                0x0000000010009090                __vsym_dummy
                0x00000000100090a0                __vsymtab_end = .
                0x00000000100090a0                . = ALIGN (0x4)
 *(.text*)
 .text          0x00000000100090a0       0xf8 build\applications\mnt.o
                0x00000000100090a0                sd_mount
                0x0000000010009128                ab32_sdcard_mount
 .text          0x0000000010009198      0x66c build\board\ports\audio\drv_sound.o
                0x00000000100093a2                adpll_init
                0x0000000010009454                dac_start
                0x0000000010009516                audio_sem_pend
                0x0000000010009528                sound_transmit
                0x000000001000958a                saia_frequency_set
                0x00000000100095e4                saia_channels_set
                0x0000000010009684                saia_volume_set
                0x0000000010009752                saia_volume_get
 .text          0x0000000010009804      0x1ca build\board\board.o
                0x0000000010009804                timer0_cfg
                0x0000000010009818                hal_printf
                0x00000000100098a4                timer0_init
                0x00000000100098cc                hal_mdelay
                0x00000000100098d4                rt_hw_systick_init
                0x000000001000997c                rt_hw_board_init
                0x00000000100099cc                rt_hw_us_delay
 .text          0x00000000100099ce      0x15c build\board\ab32vg1_hal_msp.o
                0x00000000100099ce                hal_uart_mspinit
                0x0000000010009aa8                hal_sd_mspinit
                0x0000000010009af8                hal_pwm_mspinit
 .text          0x0000000010009b2a      0x820 build\kernel\src\memheap.o
                0x0000000010009b2a                rt_memheap_init
                0x0000000010009bfe                rt_memheap_detach
                0x0000000010009c9a                rt_memheap_alloc
                0x0000000010009e06                rt_memheap_free
                0x0000000010009f60                rt_memheap_realloc
                0x000000001000a192                rt_memheap_dump
                0x000000001000a2e2                memheaptrace
 .text          0x000000001000a34a      0x802 build\kernel\src\mem.o
                0x000000001000a34a                list_mem
                0x000000001000a48c                rt_malloc_sethook
                0x000000001000a496                rt_free_sethook
                0x000000001000a4a0                rt_system_heap_init
                0x000000001000a59c                rt_malloc
                0x000000001000a7be                rt_calloc
                0x000000001000a7ee                rt_free
                0x000000001000a9c2                rt_realloc
                0x000000001000ab26                rt_memory_info
 .text          0x000000001000ab4c      0x70a build\kernel\components\dfs\src\dfs_posix.o
                0x000000001000ab4c                mkdir
                0x000000001000abbe                open
                0x000000001000ac2a                close
                0x000000001000ac6c                read
                0x000000001000acb8                write
                0x000000001000ad04                lseek
                0x000000001000ad72                rename
                0x000000001000ad98                unlink
                0x000000001000adbe                stat
                0x000000001000ade4                fstat
                0x000000001000ae36                fsync
                0x000000001000ae6a                fcntl
                0x000000001000aebc                ioctl
                0x000000001000aed8                ftruncate
                0x000000001000af2c                statfs
                0x000000001000af52                rmdir
                0x000000001000af54                opendir
                0x000000001000afda                readdir
                0x000000001000b060                telldir
                0x000000001000b09c                seekdir
                0x000000001000b0e2                rewinddir
                0x000000001000b122                closedir
                0x000000001000b16c                chdir
                0x000000001000b206                access
                0x000000001000b220                getcwd
 .text          0x000000001000b256      0x740 build\kernel\components\dfs\src\dfs_fs.o
                0x000000001000b256                dfs_register
                0x000000001000b2fc                dfs_filesystem_lookup
                0x000000001000b3a6                dfs_filesystem_get_mounted_path
                0x000000001000b3ea                dfs_filesystem_get_partition
                0x000000001000b50c                dfs_mount
                0x000000001000b6dc                dfs_unmount
                0x000000001000b77c                dfs_mkfs
                0x000000001000b888                mkfs
                0x000000001000b88a                dfs_statfs
                0x000000001000b8b6                df
 .text          0x000000001000b996      0x684 build\kernel\components\dfs\src\dfs.o
                0x000000001000b996                list_fd
                0x000000001000bad2                dfs_init
                0x000000001000bb94                dfs_lock
                0x000000001000bbdc                dfs_unlock
                0x000000001000bbec                fd_new
                0x000000001000bcec                fd_get
                0x000000001000bd42                fd_put
                0x000000001000bdae                dfs_subdir
                0x000000001000bdf2                dfs_normalize_path
                0x000000001000bf72                fd_is_open
                0x000000001000c010                dfs_fdtable_get
 .text          0x000000001000c01a      0x936 build\kernel\components\dfs\src\dfs_file.o
                0x000000001000c01a                dfs_file_open
                0x000000001000c0ee                dfs_file_close
                0x000000001000c122                dfs_file_ioctl
                0x000000001000c168                dfs_file_read
                0x000000001000c1a0                cat
                0x000000001000c22e                dfs_file_getdents
                0x000000001000c24e                dfs_file_unlink
                0x000000001000c2c8                rm
                0x000000001000c2f6                dfs_file_write
                0x000000001000c3d6                dfs_file_flush
                0x000000001000c3ea                dfs_file_lseek
                0x000000001000c41a                dfs_file_stat
                0x000000001000c526                ls
                0x000000001000c77a                copy
                0x000000001000c87e                dfs_file_rename
                0x000000001000c90c                dfs_file_ftruncate
 .text          0x000000001000c950      0x3ea build\kernel\components\dfs\filesystems\devfs\devfs.o
                0x000000001000c950                dfs_device_fs_mount
                0x000000001000c958                dfs_device_fs_ioctl
                0x000000001000c9ba                dfs_device_fs_read
                0x000000001000ca28                dfs_device_fs_write
                0x000000001000ca96                dfs_device_fs_close
                0x000000001000cb2c                dfs_device_fs_stat
                0x000000001000cba0                dfs_device_fs_open
                0x000000001000cc88                dfs_device_fs_getdents
                0x000000001000cd1c                devfs_init
 .text          0x000000001000cd3a     0x2f98 build\kernel\components\dfs\filesystems\elmfat\ff.o
                0x000000001000e434                f_mount
                0x000000001000e4c0                f_open
                0x000000001000e6dc                f_read
                0x000000001000e89a                f_write
                0x000000001000ea9c                f_sync
                0x000000001000eb64                f_close
                0x000000001000eb9a                f_lseek
                0x000000001000ee20                f_opendir
                0x000000001000eecc                f_closedir
                0x000000001000eefa                f_readdir
                0x000000001000ef82                f_seekdir
                0x000000001000efc4                f_stat
                0x000000001000f03a                f_getfree
                0x000000001000f13c                f_truncate
                0x000000001000f21c                f_unlink
                0x000000001000f2ee                f_mkdir
                0x000000001000f430                f_rename
                0x000000001000f580                f_mkfs
                0x000000001000fcb2                elm_get_vol
 .text          0x000000001000fcd2      0xc10 build\kernel\components\dfs\filesystems\elmfat\dfs_elm.o
                0x000000001000fd0c                dfs_elm_mount
                0x000000001000fe16                dfs_elm_unmount
                0x000000001000fea0                dfs_elm_mkfs
                0x000000001000ffd0                dfs_elm_statfs
                0x0000000010010070                dfs_elm_open
                0x0000000010010194                dfs_elm_close
                0x0000000010010210                dfs_elm_ioctl
                0x0000000010010272                dfs_elm_read
                0x00000000100102d2                dfs_elm_write
                0x0000000010010336                dfs_elm_flush
                0x000000001001036e                dfs_elm_lseek
                0x0000000010010400                dfs_elm_getdents
                0x00000000100104d0                dfs_elm_unlink
                0x0000000010010532                dfs_elm_rename
                0x0000000010010598                dfs_elm_stat
                0x0000000010010674                elm_init
                0x0000000010010692                disk_initialize
                0x0000000010010696                disk_status
                0x000000001001069a                disk_read
                0x00000000100106d2                disk_write
                0x000000001001070a                disk_ioctl
                0x00000000100107e6                get_fattime
                0x0000000010010850                ff_cre_syncobj
                0x0000000010010892                ff_del_syncobj
                0x00000000100108b2                ff_req_grant
                0x00000000100108d2                ff_rel_grant
                0x00000000100108da                ff_memalloc
                0x00000000100108de                ff_memfree
 .text          0x00000000100108e2      0x11e build\kernel\components\dfs\filesystems\elmfat\ffunicode.o
                0x00000000100108e2                ff_uni2oem
                0x000000001001092e                ff_oem2uni
                0x000000001001095c                ff_wtoupper
 .text          0x0000000010010a00      0x43c build\kernel\components\drivers\audio\audio_pipe.o
                0x0000000010010d34                rt_audio_pipe_init
                0x0000000010010dca                rt_audio_pipe_detach
                0x0000000010010dd2                rt_audio_pipe_create
                0x0000000010010e18                rt_audio_pipe_destroy
 .text          0x0000000010010e3c      0x84e build\kernel\components\drivers\audio\audio.o
                0x00000000100113b0                rt_audio_register
                0x0000000010011420                rt_audio_samplerate_to_speed
                0x00000000100114ee                rt_audio_tx_complete
                0x000000001001165c                rt_audio_rx_done
 .text          0x000000001001168a      0x1de build\kernel\components\drivers\i2c\i2c_core.o
                0x000000001001168a                rt_i2c_core_init
                0x000000001001168e                rt_i2c_bus_device_register
                0x00000000100116fe                rt_i2c_bus_device_find
                0x000000001001175a                rt_i2c_transfer
                0x00000000100117d8                rt_i2c_master_send
                0x000000001001180a                rt_i2c_master_recv
 .text          0x0000000010011868      0x1bc build\kernel\components\drivers\i2c\i2c_dev.o
                0x00000000100119d2                rt_i2c_bus_device_device_init
 .text          0x0000000010011a24      0x4a8 build\kernel\components\drivers\i2c\i2c-bit-ops.o
                0x0000000010011ebe                rt_i2c_bit_add_bus
 .text          0x0000000010011ecc      0x3d2 build\kernel\components\drivers\misc\adc.o
                0x0000000010011f3a                rt_hw_adc_register
                0x0000000010011f9e                rt_adc_read
                0x0000000010011fe2                rt_adc_enable
                0x0000000010012024                rt_adc_disable
 .text          0x000000001001229e      0x3c2 build\kernel\components\drivers\misc\rt_drv_pwm.o
                0x0000000010012332                rt_pwm_enable
                0x0000000010012370                rt_pwm_set
                0x0000000010012478                rt_device_pwm_register
                0x00000000100124c2                rt_pwm_disable
                0x000000001001255c                rt_pwm_get
 .text          0x0000000010012660      0x280 build\kernel\components\drivers\rtc\rtc.o
                0x0000000010012660                set_date
                0x00000000100126de                set_time
                0x0000000010012756                list_date
 .text          0x00000000100128e0      0x8f6 build\kernel\components\drivers\rtc\alarm.o
                0x0000000010012b5c                rt_alarm_dump
                0x0000000010012c2c                rt_alarm_system_init
                0x0000000010012f10                rt_alarm_update
                0x0000000010012f22                rt_alarm_start
                0x0000000010012fd0                rt_alarm_stop
                0x000000001001303a                rt_alarm_control
                0x00000000100130e6                rt_alarm_delete
                0x0000000010013156                rt_alarm_create
 .text          0x00000000100131d6      0x896 build\kernel\components\drivers\sdio\mmc.o
                0x0000000010013304                mmc_send_op_cond
                0x000000001001338c                init_mmc
 .text          0x0000000010013a6c      0xa1c build\kernel\components\drivers\sdio\sd.o
                0x0000000010013b12                mmcsd_send_app_cmd
                0x0000000010013b88                mmcsd_app_set_bus_width
                0x0000000010013bd2                mmcsd_send_app_op_cond
                0x0000000010013c62                mmcsd_send_if_cond
                0x0000000010013cbc                mmcsd_get_card_addr
                0x0000000010013d02                mmcsd_get_scr
                0x0000000010013dd4                init_sd
 .text          0x0000000010014488      0x6f2 build\kernel\components\drivers\sdio\block_dev.o
                0x000000001001479a                mmcsd_num_wr_blocks
                0x000000001001489e                rt_mmcsd_blk_probe
                0x0000000010014b0c                rt_mmcsd_blk_remove
                0x0000000010014b76                rt_mmcsd_blk_init
 .text          0x0000000010014b7a     0x1418 build\kernel\components\drivers\sdio\sdio.o
                0x0000000010014c00                sdio_io_send_op_cond
                0x0000000010014c9c                sdio_io_rw_direct
                0x0000000010014db4                sdio_io_rw_extended
                0x0000000010014f58                sdio_io_rw_extended_block
                0x0000000010015082                sdio_io_readb
                0x0000000010015396                sdio_io_writeb
                0x00000000100153c0                sdio_io_readw
                0x00000000100153f2                sdio_io_writew
                0x0000000010015412                sdio_io_readl
                0x0000000010015442                sdio_io_writel
                0x0000000010015462                sdio_io_read_multi_fifo_b
                0x000000001001546e                sdio_io_write_multi_fifo_b
                0x000000001001547a                sdio_io_read_multi_incr_b
                0x0000000010015486                sdio_io_write_multi_incr_b
                0x0000000010015492                sdio_free_cis
                0x00000000100154c8                init_sdio
                0x0000000010015a7e                sdio_attach_irq
                0x0000000010015b86                sdio_detach_irq
                0x0000000010015c78                sdio_irq_wakeup
                0x0000000010015ca6                sdio_enable_func
                0x0000000010015d70                sdio_disable_func
                0x0000000010015df6                sdio_set_drvdata
                0x0000000010015dfa                sdio_get_drvdata
                0x0000000010015dfe                sdio_set_block_size
                0x0000000010015e68                sdio_register_driver
                0x0000000010015ef0                sdio_unregister_driver
                0x0000000010015f90                rt_sdio_init
 .text          0x0000000010015f92      0xa22 build\kernel\components\drivers\sdio\mmcsd_core.o
                0x0000000010015fb6                rt_mmcsd_core_init
                0x0000000010016094                mmcsd_host_lock
                0x00000000100160a2                mmcsd_host_unlock
                0x00000000100160ae                mmcsd_req_complete
                0x00000000100160ba                mmcsd_send_request
                0x000000001001611a                mmcsd_send_cmd
                0x00000000100161aa                mmcsd_go_idle
                0x0000000010016220                mmcsd_detect
                0x00000000100163be                mmcsd_spi_read_ocr
                0x0000000010016408                mmcsd_all_get_cid
                0x0000000010016458                mmcsd_get_cid
                0x0000000010016588                mmcsd_get_csd
                0x00000000100166b2                mmcsd_select_card
                0x00000000100166b8                mmcsd_deselect_cards
                0x00000000100166be                mmcsd_spi_use_crc
                0x0000000010016700                mmcsd_set_chip_select
                0x0000000010016706                mmcsd_set_clock
                0x0000000010016756                mmcsd_set_bus_mode
                0x000000001001675c                mmcsd_set_bus_width
                0x0000000010016762                mmcsd_set_data_timeout
                0x000000001001682a                mmcsd_select_voltage
                0x000000001001689c                mmcsd_wait_cd_changed
                0x00000000100168d2                mmcsd_change
                0x00000000100168e4                mmcsd_alloc_host
                0x0000000010016984                mmcsd_free_host
 .text          0x00000000100169b4      0x6f4 build\kernel\components\drivers\serial\serial.o
                0x0000000010016ef8                rt_hw_serial_register
                0x0000000010016f5a                rt_hw_serial_isr
 .text          0x00000000100170a8      0x7a4 build\kernel\components\drivers\src\dataqueue.o
                0x00000000100170a8                rt_data_queue_init
                0x0000000010017134                rt_data_queue_push
                0x0000000010017324                rt_data_queue_peek
                0x00000000100173c8                rt_data_queue_reset
                0x00000000100174b2                rt_data_queue_deinit
                0x000000001001752c                rt_data_queue_len
                0x00000000100175ce                rt_data_queue_pop
 .text          0x000000001001784c      0x680 build\kernel\components\drivers\src\ringbuffer.o
                0x000000001001784c                rt_ringbuffer_init
                0x00000000100178ae                rt_ringbuffer_putchar_force
                0x000000001001795c                rt_ringbuffer_data_len
                0x0000000010017994                rt_ringbuffer_put
                0x0000000010017a5e                rt_ringbuffer_put_force
                0x0000000010017b84                rt_ringbuffer_get
                0x0000000010017c6a                rt_ringbuffer_peak
                0x0000000010017cf4                rt_ringbuffer_putchar
                0x0000000010017d70                rt_ringbuffer_getchar
                0x0000000010017dfc                rt_ringbuffer_reset
                0x0000000010017e30                rt_ringbuffer_create
                0x0000000010017e90                rt_ringbuffer_destroy
 .text          0x0000000010017ecc      0x204 build\kernel\components\drivers\src\completion.o
                0x0000000010017ecc                rt_completion_init
                0x0000000010017f16                rt_completion_wait
                0x000000001001805a                rt_completion_done
 .text          0x00000000100180d0      0x130 build\kernel\components\drivers\watchdog\watchdog.o
                0x000000001001819e                rt_hw_watchdog_register
 .text          0x0000000010018200      0x1be build\kernel\components\finsh\finsh_node.o
                0x0000000010018200                finsh_node_init
                0x0000000010018228                finsh_node_allocate
                0x000000001001825a                finsh_node_new_id
                0x00000000100182c2                finsh_node_new_char
                0x00000000100182ea                finsh_node_new_int
                0x0000000010018310                finsh_node_new_long
                0x0000000010018336                finsh_node_new_string
                0x0000000010018398                finsh_node_new_ptr
 .text          0x00000000100183be      0x7f2 build\kernel\components\finsh\finsh_parser.o
                0x0000000010018b04                finsh_parser_run
                0x0000000010018b90                finsh_parser_init
 .text          0x0000000010018bb0      0xf72 build\kernel\components\finsh\cmd.o
                0x0000000010018bfc                hello
                0x0000000010018c8a                version
                0x0000000010018ca4                list
                0x0000000010018e50                list_timer
                0x0000000010018f58                list_thread
                0x00000000100190b2                list_sem
                0x00000000100191c8                list_event
                0x00000000100192d4                list_mutex
                0x00000000100193ae                list_mailbox
                0x00000000100194d2                list_msgqueue
                0x00000000100195ee                list_memheap
                0x00000000100196c0                list_mempool
                0x00000000100197d8                list_device
                0x00000000100198c6                list_prefix
 .text          0x0000000010019b22      0x102 build\kernel\components\finsh\finsh_vm.o
                0x0000000010019b22                finsh_vm_run
                0x0000000010019b7e                finsh_syscall_append
                0x0000000010019bc0                finsh_syscall_lookup
 .text          0x0000000010019c24      0x8e8 build\kernel\components\finsh\msh_file.o
                0x0000000010019c24                cmd_ls
                0x0000000010019c4c                cmd_pwd
                0x0000000010019da6                cmd_rm
                0x0000000010019ed2                cmd_mkfs
                0x0000000010019f40                cmd_mount
                0x000000001001a014                cmd_umount
                0x000000001001a078                cmd_cp
                0x000000001001a0bc                cmd_mv
                0x000000001001a1b6                cmd_cat
                0x000000001001a20a                cmd_cd
                0x000000001001a256                cmd_mkdir
                0x000000001001a29a                cmd_df
                0x000000001001a2fe                cmd_echo
                0x000000001001a384                msh_exec_script
 .text          0x000000001001a50c      0xa96 build\kernel\components\finsh\shell.o
                0x000000001001a550                finsh_set_prompt
                0x000000001001a59c                finsh_get_prompt
                0x000000001001a694                finsh_get_prompt_mode
                0x000000001001a6d4                finsh_set_prompt_mode
                0x000000001001a720                finsh_system_init
                0x000000001001a7ea                finsh_set_device
                0x000000001001a8b0                finsh_get_device
                0x000000001001a8ee                finsh_set_echo
                0x000000001001a938                finsh_get_echo
                0x000000001001a976                finsh_run_line
                0x000000001001aa4c                finsh_thread_entry
                0x000000001001af7e                finsh_system_function_init
                0x000000001001af90                finsh_system_var_init
 .text          0x000000001001afa2      0x1ce build\kernel\components\finsh\finsh_var.o
                0x000000001001afa2                finsh_var_init
                0x000000001001afca                finsh_var_insert
                0x000000001001b03a                finsh_var_delete
                0x000000001001b088                finsh_var_lookup
                0x000000001001b0c4                finsh_sysvar_append
                0x000000001001b10c                finsh_sysvar_lookup
 .text          0x000000001001b170      0xef8 build\kernel\components\finsh\finsh_compiler.o
                0x000000001001bfe2                finsh_compiler_run
 .text          0x000000001001c068       0x6c build\kernel\components\finsh\finsh_init.o
                0x000000001001c068                finsh_init
                0x000000001001c08c                finsh_stack_bottom
                0x000000001001c096                finsh_flush
                0x000000001001c0b4                finsh_reset
 .text          0x000000001001c0d4      0x204 build\kernel\components\finsh\finsh_heap.o
                0x000000001001c0f8                finsh_heap_init
                0x000000001001c13e                finsh_heap_free
                0x000000001001c1f6                finsh_heap_allocate
 .text          0x000000001001c2d8      0x842 build\kernel\components\finsh\finsh_ops.o
                0x000000001001c2d8                OP_no_op
                0x000000001001c2da                OP_add_byte
                0x000000001001c2fa                OP_add_word
                0x000000001001c31a                OP_add_dword
                0x000000001001c33a                OP_sub_byte
                0x000000001001c35a                OP_sub_word
                0x000000001001c37a                OP_sub_dword
                0x000000001001c39a                OP_div_byte
                0x000000001001c3bc                OP_div_word
                0x000000001001c3de                OP_div_dword
                0x000000001001c400                OP_mod_byte
                0x000000001001c422                OP_mod_word
                0x000000001001c444                OP_mod_dword
                0x000000001001c466                OP_mul_byte
                0x000000001001c488                OP_mul_word
                0x000000001001c4aa                OP_mul_dword
                0x000000001001c4cc                OP_and_byte
                0x000000001001c4ec                OP_and_word
                0x000000001001c50c                OP_and_dword
                0x000000001001c52c                OP_or_byte
                0x000000001001c54c                OP_or_word
                0x000000001001c56c                OP_or_dword
                0x000000001001c58c                OP_xor_byte
                0x000000001001c5ac                OP_xor_word
                0x000000001001c5cc                OP_xor_dword
                0x000000001001c5ec                OP_bw_byte
                0x000000001001c602                OP_bw_word
                0x000000001001c618                OP_bw_dword
                0x000000001001c62e                OP_shl_byte
                0x000000001001c650                OP_shl_word
                0x000000001001c672                OP_shl_dword
                0x000000001001c694                OP_shr_byte
                0x000000001001c6b6                OP_shr_word
                0x000000001001c6d8                OP_shr_dword
                0x000000001001c6fa                OP_ld_byte
                0x000000001001c724                OP_ld_word
                0x000000001001c756                OP_ld_dword
                0x000000001001c796                OP_ld_value_byte
                0x000000001001c7dc                OP_ld_value_byte_stack
                0x000000001001c7f2                OP_ld_value_word
                0x000000001001c838                OP_ld_value_word_stack
                0x000000001001c84e                OP_ld_value_dword
                0x000000001001c890                OP_ld_value_dword_stack
                0x000000001001c8a4                OP_st_byte
                0x000000001001c8c2                OP_st_word
                0x000000001001c8de                OP_st_dword
                0x000000001001c8f8                OP_pop
                0x000000001001c908                OP_call
 .text          0x000000001001cb1a       0x34 build\kernel\components\finsh\finsh_error.o
                0x000000001001cb1a                finsh_error_init
                0x000000001001cb26                finsh_error_set
                0x000000001001cb32                finsh_errno
                0x000000001001cb3c                finsh_error_string
 .text          0x000000001001cb4e      0x5e2 build\kernel\components\finsh\finsh_token.o
                0x000000001001cbb6                finsh_token_init
                0x000000001001cbdc                finsh_token_get_token
                0x000000001001cbee                token_get_string
                0x000000001001cc72                finsh_token_token
 .text          0x000000001001d130      0x564 build\kernel\components\finsh\msh.o
                0x000000001001d14a                msh_help
                0x000000001001d1ca                cmd_ps
                0x000000001001d1e0                cmd_free
                0x000000001001d1f6                msh_is_used
                0x000000001001d200                msh_exec
                0x000000001001d3de                msh_auto_complete_path
                0x000000001001d59e                msh_auto_complete
 .text          0x000000001001d694      0x4bc build\kernel\components\libc\compilers\common\time.o
                0x000000001001d6d6                gmtime_r
                0x000000001001d790                gmtime
                0x000000001001d79a                localtime_r
                0x000000001001d7b6                localtime
                0x000000001001d7c0                asctime_r
                0x000000001001d868                asctime
                0x000000001001d872                ctime_r
                0x000000001001d890                ctime
                0x000000001001d8a4                time
                0x000000001001d91c                clock
                0x000000001001d924                stime
                0x000000001001d982                timegm
                0x000000001001daf8                mktime
                0x000000001001dafa                gettimeofday
                0x000000001001db2e                settimeofday
 .text          0x000000001001db50      0x1e6 libraries\hal_drivers\drv_gpio.o
                0x000000001001dd1c                rt_hw_pin_init
 .text          0x000000001001dd36      0x338 libraries\hal_drivers\drv_rtc.o
                0x000000001001dd36                get_weekday
                0x000000001001dd60                irtc_write
                0x000000001001dd70                irtc_read
                0x000000001001dd88                irtc_time_write
                0x000000001001ddf4                irtc_time_read
                0x000000001001debe                irtc_sfr_write
                0x000000001001df06                irtc_sfr_read
                0x000000001001df4a                hal_rtc_init
                0x000000001001dfc6                rt_hw_rtc_init
 .text          0x000000001001e06e      0x20e libraries\hal_drivers\drv_soft_i2c.o
                0x000000001001e190                rt_hw_i2c_init
 .text          0x000000001001e27c      0x302 libraries\hal_drivers\drv_wdt.o
                0x000000001001e280                rt_wdt_init
 .text          0x000000001001e57e      0x7aa libraries\hal_drivers\drv_sdio.o
                0x000000001001e5a0                rthw_sdio_irq_update
                0x000000001001eaca                sdio_host_create
                0x000000001001ec8a                rt_hw_sdio_init
                0x000000001001ed1c                ab32_mmcsd_change
 .text          0x000000001001ed28      0x12e libraries\hal_drivers\drv_adc.o
 .text          0x000000001001ee56      0x214 libraries\hal_drivers\drv_usart.o
                0x000000001001efd8                rt_hw_usart_init
 .text          0x000000001001f06a      0x35a libraries\hal_drivers\drv_pwm.o
 .text          0x000000001001f3c4      0x276 libraries\hal_drivers\drv_hwtimer.o
 .text          0x000000001001f63a       0x6c libcpu\cpu\cpuport.o
                0x000000001001f63a                rt_hw_stack_init
                0x000000001001f658                rt_hw_cpu_shutdown
 .text          0x000000001001f6a6      0x3b4 libraries\hal_libraries\bmsis\source\system_ab32vgx.o
                0x000000001001f6a6                get_clksel_val
                0x000000001001f6b6                get_cur_sysclk
                0x000000001001f6c0                get_sysclk_nhz
                0x000000001001f6e4                get_sd_rate
                0x000000001001f6e8                set_sd_baud
                0x000000001001f746                update_sd0baud
                0x000000001001f782                sysclk_update_baud
                0x000000001001f7be                update_uart0baud_in_sysclk
                0x000000001001f7dc                set_sys_uart0baud
                0x000000001001f7e6                set_peripherals_clkdiv_safety
                0x000000001001f814                set_peripherals_clkdiv
                0x000000001001f886                set_sysclk
 .text.hal_adc_enable
                0x000000001001fa5a       0x14 libraries\hal_libraries\ab32vg1_hal\libhal.a(ab32vg1_hal_adc.o)
                0x000000001001fa5a                hal_adc_enable
 .text.hal_adc_start
                0x000000001001fa6e        0x6 libraries\hal_libraries\ab32vg1_hal\libhal.a(ab32vg1_hal_adc.o)
                0x000000001001fa6e                hal_adc_start
 .text.hal_adc_poll_for_conversion
                0x000000001001fa74       0x34 libraries\hal_libraries\ab32vg1_hal\libhal.a(ab32vg1_hal_adc.o)
                0x000000001001fa74                hal_adc_poll_for_conversion
 .text          0x000000001001faa8      0x434 d:/program_files/programming/rt-threadstudio/repo/extract/toolchain_support_packages/risc-v/risc-v-gcc/10.1.0/bin/../lib/gcc/riscv64-unknown-elf/10.1.0/rv32im/ilp32\libgcc.a(_udivdi3.o)
                0x000000001001faa8                __udivdi3