Archive member included to satisfy reference by file (symbol)

d:/program_files/programming/rt-threadstudio/repo/extract/toolchain_support_packages/risc-v/risc-v-gcc/10.1.0/bin/../lib/gcc/riscv64-unknown-elf/10.1.0/../../../../riscv64-unknown-elf/lib/rv32im/ilp32\libc.a(lib_a-atoi.o)
                              build\kernel\components\drivers\misc\adc.o (atoi)
d:/program_files/programming/rt-threadstudio/repo/extract/toolchain_support_packages/risc-v/risc-v-gcc/10.1.0/bin/../lib/gcc/riscv64-unknown-elf/10.1.0/../../../../riscv64-unknown-elf/lib/rv32im/ilp32\libc.a(lib_a-fclose.o)
                              build\kernel\components\libc\compilers\newlib\stdio.o (fclose)
d:/program_files/programming/rt-threadstudio/repo/extract/toolchain_support_packages/risc-v/risc-v-gcc/10.1.0/bin/../lib/gcc/riscv64-unknown-elf/10.1.0/../../../../riscv64-unknown-elf/lib/rv32im/ilp32\libc.a(lib_a-fflush.o)
                              d:/program_files/programming/rt-threadstudio/repo/extract/toolchain_support_packages/risc-v/risc-v-gcc/10.1.0/bin/../lib/gcc/riscv64-unknown-elf/10.1.0/../../../../riscv64-unknown-elf/lib/rv32im/ilp32\libc.a(lib_a-fclose.o) (__sflush_r)
d:/program_files/programming/rt-threadstudio/repo/extract/toolchain_support_packages/risc-v/risc-v-gcc/10.1.0/bin/../lib/gcc/riscv64-unknown-elf/10.1.0/../../../../riscv64-unknown-elf/lib/rv32im/ilp32\libc.a(lib_a-fileno.o)
                              build\kernel\components\libc\compilers\newlib\stdio.o (fileno)
d:/program_files/programming/rt-threadstudio/repo/extract/toolchain_support_packages/risc-v/risc-v-gcc/10.1.0/bin/../lib/gcc/riscv64-unknown-elf/10.1.0/../../../../riscv64-unknown-elf/lib/rv32im/ilp32\libc.a(lib_a-findfp.o)
                              d:/program_files/programming/rt-threadstudio/repo/extract/toolchain_support_packages/risc-v/risc-v-gcc/10.1.0/bin/../lib/gcc/riscv64-unknown-elf/10.1.0/../../../../riscv64-unknown-elf/lib/rv32im/ilp32\libc.a(lib_a-fclose.o) (__sinit)
d:/program_files/programming/rt-threadstudio/repo/extract/toolchain_support_packages/risc-v/risc-v-gcc/10.1.0/bin/../lib/gcc/riscv64-unknown-elf/10.1.0/../../../../riscv64-unknown-elf/lib/rv32im/ilp32\libc.a(lib_a-fopen.o)
                              build\kernel\components\libc\compilers\newlib\stdio.o (fopen)
d:/program_files/programming/rt-threadstudio/repo/extract/toolchain_support_packages/risc-v/risc-v-gcc/10.1.0/bin/../lib/gcc/riscv64-unknown-elf/10.1.0/../../../../riscv64-unknown-elf/lib/rv32im/ilp32\libc.a(lib_a-fseek.o)
                              d:/program_files/programming/rt-threadstudio/repo/extract/toolchain_support_packages/risc-v/risc-v-gcc/10.1.0/bin/../lib/gcc/riscv64-unknown-elf/10.1.0/../../../../riscv64-unknown-elf/lib/rv32im/ilp32\libc.a(lib_a-fopen.o) (_fseek_r)
d:/program_files/programming/rt-threadstudio/repo/extract/toolchain_support_packages/risc-v/risc-v-gcc/10.1.0/bin/../lib/gcc/riscv64-unknown-elf/10.1.0/../../../../riscv64-unknown-elf/lib/rv32im/ilp32\libc.a(lib_a-fseeko.o)
                              d:/program_files/programming/rt-threadstudio/repo/extract/toolchain_support_packages/risc-v/risc-v-gcc/10.1.0/bin/../lib/gcc/riscv64-unknown-elf/10.1.0/../../../../riscv64-unknown-elf/lib/rv32im/ilp32\libc.a(lib_a-fseek.o) (_fseeko_r)
d:/program_files/programming/rt-threadstudio/repo/extract/toolchain_support_packages/risc-v/risc-v-gcc/10.1.0/bin/../lib/gcc/riscv64-unknown-elf/10.1.0/../../../../riscv64-unknown-elf/lib/rv32im/ilp32\libc.a(lib_a-ftello.o)
                              d:/program_files/programming/rt-threadstudio/repo/extract/toolchain_support_packages/risc-v/risc-v-gcc/10.1.0/bin/../lib/gcc/riscv64-unknown-elf/10.1.0/../../../../riscv64-unknown-elf/lib/rv32im/ilp32\libc.a(lib_a-fseeko.o) (_ftello_r)
d:/program_files/programming/rt-threadstudio/repo/extract/toolchain_support_packages/risc-v/risc-v-gcc/10.1.0/bin/../lib/gcc/riscv64-unknown-elf/10.1.0/../../../../riscv64-unknown-elf/lib/rv32im/ilp32\libc.a(lib_a-fwalk.o)
                              d:/program_files/programming/rt-threadstudio/repo/extract/toolchain_support_packages/risc-v/risc-v-gcc/10.1.0/bin/../lib/gcc/riscv64-unknown-elf/10.1.0/../../../../riscv64-unknown-elf/lib/rv32im/ilp32\libc.a(lib_a-findfp.o) (_fwalk)
d:/program_files/programming/rt-threadstudio/repo/extract/toolchain_support_packages/risc-v/risc-v-gcc/10.1.0/bin/../lib/gcc/riscv64-unknown-elf/10.1.0/../../../../riscv64-unknown-elf/lib/rv32im/ilp32\libc.a(lib_a-impure.o)
                              build\kernel\components\libc\compilers\newlib\stdio.o (_global_impure_ptr)
d:/program_files/programming/rt-threadstudio/repo/extract/toolchain_support_packages/risc-v/risc-v-gcc/10.1.0/bin/../lib/gcc/riscv64-unknown-elf/10.1.0/../../../../riscv64-unknown-elf/lib/rv32im/ilp32\libc.a(lib_a-makebuf.o)
[...]
Memory Configuration

Name             Origin             Length             Attributes
init             0x0000000010000000 0x0000000000000200
flash            0x0000000010000200 0x0000000000100000 xr
comm             0x0000000000014000 0x000000000000a800 xr
data             0x0000000000011000 0x0000000000002000
stack            0x0000000000013000 0x0000000000001000
heap             0x000000000001e800 0x0000000000011800
ram1             0x0000000000050000 0x0000000000007a00 xr
*default*        0x0000000000000000 0xffffffffffffffff

Linker script and memory map

LOAD build\applications\main.o
LOAD build\applications\mnt.o
LOAD build\board\ports\audio\drv_sound.o
LOAD build\board\board.o
LOAD build\board\ab32vg1_hal_msp.o
LOAD build\kernel\src\clock.o
LOAD build\kernel\src\kservice.o
LOAD build\kernel\src\mem.o
LOAD build\kernel\src\timer.o
LOAD build\kernel\src\thread.o
LOAD build\kernel\src\scheduler.o
LOAD build\kernel\src\device.o
LOAD build\kernel\src\memheap.o
LOAD build\kernel\src\object.o
LOAD build\kernel\src\ipc.o
LOAD build\kernel\src\idle.o
LOAD build\kernel\src\mempool.o
LOAD build\kernel\src\irq.o
LOAD build\kernel\src\components.o
LOAD build\kernel\components\dfs\src\dfs_posix.o
LOAD build\kernel\components\dfs\src\dfs_fs.o
LOAD build\kernel\components\dfs\src\dfs.o
LOAD build\kernel\components\dfs\src\dfs_file.o
LOAD build\kernel\components\dfs\filesystems\devfs\devfs.o
LOAD build\kernel\components\dfs\filesystems\elmfat\dfs_elm.o
LOAD build\kernel\components\dfs\filesystems\elmfat\ffunicode.o
LOAD build\kernel\components\dfs\filesystems\elmfat\ff.o
LOAD build\kernel\components\drivers\audio\audio_pipe.o
LOAD build\kernel\components\drivers\audio\audio.o
LOAD build\kernel\components\drivers\hwtimer\hwtimer.o
LOAD build\kernel\components\drivers\i2c\i2c_core.o
LOAD build\kernel\components\drivers\i2c\i2c_dev.o
LOAD build\kernel\components\drivers\i2c\i2c-bit-ops.o
LOAD build\kernel\components\drivers\misc\adc.o
LOAD build\kernel\components\drivers\misc\rt_drv_pwm.o
LOAD build\kernel\components\drivers\misc\pin.o
LOAD build\kernel\components\drivers\rtc\rtc.o
LOAD build\kernel\components\drivers\sdio\mmc.o
LOAD build\kernel\components\drivers\sdio\sd.o
LOAD build\kernel\components\drivers\sdio\block_dev.o
LOAD build\kernel\components\drivers\sdio\sdio.o
LOAD build\kernel\components\drivers\sdio\mmcsd_core.o
LOAD build\kernel\components\drivers\serial\serial.o
LOAD build\kernel\components\drivers\src\waitqueue.o
LOAD build\kernel\components\drivers\src\ringbuffer.o
LOAD build\kernel\components\drivers\src\workqueue.o
LOAD build\kernel\components\drivers\src\dataqueue.o
LOAD build\kernel\components\drivers\src\ringblk_buf.o
LOAD build\kernel\components\drivers\src\completion.o
LOAD build\kernel\components\drivers\src\pipe.o
LOAD build\kernel\components\drivers\watchdog\watchdog.o
LOAD build\kernel\components\finsh\finsh_node.o
LOAD build\kernel\components\finsh\finsh_parser.o
LOAD build\kernel\components\finsh\cmd.o
LOAD build\kernel\components\finsh\finsh_vm.o
LOAD build\kernel\components\finsh\msh_file.o
LOAD build\kernel\components\finsh\msh.o
LOAD build\kernel\components\finsh\shell.o
LOAD build\kernel\components\finsh\finsh_var.o
LOAD build\kernel\components\finsh\finsh_compiler.o
LOAD build\kernel\components\finsh\finsh_heap.o
LOAD build\kernel\components\finsh\finsh_ops.o
LOAD build\kernel\components\finsh\finsh_error.o
LOAD build\kernel\components\finsh\finsh_token.o
LOAD build\kernel\components\finsh\finsh_init.o
LOAD build\kernel\components\libc\compilers\common\stdlib.o
LOAD build\kernel\components\libc\compilers\common\time.o
LOAD build\kernel\components\libc\compilers\newlib\stdio.o
LOAD build\kernel\components\libc\compilers\newlib\syscalls.o
LOAD build\kernel\components\libc\compilers\newlib\libc.o
LOAD libraries\hal_drivers\drv_gpio.o
LOAD libraries\hal_drivers\drv_rtc.o
LOAD libraries\hal_drivers\drv_soft_i2c.o
LOAD libraries\hal_drivers\drv_wdt.o
LOAD libraries\hal_drivers\drv_sdio.o
LOAD libraries\hal_drivers\drv_adc.o
LOAD libraries\hal_drivers\drv_irrx.o
LOAD libraries\hal_drivers\drv_usart.o
LOAD libraries\hal_drivers\drv_pwm.o
LOAD libraries\hal_drivers\drv_hwtimer.o
LOAD libcpu\cpu\context_gcc.o
LOAD libcpu\cpu\interrupt.o
LOAD libcpu\cpu\cpuport.o
LOAD libraries\hal_libraries\ab32vg1_hal\source\ab32vg1_hal_uart.o
LOAD libraries\hal_libraries\ab32vg1_hal\source\ab32vg1_hal_dac.o
LOAD libraries\hal_libraries\ab32vg1_hal\source\ab32vg1_hal.o
LOAD libraries\hal_libraries\ab32vg1_hal\source\ab32vg1_hal_rcu.o
LOAD libraries\hal_libraries\ab32vg1_hal\source\ab32vg1_hal_sd.o
LOAD libraries\hal_libraries\ab32vg1_hal\source\ab32vg1_hal_gpio.o
LOAD libraries\hal_libraries\bmsis\source\startup.o
LOAD libraries\hal_libraries\bmsis\source\system_ab32vgx.o
LOAD d:/program_files/programming/rt-threadstudio/repo/extract/toolchain_support_packages/risc-v/risc-v-gcc/10.1.0/bin/../lib/gcc/riscv64-unknown-elf/10.1.0/../../../../riscv64-unknown-elf/lib/rv32im/ilp32\libc.a
LOAD d:/program_files/programming/rt-threadstudio/repo/extract/toolchain_support_packages/risc-v/risc-v-gcc/10.1.0/bin/../lib/gcc/riscv64-unknown-elf/10.1.0/../../../../riscv64-unknown-elf/lib/rv32im/ilp32\libm.a
LOAD libraries\hal_libraries\ab32vg1_hal\libhal.a
LOAD d:/program_files/programming/rt-threadstudio/repo/extract/toolchain_support_packages/risc-v/risc-v-gcc/10.1.0/bin/../lib/gcc/riscv64-unknown-elf/10.1.0/rv32im/ilp32\libgcc.a
START GROUP
LOAD d:/program_files/programming/rt-threadstudio/repo/extract/toolchain_support_packages/risc-v/risc-v-gcc/10.1.0/bin/../lib/gcc/riscv64-unknown-elf/10.1.0/../../../../riscv64-unknown-elf/lib/rv32im/ilp32\libc.a
LOAD d:/program_files/programming/rt-threadstudio/repo/extract/toolchain_support_packages/risc-v/risc-v-gcc/10.1.0/bin/../lib/gcc/riscv64-unknown-elf/10.1.0/../../../../riscv64-unknown-elf/lib/rv32im/ilp32\libgloss.a
END GROUP
LOAD d:/program_files/programming/rt-threadstudio/repo/extract/toolchain_support_packages/risc-v/risc-v-gcc/10.1.0/bin/../lib/gcc/riscv64-unknown-elf/10.1.0/rv32im/ilp32\libgcc.a
                0x0000000000100000                __max_flash_size = 0x100000
                0x0000000000002000                __data_ram_size = 0x2000
                0x0000000000001000                __stack_ram_size = 0x1000
                0x000000000000a800                __comm_ram_size = 0xa800
                0x0000000000011800                __heap_ram_size = 0x11800
                0x0000000010000000                __base = 0x10000000
                0x0000000000011000                __data_vma = 0x11000
                0x0000000000013000                __stack_vma = (__data_vma + __data_ram_size)
                0x0000000000014000                __comm_vma = (__stack_vma + __stack_ram_size)
                0x000000000001e800                __heap_vma = (__comm_vma + __comm_ram_size)
                0x0000000000050000                __ram1_vma = 0x50000

.init           0x0000000010000000       0xa6
 *(.reset)
 .reset         0x0000000010000000       0xa6 libraries\hal_libraries\bmsis\source\startup.o
                0x0000000010000000                _start

.ram1           0x0000000000050000     0x6958 load address 0x0000000010000200
                0x0000000000050000                . = ALIGN (0x4)
                0x0000000000050000                __rt_init_start = .
 *(SORT_BY_NAME(.rti_fn*))
 .rti_fn.0      0x0000000000050000        0x4 build\kernel\src\components.o
                0x0000000000050000                __rt_init_rti_start
 .rti_fn.0.end  0x0000000000050004        0x4 build\kernel\src\components.o
                0x0000000000050004                __rt_init_rti_board_start
 .rti_fn.1      0x0000000000050008        0x4 libraries\hal_drivers\drv_soft_i2c.o
                0x0000000000050008                __rt_init_rt_hw_i2c_init
 .rti_fn.1      0x000000000005000c        0x4 libraries\hal_drivers\drv_wdt.o
                0x000000000005000c                __rt_init_rt_wdt_init
 .rti_fn.1      0x0000000000050010        0x4 libraries\hal_drivers\drv_adc.o
                0x0000000000050010                __rt_init_ab32_adc_init
 .rti_fn.1      0x0000000000050014        0x4 libraries\hal_drivers\drv_irrx.o
                0x0000000000050014                __rt_init_ab32_irrx_init
 .rti_fn.1      0x0000000000050018        0x4 libraries\hal_drivers\drv_hwtimer.o
                0x0000000000050018                __rt_init_ab32_hwtimer_init
 .rti_fn.1.end  0x000000000005001c        0x4 build\kernel\src\components.o
                0x000000000005001c                __rt_init_rti_board_end
 .rti_fn.2      0x0000000000050020        0x4 build\kernel\components\dfs\src\dfs.o
                0x0000000000050020                __rt_init_dfs_init
 .rti_fn.2      0x0000000000050024        0x4 build\kernel\components\drivers\sdio\mmcsd_core.o
                0x0000000000050024                __rt_init_rt_mmcsd_core_init
 .rti_fn.3      0x0000000000050028        0x4 build\board\ports\audio\drv_sound.o
                0x0000000000050028                __rt_init_rt_hw_sound_init
 .rti_fn.3      0x000000000005002c        0x4 libraries\hal_drivers\drv_rtc.o
                0x000000000005002c                __rt_init_rt_hw_rtc_init
 .rti_fn.3      0x0000000000050030        0x4 libraries\hal_drivers\drv_sdio.o
                0x0000000000050030                __rt_init_rt_hw_sdio_init
 .rti_fn.3      0x0000000000050034        0x4 libraries\hal_drivers\drv_pwm.o
                0x0000000000050034                __rt_init_ab32_pwm_init
 .rti_fn.4      0x0000000000050038        0x4 build\kernel\components\dfs\filesystems\elmfat\dfs_elm.o
                0x0000000000050038                __rt_init_elm_init
 .rti_fn.4      0x000000000005003c        0x4 build\kernel\components\drivers\i2c\i2c_core.o
                0x000000000005003c                __rt_init_rt_i2c_core_init
 .rti_fn.4      0x0000000000050040        0x4 build\kernel\components\libc\compilers\newlib\libc.o
                0x0000000000050040                __rt_init_libc_system_init
 .rti_fn.6      0x0000000000050044        0x4 build\applications\mnt.o
                0x0000000000050044                __rt_init_ab32_sdcard_mount
 .rti_fn.6      0x0000000000050048        0x4 build\board\board.o
                0x0000000000050048                __rt_init_init_debug
 .rti_fn.6      0x000000000005004c        0x4 build\kernel\components\finsh\shell.o
                0x000000000005004c                __rt_init_finsh_system_init
 .rti_fn.6.end  0x0000000000050050        0x4 build\kernel\src\components.o
                0x0000000000050050                __rt_init_rti_end
                0x0000000000050054                __rt_init_end = .
                0x0000000000050054                . = ALIGN (0x4)
                [!provide]                        PROVIDE (__ctors_start__ = .)
 *(SORT_BY_NAME(.init_array.*))
 *(.init_array)
                [!provide]                        PROVIDE (__ctors_end__ = .)
                0x0000000000050054                . = ALIGN (0x4)
 *save-restore.o(.text* .rodata*)
 .text          0x0000000000050054      0x128 libraries\hal_libraries\ab32vg1_hal\libhal.a(save-restore.o)
                0x0000000000050054                __riscv_save_12
                0x0000000000050074                __riscv_save_11
                0x0000000000050090                __riscv_save_10
                0x00000000000500ac                __riscv_save_9
                0x00000000000500c6                __riscv_save_8
                0x00000000000500de                __riscv_save_7
                0x00000000000500f2                __riscv_save_6
                0x0000000000050104                __riscv_save_5
                0x0000000000050114                __riscv_save_4
                0x0000000000050122                __riscv_save_3
                0x000000000005012e                __riscv_save_2
                0x0000000000050138                __riscv_save_1
                0x0000000000050140                __riscv_save_0
                0x0000000000050146                __riscv_restore_12
                0x000000000005014a                __riscv_restore_11
                0x000000000005014e                __riscv_restore_10
                0x0000000000050152                __riscv_restore_9
                0x0000000000050156                __riscv_restore_8
                0x000000000005015a                __riscv_restore_7
                0x000000000005015e                __riscv_restore_6
                0x0000000000050162                __riscv_restore_5
                0x0000000000050166                __riscv_restore_4
                0x000000000005016a                __riscv_restore_3
                0x000000000005016e                __riscv_restore_2
                0x0000000000050172                __riscv_restore_1
                0x0000000000050176                __riscv_restore_0
                0x000000000005017c                _gp
 *libcpu*cpu*context_gcc.o(.text* .rodata*)
 .text          0x000000000005017c      0x19c libcpu\cpu\context_gcc.o
                0x000000000005017c                rt_hw_interrupt_disable
                0x000000000005018a                rt_hw_interrupt_enable
                0x000000000005019c                rt_hw_context_switch_to
                0x00000000000501d0                rt_hw_context_switch
                0x00000000000501f0                rt_switch_to_thread
                0x0000000000050216                rt_hw_context_switch_interrupt
                0x000000000005023c                rt_soft_isr
                0x0000000000050244                low_prio_irq
 *libcpu*cpu*interrupt.o(.text* .rodata*)
 .text          0x0000000000050318       0xde libcpu\cpu\interrupt.o
                0x0000000000050318                set_cpu_irq_comm
                0x0000000000050322                cpu_irq_comm_do
                0x000000000005035a                rt_hw_irq_enable
                0x0000000000050372                rt_hw_irq_disable
                0x000000000005038e                rt_hw_interrupt_init
                0x0000000000050390                rt_hw_interrupt_install
 *libcpu**.o(.rodata*)
 *fill*         0x00000000000503f6        0x2 
 .rodata.str1.4
                0x00000000000503f8        0xd libcpu\cpu\cpuport.o
                                         0x12 (size before relaxing)
 *fill*         0x0000000000050405        0x3 
 .rodata        0x0000000000050408       0x13 libcpu\cpu\cpuport.o
 *components*drivers*misc*pin.o(.text*)
 *fill*         0x000000000005041b        0x1 
 .text          0x000000000005041c      0x2f6 build\kernel\components\drivers\misc\pin.o
                0x0000000000050456                rt_pin_mode
                0x000000000005049a                rt_pin_write
                0x00000000000504de                rt_pin_read
                0x000000000005051a                rt_pin_get
                0x0000000000050600                rt_device_pin_register
                0x0000000000050634                rt_pin_attach_irq
                0x000000000005068a                rt_pin_detach_irq
                0x00000000000506ca                rt_pin_irq_enable
 *components*drivers*misc*adc.o(.text*)
 .text          0x0000000000050712      0x352 build\kernel\components\drivers\misc\adc.o
                0x000000000005076c                rt_hw_adc_register
                0x00000000000507be                rt_adc_read
                0x00000000000507f4                rt_adc_enable
                0x0000000000050828                rt_adc_disable
                0x0000000000050a64                . = ALIGN (0x4)
 *src*ipc.o(.text* .rodata*)
 .text          0x0000000000050a64     0x1f90 build\kernel\src\ipc.o
                0x0000000000050aea                rt_ipc_get_highest_priority
                0x0000000000050b0c                rt_sem_init
                0x0000000000050b70                rt_sem_detach
                0x0000000000050be6                rt_sem_create
                0x0000000000050c6a                rt_sem_delete
                0x0000000000050d1e                rt_sem_take
                0x0000000000050e6c                rt_sem_trytake
                0x0000000000050e70                rt_sem_release
                0x0000000000050f0e                rt_sem_control
                0x0000000000050f7e                rt_mutex_init
                0x0000000000050fca                rt_mutex_detach
                0x0000000000051040                rt_mutex_create
                0x00000000000510ac                rt_mutex_delete
                0x0000000000051160                rt_mutex_take
                0x0000000000051300                rt_mutex_release
                0x00000000000514b6                rt_mutex_control
                0x0000000000051500                rt_event_init
                0x0000000000051544                rt_event_detach
                0x00000000000515bc                rt_event_create
                0x0000000000051620                rt_event_delete
                0x00000000000516d6                rt_event_send
                0x00000000000517bc                rt_event_recv
                0x0000000000051990                rt_event_control
                0x0000000000051a00                rt_mb_init
                0x0000000000051a5c                rt_mb_detach
                0x0000000000051adc                rt_mb_create
                0x0000000000051b74                rt_mb_delete
                0x0000000000051c3c                rt_mb_send_wait
                0x0000000000051e04                rt_mb_send
                0x0000000000051e08                rt_mb_urgent
                0x0000000000051ebe                rt_mb_recv
                0x00000000000520a8                rt_mb_control
                0x0000000000052124                rt_mq_init
                0x00000000000521ba                rt_mq_detach
                0x000000000005223a                rt_mq_create
                0x0000000000052314                rt_mq_delete
                0x00000000000523e4                rt_mq_send_wait
                0x0000000000052606                rt_mq_send
                0x000000000005260a                rt_mq_urgent
                0x000000000005271c                rt_mq_recv
                0x000000000005295e                rt_mq_control
 .rodata.str1.4
                0x00000000000529f4      0x44a build\kernel\src\ipc.o
                                        0x476 (size before relaxing)
 *fill*         0x0000000000052e3e        0x2 
 .rodata        0x0000000000052e40      0x242 build\kernel\src\ipc.o
 *src*irq.o(.text* .rodata*)
 .text          0x0000000000053082       0x9a build\kernel\src\irq.o
                0x0000000000053082                rt_interrupt_enter_sethook
                0x000000000005308c                rt_interrupt_leave_sethook
                0x0000000000053096                rt_interrupt_enter
                0x00000000000530cc                rt_interrupt_leave
                0x0000000000053102                rt_interrupt_get_nest
 *src*object.o(.text* .rodata*)
 .text          0x000000000005311c      0x3c4 build\kernel\src\object.o
                0x000000000005311c                rt_object_attach_sethook
                0x0000000000053126                rt_object_detach_sethook
                0x0000000000053130                rt_object_trytake_sethook
                0x000000000005313a                rt_object_take_sethook
                0x0000000000053144                rt_object_put_sethook
                0x000000000005314e                rt_object_get_information
                0x0000000000053176                rt_object_get_length
                0x00000000000531a0                rt_object_get_pointers
                0x00000000000531e2                rt_object_init
                0x0000000000053286                rt_object_detach
                0x00000000000532d4                rt_object_allocate
                0x000000000005338e                rt_object_delete
                0x0000000000053406                rt_object_is_systemobject
                0x0000000000053430                rt_object_get_type
                0x000000000005345c                rt_object_find
 *fill*         0x00000000000534e0        0x0 
 .rodata.str1.4
                0x00000000000534e0       0x8d build\kernel\src\object.o
                                         0x91 (size before relaxing)
 *fill*         0x000000000005356d        0x3 
 .rodata        0x0000000000053570       0x8b build\kernel\src\object.o
 *src*thread.o(.text* .rodata*)
 *fill*         0x00000000000535fb        0x1 
 .text          0x00000000000535fc      0x81c build\kernel\src\thread.o
                0x000000000005361a                rt_thread_exit
                0x000000000005372e                rt_thread_timeout
                0x00000000000537b8                rt_thread_suspend_sethook
                0x00000000000537c2                rt_thread_resume_sethook
                0x00000000000537cc                rt_thread_inited_sethook
                0x00000000000537d6                rt_thread_init
                0x000000000005383c                rt_thread_self
                0x0000000000053846                rt_thread_detach
                0x00000000000538dc                rt_thread_create
                0x0000000000053922                rt_thread_delete
                0x00000000000539d0                rt_thread_yield
                0x0000000000053a06                rt_thread_suspend
                0x0000000000053ac4                rt_thread_sleep
                0x0000000000053b4e                rt_thread_delay
                0x0000000000053b50                rt_thread_mdelay
                0x0000000000053b5e                rt_thread_delay_until
                0x0000000000053c26                rt_thread_resume
                0x0000000000053cb8                rt_thread_startup
                0x0000000000053d4a                rt_thread_control
                0x0000000000053e12                rt_thread_find
 *fill*         0x0000000000053e18        0x0 
 .rodata.str1.4
                0x0000000000053e18      0x19f build\kernel\src\thread.o
 *fill*         0x0000000000053fb7        0x1 
 .rodata        0x0000000000053fb8       0xd2 build\kernel\src\thread.o
 *src*timer.o(.text* .rodata*)
 .text          0x000000000005408a      0x688 build\kernel\src\timer.o
                0x000000000005409c                rt_timer_enter_sethook
                0x00000000000540a6                rt_timer_exit_sethook
                0x00000000000540b0                rt_timer_init
                0x0000000000054106                rt_timer_detach
                0x0000000000054190                rt_timer_create
                0x00000000000541c6                rt_timer_delete
                0x0000000000054250                rt_timer_start
                0x0000000000054380                rt_timer_stop
                0x00000000000543fc                rt_timer_control
                0x00000000000544a0                rt_timer_check
                0x0000000000054566                rt_timer_next_timeout_tick
                0x000000000005458a                rt_soft_timer_check
                0x00000000000546ba                rt_system_timer_init
                0x00000000000546c8                rt_system_timer_thread_init
 *fill*         0x0000000000054712        0x2 
 .rodata.str1.4
                0x0000000000054714       0xde build\kernel\src\timer.o
 *fill*         0x00000000000547f2        0x2 
 .rodata        0x00000000000547f4       0x75 build\kernel\src\timer.o
 *src*mempool.o(.text* .rodata*)
 *fill*         0x0000000000054869        0x1 
 .text          0x000000000005486a      0x4e2 build\kernel\src\mempool.o
                0x000000000005486a                rt_mp_alloc_sethook
                0x0000000000054874                rt_mp_free_sethook
                0x000000000005487e                rt_mp_init
                0x0000000000054954                rt_mp_detach
                0x00000000000549ea                rt_mp_create
                0x0000000000054ad4                rt_mp_delete
                0x0000000000054bb2                rt_mp_alloc
                0x0000000000054cec                rt_mp_free
 .rodata.str1.4
                0x0000000000054d4c      0x121 build\kernel\src\mempool.o
                                        0x14d (size before relaxing)
 *fill*         0x0000000000054e6d        0x3 
 .rodata        0x0000000000054e70       0x48 build\kernel\src\mempool.o
 *src*scheduler.o(.text* .rodata*)
 .text          0x0000000000054eb8      0x310 build\kernel\src\scheduler.o
                0x0000000000054eb8                rt_scheduler_sethook
                0x0000000000054ec2                rt_system_scheduler_init
                0x0000000000054efa                rt_schedule_insert_thread
                0x0000000000054f7a                rt_schedule_remove_thread
                0x0000000000054fe2                rt_system_scheduler_start
                0x0000000000055022                rt_schedule
                0x0000000000055158                rt_enter_critical
                0x000000000005517a                rt_exit_critical
                0x00000000000551be                rt_critical_level
 *fill*         0x00000000000551c8        0x0 
 .rodata.str1.4
                0x00000000000551c8       0x51 build\kernel\src\scheduler.o
                                         0x65 (size before relaxing)
 *fill*         0x0000000000055219        0x3 
 .rodata        0x000000000005521c       0x36 build\kernel\src\scheduler.o
 *src*clock.o(.text* .rodata*)
 .text          0x0000000000055252       0x90 build\kernel\src\clock.o
                0x0000000000055252                rt_tick_get
                0x000000000005525c                rt_tick_set
                0x0000000000055276                rt_tick_increase
                0x00000000000552b0                rt_tick_from_millisecond
                0x00000000000552d8                rt_tick_get_millisecond
 *src*kservice.o(.text* .rodata*)
 .text          0x00000000000552e2      0xad4 build\kernel\src\kservice.o
                0x0000000000055480                rt_get_errno
                0x00000000000554a0                rt_set_errno
                0x00000000000554c2                _rt_errno
                0x00000000000554e4                rt_memset
                0x0000000000055568                rt_memcpy
                0x0000000000055616                rt_memmove
                0x0000000000055660                rt_memcmp
                0x0000000000055688                rt_strcasecmp
                0x00000000000556bc                rt_strncpy
                0x00000000000556e8                rt_strncmp
                0x0000000000055718                rt_strcmp
                0x0000000000055732                rt_strnlen
                0x000000000005574a                rt_strlen
                0x000000000005575c                rt_strstr
                0x0000000000055794                rt_strdup
                0x00000000000557c0                rt_vsnprintf
                0x0000000000055b46                rt_snprintf
                0x0000000000055b60                rt_vsprintf
                0x0000000000055b68                rt_sprintf
                0x0000000000055b84                rt_console_get_device
                0x0000000000055b8e                rt_console_set_device
                0x0000000000055bca                rt_kputs
                0x0000000000055c16                rt_kprintf
                0x0000000000055c96                rt_show_version
                0x0000000000055cd4                rt_malloc_align
                0x0000000000055d0e                rt_free_align
                0x0000000000055d1a                __rt_ffs
                0x0000000000055d72                rt_assert_set_hook
                0x0000000000055d7c                rt_assert_handler
 *fill*         0x0000000000055db6        0x2 
 .rodata.str1.4
                0x0000000000055db8       0xc7 build\kernel\src\kservice.o
 *fill*         0x0000000000055e7f        0x1 
 .rodata        0x0000000000055e80      0x180 build\kernel\src\kservice.o
                0x0000000000055f00                __lowest_bit_bitmap
 *src*device.o(.text* .rodata*)
 .text          0x0000000000056000      0x4ec build\kernel\src\device.o
                0x0000000000056000                rt_device_unregister
                0x0000000000056070                rt_device_find
                0x0000000000056076                rt_device_register
                0x00000000000560ac                rt_device_create
                0x00000000000560d8                rt_device_destroy
                0x0000000000056150                rt_device_init
                0x00000000000561ac                rt_device_open
                0x000000000005629c                rt_device_close
                0x0000000000056314                rt_device_read
                0x0000000000056384                rt_device_write
                0x00000000000563f4                rt_device_control
                0x0000000000056450                rt_device_set_rx_indicate
                0x000000000005649e                rt_device_set_tx_complete
 *fill*         0x00000000000564ec        0x0 
 .rodata.str1.4
                0x00000000000564ec       0xf4 build\kernel\src\device.o
 .rodata        0x00000000000565e0       0xc6 build\kernel\src\device.o
 *src*idle.o(.text* .rodata*)
 .text          0x00000000000566a6      0x17c build\kernel\src\idle.o
                0x00000000000566a6                rt_thread_idle_sethook
                0x00000000000566e0                rt_thread_idle_delhook
                0x000000000005671e                rt_thread_idle_excute
                0x00000000000567ca                rt_thread_idle_init
                0x0000000000056818                rt_thread_idle_gethandler
 *fill*         0x0000000000056822        0x2 
 .rodata.str1.4
                0x0000000000056824        0x8 build\kernel\src\idle.o
                                         0x34 (size before relaxing)
 .rodata        0x000000000005682c       0x16 build\kernel\src\idle.o
 *src*components.o(.text* .rodata*)
 .text          0x0000000000056842       0xea build\kernel\src\components.o
                0x0000000000056852                rt_components_board_init
                0x0000000000056876                rt_components_init
                0x000000000005689a                main_thread_entry
                0x00000000000568a8                rt_application_init
                0x00000000000568f0                rtthread_startup
                0x0000000000056920                entry
 *fill*         0x000000000005692c        0x0 
 .rodata.str1.4
                0x000000000005692c       0x17 build\kernel\src\components.o
 *fill*         0x0000000000056943        0x1 
 .rodata        0x0000000000056944       0x14 build\kernel\src\components.o

.comm           0x0000000000014000     0x2314 load address 0x0000000010006b58
                0x0000000000014000                . = ALIGN (0x4)
 *(.vector)
 .vector        0x0000000000014000       0xf4 libraries\hal_libraries\bmsis\source\startup.o
                0x00000000000140dc                cpu_irq_comm
 .vector        0x00000000000140f4       0x3a libraries\hal_libraries\ab32vg1_hal\libhal.a(cache.o)
                0x00000000000140f4                load_cache
 *(.irq*)
 .irq.audio     0x000000000001412e       0x3e build\board\ports\audio\drv_sound.o
                0x000000000001412e                audio_sem_post
 .irq.timer     0x000000000001416c       0x1c build\board\board.o
                0x000000000001416c                timer0_isr
 .irq.cache     0x0000000000014188       0x7c build\board\board.o
                0x0000000000014188                cache_init
                0x00000000000141ba                os_spiflash_lock
                0x00000000000141e0                os_spiflash_unlock
 .irq.debug     0x0000000000014204       0x38 build\board\board.o
                0x0000000000014204                exception_isr
                0x0000000000014232                os_get_interrupt_nest
 .irq.debug.str
                0x000000000001423c       0x17 build\board\board.o
 *fill*         0x0000000000014253        0x1 
 .irq.sdio      0x0000000000014254       0x44 libraries\hal_drivers\drv_sdio.o
                0x0000000000014254                rthw_sdio_irq_process
                0x000000000001427e                sdio_isr
 .irq.irrx      0x0000000000014298       0x8c libraries\hal_drivers\drv_irrx.o
                0x00000000000142f4                ab32_get_irkey
 .irq.usart     0x0000000000014324      0x14e libraries\hal_drivers\drv_usart.o
                0x000000000001436a                uart_irq_process
 .irq.timer     0x0000000000014472       0x5e libraries\hal_drivers\drv_hwtimer.o
                0x0000000000014472                timer1_isr
 .irq.err       0x00000000000144d0       0x32 libraries\hal_libraries\ab32vg1_hal\libhal.a(sys_err.o)
                0x00000000000144d0                sys_error_hook
 .irq.cache     0x0000000000014502       0x90 libraries\hal_libraries\ab32vg1_hal\libhal.a(sys_err.o)
                0x0000000000014502                debug_dump_info
 *fill*         0x0000000000014592        0x2 
 .irq.err.str   0x0000000000014594       0x12 libraries\hal_libraries\ab32vg1_hal\libhal.a(sys_err.o)
 *hal_libraries*ab32vg1_hal**.o(.text .rodata)
 .text          0x00000000000145a6      0x134 libraries\hal_libraries\ab32vg1_hal\source\ab32vg1_hal_uart.o
                0x00000000000145a6                hal_uart_setbaud
                0x00000000000145c4                hal_uart_setparam
                0x0000000000014616                hal_uart_deinit
                0x000000000001461c                HAL_UART_MspInit
                0x000000000001461e                hal_uart_control
                0x0000000000014636                hal_uart_write
                0x000000000001463a                hal_uart_read
                0x0000000000014642                hal_uart_getflag
                0x0000000000014648                hal_uart_clrflag
                0x0000000000014650                uart_config_all
                0x00000000000146bc                hal_uart_init
 .text          0x00000000000146da       0x54 libraries\hal_libraries\ab32vg1_hal\source\ab32vg1_hal.o
                0x00000000000146da                hal_set_tick_hook
                0x00000000000146e4                hal_set_ticks
                0x0000000000014706                hal_udelay
 .text          0x000000000001472e       0x70 libraries\hal_libraries\ab32vg1_hal\source\ab32vg1_hal_rcu.o
                0x000000000001472e                hal_rcu_periph_clk_enable
                0x0000000000014762                hal_rcu_periph_clk_disable
 .text          0x000000000001479e      0x124 libraries\hal_libraries\ab32vg1_hal\source\ab32vg1_hal_gpio.o
                0x000000000001479e                gpio_afinit
                0x00000000000147ce                hal_gpio_init
                0x0000000000014892                hal_gpio_read
                0x000000000001489c                hal_gpio_write
                0x00000000000148b4                hal_gpio_toggle
 *(.text.unlikely)
 *(.text.startup)
 .text.startup  0x00000000000148c2       0x4a build\applications\main.o
                0x00000000000148c2                main
 *hal_drivers**.o(.rodata)
 *fill*         0x000000000001490c        0x0 
 .rodata        0x000000000001490c       0x38 libraries\hal_drivers\drv_gpio.o
 .rodata        0x0000000000014944       0x2c libraries\hal_drivers\drv_rtc.o
 .rodata        0x0000000000014970       0x2f libraries\hal_drivers\drv_soft_i2c.o
 *fill*         0x000000000001499f        0x1 
 .rodata        0x00000000000149a0       0x20 libraries\hal_drivers\drv_wdt.o
 .rodata        0x00000000000149c0       0x24 libraries\hal_drivers\drv_sdio.o
 .rodata        0x00000000000149e4       0x45 libraries\hal_drivers\drv_adc.o
 *fill*         0x0000000000014a29        0x3 
 .rodata        0x0000000000014a2c       0x81 libraries\hal_drivers\drv_usart.o
 *fill*         0x0000000000014aad        0x3 
 .rodata        0x0000000000014ab0       0x18 libraries\hal_drivers\drv_pwm.o
 .rodata        0x0000000000014ac8       0x68 libraries\hal_drivers\drv_hwtimer.o
 *audio*drv_sound.o(.rodata)
 .rodata        0x0000000000014b30       0x66 build\board\ports\audio\drv_sound.o
 *system_ab32vgx.o(.rodata)
 *fill*         0x0000000000014b96        0x2 
 .rodata        0x0000000000014b98       0x46 libraries\hal_libraries\bmsis\source\system_ab32vgx.o
                0x0000000000014b98                sysclk_sel_tbl
                0x0000000000014ba4                sysclk_index
 EXCLUDE_FILE(*drv_wdt.o *drv_sdio.o *msh_file.o *cmd.o *drivers*sdio**.o *components.o *dfs**.o *src*memheap.o *src*mem.o *cp-demangle.o *cp-demangle.o *lib_a**.o) *(.rodata.str1.4)
 *fill*         0x0000000000014bde        0x2 
 .rodata.str1.4
                0x0000000000014be0       0x16 build\applications\main.o
 *fill*         0x0000000000014bf6        0x2 
 .rodata.str1.4
                0x0000000000014bf8       0x74 build\applications\mnt.o
                                         0x78 (size before relaxing)
 .rodata.str1.4
                0x0000000000014c6c       0x2f build\board\ports\audio\drv_sound.o
 *fill*         0x0000000000014c9b        0x1 
 .rodata.str1.4
                0x0000000000014c9c       0x24 build\board\board.o
 .rodata.str1.4
                0x0000000000014cc0       0x8c build\kernel\components\drivers\audio\audio_pipe.o
                                         0x90 (size before relaxing)
 .rodata.str1.4
                0x0000000000014d4c       0x87 build\kernel\components\drivers\audio\audio.o
                                         0x9d (size before relaxing)
 *fill*         0x0000000000014dd3        0x1 
 .rodata.str1.4
                0x0000000000014dd4       0x43 build\kernel\components\drivers\hwtimer\hwtimer.o
 *fill*         0x0000000000014e17        0x1 
 .rodata.str1.4
                0x0000000000014e18       0x87 build\kernel\components\drivers\i2c\i2c_core.o
                                         0x8b (size before relaxing)
 *fill*         0x0000000000014e9f        0x1 
 .rodata.str1.4
                0x0000000000014ea0       0x12 build\kernel\components\drivers\i2c\i2c_dev.o
                                         0x22 (size before relaxing)
 *fill*         0x0000000000014eb2        0x2 
 .rodata.str1.4
                0x0000000000014eb4       0xa1 build\kernel\components\drivers\i2c\i2c-bit-ops.o
                                         0xb1 (size before relaxing)
 *fill*         0x0000000000014f55        0x3 
 .rodata.str1.4
                0x0000000000014f58      0x1f9 build\kernel\components\drivers\misc\adc.o
 *fill*         0x0000000000015151        0x3 
 .rodata.str1.4
                0x0000000000015154      0x1ab build\kernel\components\drivers\misc\rt_drv_pwm.o
 *fill*         0x00000000000152ff        0x1 
 .rodata.str1.4
                0x0000000000015300       0x37 build\kernel\components\drivers\misc\pin.o
 *fill*         0x0000000000015337        0x1 
 .rodata.str1.4
                0x0000000000015338      0x137 build\kernel\components\drivers\rtc\rtc.o
 *fill*         0x000000000001546f        0x1 
 .rodata.str1.4
                0x0000000000015470       0xbb build\kernel\components\drivers\serial\serial.o
                                         0xce (size before relaxing)
 *fill*         0x000000000001552b        0x1 
 .rodata.str1.4
                0x000000000001552c       0x19 build\kernel\components\drivers\src\ringbuffer.o
 *fill*         0x0000000000015545        0x3 
 .rodata.str1.4
                0x0000000000015548       0x58 build\kernel\components\drivers\src\dataqueue.o
                                         0x90 (size before relaxing)
 .rodata.str1.4
                0x00000000000155a0       0x47 build\kernel\components\drivers\src\completion.o
                                         0x72 (size before relaxing)
 *fill*         0x00000000000155e7        0x1 
 .rodata.str1.4
                0x00000000000155e8       0x33 build\kernel\components\drivers\watchdog\watchdog.o
                                         0x43 (size before relaxing)
 *fill*         0x000000000001561b        0x1 
 .rodata.str1.4
                0x000000000001561c       0x6c build\kernel\components\finsh\msh.o
                                         0x78 (size before relaxing)
 .rodata.str1.4
                0x0000000000015688       0xbb build\kernel\components\finsh\shell.o
                                         0xc3 (size before relaxing)
 *fill*         0x0000000000015743        0x1 
 .rodata.str1.4
                0x0000000000015744       0xf2 build\kernel\components\finsh\finsh_error.o
 *fill*         0x0000000000015836        0x2 
 .rodata.str1.4
                0x0000000000015838       0x35 build\kernel\components\finsh\finsh_token.o
                                         0x3d (size before relaxing)
 *fill*         0x000000000001586d        0x3 
 .rodata.str1.4
                0x0000000000015870       0x14 build\kernel\components\libc\compilers\common\stdlib.o
 .rodata.str1.4
                0x0000000000015884        0x4 build\kernel\components\libc\compilers\common\time.o
 .rodata.str1.4
                0x0000000000015884       0x14 build\kernel\components\libc\compilers\newlib\stdio.o
 .rodata.str1.4
                0x0000000000015898       0x17 build\kernel\components\libc\compilers\newlib\libc.o
 *fill*         0x00000000000158af        0x1 
 .rodata.str1.4
                0x00000000000158b0        0x4 libraries\hal_drivers\drv_gpio.o
 .rodata.str1.4
                0x00000000000158b4       0x2a libraries\hal_drivers\drv_rtc.o
                                         0x42 (size before relaxing)
 *fill*         0x00000000000158de        0x2 
 .rodata.str1.4
                0x00000000000158e0       0x19 libraries\hal_drivers\drv_soft_i2c.o
 *fill*         0x00000000000158f9        0x3 
 .rodata.str1.4
                0x00000000000158fc       0x51 libraries\hal_drivers\drv_adc.o
                                         0x55 (size before relaxing)
 *fill*         0x000000000001594d        0x3 
 .rodata.str1.4
                0x0000000000015950        0x9 libraries\hal_drivers\drv_irrx.o
 *fill*         0x0000000000015959        0x3 
 .rodata.str1.4
                0x000000000001595c       0x17 libraries\hal_drivers\drv_usart.o
                                         0x6e (size before relaxing)
 *fill*         0x0000000000015973        0x1 
 .rodata.str1.4
                0x0000000000015974       0x52 libraries\hal_drivers\drv_pwm.o
                                         0x6a (size before relaxing)
 *fill*         0x00000000000159c6        0x2 
 .rodata.str1.4
                0x00000000000159c8       0x83 libraries\hal_drivers\drv_hwtimer.o
                                         0xaf (size before relaxing)
 *fill*         0x0000000000015a4b        0x1 
 .rodata.str1.4
                0x0000000000015a4c       0x3c libraries\hal_libraries\ab32vg1_hal\libhal.a(sys_err.o)
 EXCLUDE_FILE(*unwind*.o *lib_a**.o) *(.srodata)
 .srodata       0x0000000000015a88        0x8 build\kernel\src\mem.o
 .srodata       0x0000000000015a90        0x7 build\kernel\components\dfs\src\dfs.o
 *fill*         0x0000000000015a97        0x1 
 .srodata       0x0000000000015a98        0x8 libraries\hal_drivers\drv_soft_i2c.o
 .srodata       0x0000000000015aa0        0x8 libraries\hal_drivers\drv_adc.o
 *(.rela*)
 .rela.text.startup
                0x0000000000015aa8        0x0 build\applications\main.o
 .rela.text     0x0000000000015aa8        0x0 build\applications\main.o
 .rela.irq.debug
                0x0000000000015aa8        0x0 build\applications\main.o
 .rela.reset    0x0000000000015aa8        0x0 build\applications\main.o
 .rela.vector   0x0000000000015aa8        0x0 build\applications\main.o
 *(.data*)
 .data          0x0000000000015aa8       0x1c build\board\ports\audio\drv_sound.o
 .data          0x0000000000015ac4       0xa0 build\kernel\src\object.o
 .data          0x0000000000015b64      0x100 build\kernel\components\dfs\src\dfs.o
                0x0000000000015b64                working_directory
 .data          0x0000000000015c64       0x3c libraries\hal_drivers\drv_adc.o
 .data          0x0000000000015ca0        0xc libraries\hal_drivers\drv_usart.o
 .data          0x0000000000015cac       0x48 libraries\hal_drivers\drv_pwm.o
 .data          0x0000000000015cf4       0x5c libraries\hal_drivers\drv_hwtimer.o
 *fill*         0x0000000000015d50        0x0 
 .data          0x0000000000015d50      0x428 d:/program_files/programming/rt-threadstudio/repo/extract/toolchain_support_packages/risc-v/risc-v-gcc/10.1.0/bin/../lib/gcc/riscv64-unknown-elf/10.1.0/../../../../riscv64-unknown-elf/lib/rv32im/ilp32\libc.a(lib_a-impure.o)
 .data          0x0000000000016178      0x16c d:/program_files/programming/rt-threadstudio/repo/extract/toolchain_support_packages/risc-v/risc-v-gcc/10.1.0/bin/../lib/gcc/riscv64-unknown-elf/10.1.0/../../../../riscv64-unknown-elf/lib/rv32im/ilp32\libc.a(lib_a-locale.o)
                0x0000000000016178                __global_locale
 *(.sdata*)
 .sdata         0x00000000000162e4        0x1 build\kernel\src\timer.o
 *fill*         0x00000000000162e5        0x3 
 .sdata         0x00000000000162e8        0x8 build\kernel\components\drivers\sdio\block_dev.o
 .sdata         0x00000000000162f0       0x10 build\kernel\components\drivers\sdio\sdio.o
 .sdata         0x0000000000016300        0x4 build\kernel\components\finsh\msh.o
 .sdata         0x0000000000016304        0x1 libraries\hal_drivers\drv_sdio.o
 *fill*         0x0000000000016305        0x3 
 .sdata         0x0000000000016308        0x4 libraries\hal_drivers\drv_pwm.o
 .sdata         0x000000000001630c        0x4 d:/program_files/programming/rt-threadstudio/repo/extract/toolchain_support_packages/risc-v/risc-v-gcc/10.1.0/bin/../lib/gcc/riscv64-unknown-elf/10.1.0/../../../../riscv64-unknown-elf/lib/rv32im/ilp32\libc.a(lib_a-impure.o)
                0x000000000001630c                _impure_ptr
 .sdata         0x0000000000016310        0x4 d:/program_files/programming/rt-threadstudio/repo/extract/toolchain_support_packages/risc-v/risc-v-gcc/10.1.0/bin/../lib/gcc/riscv64-unknown-elf/10.1.0/../../../../riscv64-unknown-elf/lib/rv32im/ilp32\libc.a(lib_a-environ.o)
                0x0000000000016310                environ

.bss            0x0000000000011000     0x1950
                0x0000000000011000                __bss_start = .
 *(COMMON)
 *(.bss)
 .bss           0x0000000000011000       0x58 build\board\ports\audio\drv_sound.o
 .bss           0x0000000000011058       0xa4 build\board\board.o
 .bss           0x00000000000110fc       0x80 build\kernel\src\kservice.o
 .bss           0x000000000001117c       0x20 build\kernel\src\mem.o
 *fill*         0x000000000001119c        0x4 
 .bss           0x00000000000111a0      0x180 build\kernel\src\timer.o
 .bss           0x0000000000011320      0x100 build\kernel\src\scheduler.o
                0x0000000000011320                rt_thread_priority_table
 .bss           0x0000000000011420      0x290 build\kernel\src\idle.o
 .bss           0x00000000000116b0       0x44 build\kernel\components\dfs\src\dfs.o
                0x00000000000116b0                filesystem_table
 .bss           0x00000000000116f4      0x128 build\kernel\components\dfs\src\dfs_file.o
 .bss           0x000000000001181c       0x34 build\kernel\components\drivers\misc\pin.o
 .bss           0x0000000000011850      0x500 build\kernel\components\drivers\sdio\mmcsd_core.o
 .bss           0x0000000000011d50      0x140 build\kernel\components\finsh\finsh_node.o
                0x0000000000011d50                global_node_table
 .bss           0x0000000000011e90      0x180 build\kernel\components\finsh\finsh_vm.o
                0x0000000000011e90                finsh_vm_stack
                0x0000000000011f90                text_segment
 .bss           0x0000000000012010       0x81 build\kernel\components\finsh\shell.o
 *fill*         0x0000000000012091        0x3 
 .bss           0x0000000000012094       0xc0 build\kernel\components\finsh\finsh_var.o
                0x0000000000012094                global_variable
 *fill*         0x0000000000012154        0x4 
 .bss           0x0000000000012158       0x80 build\kernel\components\finsh\finsh_heap.o
                0x0000000000012158                finsh_heap
 .bss           0x00000000000121d8       0x61 build\kernel\components\libc\compilers\common\time.o
 *fill*         0x0000000000012239        0x3 
 .bss           0x000000000001223c       0x30 libraries\hal_drivers\drv_rtc.o
 .bss           0x000000000001226c       0x88 libraries\hal_drivers\drv_soft_i2c.o
 .bss           0x00000000000122f4       0x34 libraries\hal_drivers\drv_wdt.o
 *fill*         0x0000000000012328       0x18 
 .bss           0x0000000000012340      0x400 libraries\hal_drivers\drv_sdio.o
 .bss           0x0000000000012740       0x58 libraries\hal_drivers\drv_usart.o
 .bss           0x0000000000012798       0x5c libcpu\cpu\interrupt.o
                0x0000000000012798                tbl_irq_vector
 .bss           0x00000000000127f4        0xc libraries\hal_libraries\bmsis\source\system_ab32vgx.o
                0x00000000000127f4                sys
 *(.sbss)
 .sbss          0x0000000000012800        0x4 build\kernel\src\clock.o
 .sbss          0x0000000000012804        0xc build\kernel\src\kservice.o
                0x0000000000012804                rt_assert_hook
 .sbss          0x0000000000012810       0x20 build\kernel\src\mem.o
 .sbss          0x0000000000012830       0x1c build\kernel\src\timer.o
 .sbss          0x000000000001284c        0xc build\kernel\src\thread.o
 .sbss          0x0000000000012858       0x1c build\kernel\src\scheduler.o
                0x000000000001285c                rt_thread_defunct
                0x0000000000012864                rt_current_priority
                0x0000000000012868                rt_current_thread
                0x0000000000012870                rt_thread_ready_priority_group
 .sbss          0x0000000000012874       0x14 build\kernel\src\object.o
                0x0000000000012874                rt_object_put_hook
                0x0000000000012878                rt_object_take_hook
                0x000000000001287c                rt_object_trytake_hook
 .sbss          0x0000000000012888        0x8 build\kernel\src\mempool.o
 .sbss          0x0000000000012890        0xc build\kernel\src\irq.o
                0x0000000000012890                rt_interrupt_nest
 .sbss          0x000000000001289c       0x14 build\kernel\components\dfs\src\dfs.o
                0x00000000000128a8                filesystem_operation_table
 .sbss          0x00000000000128b0        0x8 build\kernel\components\dfs\filesystems\elmfat\dfs_elm.o
 .sbss          0x00000000000128b8        0xc build\kernel\components\dfs\filesystems\elmfat\ff.o
 .sbss          0x00000000000128c4        0x4 build\kernel\components\drivers\misc\adc.o
 .sbss          0x00000000000128c8        0x4 build\kernel\components\drivers\serial\serial.o
 .sbss          0x00000000000128cc        0x4 build\kernel\components\finsh\cmd.o
 .sbss          0x00000000000128d0        0xc build\kernel\components\finsh\finsh_vm.o
                0x00000000000128d0                global_syscall_list
                0x00000000000128d4                finsh_pc
                0x00000000000128d8                finsh_sp
 .sbss          0x00000000000128dc       0x18 build\kernel\components\finsh\shell.o
                0x00000000000128e0                shell
                0x00000000000128e4                _sysvar_table_end
                0x00000000000128e8                _sysvar_table_begin
                0x00000000000128ec                _syscall_table_end
                0x00000000000128f0                _syscall_table_begin
 .sbss          0x00000000000128f4        0x4 build\kernel\components\finsh\finsh_var.o
                0x00000000000128f4                global_sysvar_list
 .sbss          0x00000000000128f8        0x8 build\kernel\components\finsh\finsh_compiler.o
                0x00000000000128f8                finsh_compile_pc
                0x00000000000128fc                finsh_compile_sp
 .sbss          0x0000000000012900        0x8 build\kernel\components\finsh\finsh_heap.o
 .sbss          0x0000000000012908        0x1 build\kernel\components\finsh\finsh_error.o
                0x0000000000012908                global_errno
 *fill*         0x0000000000012909        0x3 
 .sbss          0x000000000001290c        0x4 build\kernel\components\libc\compilers\common\time.o
 .sbss          0x0000000000012910        0x4 build\kernel\components\libc\compilers\newlib\stdio.o
 .sbss          0x0000000000012914        0x8 libraries\hal_drivers\drv_wdt.o
 .sbss          0x000000000001291c        0x4 libraries\hal_drivers\drv_sdio.o
 .sbss          0x0000000000012920        0x8 libraries\hal_drivers\drv_irrx.o
 .sbss          0x0000000000012928        0x8 libcpu\cpu\interrupt.o
                0x0000000000012928                cpu_irq_comm_hook
                0x000000000001292c                irq_mask
 .sbss          0x0000000000012930       0x10 libcpu\cpu\cpuport.o
                0x0000000000012930                rt_cur_thread_sp
                0x0000000000012934                rt_thread_switch_interrupt_flag
                0x0000000000012938                rt_interrupt_to_thread
                0x000000000001293c                rt_interrupt_from_thread
 .sbss          0x0000000000012940        0x8 libraries\hal_libraries\ab32vg1_hal\source\ab32vg1_hal.o
 .sbss          0x0000000000012948        0x4 d:/program_files/programming/rt-threadstudio/repo/extract/toolchain_support_packages/risc-v/risc-v-gcc/10.1.0/bin/../lib/gcc/riscv64-unknown-elf/10.1.0/../../../../riscv64-unknown-elf/lib/rv32im/ilp32\libc.a(lib_a-setenv_r.o)
 .sbss          0x000000000001294c        0x4 d:/program_files/programming/rt-threadstudio/repo/extract/toolchain_support_packages/risc-v/risc-v-gcc/10.1.0/bin/../lib/gcc/riscv64-unknown-elf/10.1.0/../../../../riscv64-unknown-elf/lib/rv32im/ilp32\libc.a(lib_a-environ.o)
 *(.buf*)
                0x0000000000012950                __bss_end = .
                0x0000000000001950                __bss_size = (__bss_end - __bss_start)

.stack          0x0000000000013000     0x1000
                0x0000000000013000                __irq_stack_start = .
                0x0000000000001000                . = __stack_ram_size
 *fill*         0x0000000000013000     0x1000 
                0x0000000000014000                __irq_stack = .
                0x0000000000001000                __irq_stack_size = (__irq_stack - __irq_stack_start)

.heap           0x000000000001e800    0x11800
                0x000000000001e800                __heap_start = .
                0x0000000000011800                . = __heap_ram_size
 *fill*         0x000000000001e800    0x11800 
                0x0000000000030000                __heap_end = .

.flash          0x0000000010008e70    0x2e390
                0x0000000010008e70                . = ALIGN (0x4)
                0x0000000010008e70                __fsymtab_start = .
 *(FSymTab)
 FSymTab        0x0000000010008e70        0xc build\kernel\src\mem.o
                0x0000000010008e70                __fsym_list_mem
 FSymTab        0x0000000010008e7c        0xc build\kernel\src\memheap.o
                0x0000000010008e7c                __fsym___cmd_memheaptrace
 FSymTab        0x0000000010008e88       0x18 build\kernel\components\dfs\src\dfs_posix.o
                0x0000000010008e88                __fsym_cd
                0x0000000010008e94                __fsym_mkdir
 FSymTab        0x0000000010008ea0       0x18 build\kernel\components\dfs\src\dfs_fs.o
                0x0000000010008ea0                __fsym_df
                0x0000000010008eac                __fsym_mkfs
 FSymTab        0x0000000010008eb8        0xc build\kernel\components\dfs\src\dfs.o
                0x0000000010008eb8                __fsym___cmd_list_fd
 FSymTab        0x0000000010008ec4       0x30 build\kernel\components\dfs\src\dfs_file.o
                0x0000000010008ec4                __fsym_copy
                0x0000000010008ed0                __fsym_cat
                0x0000000010008edc                __fsym_rm
                0x0000000010008ee8                __fsym_ls
 FSymTab        0x0000000010008ef4        0xc build\kernel\components\drivers\misc\adc.o
                0x0000000010008ef4                __fsym___cmd_adc
 FSymTab        0x0000000010008f00       0x48 build\kernel\components\drivers\misc\rt_drv_pwm.o
                0x0000000010008f00                __fsym___cmd_pwm_get
                0x0000000010008f0c                __fsym___cmd_pwm_set
                0x0000000010008f18                __fsym___cmd_pwm_disable
                0x0000000010008f24                __fsym___cmd_pwm_enable
                0x0000000010008f30                __fsym_pwm_set
                0x0000000010008f3c                __fsym_pwm_enable
 FSymTab        0x0000000010008f48       0x30 build\kernel\components\drivers\misc\pin.o
                0x0000000010008f48                __fsym_pinGet
                0x0000000010008f54                __fsym_pinRead
                0x0000000010008f60                __fsym_pinWrite
                0x0000000010008f6c                __fsym_pinMode
 FSymTab        0x0000000010008f78       0x3c build\kernel\components\drivers\rtc\rtc.o
                0x0000000010008f78                __fsym___cmd_date
                0x0000000010008f84                __fsym___cmd_list_date
                0x0000000010008f90                __fsym_set_time
                0x0000000010008f9c                __fsym_set_date
                0x0000000010008fa8                __fsym_list_date
 FSymTab        0x0000000010008fb4      0x138 build\kernel\components\finsh\cmd.o
                0x0000000010008fb4                __fsym_list
                0x0000000010008fc0                __fsym___cmd_list_device
                0x0000000010008fcc                __fsym_list_device
                0x0000000010008fd8                __fsym___cmd_list_timer
                0x0000000010008fe4                __fsym_list_timer
                0x0000000010008ff0                __fsym___cmd_list_mempool
                0x0000000010008ffc                __fsym_list_mempool
                0x0000000010009008                __fsym___cmd_list_memheap
                0x0000000010009014                __fsym_list_memheap
                0x0000000010009020                __fsym___cmd_list_msgqueue
                0x000000001000902c                __fsym_list_msgqueue
                0x0000000010009038                __fsym___cmd_list_mailbox
                0x0000000010009044                __fsym_list_mailbox
                0x0000000010009050                __fsym___cmd_list_mutex
                0x000000001000905c                __fsym_list_mutex
                0x0000000010009068                __fsym___cmd_list_event
                0x0000000010009074                __fsym_list_event
                0x0000000010009080                __fsym___cmd_list_sem
                0x000000001000908c                __fsym_list_sem
                0x0000000010009098                __fsym___cmd_list_thread
                0x00000000100090a4                __fsym_list_thread
                0x00000000100090b0                __fsym___cmd_version
                0x00000000100090bc                __fsym_version
                0x00000000100090c8                __fsym___cmd_clear
                0x00000000100090d4                __fsym_clear
                0x00000000100090e0                __fsym_hello
 FSymTab        0x00000000100090ec       0x9c build\kernel\components\finsh\msh_file.o
                0x00000000100090ec                __fsym___cmd_echo
                0x00000000100090f8                __fsym___cmd_df
                0x0000000010009104                __fsym___cmd_umount
                0x0000000010009110                __fsym___cmd_mount
                0x000000001000911c                __fsym___cmd_mkfs
                0x0000000010009128                __fsym___cmd_mkdir
                0x0000000010009134                __fsym___cmd_pwd
                0x0000000010009140                __fsym___cmd_cd
                0x000000001000914c                __fsym___cmd_rm
                0x0000000010009158                __fsym___cmd_cat
                0x0000000010009164                __fsym___cmd_mv
                0x0000000010009170                __fsym___cmd_cp
                0x000000001000917c                __fsym___cmd_ls
 FSymTab        0x0000000010009188       0x3c build\kernel\components\finsh\msh.o
                0x0000000010009188                __fsym___cmd_free
                0x0000000010009194                __fsym___cmd_ps
                0x00000000100091a0                __fsym___cmd_help
                0x00000000100091ac                __fsym_msh
                0x00000000100091b8                __fsym___cmd_exit
                0x00000000100091c4                __fsymtab_end = .
                0x00000000100091c4                . = ALIGN (0x4)
                0x00000000100091c4                __vsymtab_start = .
 *(VSymTab)
 VSymTab        0x00000000100091c4       0x10 build\kernel\components\finsh\cmd.o
                0x00000000100091c4                __vsym_dummy
                0x00000000100091d4                __vsymtab_end = .
                0x00000000100091d4                . = ALIGN (0x4)
 *(.text*)
 .text          0x00000000100091d4       0xf8 build\applications\mnt.o
                0x00000000100091d4                sd_mount
                0x000000001000925c                ab32_sdcard_mount
 .text          0x00000000100092cc      0x65e build\board\ports\audio\drv_sound.o
                0x00000000100094c8                adpll_init
                0x000000001000957a                dac_start
                0x000000001000963c                audio_sem_pend
                0x000000001000964e                sound_transmit
                0x00000000100096b0                saia_frequency_set
                0x0000000010009704                saia_channels_set
                0x0000000010009760                saia_volume_set
                0x0000000010009878                saia_volume_get
 .text          0x000000001000992a      0x1e4 build\board\board.o
                0x000000001000992a                timer0_cfg
                0x0000000010009952                hal_printf
                0x00000000100099de                timer0_init
                0x0000000010009a06                hal_mdelay
                0x0000000010009a0e                rt_hw_systick_init
                0x0000000010009ab6                rt_hw_board_init
                0x0000000010009b04                rt_hw_us_delay
                0x0000000010009b06                rt_hw_console_output
 .text          0x0000000010009b0e      0x15c build\board\ab32vg1_hal_msp.o
                0x0000000010009b0e                hal_uart_mspinit
                0x0000000010009be8                hal_sd_mspinit
                0x0000000010009c38                hal_pwm_mspinit
 .text          0x0000000010009c6a      0x802 build\kernel\src\mem.o
                0x0000000010009c6a                list_mem
                0x0000000010009dac                rt_malloc_sethook
                0x0000000010009db6                rt_free_sethook
                0x0000000010009dc0                rt_system_heap_init
                0x0000000010009ebc                rt_malloc
                0x000000001000a0de                rt_calloc
                0x000000001000a10e                rt_free
                0x000000001000a2e2                rt_realloc
                0x000000001000a446                rt_memory_info
 .text          0x000000001000a46c      0x824 build\kernel\src\memheap.o
                0x000000001000a46c                rt_memheap_init
                0x000000001000a540                rt_memheap_detach
                0x000000001000a5dc                rt_memheap_alloc
                0x000000001000a748                rt_memheap_free
                0x000000001000a8a2                rt_memheap_realloc
                0x000000001000aad4                rt_memheap_dump
                0x000000001000ac24                memheaptrace
 .text          0x000000001000ac90      0x6fa build\kernel\components\dfs\src\dfs_posix.o
                0x000000001000ac90                mkdir
                0x000000001000ad02                open
                0x000000001000ad6e                close
                0x000000001000adb0                read
                0x000000001000adfc                write
                0x000000001000ae48                lseek
                0x000000001000aeb6                rename
                0x000000001000aedc                unlink
                0x000000001000af02                stat
                0x000000001000af28                fstat
                0x000000001000af7a                fsync
                0x000000001000afae                fcntl
                0x000000001000b000                ioctl
                0x000000001000b01c                ftruncate
                0x000000001000b070                statfs
                0x000000001000b096                rmdir
                0x000000001000b098                opendir
                0x000000001000b11a                readdir
                0x000000001000b1a0                telldir
                0x000000001000b1dc                seekdir
                0x000000001000b222                rewinddir
                0x000000001000b262                closedir
                0x000000001000b2ac                chdir
                0x000000001000b33e                access
                0x000000001000b358                getcwd
 .text          0x000000001000b38a      0x70e build\kernel\components\dfs\src\dfs_fs.o
                0x000000001000b38a                dfs_register
                0x000000001000b42c                dfs_filesystem_lookup
                0x000000001000b4ca                dfs_filesystem_get_mounted_path
                0x000000001000b50e                dfs_filesystem_get_partition
                0x000000001000b630                dfs_mount
                0x000000001000b7ec                dfs_unmount
                0x000000001000b886                dfs_mkfs
                0x000000001000b98a                mkfs
                0x000000001000b98c                dfs_statfs
                0x000000001000b9b8                df
 .text          0x000000001000ba98      0x658 build\kernel\components\dfs\src\dfs.o
                0x000000001000ba98                list_fd
                0x000000001000bbd4                dfs_init
                0x000000001000bc8e                dfs_lock
                0x000000001000bcd6                dfs_unlock
                0x000000001000bce6                fd_new
                0x000000001000bde2                fd_get
                0x000000001000be38                fd_put
                0x000000001000bea4                dfs_subdir
                0x000000001000bee0                dfs_normalize_path
                0x000000001000c050                fd_is_open
                0x000000001000c0e6                dfs_fdtable_get
 .text          0x000000001000c0f0      0x91c build\kernel\components\dfs\src\dfs_file.o
                0x000000001000c0f0                dfs_file_open
                0x000000001000c1c4                dfs_file_close
                0x000000001000c1f8                dfs_file_ioctl
                0x000000001000c23e                dfs_file_read
                0x000000001000c276                cat
                0x000000001000c300                dfs_file_getdents
                0x000000001000c320                dfs_file_unlink
                0x000000001000c39c                rm
                0x000000001000c3ca                dfs_file_write
                0x000000001000c4aa                dfs_file_flush
                0x000000001000c4be                dfs_file_lseek
                0x000000001000c4ee                dfs_file_stat
                0x000000001000c5fa                ls
                0x000000001000c836                copy
                0x000000001000c93a                dfs_file_rename
                0x000000001000c9c8                dfs_file_ftruncate
 .text          0x000000001000ca0c      0x3ea build\kernel\components\dfs\filesystems\devfs\devfs.o
                0x000000001000ca0c                dfs_device_fs_mount
                0x000000001000ca14                dfs_device_fs_ioctl
                0x000000001000ca76                dfs_device_fs_read
                0x000000001000cae4                dfs_device_fs_write
                0x000000001000cb52                dfs_device_fs_close
                0x000000001000cbe8                dfs_device_fs_stat
                0x000000001000cc5c                dfs_device_fs_open
                0x000000001000cd44                dfs_device_fs_getdents
                0x000000001000cdd8                devfs_init
 .text          0x000000001000cdf6      0xbaa build\kernel\components\dfs\filesystems\elmfat\dfs_elm.o
                0x000000001000ce30                dfs_elm_mount
                0x000000001000cf3a                dfs_elm_unmount
                0x000000001000cfc4                dfs_elm_mkfs
                0x000000001000d0f4                dfs_elm_statfs
                0x000000001000d194                dfs_elm_open
                0x000000001000d2b8                dfs_elm_close
                0x000000001000d334                dfs_elm_ioctl
                0x000000001000d396                dfs_elm_read
                0x000000001000d3f6                dfs_elm_write
                0x000000001000d45a                dfs_elm_flush
                0x000000001000d492                dfs_elm_lseek
                0x000000001000d524                dfs_elm_getdents
                0x000000001000d5f4                dfs_elm_unlink
                0x000000001000d656                dfs_elm_rename
                0x000000001000d6bc                dfs_elm_stat
                0x000000001000d798                elm_init
                0x000000001000d7b6                disk_initialize
                0x000000001000d7ba                disk_status
                0x000000001000d7be                disk_read
                0x000000001000d7f6                disk_write
                0x000000001000d82e                disk_ioctl
                0x000000001000d90a                get_fattime
                0x000000001000d90e                ff_cre_syncobj
                0x000000001000d950                ff_del_syncobj
                0x000000001000d970                ff_req_grant
                0x000000001000d990                ff_rel_grant
                0x000000001000d998                ff_memalloc
                0x000000001000d99c                ff_memfree
 .text          0x000000001000d9a0      0x11e build\kernel\components\dfs\filesystems\elmfat\ffunicode.o
                0x000000001000d9a0                ff_uni2oem
                0x000000001000d9ec                ff_oem2uni
                0x000000001000da1a                ff_wtoupper
 .text          0x000000001000dabe     0x2f98 build\kernel\components\dfs\filesystems\elmfat\ff.o
                0x000000001000f1b8                f_mount
                0x000000001000f244                f_open
                0x000000001000f460                f_read
                0x000000001000f61e                f_write
                0x000000001000f820                f_sync
                0x000000001000f8e8                f_close
                0x000000001000f91e                f_lseek
                0x000000001000fba4                f_opendir
                0x000000001000fc50                f_closedir
                0x000000001000fc7e                f_readdir
                0x000000001000fd06                f_seekdir
                0x000000001000fd48                f_stat
                0x000000001000fdbe                f_getfree
                0x000000001000fec0                f_truncate
                0x000000001000ffa0                f_unlink
                0x0000000010010072                f_mkdir
                0x00000000100101b4                f_rename
                0x0000000010010304                f_mkfs
                0x0000000010010a36                elm_get_vol
 .text          0x0000000010010a56      0x43c build\kernel\components\drivers\audio\audio_pipe.o
                0x0000000010010d8a                rt_audio_pipe_init
                0x0000000010010e20                rt_audio_pipe_detach
                0x0000000010010e28                rt_audio_pipe_create
                0x0000000010010e6e                rt_audio_pipe_destroy
 .text          0x0000000010010e92      0x836 build\kernel\components\drivers\audio\audio.o
                0x00000000100113fa                rt_audio_register
                0x000000001001146a                rt_audio_samplerate_to_speed
                0x0000000010011538                rt_audio_tx_complete
                0x000000001001169a                rt_audio_rx_done
 .text          0x00000000100116c8      0x462 build\kernel\components\drivers\hwtimer\hwtimer.o
                0x0000000010011a2c                rt_device_hwtimer_isr
                0x0000000010011a8e                rt_device_hwtimer_register
 .text          0x0000000010011b2a      0x1de build\kernel\components\drivers\i2c\i2c_core.o
                0x0000000010011b2a                rt_i2c_core_init
                0x0000000010011b2e                rt_i2c_bus_device_register
                0x0000000010011b9e                rt_i2c_bus_device_find
                0x0000000010011bfa                rt_i2c_transfer
                0x0000000010011c78                rt_i2c_master_send
                0x0000000010011caa                rt_i2c_master_recv
 .text          0x0000000010011d08      0x1bc build\kernel\components\drivers\i2c\i2c_dev.o
                0x0000000010011e72                rt_i2c_bus_device_device_init
 .text          0x0000000010011ec4      0x4a8 build\kernel\components\drivers\i2c\i2c-bit-ops.o
                0x000000001001235e                rt_i2c_bit_add_bus
 .text          0x000000001001236c      0x3a6 build\kernel\components\drivers\misc\rt_drv_pwm.o
                0x0000000010012400                rt_pwm_enable
                0x000000001001243e                rt_pwm_set
                0x0000000010012536                rt_device_pwm_register
                0x000000001001257c                rt_pwm_disable
                0x0000000010012612                rt_pwm_get
 .text          0x0000000010012712      0x268 build\kernel\components\drivers\rtc\rtc.o
                0x0000000010012712                set_date
                0x0000000010012790                set_time
                0x0000000010012808                list_date
 .text          0x000000001001297a      0x892 build\kernel\components\drivers\sdio\mmc.o
                0x0000000010012aa8                mmc_send_op_cond
                0x0000000010012b30                init_mmc
 .text          0x000000001001320c      0xa18 build\kernel\components\drivers\sdio\sd.o
                0x00000000100132ae                mmcsd_send_app_cmd
                0x0000000010013324                mmcsd_app_set_bus_width
                0x000000001001336e                mmcsd_send_app_op_cond
                0x00000000100133fe                mmcsd_send_if_cond
                0x0000000010013458                mmcsd_get_card_addr
                0x000000001001349e                mmcsd_get_scr
                0x0000000010013570                init_sd
 .text          0x0000000010013c24      0x6f2 build\kernel\components\drivers\sdio\block_dev.o
                0x0000000010013f36                mmcsd_num_wr_blocks
                0x000000001001403a                rt_mmcsd_blk_probe
                0x00000000100142a8                rt_mmcsd_blk_remove
                0x0000000010014312                rt_mmcsd_blk_init
 .text          0x0000000010014316     0x1418 build\kernel\components\drivers\sdio\sdio.o
                0x000000001001439c                sdio_io_send_op_cond
                0x0000000010014438                sdio_io_rw_direct
                0x0000000010014550                sdio_io_rw_extended
                0x00000000100146f4                sdio_io_rw_extended_block
                0x000000001001481e                sdio_io_readb
                0x0000000010014b32                sdio_io_writeb
                0x0000000010014b5c                sdio_io_readw
                0x0000000010014b8e                sdio_io_writew
                0x0000000010014bae                sdio_io_readl
                0x0000000010014bde                sdio_io_writel
                0x0000000010014bfe                sdio_io_read_multi_fifo_b
                0x0000000010014c0a                sdio_io_write_multi_fifo_b
                0x0000000010014c16                sdio_io_read_multi_incr_b
                0x0000000010014c22                sdio_io_write_multi_incr_b
                0x0000000010014c2e                sdio_free_cis
                0x0000000010014c64                init_sdio
                0x000000001001521a                sdio_attach_irq
                0x0000000010015322                sdio_detach_irq
                0x0000000010015414                sdio_irq_wakeup
                0x0000000010015442                sdio_enable_func
                0x000000001001550c                sdio_disable_func
                0x0000000010015592                sdio_set_drvdata
                0x0000000010015596                sdio_get_drvdata
                0x000000001001559a                sdio_set_block_size
                0x0000000010015604                sdio_register_driver
                0x000000001001568c                sdio_unregister_driver
                0x000000001001572c                rt_sdio_init
 .text          0x000000001001572e      0xa22 build\kernel\components\drivers\sdio\mmcsd_core.o
                0x0000000010015752                rt_mmcsd_core_init
                0x0000000010015830                mmcsd_host_lock
                0x000000001001583e                mmcsd_host_unlock
                0x000000001001584a                mmcsd_req_complete
                0x0000000010015856                mmcsd_send_request
                0x00000000100158b6                mmcsd_send_cmd
                0x0000000010015946                mmcsd_go_idle
                0x00000000100159bc                mmcsd_detect
                0x0000000010015b5a                mmcsd_spi_read_ocr
                0x0000000010015ba4                mmcsd_all_get_cid
                0x0000000010015bf4                mmcsd_get_cid
                0x0000000010015d24                mmcsd_get_csd
                0x0000000010015e4e                mmcsd_select_card
                0x0000000010015e54                mmcsd_deselect_cards
                0x0000000010015e5a                mmcsd_spi_use_crc
                0x0000000010015e9c                mmcsd_set_chip_select
                0x0000000010015ea2                mmcsd_set_clock
                0x0000000010015ef2                mmcsd_set_bus_mode
                0x0000000010015ef8                mmcsd_set_bus_width
                0x0000000010015efe                mmcsd_set_data_timeout
                0x0000000010015fc6                mmcsd_select_voltage
                0x0000000010016038                mmcsd_wait_cd_changed
                0x000000001001606e                mmcsd_change
                0x0000000010016080                mmcsd_alloc_host
                0x0000000010016120                mmcsd_free_host
 .text          0x0000000010016150      0x6f4 build\kernel\components\drivers\serial\serial.o
                0x0000000010016694                rt_hw_serial_register
                0x00000000100166f6                rt_hw_serial_isr
 .text          0x0000000010016844      0x65c build\kernel\components\drivers\src\ringbuffer.o
                0x0000000010016844                rt_ringbuffer_init
                0x00000000100168a6                rt_ringbuffer_putchar_force
                0x0000000010016954                rt_ringbuffer_data_len
                0x000000001001698c                rt_ringbuffer_put
                0x0000000010016a4a                rt_ringbuffer_put_force
                0x0000000010016b64                rt_ringbuffer_get
                0x0000000010016c3e                rt_ringbuffer_peak
                0x0000000010016cc8                rt_ringbuffer_putchar
                0x0000000010016d44                rt_ringbuffer_getchar
                0x0000000010016dd0                rt_ringbuffer_reset
                0x0000000010016e04                rt_ringbuffer_create
                0x0000000010016e64                rt_ringbuffer_destroy
 .text          0x0000000010016ea0      0x7a4 build\kernel\components\drivers\src\dataqueue.o
                0x0000000010016ea0                rt_data_queue_init
                0x0000000010016f2c                rt_data_queue_push
                0x000000001001711c                rt_data_queue_peek
                0x00000000100171c0                rt_data_queue_reset
                0x00000000100172aa                rt_data_queue_deinit
                0x0000000010017324                rt_data_queue_len
                0x00000000100173c6                rt_data_queue_pop
 .text          0x0000000010017644      0x204 build\kernel\components\drivers\src\completion.o
                0x0000000010017644                rt_completion_init
                0x000000001001768e                rt_completion_wait
                0x00000000100177d2                rt_completion_done
 .text          0x0000000010017848      0x130 build\kernel\components\drivers\watchdog\watchdog.o
                0x0000000010017916                rt_hw_watchdog_register
 .text          0x0000000010017978      0x1aa build\kernel\components\finsh\finsh_node.o
                0x0000000010017978                finsh_node_init
                0x000000001001799c                finsh_node_allocate
                0x00000000100179ce                finsh_node_new_id
                0x0000000010017a36                finsh_node_new_char
                0x0000000010017a5e                finsh_node_new_int
                0x0000000010017a84                finsh_node_new_long
                0x0000000010017aaa                finsh_node_new_string
                0x0000000010017afc                finsh_node_new_ptr
 .text          0x0000000010017b22      0x7ea build\kernel\components\finsh\finsh_parser.o
                0x0000000010018264                finsh_parser_run
                0x00000000100182f0                finsh_parser_init
 .text          0x000000001001830c      0xf5e build\kernel\components\finsh\cmd.o
                0x0000000010018358                hello
                0x00000000100183e6                version
                0x0000000010018400                list
                0x00000000100185a8                list_timer
                0x00000000100186b0                list_thread
                0x000000001001880a                list_sem
                0x0000000010018920                list_event
                0x0000000010018a2c                list_mutex
                0x0000000010018b06                list_mailbox
                0x0000000010018c2a                list_msgqueue
                0x0000000010018d46                list_memheap
                0x0000000010018e18                list_mempool
                0x0000000010018f30                list_device
                0x000000001001901e                list_prefix
 .text          0x000000001001926a       0xf6 build\kernel\components\finsh\finsh_vm.o
                0x000000001001926a                finsh_vm_run
                0x00000000100192c6                finsh_syscall_append
                0x0000000010019308                finsh_syscall_lookup
 .text          0x0000000010019360      0x8ca build\kernel\components\finsh\msh_file.o
                0x0000000010019360                cmd_ls
                0x0000000010019388                cmd_pwd
                0x00000000100194e2                cmd_rm
                0x000000001001960e                cmd_mkfs
                0x0000000010019678                cmd_mount
                0x000000001001974c                cmd_umount
                0x00000000100197b0                cmd_cp
                0x00000000100197f4                cmd_mv
                0x00000000100198ee                cmd_cat
                0x0000000010019942                cmd_cd
                0x000000001001998e                cmd_mkdir
                0x00000000100199d2                cmd_df
                0x0000000010019a2e                cmd_echo
                0x0000000010019ab0                msh_exec_script
 .text          0x0000000010019c2a      0x530 build\kernel\components\finsh\msh.o
                0x0000000010019c44                msh_help
                0x0000000010019cc0                cmd_ps
                0x0000000010019cd6                cmd_free
                0x0000000010019cec                msh_is_used
                0x0000000010019cf6                msh_exec
                0x0000000010019ec8                msh_auto_complete_path
                0x000000001001a074                msh_auto_complete
 .text          0x000000001001a15a      0xa52 build\kernel\components\finsh\shell.o
                0x000000001001a19e                finsh_set_prompt
                0x000000001001a1e2                finsh_get_prompt
                0x000000001001a2ce                finsh_get_prompt_mode
                0x000000001001a30e                finsh_set_prompt_mode
                0x000000001001a35a                finsh_system_init
                0x000000001001a424                finsh_set_device
                0x000000001001a4e6                finsh_get_device
                0x000000001001a524                finsh_set_echo
                0x000000001001a56e                finsh_get_echo
                0x000000001001a5ac                finsh_run_line
                0x000000001001a682                finsh_thread_entry
                0x000000001001ab88                finsh_system_function_init
                0x000000001001ab9a                finsh_system_var_init
 .text          0x000000001001abac      0x1aa build\kernel\components\finsh\finsh_var.o
                0x000000001001abac                finsh_var_init
                0x000000001001abd0                finsh_var_insert
                0x000000001001ac38                finsh_var_delete
                0x000000001001ac7e                finsh_var_lookup
                0x000000001001acb6                finsh_sysvar_append
                0x000000001001acfe                finsh_sysvar_lookup
 .text          0x000000001001ad56      0xef0 build\kernel\components\finsh\finsh_compiler.o
                0x000000001001bbc8                finsh_compiler_run
 .text          0x000000001001bc46      0x1fc build\kernel\components\finsh\finsh_heap.o
                0x000000001001bc6a                finsh_heap_init
                0x000000001001bcac                finsh_heap_free
                0x000000001001bd64                finsh_heap_allocate
 .text          0x000000001001be42      0x842 build\kernel\components\finsh\finsh_ops.o
                0x000000001001be42                OP_no_op
                0x000000001001be44                OP_add_byte
                0x000000001001be64                OP_add_word
                0x000000001001be84                OP_add_dword
                0x000000001001bea4                OP_sub_byte
                0x000000001001bec4                OP_sub_word
                0x000000001001bee4                OP_sub_dword
                0x000000001001bf04                OP_div_byte
                0x000000001001bf26                OP_div_word
                0x000000001001bf48                OP_div_dword
                0x000000001001bf6a                OP_mod_byte
                0x000000001001bf8c                OP_mod_word
                0x000000001001bfae                OP_mod_dword
                0x000000001001bfd0                OP_mul_byte
                0x000000001001bff2                OP_mul_word
                0x000000001001c014                OP_mul_dword
                0x000000001001c036                OP_and_byte
                0x000000001001c056                OP_and_word
                0x000000001001c076                OP_and_dword
                0x000000001001c096                OP_or_byte
                0x000000001001c0b6                OP_or_word
                0x000000001001c0d6                OP_or_dword
                0x000000001001c0f6                OP_xor_byte
                0x000000001001c116                OP_xor_word
                0x000000001001c136                OP_xor_dword
                0x000000001001c156                OP_bw_byte
                0x000000001001c16c                OP_bw_word
                0x000000001001c182                OP_bw_dword
                0x000000001001c198                OP_shl_byte
                0x000000001001c1ba                OP_shl_word
                0x000000001001c1dc                OP_shl_dword
                0x000000001001c1fe                OP_shr_byte
                0x000000001001c220                OP_shr_word
                0x000000001001c242                OP_shr_dword
                0x000000001001c264                OP_ld_byte
                0x000000001001c28e                OP_ld_word
                0x000000001001c2c0                OP_ld_dword
                0x000000001001c300                OP_ld_value_byte
                0x000000001001c346                OP_ld_value_byte_stack
                0x000000001001c35c                OP_ld_value_word
                0x000000001001c3a2                OP_ld_value_word_stack
                0x000000001001c3b8                OP_ld_value_dword
                0x000000001001c3fa                OP_ld_value_dword_stack
                0x000000001001c40e                OP_st_byte
                0x000000001001c42c                OP_st_word
                0x000000001001c448                OP_st_dword
                0x000000001001c462                OP_pop
                0x000000001001c472                OP_call
 .text          0x000000001001c684       0x34 build\kernel\components\finsh\finsh_error.o
                0x000000001001c684                finsh_error_init
                0x000000001001c690                finsh_error_set
                0x000000001001c69c                finsh_errno
                0x000000001001c6a6                finsh_error_string
 .text          0x000000001001c6b8      0x5ca build\kernel\components\finsh\finsh_token.o
                0x000000001001c71c                finsh_token_init
                0x000000001001c73e                finsh_token_get_token
                0x000000001001c74c                token_get_string
                0x000000001001c7d0                finsh_token_token
 .text          0x000000001001cc82       0x70 build\kernel\components\finsh\finsh_init.o
                0x000000001001cc82                finsh_init
                0x000000001001cca8                finsh_stack_bottom
                0x000000001001ccb2                finsh_flush
                0x000000001001ccd0                finsh_reset
 .text          0x000000001001ccf2       0x48 build\kernel\components\libc\compilers\common\stdlib.o
                0x000000001001ccf2                __rt_libc_exit
                0x000000001001cd36                __rt_libc_system
 .text          0x000000001001cd3a      0x4b4 build\kernel\components\libc\compilers\common\time.o
                0x000000001001cd7c                gmtime_r
                0x000000001001ce36                gmtime
                0x000000001001ce40                localtime_r
                0x000000001001ce5c                localtime
                0x000000001001ce66                asctime_r
                0x000000001001cf0e                asctime
                0x000000001001cf18                ctime_r
                0x000000001001cf36                ctime
                0x000000001001cf4a                time
                0x000000001001cfc0                clock
                0x000000001001cfc8                stime
                0x000000001001d024                timegm
                0x000000001001d19a                mktime
                0x000000001001d19c                gettimeofday
                0x000000001001d1ce                settimeofday
 .text          0x000000001001d1ee       0xc4 build\kernel\components\libc\compilers\newlib\stdio.o
                0x000000001001d1ee                libc_stdio_set_console
                0x000000001001d29e                libc_stdio_get_console
 .text          0x000000001001d2b2      0x124 build\kernel\components\libc\compilers\newlib\syscalls.o
                0x000000001001d2b2                __errno
                0x000000001001d2ba                _getpid_r
                0x000000001001d2be                _close_r
                0x000000001001d2c4                _execve_r
                0x000000001001d2ce                _fcntl_r
                0x000000001001d2d8                _fork_r
                0x000000001001d2e2                _fstat_r
                0x000000001001d2ec                _isatty_r
                0x000000001001d2f2                _kill_r
                0x000000001001d2fc                _link_r
                0x000000001001d306                _lseek_r
                0x000000001001d310                _mkdir_r
                0x000000001001d318                _open_r
                0x000000001001d322                _read_r
                0x000000001001d32c                _rename_r
                0x000000001001d334                _stat_r