Archive member included to satisfy reference by file (symbol)

d:/program_files/programming/rt-threadstudio/repo/extract/toolchain_support_packages/risc-v/risc-v-gcc/10.1.0/bin/../lib/gcc/riscv64-unknown-elf/10.1.0/../../../../riscv64-unknown-elf/lib/rv32im/ilp32\libc.a(lib_a-atoi.o)
                              build\kernel\components\drivers\misc\adc.o (atoi)
d:/program_files/programming/rt-threadstudio/repo/extract/toolchain_support_packages/risc-v/risc-v-gcc/10.1.0/bin/../lib/gcc/riscv64-unknown-elf/10.1.0/../../../../riscv64-unknown-elf/lib/rv32im/ilp32\libc.a(lib_a-fclose.o)
                              build\kernel\components\libc\compilers\newlib\stdio.o (fclose)
d:/program_files/programming/rt-threadstudio/repo/extract/toolchain_support_packages/risc-v/risc-v-gcc/10.1.0/bin/../lib/gcc/riscv64-unknown-elf/10.1.0/../../../../riscv64-unknown-elf/lib/rv32im/ilp32\libc.a(lib_a-fflush.o)
                              d:/program_files/programming/rt-threadstudio/repo/extract/toolchain_support_packages/risc-v/risc-v-gcc/10.1.0/bin/../lib/gcc/riscv64-unknown-elf/10.1.0/../../../../riscv64-unknown-elf/lib/rv32im/ilp32\libc.a(lib_a-fclose.o) (__sflush_r)
d:/program_files/programming/rt-threadstudio/repo/extract/toolchain_support_packages/risc-v/risc-v-gcc/10.1.0/bin/../lib/gcc/riscv64-unknown-elf/10.1.0/../../../../riscv64-unknown-elf/lib/rv32im/ilp32\libc.a(lib_a-fileno.o)
                              build\kernel\components\libc\compilers\newlib\stdio.o (fileno)
d:/program_files/programming/rt-threadstudio/repo/extract/toolchain_support_packages/risc-v/risc-v-gcc/10.1.0/bin/../lib/gcc/riscv64-unknown-elf/10.1.0/../../../../riscv64-unknown-elf/lib/rv32im/ilp32\libc.a(lib_a-findfp.o)
                              d:/program_files/programming/rt-threadstudio/repo/extract/toolchain_support_packages/risc-v/risc-v-gcc/10.1.0/bin/../lib/gcc/riscv64-unknown-elf/10.1.0/../../../../riscv64-unknown-elf/lib/rv32im/ilp32\libc.a(lib_a-fclose.o) (__sinit)
d:/program_files/programming/rt-threadstudio/repo/extract/toolchain_support_packages/risc-v/risc-v-gcc/10.1.0/bin/../lib/gcc/riscv64-unknown-elf/10.1.0/../../../../riscv64-unknown-elf/lib/rv32im/ilp32\libc.a(lib_a-fopen.o)
                              build\kernel\components\libc\compilers\newlib\stdio.o (fopen)
d:/program_files/programming/rt-threadstudio/repo/extract/toolchain_support_packages/risc-v/risc-v-gcc/10.1.0/bin/../lib/gcc/riscv64-unknown-elf/10.1.0/../../../../riscv64-unknown-elf/lib/rv32im/ilp32\libc.a(lib_a-fseek.o)
                              d:/program_files/programming/rt-threadstudio/repo/extract/toolchain_support_packages/risc-v/risc-v-gcc/10.1.0/bin/../lib/gcc/riscv64-unknown-elf/10.1.0/../../../../riscv64-unknown-elf/lib/rv32im/ilp32\libc.a(lib_a-fopen.o) (_fseek_r)
d:/program_files/programming/rt-threadstudio/repo/extract/toolchain_support_packages/risc-v/risc-v-gcc/10.1.0/bin/../lib/gcc/riscv64-unknown-elf/10.1.0/../../../../riscv64-unknown-elf/lib/rv32im/ilp32\libc.a(lib_a-fseeko.o)
                              d:/program_files/programming/rt-threadstudio/repo/extract/toolchain_support_packages/risc-v/risc-v-gcc/10.1.0/bin/../lib/gcc/riscv64-unknown-elf/10.1.0/../../../../riscv64-unknown-elf/lib/rv32im/ilp32\libc.a(lib_a-fseek.o) (_fseeko_r)
d:/program_files/programming/rt-threadstudio/repo/extract/toolchain_support_packages/risc-v/risc-v-gcc/10.1.0/bin/../lib/gcc/riscv64-unknown-elf/10.1.0/../../../../riscv64-unknown-elf/lib/rv32im/ilp32\libc.a(lib_a-ftello.o)
                              d:/program_files/programming/rt-threadstudio/repo/extract/toolchain_support_packages/risc-v/risc-v-gcc/10.1.0/bin/../lib/gcc/riscv64-unknown-elf/10.1.0/../../../../riscv64-unknown-elf/lib/rv32im/ilp32\libc.a(lib_a-fseeko.o) (_ftello_r)
d:/program_files/programming/rt-threadstudio/repo/extract/toolchain_support_packages/risc-v/risc-v-gcc/10.1.0/bin/../lib/gcc/riscv64-unknown-elf/10.1.0/../../../../riscv64-unknown-elf/lib/rv32im/ilp32\libc.a(lib_a-fwalk.o)
                              d:/program_files/programming/rt-threadstudio/repo/extract/toolchain_support_packages/risc-v/risc-v-gcc/10.1.0/bin/../lib/gcc/riscv64-unknown-elf/10.1.0/../../../../riscv64-unknown-elf/lib/rv32im/ilp32\libc.a(lib_a-findfp.o) (_fwalk)
d:/program_files/programming/rt-threadstudio/repo/extract/toolchain_support_packages/risc-v/risc-v-gcc/10.1.0/bin/../lib/gcc/riscv64-unknown-elf/10.1.0/../../../../riscv64-unknown-elf/lib/rv32im/ilp32\libc.a(lib_a-impure.o)
                              build\kernel\components\libc\compilers\newlib\stdio.o (_global_impure_ptr)
d:/program_files/programming/rt-threadstudio/repo/extract/toolchain_support_packages/risc-v/risc-v-gcc/10.1.0/bin/../lib/gcc/riscv64-unknown-elf/10.1.0/../../../../riscv64-unknown-elf/lib/rv32im/ilp32\libc.a(lib_a-makebuf.o)
[...]
Memory Configuration

Name             Origin             Length             Attributes
init             0x0000000010000000 0x0000000000000200
flash            0x0000000010000200 0x0000000000100000 xr
comm             0x0000000000014000 0x0000000000014c00 xr
data             0x0000000000011000 0x0000000000002000
stack            0x0000000000013000 0x0000000000001000
heap             0x0000000000028c00 0x0000000000007400
ram1             0x0000000000050000 0x0000000000007a00 xr
*default*        0x0000000000000000 0xffffffffffffffff

Linker script and memory map

LOAD build\applications\main.o
LOAD build\applications\mnt.o
LOAD build\board\ports\audio\drv_sound.o
LOAD build\board\board.o
LOAD build\board\ab32vg1_hal_msp.o
LOAD build\kernel\src\mempool.o
LOAD build\kernel\src\memheap.o
LOAD build\kernel\src\ipc.o
LOAD build\kernel\src\mem.o
LOAD build\kernel\src\object.o
LOAD build\kernel\src\components.o
LOAD build\kernel\src\clock.o
LOAD build\kernel\src\idle.o
LOAD build\kernel\src\irq.o
LOAD build\kernel\src\thread.o
LOAD build\kernel\src\timer.o
LOAD build\kernel\src\kservice.o
LOAD build\kernel\src\scheduler.o
LOAD build\kernel\src\device.o
LOAD build\kernel\components\dfs\src\dfs_posix.o
LOAD build\kernel\components\dfs\src\dfs_fs.o
LOAD build\kernel\components\dfs\src\dfs.o
LOAD build\kernel\components\dfs\src\dfs_file.o
LOAD build\kernel\components\dfs\filesystems\devfs\devfs.o
LOAD build\kernel\components\dfs\filesystems\elmfat\ff.o
LOAD build\kernel\components\dfs\filesystems\elmfat\ffunicode.o
LOAD build\kernel\components\dfs\filesystems\elmfat\dfs_elm.o
LOAD build\kernel\components\drivers\audio\audio_pipe.o
LOAD build\kernel\components\drivers\audio\audio.o
LOAD build\kernel\components\drivers\hwtimer\hwtimer.o
LOAD build\kernel\components\drivers\i2c\i2c_core.o
LOAD build\kernel\components\drivers\i2c\i2c_dev.o
LOAD build\kernel\components\drivers\i2c\i2c-bit-ops.o
LOAD build\kernel\components\drivers\misc\adc.o
LOAD build\kernel\components\drivers\misc\rt_drv_pwm.o
LOAD build\kernel\components\drivers\misc\pin.o
LOAD build\kernel\components\drivers\rtc\rtc.o
LOAD build\kernel\components\drivers\sdio\mmc.o
LOAD build\kernel\components\drivers\sdio\sd.o
LOAD build\kernel\components\drivers\sdio\block_dev.o
LOAD build\kernel\components\drivers\sdio\sdio.o
LOAD build\kernel\components\drivers\sdio\mmcsd_core.o
LOAD build\kernel\components\drivers\serial\serial.o
LOAD build\kernel\components\drivers\src\pipe.o
LOAD build\kernel\components\drivers\src\ringblk_buf.o
LOAD build\kernel\components\drivers\src\waitqueue.o
LOAD build\kernel\components\drivers\src\ringbuffer.o
LOAD build\kernel\components\drivers\src\workqueue.o
LOAD build\kernel\components\drivers\src\completion.o
LOAD build\kernel\components\drivers\src\dataqueue.o
LOAD build\kernel\components\drivers\watchdog\watchdog.o
LOAD build\kernel\components\finsh\finsh_node.o
LOAD build\kernel\components\finsh\finsh_parser.o
LOAD build\kernel\components\finsh\cmd.o
LOAD build\kernel\components\finsh\finsh_vm.o
LOAD build\kernel\components\finsh\msh_file.o
LOAD build\kernel\components\finsh\shell.o
LOAD build\kernel\components\finsh\finsh_var.o
LOAD build\kernel\components\finsh\finsh_compiler.o
LOAD build\kernel\components\finsh\finsh_ops.o
LOAD build\kernel\components\finsh\finsh_heap.o
LOAD build\kernel\components\finsh\msh.o
LOAD build\kernel\components\finsh\finsh_error.o
LOAD build\kernel\components\finsh\finsh_token.o
LOAD build\kernel\components\finsh\finsh_init.o
LOAD build\kernel\components\libc\compilers\common\time.o
LOAD build\kernel\components\libc\compilers\common\stdlib.o
LOAD build\kernel\components\libc\compilers\newlib\syscalls.o
LOAD build\kernel\components\libc\compilers\newlib\libc.o
LOAD build\kernel\components\libc\compilers\newlib\stdio.o
LOAD libraries\hal_drivers\drv_gpio.o
LOAD libraries\hal_drivers\drv_rtc.o
LOAD libraries\hal_drivers\drv_soft_i2c.o
LOAD libraries\hal_drivers\drv_wdt.o
LOAD libraries\hal_drivers\drv_sdio.o
LOAD libraries\hal_drivers\drv_adc.o
LOAD libraries\hal_drivers\drv_usart.o
LOAD libraries\hal_drivers\drv_pwm.o
LOAD libraries\hal_drivers\drv_hwtimer.o
LOAD libcpu\cpu\cpuport.o
LOAD libcpu\cpu\interrupt.o
LOAD libcpu\cpu\context_gcc.o
LOAD libraries\hal_libraries\ab32vg1_hal\source\ab32vg1_hal_gpio.o
LOAD libraries\hal_libraries\ab32vg1_hal\source\ab32vg1_hal_dac.o
LOAD libraries\hal_libraries\ab32vg1_hal\source\ab32vg1_hal_rcu.o
LOAD libraries\hal_libraries\ab32vg1_hal\source\ab32vg1_hal_sd.o
LOAD libraries\hal_libraries\ab32vg1_hal\source\ab32vg1_hal.o
LOAD libraries\hal_libraries\ab32vg1_hal\source\ab32vg1_hal_uart.o
LOAD libraries\hal_libraries\bmsis\source\system_ab32vgx.o
LOAD libraries\hal_libraries\bmsis\source\startup.o
LOAD d:/program_files/programming/rt-threadstudio/repo/extract/toolchain_support_packages/risc-v/risc-v-gcc/10.1.0/bin/../lib/gcc/riscv64-unknown-elf/10.1.0/../../../../riscv64-unknown-elf/lib/rv32im/ilp32\libc.a
LOAD d:/program_files/programming/rt-threadstudio/repo/extract/toolchain_support_packages/risc-v/risc-v-gcc/10.1.0/bin/../lib/gcc/riscv64-unknown-elf/10.1.0/../../../../riscv64-unknown-elf/lib/rv32im/ilp32\libm.a
LOAD libraries\hal_libraries\ab32vg1_hal\libhal.a
LOAD d:/program_files/programming/rt-threadstudio/repo/extract/toolchain_support_packages/risc-v/risc-v-gcc/10.1.0/bin/../lib/gcc/riscv64-unknown-elf/10.1.0/rv32im/ilp32\libgcc.a
START GROUP
LOAD d:/program_files/programming/rt-threadstudio/repo/extract/toolchain_support_packages/risc-v/risc-v-gcc/10.1.0/bin/../lib/gcc/riscv64-unknown-elf/10.1.0/../../../../riscv64-unknown-elf/lib/rv32im/ilp32\libc.a
LOAD d:/program_files/programming/rt-threadstudio/repo/extract/toolchain_support_packages/risc-v/risc-v-gcc/10.1.0/bin/../lib/gcc/riscv64-unknown-elf/10.1.0/../../../../riscv64-unknown-elf/lib/rv32im/ilp32\libgloss.a
END GROUP
LOAD d:/program_files/programming/rt-threadstudio/repo/extract/toolchain_support_packages/risc-v/risc-v-gcc/10.1.0/bin/../lib/gcc/riscv64-unknown-elf/10.1.0/rv32im/ilp32\libgcc.a
                0x0000000000100000                __max_flash_size = 0x100000
                0x0000000000002000                __data_ram_size = 0x2000
                0x0000000000001000                __stack_ram_size = 0x1000
                0x0000000000014c00                __comm_ram_size = 0x14c00
                0x0000000000007400                __heap_ram_size = 0x7400
                0x0000000010000000                __base = 0x10000000
                0x0000000000011000                __data_vma = 0x11000
                0x0000000000013000                __stack_vma = (__data_vma + __data_ram_size)
                0x0000000000014000                __comm_vma = (__stack_vma + __stack_ram_size)
                0x0000000000028c00                __heap_vma = (__comm_vma + __comm_ram_size)
                0x0000000000050000                __ram1_vma = 0x50000

.init           0x0000000010000000       0xa6
 *(.reset)
 .reset         0x0000000010000000       0xa6 libraries\hal_libraries\bmsis\source\startup.o
                0x0000000010000000                _start

.ram1           0x0000000000050000     0x65f0 load address 0x0000000010000200
                0x0000000000050000                . = ALIGN (0x4)
                0x0000000000050000                __rt_init_start = .
 *(SORT_BY_NAME(.rti_fn*))
 .rti_fn.0      0x0000000000050000        0x4 build\kernel\src\components.o
                0x0000000000050000                __rt_init_rti_start
 .rti_fn.0.end  0x0000000000050004        0x4 build\kernel\src\components.o
                0x0000000000050004                __rt_init_rti_board_start
 .rti_fn.1      0x0000000000050008        0x4 libraries\hal_drivers\drv_soft_i2c.o
                0x0000000000050008                __rt_init_rt_hw_i2c_init
 .rti_fn.1      0x000000000005000c        0x4 libraries\hal_drivers\drv_wdt.o
                0x000000000005000c                __rt_init_rt_wdt_init
 .rti_fn.1      0x0000000000050010        0x4 libraries\hal_drivers\drv_adc.o
                0x0000000000050010                __rt_init_ab32_adc_init
 .rti_fn.1      0x0000000000050014        0x4 libraries\hal_drivers\drv_hwtimer.o
                0x0000000000050014                __rt_init_ab32_hwtimer_init
 .rti_fn.1.end  0x0000000000050018        0x4 build\kernel\src\components.o
                0x0000000000050018                __rt_init_rti_board_end
 .rti_fn.2      0x000000000005001c        0x4 build\kernel\components\dfs\src\dfs.o
                0x000000000005001c                __rt_init_dfs_init
 .rti_fn.2      0x0000000000050020        0x4 build\kernel\components\drivers\sdio\mmcsd_core.o
                0x0000000000050020                __rt_init_rt_mmcsd_core_init
 .rti_fn.3      0x0000000000050024        0x4 build\board\ports\audio\drv_sound.o
                0x0000000000050024                __rt_init_rt_hw_sound_init
 .rti_fn.3      0x0000000000050028        0x4 libraries\hal_drivers\drv_rtc.o
                0x0000000000050028                __rt_init_rt_hw_rtc_init
 .rti_fn.3      0x000000000005002c        0x4 libraries\hal_drivers\drv_sdio.o
                0x000000000005002c                __rt_init_rt_hw_sdio_init
 .rti_fn.3      0x0000000000050030        0x4 libraries\hal_drivers\drv_pwm.o
                0x0000000000050030                __rt_init_ab32_pwm_init
 .rti_fn.4      0x0000000000050034        0x4 build\kernel\components\dfs\filesystems\elmfat\dfs_elm.o
                0x0000000000050034                __rt_init_elm_init
 .rti_fn.4      0x0000000000050038        0x4 build\kernel\components\drivers\i2c\i2c_core.o
                0x0000000000050038                __rt_init_rt_i2c_core_init
 .rti_fn.4      0x000000000005003c        0x4 build\kernel\components\libc\compilers\newlib\libc.o
                0x000000000005003c                __rt_init_libc_system_init
 .rti_fn.6      0x0000000000050040        0x4 build\applications\mnt.o
                0x0000000000050040                __rt_init_ab32_sdcard_mount
 .rti_fn.6      0x0000000000050044        0x4 build\kernel\components\finsh\shell.o
                0x0000000000050044                __rt_init_finsh_system_init
 .rti_fn.6.end  0x0000000000050048        0x4 build\kernel\src\components.o
                0x0000000000050048                __rt_init_rti_end
                0x000000000005004c                __rt_init_end = .
                0x000000000005004c                . = ALIGN (0x4)
                [!provide]                        PROVIDE (__ctors_start__ = .)
 *(SORT_BY_NAME(.init_array.*))
 *(.init_array)
                [!provide]                        PROVIDE (__ctors_end__ = .)
                0x000000000005004c                . = ALIGN (0x4)
 *save-restore.o(.text* .rodata*)
 .text          0x000000000005004c      0x128 libraries\hal_libraries\ab32vg1_hal\libhal.a(save-restore.o)
                0x000000000005004c                __riscv_save_12
                0x000000000005006c                __riscv_save_11
                0x0000000000050088                __riscv_save_10
                0x00000000000500a4                __riscv_save_9
                0x00000000000500be                __riscv_save_8
                0x00000000000500d6                __riscv_save_7
                0x00000000000500ea                __riscv_save_6
                0x00000000000500fc                __riscv_save_5
                0x000000000005010c                __riscv_save_4
                0x000000000005011a                __riscv_save_3
                0x0000000000050126                __riscv_save_2
                0x0000000000050130                __riscv_save_1
                0x0000000000050138                __riscv_save_0
                0x000000000005013e                __riscv_restore_12
                0x0000000000050142                __riscv_restore_11
                0x0000000000050146                __riscv_restore_10
                0x000000000005014a                __riscv_restore_9
                0x000000000005014e                __riscv_restore_8
                0x0000000000050152                __riscv_restore_7
                0x0000000000050156                __riscv_restore_6
                0x000000000005015a                __riscv_restore_5
                0x000000000005015e                __riscv_restore_4
                0x0000000000050162                __riscv_restore_3
                0x0000000000050166                __riscv_restore_2
                0x000000000005016a                __riscv_restore_1
                0x000000000005016e                __riscv_restore_0
                0x0000000000050174                _gp
 *libcpu*cpu*context_gcc.o(.text* .rodata*)
 .text          0x0000000000050174      0x19c libcpu\cpu\context_gcc.o
                0x0000000000050174                rt_hw_interrupt_disable
                0x0000000000050182                rt_hw_interrupt_enable
                0x0000000000050194                rt_hw_context_switch_to
                0x00000000000501c8                rt_hw_context_switch
                0x00000000000501e8                rt_switch_to_thread
                0x000000000005020e                rt_hw_context_switch_interrupt
                0x0000000000050234                rt_soft_isr
                0x000000000005023c                low_prio_irq
 *libcpu*cpu*interrupt.o(.text* .rodata*)
 .text          0x0000000000050310       0xde libcpu\cpu\interrupt.o
                0x0000000000050310                set_cpu_irq_comm
                0x000000000005031a                cpu_irq_comm_do
                0x0000000000050352                rt_hw_irq_enable
                0x000000000005036a                rt_hw_irq_disable
                0x0000000000050386                rt_hw_interrupt_init
                0x0000000000050388                rt_hw_interrupt_install
 *libcpu**.o(.rodata*)
 *fill*         0x00000000000503ee        0x2 
 .rodata.str1.4
                0x00000000000503f0        0xd libcpu\cpu\cpuport.o
                                         0x12 (size before relaxing)
 *fill*         0x00000000000503fd        0x3 
 .rodata        0x0000000000050400       0x13 libcpu\cpu\cpuport.o
 *components*drivers*misc*pin.o(.text*)
 *fill*         0x0000000000050413        0x1 
 .text          0x0000000000050414      0x2f6 build\kernel\components\drivers\misc\pin.o
                0x000000000005044e                rt_pin_mode
                0x0000000000050492                rt_pin_write
                0x00000000000504d6                rt_pin_read
                0x0000000000050512                rt_pin_get
                0x00000000000505f8                rt_device_pin_register
                0x000000000005062c                rt_pin_attach_irq
                0x0000000000050682                rt_pin_detach_irq
                0x00000000000506c2                rt_pin_irq_enable
                0x000000000005070c                . = ALIGN (0x4)
 *fill*         0x000000000005070a        0x2 
 *src*ipc.o(.text* .rodata*)
 .text          0x000000000005070c     0x1f80 build\kernel\src\ipc.o
                0x000000000005078a                rt_ipc_get_highest_priority
                0x00000000000507ac                rt_sem_init
                0x000000000005080e                rt_sem_detach
                0x0000000000050882                rt_sem_create
                0x0000000000050902                rt_sem_delete
                0x00000000000509b6                rt_sem_take
                0x0000000000050b04                rt_sem_trytake
                0x0000000000050b08                rt_sem_release
                0x0000000000050ba6                rt_sem_control
                0x0000000000050c16                rt_mutex_init
                0x0000000000050c62                rt_mutex_detach
                0x0000000000050cd8                rt_mutex_create
                0x0000000000050d44                rt_mutex_delete
                0x0000000000050df8                rt_mutex_take
                0x0000000000050f98                rt_mutex_release
                0x000000000005114e                rt_mutex_control
                0x0000000000051198                rt_event_init
                0x00000000000511dc                rt_event_detach
                0x0000000000051254                rt_event_create
                0x00000000000512b8                rt_event_delete
                0x000000000005136e                rt_event_send
                0x0000000000051454                rt_event_recv
                0x0000000000051628                rt_event_control
                0x0000000000051698                rt_mb_init
                0x00000000000516f4                rt_mb_detach
                0x0000000000051774                rt_mb_create
                0x000000000005180c                rt_mb_delete
                0x00000000000518d4                rt_mb_send_wait
                0x0000000000051a9c                rt_mb_send
                0x0000000000051aa0                rt_mb_urgent
                0x0000000000051b56                rt_mb_recv
                0x0000000000051d40                rt_mb_control
                0x0000000000051dbc                rt_mq_init
                0x0000000000051e52                rt_mq_detach
                0x0000000000051ed2                rt_mq_create
                0x0000000000051fac                rt_mq_delete
                0x000000000005207c                rt_mq_send_wait
                0x000000000005229e                rt_mq_send
                0x00000000000522a2                rt_mq_urgent
                0x00000000000523b4                rt_mq_recv
                0x00000000000525f6                rt_mq_control
 .rodata.str1.4
                0x000000000005268c      0x44a build\kernel\src\ipc.o
                                        0x476 (size before relaxing)
 *fill*         0x0000000000052ad6        0x2 
 .rodata        0x0000000000052ad8      0x242 build\kernel\src\ipc.o
 *src*irq.o(.text* .rodata*)
 .text          0x0000000000052d1a       0x9a build\kernel\src\irq.o
                0x0000000000052d1a                rt_interrupt_enter_sethook
                0x0000000000052d24                rt_interrupt_leave_sethook
                0x0000000000052d2e                rt_interrupt_enter
                0x0000000000052d64                rt_interrupt_leave
                0x0000000000052d9a                rt_interrupt_get_nest
 *src*object.o(.text* .rodata*)
 .text          0x0000000000052db4      0x3c4 build\kernel\src\object.o
                0x0000000000052db4                rt_object_attach_sethook
                0x0000000000052dbe                rt_object_detach_sethook
                0x0000000000052dc8                rt_object_trytake_sethook
                0x0000000000052dd2                rt_object_take_sethook
                0x0000000000052ddc                rt_object_put_sethook
                0x0000000000052de6                rt_object_get_information
                0x0000000000052e0e                rt_object_get_length
                0x0000000000052e38                rt_object_get_pointers
                0x0000000000052e7a                rt_object_init
                0x0000000000052f1e                rt_object_detach
                0x0000000000052f6c                rt_object_allocate
                0x0000000000053026                rt_object_delete
                0x000000000005309e                rt_object_is_systemobject
                0x00000000000530c8                rt_object_get_type
                0x00000000000530f4                rt_object_find
 *fill*         0x0000000000053178        0x0 
 .rodata.str1.4
                0x0000000000053178       0x65 build\kernel\src\object.o
                                         0x91 (size before relaxing)
 *fill*         0x00000000000531dd        0x3 
 .rodata        0x00000000000531e0       0x8b build\kernel\src\object.o
 *src*thread.o(.text* .rodata*)
 *fill*         0x000000000005326b        0x1 
 .text          0x000000000005326c      0x81c build\kernel\src\thread.o
                0x000000000005328a                rt_thread_exit
                0x000000000005339e                rt_thread_timeout
                0x0000000000053428                rt_thread_suspend_sethook
                0x0000000000053432                rt_thread_resume_sethook
                0x000000000005343c                rt_thread_inited_sethook
                0x0000000000053446                rt_thread_init
                0x00000000000534ac                rt_thread_self
                0x00000000000534b6                rt_thread_detach
                0x000000000005354c                rt_thread_create
                0x0000000000053592                rt_thread_delete
                0x0000000000053640                rt_thread_yield
                0x0000000000053676                rt_thread_suspend
                0x0000000000053734                rt_thread_sleep
                0x00000000000537be                rt_thread_delay
                0x00000000000537c0                rt_thread_mdelay
                0x00000000000537ce                rt_thread_delay_until
                0x0000000000053896                rt_thread_resume
                0x0000000000053928                rt_thread_startup
                0x00000000000539ba                rt_thread_control
                0x0000000000053a82                rt_thread_find
 *fill*         0x0000000000053a88        0x0 
 .rodata.str1.4
                0x0000000000053a88      0x19f build\kernel\src\thread.o
 *fill*         0x0000000000053c27        0x1 
 .rodata        0x0000000000053c28       0xd2 build\kernel\src\thread.o
 *src*timer.o(.text* .rodata*)
 .text          0x0000000000053cfa      0x688 build\kernel\src\timer.o
                0x0000000000053d0c                rt_timer_enter_sethook
                0x0000000000053d16                rt_timer_exit_sethook
                0x0000000000053d20                rt_timer_init
                0x0000000000053d76                rt_timer_detach
                0x0000000000053e00                rt_timer_create
                0x0000000000053e36                rt_timer_delete
                0x0000000000053ec0                rt_timer_start
                0x0000000000053ff0                rt_timer_stop
                0x000000000005406c                rt_timer_control
                0x0000000000054110                rt_timer_check
                0x00000000000541d6                rt_timer_next_timeout_tick
                0x00000000000541fa                rt_soft_timer_check
                0x000000000005432a                rt_system_timer_init
                0x0000000000054338                rt_system_timer_thread_init
 *fill*         0x0000000000054382        0x2 
 .rodata.str1.4
                0x0000000000054384       0xde build\kernel\src\timer.o
 *fill*         0x0000000000054462        0x2 
 .rodata        0x0000000000054464       0x75 build\kernel\src\timer.o
 *src*mempool.o(.text* .rodata*)
 *fill*         0x00000000000544d9        0x1 
 .text          0x00000000000544da      0x4e2 build\kernel\src\mempool.o
                0x00000000000544da                rt_mp_alloc_sethook
                0x00000000000544e4                rt_mp_free_sethook
                0x00000000000544ee                rt_mp_init
                0x00000000000545c4                rt_mp_detach
                0x000000000005465a                rt_mp_create
                0x0000000000054744                rt_mp_delete
                0x0000000000054822                rt_mp_alloc
                0x000000000005495c                rt_mp_free
 .rodata.str1.4
                0x00000000000549bc      0x149 build\kernel\src\mempool.o
                                        0x14d (size before relaxing)
 *fill*         0x0000000000054b05        0x3 
 .rodata        0x0000000000054b08       0x48 build\kernel\src\mempool.o
 *src*scheduler.o(.text* .rodata*)
 .text          0x0000000000054b50      0x310 build\kernel\src\scheduler.o
                0x0000000000054b50                rt_scheduler_sethook
                0x0000000000054b5a                rt_system_scheduler_init
                0x0000000000054b92                rt_schedule_insert_thread
                0x0000000000054c12                rt_schedule_remove_thread
                0x0000000000054c7a                rt_system_scheduler_start
                0x0000000000054cba                rt_schedule
                0x0000000000054df0                rt_enter_critical
                0x0000000000054e12                rt_exit_critical
                0x0000000000054e56                rt_critical_level
 *fill*         0x0000000000054e60        0x0 
 .rodata.str1.4
                0x0000000000054e60       0x51 build\kernel\src\scheduler.o
                                         0x65 (size before relaxing)
 *fill*         0x0000000000054eb1        0x3 
 .rodata        0x0000000000054eb4       0x36 build\kernel\src\scheduler.o
 *src*clock.o(.text* .rodata*)
 .text          0x0000000000054eea       0x90 build\kernel\src\clock.o
                0x0000000000054eea                rt_tick_get
                0x0000000000054ef4                rt_tick_set
                0x0000000000054f0e                rt_tick_increase
                0x0000000000054f48                rt_tick_from_millisecond
                0x0000000000054f70                rt_tick_get_millisecond
 *src*kservice.o(.text* .rodata*)
 .text          0x0000000000054f7a      0xad4 build\kernel\src\kservice.o
                0x0000000000055118                rt_get_errno
                0x0000000000055138                rt_set_errno
                0x000000000005515a                _rt_errno
                0x000000000005517c                rt_memset
                0x0000000000055200                rt_memcpy
                0x00000000000552ae                rt_memmove
                0x00000000000552f8                rt_memcmp
                0x0000000000055320                rt_strcasecmp
                0x0000000000055354                rt_strncpy
                0x0000000000055380                rt_strncmp
                0x00000000000553b0                rt_strcmp
                0x00000000000553ca                rt_strnlen
                0x00000000000553e2                rt_strlen
                0x00000000000553f4                rt_strstr
                0x000000000005542c                rt_strdup
                0x0000000000055458                rt_vsnprintf
                0x00000000000557de                rt_snprintf
                0x00000000000557f8                rt_vsprintf
                0x0000000000055800                rt_sprintf
                0x000000000005581c                rt_console_get_device
                0x0000000000055826                rt_console_set_device
                0x0000000000055862                rt_kputs
                0x00000000000558ae                rt_kprintf
                0x000000000005592e                rt_show_version
                0x000000000005596c                rt_malloc_align
                0x00000000000559a6                rt_free_align
                0x00000000000559b2                __rt_ffs
                0x0000000000055a0a                rt_assert_set_hook
                0x0000000000055a14                rt_assert_handler
 *fill*         0x0000000000055a4e        0x2 
 .rodata.str1.4
                0x0000000000055a50       0xc7 build\kernel\src\kservice.o
 *fill*         0x0000000000055b17        0x1 
 .rodata        0x0000000000055b18      0x180 build\kernel\src\kservice.o
                0x0000000000055b98                __lowest_bit_bitmap
 *src*device.o(.text* .rodata*)
 .text          0x0000000000055c98      0x4ec build\kernel\src\device.o
                0x0000000000055c98                rt_device_unregister
                0x0000000000055d08                rt_device_find
                0x0000000000055d0e                rt_device_register
                0x0000000000055d44                rt_device_create
                0x0000000000055d70                rt_device_destroy
                0x0000000000055de8                rt_device_init
                0x0000000000055e44                rt_device_open
                0x0000000000055f34                rt_device_close
                0x0000000000055fac                rt_device_read
                0x000000000005601c                rt_device_write
                0x000000000005608c                rt_device_control
                0x00000000000560e8                rt_device_set_rx_indicate
                0x0000000000056136                rt_device_set_tx_complete
 *fill*         0x0000000000056184        0x0 
 .rodata.str1.4
                0x0000000000056184       0xf4 build\kernel\src\device.o
 .rodata        0x0000000000056278       0xc6 build\kernel\src\device.o
 *src*idle.o(.text* .rodata*)
 .text          0x000000000005633e      0x17c build\kernel\src\idle.o
                0x000000000005633e                rt_thread_idle_sethook
                0x0000000000056378                rt_thread_idle_delhook
                0x00000000000563b6                rt_thread_idle_excute
                0x0000000000056462                rt_thread_idle_init
                0x00000000000564b0                rt_thread_idle_gethandler
 *fill*         0x00000000000564ba        0x2 
 .rodata.str1.4
                0x00000000000564bc        0x8 build\kernel\src\idle.o
                                         0x34 (size before relaxing)
 .rodata        0x00000000000564c4       0x16 build\kernel\src\idle.o
 *src*components.o(.text* .rodata*)
 .text          0x00000000000564da       0xea build\kernel\src\components.o
                0x00000000000564ea                rt_components_board_init
                0x000000000005650e                rt_components_init
                0x0000000000056532                main_thread_entry
                0x0000000000056540                rt_application_init
                0x0000000000056588                rtthread_startup
                0x00000000000565b8                entry
 *fill*         0x00000000000565c4        0x0 
 .rodata.str1.4
                0x00000000000565c4       0x17 build\kernel\src\components.o
 *fill*         0x00000000000565db        0x1 
 .rodata        0x00000000000565dc       0x14 build\kernel\src\components.o

.comm           0x0000000000014000     0x21a4 load address 0x00000000100067f0
                0x0000000000014000                . = ALIGN (0x4)
 *(.vector)
 .vector        0x0000000000014000       0xf4 libraries\hal_libraries\bmsis\source\startup.o
                0x00000000000140dc                cpu_irq_comm
 .vector        0x00000000000140f4       0x3a libraries\hal_libraries\ab32vg1_hal\libhal.a(cache.o)
                0x00000000000140f4                load_cache
 *(.irq*)
 .irq.audio     0x000000000001412e       0x3e build\board\ports\audio\drv_sound.o
                0x000000000001412e                audio_sem_post
 .irq.timer     0x000000000001416c       0x1c build\board\board.o
                0x000000000001416c                timer0_isr
 .irq.cache     0x0000000000014188       0x7c build\board\board.o
                0x0000000000014188                cache_init
                0x00000000000141ba                os_spiflash_lock
                0x00000000000141e0                os_spiflash_unlock
 .irq.err       0x0000000000014204       0x2e build\board\board.o
                0x0000000000014204                exception_isr
 *fill*         0x0000000000014232        0x2 
 .irq.err.str   0x0000000000014234       0x17 build\board\board.o
 *fill*         0x000000000001424b        0x1 
 .irq.sdio      0x000000000001424c       0x44 libraries\hal_drivers\drv_sdio.o
                0x000000000001424c                rthw_sdio_irq_process
                0x0000000000014276                sdio_isr
 .irq.usart     0x0000000000014290      0x14e libraries\hal_drivers\drv_usart.o
                0x00000000000142d6                uart_irq_process
 .irq.timer     0x00000000000143de       0x5e libraries\hal_drivers\drv_hwtimer.o
                0x00000000000143de                timer1_isr
 .irq.err       0x000000000001443c       0x32 libraries\hal_libraries\ab32vg1_hal\libhal.a(sys_err.o)
                0x000000000001443c                sys_error_hook
 *fill*         0x000000000001446e        0x2 
 .irq.err.str   0x0000000000014470       0x12 libraries\hal_libraries\ab32vg1_hal\libhal.a(sys_err.o)
 *hal_libraries*ab32vg1_hal**.o(.text .rodata)
 .text          0x0000000000014482      0x124 libraries\hal_libraries\ab32vg1_hal\source\ab32vg1_hal_gpio.o
                0x0000000000014482                gpio_afinit
                0x00000000000144b2                hal_gpio_init
                0x0000000000014576                hal_gpio_read
                0x0000000000014580                hal_gpio_write
                0x0000000000014598                hal_gpio_toggle
 .text          0x00000000000145a6       0x70 libraries\hal_libraries\ab32vg1_hal\source\ab32vg1_hal_rcu.o
                0x00000000000145a6                hal_rcu_periph_clk_enable
                0x00000000000145da                hal_rcu_periph_clk_disable
 .text          0x0000000000014616       0x54 libraries\hal_libraries\ab32vg1_hal\source\ab32vg1_hal.o
                0x0000000000014616                hal_set_tick_hook
                0x0000000000014620                hal_set_ticks
                0x0000000000014642                hal_udelay
 .text          0x000000000001466a      0x134 libraries\hal_libraries\ab32vg1_hal\source\ab32vg1_hal_uart.o
                0x000000000001466a                hal_uart_setbaud
                0x0000000000014688                hal_uart_setparam
                0x00000000000146da                hal_uart_deinit
                0x00000000000146e0                HAL_UART_MspInit
                0x00000000000146e2                hal_uart_control
                0x00000000000146fa                hal_uart_write
                0x00000000000146fe                hal_uart_read
                0x0000000000014706                hal_uart_getflag
                0x000000000001470c                hal_uart_clrflag
                0x0000000000014714                uart_config_all
                0x0000000000014780                hal_uart_init
 *(.text.unlikely)
 *(.text.startup)
 .text.startup  0x000000000001479e       0x46 build\applications\main.o
                0x000000000001479e                main
 *hal_drivers**.o(.rodata)
 *fill*         0x00000000000147e4        0x0 
 .rodata        0x00000000000147e4       0x38 libraries\hal_drivers\drv_gpio.o
 .rodata        0x000000000001481c       0x2c libraries\hal_drivers\drv_rtc.o
 .rodata        0x0000000000014848       0x2f libraries\hal_drivers\drv_soft_i2c.o
 *fill*         0x0000000000014877        0x1 
 .rodata        0x0000000000014878       0x20 libraries\hal_drivers\drv_wdt.o
 .rodata        0x0000000000014898       0x24 libraries\hal_drivers\drv_sdio.o
 .rodata        0x00000000000148bc       0x45 libraries\hal_drivers\drv_adc.o
 *fill*         0x0000000000014901        0x3 
 .rodata        0x0000000000014904       0x81 libraries\hal_drivers\drv_usart.o
 *fill*         0x0000000000014985        0x3 
 .rodata        0x0000000000014988       0x18 libraries\hal_drivers\drv_pwm.o
 .rodata        0x00000000000149a0       0x68 libraries\hal_drivers\drv_hwtimer.o
 *audio*drv_sound.o(.rodata)
 .rodata        0x0000000000014a08       0x66 build\board\ports\audio\drv_sound.o
 *system_ab32vgx.o(.rodata)
 *fill*         0x0000000000014a6e        0x2 
 .rodata        0x0000000000014a70       0x46 libraries\hal_libraries\bmsis\source\system_ab32vgx.o
                0x0000000000014a70                sysclk_sel_tbl
                0x0000000000014a7c                sysclk_index
 EXCLUDE_FILE(*drv_wdt.o *drv_sdio.o *msh_file.o *cmd.o *drivers*sdio**.o *components.o *dfs**.o *src*memheap.o *src*mem.o *cp-demangle.o *cp-demangle.o *lib_a**.o) *(.rodata.str1.4)
 *fill*         0x0000000000014ab6        0x2 
 .rodata.str1.4
                0x0000000000014ab8       0x16 build\applications\main.o
 *fill*         0x0000000000014ace        0x2 
 .rodata.str1.4
                0x0000000000014ad0       0x74 build\applications\mnt.o
                                         0x78 (size before relaxing)
 .rodata.str1.4
                0x0000000000014b44       0x2f build\board\ports\audio\drv_sound.o
 *fill*         0x0000000000014b73        0x1 
 .rodata.str1.4
                0x0000000000014b74       0x24 build\board\board.o
 .rodata.str1.4
                0x0000000000014b98       0x8c build\kernel\components\drivers\audio\audio_pipe.o
                                         0x90 (size before relaxing)
 .rodata.str1.4
                0x0000000000014c24       0x87 build\kernel\components\drivers\audio\audio.o
                                         0x9d (size before relaxing)
 *fill*         0x0000000000014cab        0x1 
 .rodata.str1.4
                0x0000000000014cac       0x43 build\kernel\components\drivers\hwtimer\hwtimer.o
 *fill*         0x0000000000014cef        0x1 
 .rodata.str1.4
                0x0000000000014cf0       0x87 build\kernel\components\drivers\i2c\i2c_core.o
                                         0x8b (size before relaxing)
 *fill*         0x0000000000014d77        0x1 
 .rodata.str1.4
                0x0000000000014d78       0x12 build\kernel\components\drivers\i2c\i2c_dev.o
                                         0x22 (size before relaxing)
 *fill*         0x0000000000014d8a        0x2 
 .rodata.str1.4
                0x0000000000014d8c       0xa1 build\kernel\components\drivers\i2c\i2c-bit-ops.o
                                         0xb1 (size before relaxing)
 *fill*         0x0000000000014e2d        0x3 
 .rodata.str1.4
                0x0000000000014e30      0x1f9 build\kernel\components\drivers\misc\adc.o
 *fill*         0x0000000000015029        0x3 
 .rodata.str1.4
                0x000000000001502c      0x1ab build\kernel\components\drivers\misc\rt_drv_pwm.o
 *fill*         0x00000000000151d7        0x1 
 .rodata.str1.4
                0x00000000000151d8       0x37 build\kernel\components\drivers\misc\pin.o
 *fill*         0x000000000001520f        0x1 
 .rodata.str1.4
                0x0000000000015210      0x137 build\kernel\components\drivers\rtc\rtc.o
 *fill*         0x0000000000015347        0x1 
 .rodata.str1.4
                0x0000000000015348       0xbb build\kernel\components\drivers\serial\serial.o
                                         0xce (size before relaxing)
 *fill*         0x0000000000015403        0x1 
 .rodata.str1.4
                0x0000000000015404       0x19 build\kernel\components\drivers\src\ringbuffer.o
 *fill*         0x000000000001541d        0x3 
 .rodata.str1.4
                0x0000000000015420       0x47 build\kernel\components\drivers\src\completion.o
                                         0x72 (size before relaxing)
 *fill*         0x0000000000015467        0x1 
 .rodata.str1.4
                0x0000000000015468       0x58 build\kernel\components\drivers\src\dataqueue.o
                                         0x90 (size before relaxing)
 .rodata.str1.4
                0x00000000000154c0       0x33 build\kernel\components\drivers\watchdog\watchdog.o
                                         0x43 (size before relaxing)
 *fill*         0x00000000000154f3        0x1 
 .rodata.str1.4
                0x00000000000154f4       0xbb build\kernel\components\finsh\shell.o
                                         0xc3 (size before relaxing)
 *fill*         0x00000000000155af        0x1 
 .rodata.str1.4
                0x00000000000155b0       0x6c build\kernel\components\finsh\msh.o
                                         0x78 (size before relaxing)
 .rodata.str1.4
                0x000000000001561c       0xf2 build\kernel\components\finsh\finsh_error.o
 *fill*         0x000000000001570e        0x2 
 .rodata.str1.4
                0x0000000000015710       0x35 build\kernel\components\finsh\finsh_token.o
                                         0x3d (size before relaxing)
 .rodata.str1.4
                0x0000000000015745        0x4 build\kernel\components\libc\compilers\common\time.o
 *fill*         0x0000000000015745        0x3 
 .rodata.str1.4
                0x0000000000015748       0x14 build\kernel\components\libc\compilers\common\stdlib.o
 .rodata.str1.4
                0x000000000001575c       0x17 build\kernel\components\libc\compilers\newlib\libc.o
 *fill*         0x0000000000015773        0x1 
 .rodata.str1.4
                0x0000000000015774       0x14 build\kernel\components\libc\compilers\newlib\stdio.o
 .rodata.str1.4
                0x0000000000015788        0x4 libraries\hal_drivers\drv_gpio.o
 .rodata.str1.4
                0x000000000001578c       0x2a libraries\hal_drivers\drv_rtc.o
                                         0x42 (size before relaxing)
 *fill*         0x00000000000157b6        0x2 
 .rodata.str1.4
                0x00000000000157b8       0x19 libraries\hal_drivers\drv_soft_i2c.o
 *fill*         0x00000000000157d1        0x3 
 .rodata.str1.4
                0x00000000000157d4       0x51 libraries\hal_drivers\drv_adc.o
                                         0x55 (size before relaxing)
 *fill*         0x0000000000015825        0x3 
 .rodata.str1.4
                0x0000000000015828       0x17 libraries\hal_drivers\drv_usart.o
                                         0x6e (size before relaxing)
 *fill*         0x000000000001583f        0x1 
 .rodata.str1.4
                0x0000000000015840       0x52 libraries\hal_drivers\drv_pwm.o
                                         0x6a (size before relaxing)
 *fill*         0x0000000000015892        0x2 
 .rodata.str1.4
                0x0000000000015894       0x83 libraries\hal_drivers\drv_hwtimer.o
                                         0xaf (size before relaxing)
 EXCLUDE_FILE(*unwind*.o *lib_a**.o) *(.srodata)
 *fill*         0x0000000000015917        0x1 
 .srodata       0x0000000000015918        0x8 build\kernel\src\mem.o
 .srodata       0x0000000000015920        0x7 build\kernel\components\dfs\src\dfs.o
 *fill*         0x0000000000015927        0x1 
 .srodata       0x0000000000015928        0x8 libraries\hal_drivers\drv_soft_i2c.o
 .srodata       0x0000000000015930        0x8 libraries\hal_drivers\drv_adc.o
 *(.rela*)
 .rela.text.startup
                0x0000000000015938        0x0 build\applications\main.o
 .rela.text     0x0000000000015938        0x0 build\applications\main.o
 .rela.irq.err  0x0000000000015938        0x0 build\applications\main.o
 .rela.reset    0x0000000000015938        0x0 build\applications\main.o
 .rela.vector   0x0000000000015938        0x0 build\applications\main.o
 *(.data*)
 .data          0x0000000000015938       0x1c build\board\ports\audio\drv_sound.o
 .data          0x0000000000015954       0xa0 build\kernel\src\object.o
 .data          0x00000000000159f4      0x100 build\kernel\components\dfs\src\dfs.o
                0x00000000000159f4                working_directory
 .data          0x0000000000015af4       0x3c libraries\hal_drivers\drv_adc.o
 .data          0x0000000000015b30        0xc libraries\hal_drivers\drv_usart.o
 .data          0x0000000000015b3c       0x48 libraries\hal_drivers\drv_pwm.o
 .data          0x0000000000015b84       0x5c libraries\hal_drivers\drv_hwtimer.o
 *fill*         0x0000000000015be0        0x0 
 .data          0x0000000000015be0      0x428 d:/program_files/programming/rt-threadstudio/repo/extract/toolchain_support_packages/risc-v/risc-v-gcc/10.1.0/bin/../lib/gcc/riscv64-unknown-elf/10.1.0/../../../../riscv64-unknown-elf/lib/rv32im/ilp32\libc.a(lib_a-impure.o)
 .data          0x0000000000016008      0x16c d:/program_files/programming/rt-threadstudio/repo/extract/toolchain_support_packages/risc-v/risc-v-gcc/10.1.0/bin/../lib/gcc/riscv64-unknown-elf/10.1.0/../../../../riscv64-unknown-elf/lib/rv32im/ilp32\libc.a(lib_a-locale.o)
                0x0000000000016008                __global_locale
 *(.sdata*)
 .sdata         0x0000000000016174        0x1 build\kernel\src\timer.o
 *fill*         0x0000000000016175        0x3 
 .sdata         0x0000000000016178        0x8 build\kernel\components\drivers\sdio\block_dev.o
 .sdata         0x0000000000016180       0x10 build\kernel\components\drivers\sdio\sdio.o
 .sdata         0x0000000000016190        0x4 build\kernel\components\finsh\msh.o
 .sdata         0x0000000000016194        0x1 libraries\hal_drivers\drv_sdio.o
 *fill*         0x0000000000016195        0x3 
 .sdata         0x0000000000016198        0x4 libraries\hal_drivers\drv_pwm.o
 .sdata         0x000000000001619c        0x4 d:/program_files/programming/rt-threadstudio/repo/extract/toolchain_support_packages/risc-v/risc-v-gcc/10.1.0/bin/../lib/gcc/riscv64-unknown-elf/10.1.0/../../../../riscv64-unknown-elf/lib/rv32im/ilp32\libc.a(lib_a-impure.o)
                0x000000000001619c                _impure_ptr
 .sdata         0x00000000000161a0        0x4 d:/program_files/programming/rt-threadstudio/repo/extract/toolchain_support_packages/risc-v/risc-v-gcc/10.1.0/bin/../lib/gcc/riscv64-unknown-elf/10.1.0/../../../../riscv64-unknown-elf/lib/rv32im/ilp32\libc.a(lib_a-environ.o)
                0x00000000000161a0                environ

.bss            0x0000000000011000     0x1948
                0x0000000000011000                __bss_start = .
 *(COMMON)
 *(.bss)
 .bss           0x0000000000011000       0x58 build\board\ports\audio\drv_sound.o
 .bss           0x0000000000011058       0xa4 build\board\board.o
 .bss           0x00000000000110fc       0x20 build\kernel\src\mem.o
 *fill*         0x000000000001111c        0x4 
 .bss           0x0000000000011120      0x290 build\kernel\src\idle.o
 .bss           0x00000000000113b0      0x180 build\kernel\src\timer.o
 .bss           0x0000000000011530       0x80 build\kernel\src\kservice.o
 .bss           0x00000000000115b0      0x100 build\kernel\src\scheduler.o
                0x00000000000115b0                rt_thread_priority_table
 .bss           0x00000000000116b0       0x44 build\kernel\components\dfs\src\dfs.o
                0x00000000000116b0                filesystem_table
 .bss           0x00000000000116f4      0x128 build\kernel\components\dfs\src\dfs_file.o
 .bss           0x000000000001181c       0x34 build\kernel\components\drivers\misc\pin.o
 .bss           0x0000000000011850      0x500 build\kernel\components\drivers\sdio\mmcsd_core.o
 .bss           0x0000000000011d50      0x140 build\kernel\components\finsh\finsh_node.o
                0x0000000000011d50                global_node_table
 .bss           0x0000000000011e90      0x180 build\kernel\components\finsh\finsh_vm.o
                0x0000000000011e90                finsh_vm_stack
                0x0000000000011f90                text_segment
 .bss           0x0000000000012010       0x81 build\kernel\components\finsh\shell.o
 *fill*         0x0000000000012091        0x3 
 .bss           0x0000000000012094       0xc0 build\kernel\components\finsh\finsh_var.o
                0x0000000000012094                global_variable
 *fill*         0x0000000000012154        0x4 
 .bss           0x0000000000012158       0x80 build\kernel\components\finsh\finsh_heap.o
                0x0000000000012158                finsh_heap
 .bss           0x00000000000121d8       0x61 build\kernel\components\libc\compilers\common\time.o
 *fill*         0x0000000000012239        0x3 
 .bss           0x000000000001223c       0x30 libraries\hal_drivers\drv_rtc.o
 .bss           0x000000000001226c       0x88 libraries\hal_drivers\drv_soft_i2c.o
 .bss           0x00000000000122f4       0x34 libraries\hal_drivers\drv_wdt.o
 *fill*         0x0000000000012328       0x18 
 .bss           0x0000000000012340      0x400 libraries\hal_drivers\drv_sdio.o
 .bss           0x0000000000012740       0x58 libraries\hal_drivers\drv_usart.o
 .bss           0x0000000000012798       0x5c libcpu\cpu\interrupt.o
                0x0000000000012798                tbl_irq_vector
 .bss           0x00000000000127f4        0xc libraries\hal_libraries\bmsis\source\system_ab32vgx.o
                0x00000000000127f4                sys
 *(.sbss)
 .sbss          0x0000000000012800        0x8 build\kernel\src\mempool.o
 .sbss          0x0000000000012808       0x20 build\kernel\src\mem.o
 .sbss          0x0000000000012828       0x14 build\kernel\src\object.o
                0x0000000000012828                rt_object_put_hook
                0x000000000001282c                rt_object_take_hook
                0x0000000000012830                rt_object_trytake_hook
 .sbss          0x000000000001283c        0x4 build\kernel\src\clock.o
 .sbss          0x0000000000012840        0xc build\kernel\src\irq.o
                0x0000000000012840                rt_interrupt_nest
 .sbss          0x000000000001284c        0xc build\kernel\src\thread.o
 .sbss          0x0000000000012858       0x1c build\kernel\src\timer.o
 .sbss          0x0000000000012874        0xc build\kernel\src\kservice.o
                0x0000000000012874                rt_assert_hook
 .sbss          0x0000000000012880       0x1c build\kernel\src\scheduler.o
                0x0000000000012884                rt_thread_defunct
                0x000000000001288c                rt_current_priority
                0x0000000000012890                rt_current_thread
                0x0000000000012898                rt_thread_ready_priority_group
 .sbss          0x000000000001289c       0x14 build\kernel\components\dfs\src\dfs.o
                0x00000000000128a8                filesystem_operation_table
 .sbss          0x00000000000128b0        0xc build\kernel\components\dfs\filesystems\elmfat\ff.o
 .sbss          0x00000000000128bc        0x8 build\kernel\components\dfs\filesystems\elmfat\dfs_elm.o
 .sbss          0x00000000000128c4        0x4 build\kernel\components\drivers\misc\adc.o
 .sbss          0x00000000000128c8        0x4 build\kernel\components\drivers\serial\serial.o
 .sbss          0x00000000000128cc        0x4 build\kernel\components\finsh\cmd.o
 .sbss          0x00000000000128d0        0xc build\kernel\components\finsh\finsh_vm.o
                0x00000000000128d0                global_syscall_list
                0x00000000000128d4                finsh_pc
                0x00000000000128d8                finsh_sp
 .sbss          0x00000000000128dc       0x18 build\kernel\components\finsh\shell.o
                0x00000000000128e0                shell
                0x00000000000128e4                _sysvar_table_end
                0x00000000000128e8                _sysvar_table_begin
                0x00000000000128ec                _syscall_table_end
                0x00000000000128f0                _syscall_table_begin
 .sbss          0x00000000000128f4        0x4 build\kernel\components\finsh\finsh_var.o
                0x00000000000128f4                global_sysvar_list
 .sbss          0x00000000000128f8        0x8 build\kernel\components\finsh\finsh_compiler.o
                0x00000000000128f8                finsh_compile_pc
                0x00000000000128fc                finsh_compile_sp
 .sbss          0x0000000000012900        0x8 build\kernel\components\finsh\finsh_heap.o
 .sbss          0x0000000000012908        0x1 build\kernel\components\finsh\finsh_error.o
                0x0000000000012908                global_errno
 *fill*         0x0000000000012909        0x3 
 .sbss          0x000000000001290c        0x4 build\kernel\components\libc\compilers\common\time.o
 .sbss          0x0000000000012910        0x4 build\kernel\components\libc\compilers\newlib\stdio.o
 .sbss          0x0000000000012914        0x8 libraries\hal_drivers\drv_wdt.o
 .sbss          0x000000000001291c        0x4 libraries\hal_drivers\drv_sdio.o
 .sbss          0x0000000000012920       0x10 libcpu\cpu\cpuport.o
                0x0000000000012920                rt_cur_thread_sp
                0x0000000000012924                rt_thread_switch_interrupt_flag
                0x0000000000012928                rt_interrupt_to_thread
                0x000000000001292c                rt_interrupt_from_thread
 .sbss          0x0000000000012930        0x8 libcpu\cpu\interrupt.o
                0x0000000000012930                cpu_irq_comm_hook
                0x0000000000012934                irq_mask
 .sbss          0x0000000000012938        0x8 libraries\hal_libraries\ab32vg1_hal\source\ab32vg1_hal.o
 .sbss          0x0000000000012940        0x4 d:/program_files/programming/rt-threadstudio/repo/extract/toolchain_support_packages/risc-v/risc-v-gcc/10.1.0/bin/../lib/gcc/riscv64-unknown-elf/10.1.0/../../../../riscv64-unknown-elf/lib/rv32im/ilp32\libc.a(lib_a-setenv_r.o)
 .sbss          0x0000000000012944        0x4 d:/program_files/programming/rt-threadstudio/repo/extract/toolchain_support_packages/risc-v/risc-v-gcc/10.1.0/bin/../lib/gcc/riscv64-unknown-elf/10.1.0/../../../../riscv64-unknown-elf/lib/rv32im/ilp32\libc.a(lib_a-environ.o)
 *(.buf*)
                0x0000000000012948                __bss_end = .
                0x0000000000001948                __bss_size = (__bss_end - __bss_start)

.stack          0x0000000000013000     0x1000
                0x0000000000013000                __irq_stack_start = .
                0x0000000000001000                . = __stack_ram_size
 *fill*         0x0000000000013000     0x1000 
                0x0000000000014000                __irq_stack = .
                0x0000000000001000                __irq_stack_size = (__irq_stack - __irq_stack_start)

.heap           0x0000000000028c00     0x7400
                0x0000000000028c00                __heap_start = .
                0x0000000000007400                . = __heap_ram_size
 *fill*         0x0000000000028c00     0x7400 
                0x0000000000030000                __heap_end = .

.flash          0x0000000010008998    0x2e668
                0x0000000010008998                . = ALIGN (0x4)
                0x0000000010008998                __fsymtab_start = .
 *(FSymTab)
 FSymTab        0x0000000010008998        0xc build\kernel\src\memheap.o
                0x0000000010008998                __fsym___cmd_memheaptrace
 FSymTab        0x00000000100089a4        0xc build\kernel\src\mem.o
                0x00000000100089a4                __fsym_list_mem
 FSymTab        0x00000000100089b0       0x18 build\kernel\components\dfs\src\dfs_posix.o
                0x00000000100089b0                __fsym_cd
                0x00000000100089bc                __fsym_mkdir
 FSymTab        0x00000000100089c8       0x18 build\kernel\components\dfs\src\dfs_fs.o
                0x00000000100089c8                __fsym_df
                0x00000000100089d4                __fsym_mkfs
 FSymTab        0x00000000100089e0        0xc build\kernel\components\dfs\src\dfs.o
                0x00000000100089e0                __fsym___cmd_list_fd
 FSymTab        0x00000000100089ec       0x30 build\kernel\components\dfs\src\dfs_file.o
                0x00000000100089ec                __fsym_copy
                0x00000000100089f8                __fsym_cat
                0x0000000010008a04                __fsym_rm
                0x0000000010008a10                __fsym_ls
 FSymTab        0x0000000010008a1c        0xc build\kernel\components\drivers\misc\adc.o
                0x0000000010008a1c                __fsym___cmd_adc
 FSymTab        0x0000000010008a28       0x48 build\kernel\components\drivers\misc\rt_drv_pwm.o
                0x0000000010008a28                __fsym___cmd_pwm_get
                0x0000000010008a34                __fsym___cmd_pwm_set
                0x0000000010008a40                __fsym___cmd_pwm_disable
                0x0000000010008a4c                __fsym___cmd_pwm_enable
                0x0000000010008a58                __fsym_pwm_set
                0x0000000010008a64                __fsym_pwm_enable
 FSymTab        0x0000000010008a70       0x30 build\kernel\components\drivers\misc\pin.o
                0x0000000010008a70                __fsym_pinGet
                0x0000000010008a7c                __fsym_pinRead
                0x0000000010008a88                __fsym_pinWrite
                0x0000000010008a94                __fsym_pinMode
 FSymTab        0x0000000010008aa0       0x3c build\kernel\components\drivers\rtc\rtc.o
                0x0000000010008aa0                __fsym___cmd_date
                0x0000000010008aac                __fsym___cmd_list_date
                0x0000000010008ab8                __fsym_set_time
                0x0000000010008ac4                __fsym_set_date
                0x0000000010008ad0                __fsym_list_date
 FSymTab        0x0000000010008adc      0x138 build\kernel\components\finsh\cmd.o
                0x0000000010008adc                __fsym_list
                0x0000000010008ae8                __fsym___cmd_list_device
                0x0000000010008af4                __fsym_list_device
                0x0000000010008b00                __fsym___cmd_list_timer
                0x0000000010008b0c                __fsym_list_timer
                0x0000000010008b18                __fsym___cmd_list_mempool
                0x0000000010008b24                __fsym_list_mempool
                0x0000000010008b30                __fsym___cmd_list_memheap
                0x0000000010008b3c                __fsym_list_memheap
                0x0000000010008b48                __fsym___cmd_list_msgqueue
                0x0000000010008b54                __fsym_list_msgqueue
                0x0000000010008b60                __fsym___cmd_list_mailbox
                0x0000000010008b6c                __fsym_list_mailbox
                0x0000000010008b78                __fsym___cmd_list_mutex
                0x0000000010008b84                __fsym_list_mutex
                0x0000000010008b90                __fsym___cmd_list_event
                0x0000000010008b9c                __fsym_list_event
                0x0000000010008ba8                __fsym___cmd_list_sem
                0x0000000010008bb4                __fsym_list_sem
                0x0000000010008bc0                __fsym___cmd_list_thread
                0x0000000010008bcc                __fsym_list_thread
                0x0000000010008bd8                __fsym___cmd_version
                0x0000000010008be4                __fsym_version
                0x0000000010008bf0                __fsym___cmd_clear
                0x0000000010008bfc                __fsym_clear
                0x0000000010008c08                __fsym_hello
 FSymTab        0x0000000010008c14       0x9c build\kernel\components\finsh\msh_file.o
                0x0000000010008c14                __fsym___cmd_echo
                0x0000000010008c20                __fsym___cmd_df
                0x0000000010008c2c                __fsym___cmd_umount
                0x0000000010008c38                __fsym___cmd_mount
                0x0000000010008c44                __fsym___cmd_mkfs
                0x0000000010008c50                __fsym___cmd_mkdir
                0x0000000010008c5c                __fsym___cmd_pwd
                0x0000000010008c68                __fsym___cmd_cd
                0x0000000010008c74                __fsym___cmd_rm
                0x0000000010008c80                __fsym___cmd_cat
                0x0000000010008c8c                __fsym___cmd_mv
                0x0000000010008c98                __fsym___cmd_cp
                0x0000000010008ca4                __fsym___cmd_ls
 FSymTab        0x0000000010008cb0       0x3c build\kernel\components\finsh\msh.o
                0x0000000010008cb0                __fsym___cmd_free
                0x0000000010008cbc                __fsym___cmd_ps
                0x0000000010008cc8                __fsym___cmd_help
                0x0000000010008cd4                __fsym_msh
                0x0000000010008ce0                __fsym___cmd_exit
                0x0000000010008cec                __fsymtab_end = .
                0x0000000010008cec                . = ALIGN (0x4)
                0x0000000010008cec                __vsymtab_start = .
 *(VSymTab)
 VSymTab        0x0000000010008cec       0x10 build\kernel\components\finsh\cmd.o
                0x0000000010008cec                __vsym_dummy
                0x0000000010008cfc                __vsymtab_end = .
                0x0000000010008cfc                . = ALIGN (0x4)
 *(.text*)
 .text          0x0000000010008cfc       0xf8 build\applications\mnt.o
                0x0000000010008cfc                sd_mount
                0x0000000010008d84                ab32_sdcard_mount
 .text          0x0000000010008df4      0x66c build\board\ports\audio\drv_sound.o
                0x0000000010008ffe                adpll_init
                0x00000000100090b0                dac_start
                0x0000000010009172                audio_sem_pend
                0x0000000010009184                sound_transmit
                0x00000000100091e6                saia_frequency_set
                0x0000000010009240                saia_channels_set
                0x00000000100092e0                saia_volume_set
                0x00000000100093ae                saia_volume_get
 .text          0x0000000010009460      0x1d2 build\board\board.o
                0x0000000010009460                timer0_cfg
                0x0000000010009474                hal_printf
                0x0000000010009500                timer0_init
                0x0000000010009528                hal_mdelay
                0x0000000010009530                rt_hw_systick_init
                0x00000000100095d8                rt_hw_board_init
                0x0000000010009628                rt_hw_us_delay
                0x000000001000962a                rt_hw_console_output
 .text          0x0000000010009632      0x15c build\board\ab32vg1_hal_msp.o
                0x0000000010009632                hal_uart_mspinit
                0x000000001000970c                hal_sd_mspinit
                0x000000001000975c                hal_pwm_mspinit
 .text          0x000000001000978e      0x820 build\kernel\src\memheap.o
                0x000000001000978e                rt_memheap_init
                0x0000000010009862                rt_memheap_detach
                0x00000000100098fe                rt_memheap_alloc
                0x0000000010009a6a                rt_memheap_free
                0x0000000010009bc4                rt_memheap_realloc
                0x0000000010009df6                rt_memheap_dump
                0x0000000010009f46                memheaptrace
 .text          0x0000000010009fae      0x802 build\kernel\src\mem.o
                0x0000000010009fae                list_mem
                0x000000001000a0f0                rt_malloc_sethook
                0x000000001000a0fa                rt_free_sethook
                0x000000001000a104                rt_system_heap_init
                0x000000001000a200                rt_malloc
                0x000000001000a422                rt_calloc
                0x000000001000a452                rt_free
                0x000000001000a626                rt_realloc
                0x000000001000a78a                rt_memory_info
 .text          0x000000001000a7b0      0x6fa build\kernel\components\dfs\src\dfs_posix.o
                0x000000001000a7b0                mkdir
                0x000000001000a822                open
                0x000000001000a88e                close
                0x000000001000a8d0                read
                0x000000001000a91c                write
                0x000000001000a968                lseek
                0x000000001000a9d6                rename
                0x000000001000a9fc                unlink
                0x000000001000aa22                stat
                0x000000001000aa48                fstat
                0x000000001000aa9a                fsync
                0x000000001000aace                fcntl
                0x000000001000ab20                ioctl
                0x000000001000ab3c                ftruncate
                0x000000001000ab90                statfs
                0x000000001000abb6                rmdir
                0x000000001000abb8                opendir
                0x000000001000ac3a                readdir
                0x000000001000acc0                telldir
                0x000000001000acfc                seekdir
                0x000000001000ad42                rewinddir
                0x000000001000ad82                closedir
                0x000000001000adcc                chdir
                0x000000001000ae5e                access
                0x000000001000ae78                getcwd
 .text          0x000000001000aeaa      0x70e build\kernel\components\dfs\src\dfs_fs.o
                0x000000001000aeaa                dfs_register
                0x000000001000af4c                dfs_filesystem_lookup
                0x000000001000afea                dfs_filesystem_get_mounted_path
                0x000000001000b02e                dfs_filesystem_get_partition
                0x000000001000b150                dfs_mount
                0x000000001000b30c                dfs_unmount
                0x000000001000b3a6                dfs_mkfs
                0x000000001000b4aa                mkfs
                0x000000001000b4ac                dfs_statfs
                0x000000001000b4d8                df
 .text          0x000000001000b5b8      0x658 build\kernel\components\dfs\src\dfs.o
                0x000000001000b5b8                list_fd
                0x000000001000b6f4                dfs_init
                0x000000001000b7ae                dfs_lock
                0x000000001000b7f6                dfs_unlock
                0x000000001000b806                fd_new
                0x000000001000b902                fd_get
                0x000000001000b958                fd_put
                0x000000001000b9c4                dfs_subdir
                0x000000001000ba00                dfs_normalize_path
                0x000000001000bb70                fd_is_open
                0x000000001000bc06                dfs_fdtable_get
 .text          0x000000001000bc10      0x91c build\kernel\components\dfs\src\dfs_file.o
                0x000000001000bc10                dfs_file_open
                0x000000001000bce4                dfs_file_close
                0x000000001000bd18                dfs_file_ioctl
                0x000000001000bd5e                dfs_file_read
                0x000000001000bd96                cat
                0x000000001000be20                dfs_file_getdents
                0x000000001000be40                dfs_file_unlink
                0x000000001000bebc                rm
                0x000000001000beea                dfs_file_write
                0x000000001000bfca                dfs_file_flush
                0x000000001000bfde                dfs_file_lseek
                0x000000001000c00e                dfs_file_stat
                0x000000001000c11a                ls
                0x000000001000c356                copy
                0x000000001000c45a                dfs_file_rename
                0x000000001000c4e8                dfs_file_ftruncate
 .text          0x000000001000c52c      0x3ea build\kernel\components\dfs\filesystems\devfs\devfs.o
                0x000000001000c52c                dfs_device_fs_mount
                0x000000001000c534                dfs_device_fs_ioctl
                0x000000001000c596                dfs_device_fs_read
                0x000000001000c604                dfs_device_fs_write
                0x000000001000c672                dfs_device_fs_close
                0x000000001000c708                dfs_device_fs_stat
                0x000000001000c77c                dfs_device_fs_open
                0x000000001000c864                dfs_device_fs_getdents
                0x000000001000c8f8                devfs_init
 .text          0x000000001000c916     0x2f98 build\kernel\components\dfs\filesystems\elmfat\ff.o
                0x000000001000e010                f_mount
                0x000000001000e09c                f_open
                0x000000001000e2b8                f_read
                0x000000001000e476                f_write
                0x000000001000e678                f_sync
                0x000000001000e740                f_close
                0x000000001000e776                f_lseek
                0x000000001000e9fc                f_opendir
                0x000000001000eaa8                f_closedir
                0x000000001000ead6                f_readdir
                0x000000001000eb5e                f_seekdir
                0x000000001000eba0                f_stat
                0x000000001000ec16                f_getfree
                0x000000001000ed18                f_truncate
                0x000000001000edf8                f_unlink
                0x000000001000eeca                f_mkdir
                0x000000001000f00c                f_rename
                0x000000001000f15c                f_mkfs
                0x000000001000f88e                elm_get_vol
 .text          0x000000001000f8ae      0x11e build\kernel\components\dfs\filesystems\elmfat\ffunicode.o
                0x000000001000f8ae                ff_uni2oem
                0x000000001000f8fa                ff_oem2uni
                0x000000001000f928                ff_wtoupper
 .text          0x000000001000f9cc      0xbaa build\kernel\components\dfs\filesystems\elmfat\dfs_elm.o
                0x000000001000fa06                dfs_elm_mount
                0x000000001000fb10                dfs_elm_unmount
                0x000000001000fb9a                dfs_elm_mkfs
                0x000000001000fcca                dfs_elm_statfs
                0x000000001000fd6a                dfs_elm_open
                0x000000001000fe8e                dfs_elm_close
                0x000000001000ff0a                dfs_elm_ioctl
                0x000000001000ff6c                dfs_elm_read
                0x000000001000ffcc                dfs_elm_write
                0x0000000010010030                dfs_elm_flush
                0x0000000010010068                dfs_elm_lseek
                0x00000000100100fa                dfs_elm_getdents
                0x00000000100101ca                dfs_elm_unlink
                0x000000001001022c                dfs_elm_rename
                0x0000000010010292                dfs_elm_stat
                0x000000001001036e                elm_init
                0x000000001001038c                disk_initialize
                0x0000000010010390                disk_status
                0x0000000010010394                disk_read
                0x00000000100103cc                disk_write
                0x0000000010010404                disk_ioctl
                0x00000000100104e0                get_fattime
                0x00000000100104e4                ff_cre_syncobj
                0x0000000010010526                ff_del_syncobj
                0x0000000010010546                ff_req_grant
                0x0000000010010566                ff_rel_grant
                0x000000001001056e                ff_memalloc
                0x0000000010010572                ff_memfree
 .text          0x0000000010010576      0x43c build\kernel\components\drivers\audio\audio_pipe.o
                0x00000000100108aa                rt_audio_pipe_init
                0x0000000010010940                rt_audio_pipe_detach
                0x0000000010010948                rt_audio_pipe_create
                0x000000001001098e                rt_audio_pipe_destroy
 .text          0x00000000100109b2      0x836 build\kernel\components\drivers\audio\audio.o
                0x0000000010010f1a                rt_audio_register
                0x0000000010010f8a                rt_audio_samplerate_to_speed
                0x0000000010011058                rt_audio_tx_complete
                0x00000000100111ba                rt_audio_rx_done
 .text          0x00000000100111e8      0x462 build\kernel\components\drivers\hwtimer\hwtimer.o
                0x000000001001154c                rt_device_hwtimer_isr
                0x00000000100115ae                rt_device_hwtimer_register
 .text          0x000000001001164a      0x1de build\kernel\components\drivers\i2c\i2c_core.o
                0x000000001001164a                rt_i2c_core_init
                0x000000001001164e                rt_i2c_bus_device_register
                0x00000000100116be                rt_i2c_bus_device_find
                0x000000001001171a                rt_i2c_transfer
                0x0000000010011798                rt_i2c_master_send
                0x00000000100117ca                rt_i2c_master_recv
 .text          0x0000000010011828      0x1bc build\kernel\components\drivers\i2c\i2c_dev.o
                0x0000000010011992                rt_i2c_bus_device_device_init
 .text          0x00000000100119e4      0x4a8 build\kernel\components\drivers\i2c\i2c-bit-ops.o
                0x0000000010011e7e                rt_i2c_bit_add_bus
 .text          0x0000000010011e8c      0x3aa build\kernel\components\drivers\misc\adc.o
                0x0000000010011efa                rt_hw_adc_register
                0x0000000010011f5e                rt_adc_read
                0x0000000010011fa2                rt_adc_enable
                0x0000000010011fe4                rt_adc_disable
 .text          0x0000000010012236      0x3a6 build\kernel\components\drivers\misc\rt_drv_pwm.o
                0x00000000100122ca                rt_pwm_enable
                0x0000000010012308                rt_pwm_set
                0x0000000010012400                rt_device_pwm_register
                0x0000000010012446                rt_pwm_disable
                0x00000000100124dc                rt_pwm_get
 .text          0x00000000100125dc      0x268 build\kernel\components\drivers\rtc\rtc.o
                0x00000000100125dc                set_date
                0x000000001001265a                set_time
                0x00000000100126d2                list_date
 .text          0x0000000010012844      0x892 build\kernel\components\drivers\sdio\mmc.o
                0x0000000010012972                mmc_send_op_cond
                0x00000000100129fa                init_mmc
 .text          0x00000000100130d6      0xa18 build\kernel\components\drivers\sdio\sd.o
                0x0000000010013178                mmcsd_send_app_cmd
                0x00000000100131ee                mmcsd_app_set_bus_width
                0x0000000010013238                mmcsd_send_app_op_cond
                0x00000000100132c8                mmcsd_send_if_cond
                0x0000000010013322                mmcsd_get_card_addr
                0x0000000010013368                mmcsd_get_scr
                0x000000001001343a                init_sd
 .text          0x0000000010013aee      0x6f2 build\kernel\components\drivers\sdio\block_dev.o
                0x0000000010013e00                mmcsd_num_wr_blocks
                0x0000000010013f04                rt_mmcsd_blk_probe
                0x0000000010014172                rt_mmcsd_blk_remove
                0x00000000100141dc                rt_mmcsd_blk_init
 .text          0x00000000100141e0     0x1418 build\kernel\components\drivers\sdio\sdio.o
                0x0000000010014266                sdio_io_send_op_cond
                0x0000000010014302                sdio_io_rw_direct
                0x000000001001441a                sdio_io_rw_extended
                0x00000000100145be                sdio_io_rw_extended_block
                0x00000000100146e8                sdio_io_readb
                0x00000000100149fc                sdio_io_writeb
                0x0000000010014a26                sdio_io_readw
                0x0000000010014a58                sdio_io_writew
                0x0000000010014a78                sdio_io_readl
                0x0000000010014aa8                sdio_io_writel
                0x0000000010014ac8                sdio_io_read_multi_fifo_b
                0x0000000010014ad4                sdio_io_write_multi_fifo_b
                0x0000000010014ae0                sdio_io_read_multi_incr_b
                0x0000000010014aec                sdio_io_write_multi_incr_b
                0x0000000010014af8                sdio_free_cis
                0x0000000010014b2e                init_sdio
                0x00000000100150e4                sdio_attach_irq
                0x00000000100151ec                sdio_detach_irq
                0x00000000100152de                sdio_irq_wakeup
                0x000000001001530c                sdio_enable_func
                0x00000000100153d6                sdio_disable_func
                0x000000001001545c                sdio_set_drvdata
                0x0000000010015460                sdio_get_drvdata
                0x0000000010015464                sdio_set_block_size
                0x00000000100154ce                sdio_register_driver
                0x0000000010015556                sdio_unregister_driver
                0x00000000100155f6                rt_sdio_init
 .text          0x00000000100155f8      0xa22 build\kernel\components\drivers\sdio\mmcsd_core.o
                0x000000001001561c                rt_mmcsd_core_init
                0x00000000100156fa                mmcsd_host_lock
                0x0000000010015708                mmcsd_host_unlock
                0x0000000010015714                mmcsd_req_complete
                0x0000000010015720                mmcsd_send_request
                0x0000000010015780                mmcsd_send_cmd
                0x0000000010015810                mmcsd_go_idle
                0x0000000010015886                mmcsd_detect
                0x0000000010015a24                mmcsd_spi_read_ocr
                0x0000000010015a6e                mmcsd_all_get_cid
                0x0000000010015abe                mmcsd_get_cid
                0x0000000010015bee                mmcsd_get_csd
                0x0000000010015d18                mmcsd_select_card
                0x0000000010015d1e                mmcsd_deselect_cards
                0x0000000010015d24                mmcsd_spi_use_crc
                0x0000000010015d66                mmcsd_set_chip_select
                0x0000000010015d6c                mmcsd_set_clock
                0x0000000010015dbc                mmcsd_set_bus_mode
                0x0000000010015dc2                mmcsd_set_bus_width
                0x0000000010015dc8                mmcsd_set_data_timeout
                0x0000000010015e90                mmcsd_select_voltage
                0x0000000010015f02                mmcsd_wait_cd_changed
                0x0000000010015f38                mmcsd_change
                0x0000000010015f4a                mmcsd_alloc_host
                0x0000000010015fea                mmcsd_free_host
 .text          0x000000001001601a      0x6f4 build\kernel\components\drivers\serial\serial.o
                0x000000001001655e                rt_hw_serial_register
                0x00000000100165c0                rt_hw_serial_isr
 .text          0x000000001001670e      0x65c build\kernel\components\drivers\src\ringbuffer.o
                0x000000001001670e                rt_ringbuffer_init
                0x0000000010016770                rt_ringbuffer_putchar_force
                0x000000001001681e                rt_ringbuffer_data_len
                0x0000000010016856                rt_ringbuffer_put
                0x0000000010016914                rt_ringbuffer_put_force
                0x0000000010016a2e                rt_ringbuffer_get
                0x0000000010016b08                rt_ringbuffer_peak
                0x0000000010016b92                rt_ringbuffer_putchar
                0x0000000010016c0e                rt_ringbuffer_getchar
                0x0000000010016c9a                rt_ringbuffer_reset
                0x0000000010016cce                rt_ringbuffer_create
                0x0000000010016d2e                rt_ringbuffer_destroy
 .text          0x0000000010016d6a      0x204 build\kernel\components\drivers\src\completion.o
                0x0000000010016d6a                rt_completion_init
                0x0000000010016db4                rt_completion_wait
                0x0000000010016ef8                rt_completion_done
 .text          0x0000000010016f6e      0x7a4 build\kernel\components\drivers\src\dataqueue.o
                0x0000000010016f6e                rt_data_queue_init
                0x0000000010016ffa                rt_data_queue_push
                0x00000000100171ea                rt_data_queue_peek
                0x000000001001728e                rt_data_queue_reset
                0x0000000010017378                rt_data_queue_deinit
                0x00000000100173f2                rt_data_queue_len
                0x0000000010017494                rt_data_queue_pop
 .text          0x0000000010017712      0x130 build\kernel\components\drivers\watchdog\watchdog.o
                0x00000000100177e0                rt_hw_watchdog_register
 .text          0x0000000010017842      0x1aa build\kernel\components\finsh\finsh_node.o
                0x0000000010017842                finsh_node_init
                0x0000000010017866                finsh_node_allocate
                0x0000000010017898                finsh_node_new_id
                0x0000000010017900                finsh_node_new_char
                0x0000000010017928                finsh_node_new_int
                0x000000001001794e                finsh_node_new_long
                0x0000000010017974                finsh_node_new_string
                0x00000000100179c6                finsh_node_new_ptr
 .text          0x00000000100179ec      0x7ea build\kernel\components\finsh\finsh_parser.o
                0x000000001001812e                finsh_parser_run
                0x00000000100181ba                finsh_parser_init
 .text          0x00000000100181d6      0xf5e build\kernel\components\finsh\cmd.o
                0x0000000010018222                hello
                0x00000000100182b0                version
                0x00000000100182ca                list
                0x0000000010018472                list_timer
                0x000000001001857a                list_thread
                0x00000000100186d4                list_sem
                0x00000000100187ea                list_event
                0x00000000100188f6                list_mutex
                0x00000000100189d0                list_mailbox
                0x0000000010018af4                list_msgqueue
                0x0000000010018c10                list_memheap
                0x0000000010018ce2                list_mempool
                0x0000000010018dfa                list_device
                0x0000000010018ee8                list_prefix
 .text          0x0000000010019134       0xf6 build\kernel\components\finsh\finsh_vm.o
                0x0000000010019134                finsh_vm_run
                0x0000000010019190                finsh_syscall_append
                0x00000000100191d2                finsh_syscall_lookup
 .text          0x000000001001922a      0x8cc build\kernel\components\finsh\msh_file.o
                0x000000001001922a                cmd_ls
                0x0000000010019252                cmd_pwd
                0x00000000100193ac                cmd_rm
                0x00000000100194d8                cmd_mkfs
                0x0000000010019542                cmd_mount
                0x0000000010019616                cmd_umount
                0x000000001001967a                cmd_cp
                0x00000000100196be                cmd_mv
                0x00000000100197b8                cmd_cat
                0x000000001001980c                cmd_cd
                0x0000000010019858                cmd_mkdir
                0x000000001001989c                cmd_df
                0x00000000100198f8                cmd_echo
                0x000000001001997a                msh_exec_script
 .text          0x0000000010019af6      0xa52 build\kernel\components\finsh\shell.o
                0x0000000010019b3a                finsh_set_prompt
                0x0000000010019b7e                finsh_get_prompt
                0x0000000010019c6a                finsh_get_prompt_mode
                0x0000000010019caa                finsh_set_prompt_mode
                0x0000000010019cf6                finsh_system_init
                0x0000000010019dc0                finsh_set_device
                0x0000000010019e82                finsh_get_device
                0x0000000010019ec0                finsh_set_echo
                0x0000000010019f0a                finsh_get_echo
                0x0000000010019f48                finsh_run_line
                0x000000001001a01e                finsh_thread_entry
                0x000000001001a524                finsh_system_function_init
                0x000000001001a536                finsh_system_var_init
 .text          0x000000001001a548      0x1aa build\kernel\components\finsh\finsh_var.o
                0x000000001001a548                finsh_var_init
                0x000000001001a56c                finsh_var_insert
                0x000000001001a5d4                finsh_var_delete
                0x000000001001a61a                finsh_var_lookup
                0x000000001001a652                finsh_sysvar_append
                0x000000001001a69a                finsh_sysvar_lookup
 .text          0x000000001001a6f2      0xef0 build\kernel\components\finsh\finsh_compiler.o
                0x000000001001b564                finsh_compiler_run
 .text          0x000000001001b5e2      0x842 build\kernel\components\finsh\finsh_ops.o
                0x000000001001b5e2                OP_no_op
                0x000000001001b5e4                OP_add_byte
                0x000000001001b604                OP_add_word
                0x000000001001b624                OP_add_dword
                0x000000001001b644                OP_sub_byte
                0x000000001001b664                OP_sub_word
                0x000000001001b684                OP_sub_dword
                0x000000001001b6a4                OP_div_byte
                0x000000001001b6c6                OP_div_word
                0x000000001001b6e8                OP_div_dword
                0x000000001001b70a                OP_mod_byte
                0x000000001001b72c                OP_mod_word
                0x000000001001b74e                OP_mod_dword
                0x000000001001b770                OP_mul_byte
                0x000000001001b792                OP_mul_word
                0x000000001001b7b4                OP_mul_dword
                0x000000001001b7d6                OP_and_byte
                0x000000001001b7f6                OP_and_word
                0x000000001001b816                OP_and_dword
                0x000000001001b836                OP_or_byte
                0x000000001001b856                OP_or_word
                0x000000001001b876                OP_or_dword
                0x000000001001b896                OP_xor_byte
                0x000000001001b8b6                OP_xor_word
                0x000000001001b8d6                OP_xor_dword
                0x000000001001b8f6                OP_bw_byte
                0x000000001001b90c                OP_bw_word
                0x000000001001b922                OP_bw_dword
                0x000000001001b938                OP_shl_byte
                0x000000001001b95a                OP_shl_word
                0x000000001001b97c                OP_shl_dword
                0x000000001001b99e                OP_shr_byte
                0x000000001001b9c0                OP_shr_word
                0x000000001001b9e2                OP_shr_dword
                0x000000001001ba04                OP_ld_byte
                0x000000001001ba2e                OP_ld_word
                0x000000001001ba60                OP_ld_dword
                0x000000001001baa0                OP_ld_value_byte
                0x000000001001bae6                OP_ld_value_byte_stack
                0x000000001001bafc                OP_ld_value_word
                0x000000001001bb42                OP_ld_value_word_stack
                0x000000001001bb58                OP_ld_value_dword
                0x000000001001bb9a                OP_ld_value_dword_stack
                0x000000001001bbae                OP_st_byte
                0x000000001001bbcc                OP_st_word
                0x000000001001bbe8                OP_st_dword
                0x000000001001bc02                OP_pop
                0x000000001001bc12                OP_call
 .text          0x000000001001be24      0x1fc build\kernel\components\finsh\finsh_heap.o
                0x000000001001be48                finsh_heap_init
                0x000000001001be8a                finsh_heap_free
                0x000000001001bf42                finsh_heap_allocate
 .text          0x000000001001c020      0x530 build\kernel\components\finsh\msh.o
                0x000000001001c03a                msh_help
                0x000000001001c0b6                cmd_ps
                0x000000001001c0cc                cmd_free
                0x000000001001c0e2                msh_is_used
                0x000000001001c0ec                msh_exec
                0x000000001001c2be                msh_auto_complete_path
                0x000000001001c46a                msh_auto_complete
 .text          0x000000001001c550       0x34 build\kernel\components\finsh\finsh_error.o
                0x000000001001c550                finsh_error_init
                0x000000001001c55c                finsh_error_set
                0x000000001001c568                finsh_errno
                0x000000001001c572                finsh_error_string
 .text          0x000000001001c584      0x5ca build\kernel\components\finsh\finsh_token.o
                0x000000001001c5e8                finsh_token_init
                0x000000001001c60a                finsh_token_get_token
                0x000000001001c618                token_get_string
                0x000000001001c69c                finsh_token_token
 .text          0x000000001001cb4e       0x70 build\kernel\components\finsh\finsh_init.o
                0x000000001001cb4e                finsh_init
                0x000000001001cb74                finsh_stack_bottom
                0x000000001001cb7e                finsh_flush
                0x000000001001cb9c                finsh_reset
 .text          0x000000001001cbbe      0x4b4 build\kernel\components\libc\compilers\common\time.o
                0x000000001001cc00                gmtime_r
                0x000000001001ccba                gmtime
                0x000000001001ccc4                localtime_r
                0x000000001001cce0                localtime
                0x000000001001ccea                asctime_r
                0x000000001001cd92                asctime
                0x000000001001cd9c                ctime_r
                0x000000001001cdba                ctime
                0x000000001001cdce                time
                0x000000001001ce44                clock
                0x000000001001ce4c                stime
                0x000000001001cea8                timegm
                0x000000001001d01e                mktime
                0x000000001001d020                gettimeofday
                0x000000001001d052                settimeofday
 .text          0x000000001001d072       0x48 build\kernel\components\libc\compilers\common\stdlib.o
                0x000000001001d072                __rt_libc_exit
                0x000000001001d0b6                __rt_libc_system
 .text          0x000000001001d0ba      0x124 build\kernel\components\libc\compilers\newlib\syscalls.o
                0x000000001001d0ba                __errno
                0x000000001001d0c2                _getpid_r
                0x000000001001d0c6                _close_r
                0x000000001001d0cc                _execve_r
                0x000000001001d0d6                _fcntl_r
                0x000000001001d0e0                _fork_r
                0x000000001001d0ea                _fstat_r
                0x000000001001d0f4                _isatty_r
                0x000000001001d0fa                _kill_r
                0x000000001001d104                _link_r
                0x000000001001d10e                _lseek_r
                0x000000001001d118                _mkdir_r
                0x000000001001d120                _open_r
                0x000000001001d12a                _read_r
                0x000000001001d134                _rename_r
                0x000000001001d13c                _stat_r
                0x000000001001d144                _unlink_r
                0x000000001001d14a                _wait_r
                0x000000001001d154                _write_r
                0x000000001001d15e                _malloc_r
                0x000000001001d17c                _realloc_r
                0x000000001001d19c                _calloc_r
                0x000000001001d1bc                _free_r
                0x000000001001d1c2                _exit
                0x000000001001d1d0                _system
                0x000000001001d1d4                __libc_init_array
                0x000000001001d1d6                umask
                0x000000001001d1da                flock
 .text          0x000000001001d1de       0x38 build\kernel\components\libc\compilers\newlib\libc.o
                0x000000001001d1de                libc_system_init
 .text          0x000000001001d216       0xc4 build\kernel\components\libc\compilers\newlib\stdio.o
                0x000000001001d216                libc_stdio_set_console
                0x000000001001d2c6                libc_stdio_get_console
 .text          0x000000001001d2da      0x1e6 libraries\hal_drivers\drv_gpio.o
                0x000000001001d4a6                rt_hw_pin_init